../../../hardware/execute/fp_ops/fp_round.sv:47: sorry: constant selects in always_* processes are not fully supported (the process will be sensitive to all bits in 'mant_i[22:0]').
../../../hardware/execute/fp_ops/fp_round.sv:65: sorry: constant selects in always_* processes are not fully supported (the process will be sensitive to all bits in 'mant_inc[23:0]').
../../../hardware/execute/fp_ops/fp_round.sv:70: sorry: constant selects in always_* processes are not fully supported (the process will be sensitive to all bits in 'exp_out[8:0]').
../../../hardware/execute/fp_ops/fp_round.sv:75: sorry: constant selects in always_* processes are not fully supported (the process will be sensitive to all bits in 'exp_out[8:0]').
../../../hardware/execute/fp_ops/fp_round.sv:75: sorry: constant selects in always_* processes are not fully supported (the process will be sensitive to all bits in 'mant_inc[23:0]').
:0: sorry: constant selects in always_* processes are not fully supported (the process will be sensitive to all bits in 'head_entry_w[112:0]').
:0: sorry: constant selects in always_* processes are not fully supported (the process will be sensitive to all bits in 'lookup1_entry_w[112:0]').
:0: sorry: constant selects in always_* processes are not fully supported (the process will be sensitive to all bits in 'lookup1_entry_w[112:0]').
:0: sorry: constant selects in always_* processes are not fully supported (the process will be sensitive to all bits in 'lookup2_entry_w[112:0]').
:0: sorry: constant selects in always_* processes are not fully supported (the process will be sensitive to all bits in 'lookup2_entry_w[112:0]').
:0: sorry: constant selects in always_* processes are not fully supported (the process will be sensitive to all bits in 'iq_instr_i[88:0]').
:0: sorry: constant selects in always_* processes are not fully supported (the process will be sensitive to all bits in 'iq_instr_i[88:0]').
:0: sorry: constant selects in always_* processes are not fully supported (the process will be sensitive to all bits in 'iq_instr_i[88:0]').
:0: sorry: constant selects in always_* processes are not fully supported (the process will be sensitive to all bits in 'iq_instr_i[88:0]').
:0: sorry: constant selects in always_* processes are not fully supported (the process will be sensitive to all bits in 'iq_instr_i[88:0]').
:0: sorry: constant selects in always_* processes are not fully supported (the process will be sensitive to all bits in 'cdb_i[36:0]').
:0: sorry: constant selects in always_* processes are not fully supported (the process will be sensitive to all bits in 'cdb_i[36:0]').
:0: sorry: constant selects in always_* processes are not fully supported (the process will be sensitive to all bits in 'cdb_i[36:0]').
:0: sorry: constant selects in always_* processes are not fully supported (the process will be sensitive to all bits in 'cdb_i[36:0]').
:0: sorry: constant selects in always_* processes are not fully supported (the process will be sensitive to all bits in 'cdb_i[36:0]').
:0: sorry: constant selects in always_* processes are not fully supported (the process will be sensitive to all bits in 'cdb_i[36:0]').
:0: sorry: constant selects in always_* processes are not fully supported (the process will be sensitive to all bits in 'iq_instr_i[88:0]').
:0: sorry: constant selects in always_* processes are not fully supported (the process will be sensitive to all bits in 'cdb_i[36:0]').
:0: sorry: constant selects in always_* processes are not fully supported (the process will be sensitive to all bits in 'cdb_i[36:0]').
:0: sorry: constant selects in always_* processes are not fully supported (the process will be sensitive to all bits in 'cdb_i[36:0]').
:0: sorry: constant selects in always_* processes are not fully supported (the process will be sensitive to all bits in 'cdb_i[36:0]').
:0: sorry: constant selects in always_* processes are not fully supported (the process will be sensitive to all bits in 'cdb_i[36:0]').
:0: sorry: constant selects in always_* processes are not fully supported (the process will be sensitive to all bits in 'cdb_i[36:0]').
:0: sorry: constant selects in always_* processes are not fully supported (the process will be sensitive to all bits in 'iq_instr_i[88:0]').
:0: sorry: constant selects in always_* processes are not fully supported (the process will be sensitive to all bits in 'iq_instr_i[88:0]').
:0: sorry: constant selects in always_* processes are not fully supported (the process will be sensitive to all bits in 'iq_instr_i[88:0]').
:0: sorry: constant selects in always_* processes are not fully supported (the process will be sensitive to all bits in 'iq_instr_i[88:0]').
:0: sorry: constant selects in always_* processes are not fully supported (the process will be sensitive to all bits in 'iq_instr_i[88:0]').
:0: sorry: constant selects in always_* processes are not fully supported (the process will be sensitive to all bits in 'iq_instr_i[88:0]').
:0: sorry: constant selects in always_* processes are not fully supported (the process will be sensitive to all bits in 'iq_instr_i[88:0]').
:0: sorry: constant selects in always_* processes are not fully supported (the process will be sensitive to all bits in 'iq_instr_i[88:0]').
../../../hardware/execute/int_ops/alu_unit.sv:50: sorry: constant selects in always_* processes are not fully supported (the process will be sensitive to all bits in 'rs2_i[31:0]').
../../../hardware/execute/int_ops/alu_unit.sv:51: sorry: constant selects in always_* processes are not fully supported (the process will be sensitive to all bits in 'rs2_i[31:0]').
../../../hardware/execute/int_ops/alu_unit.sv:52: sorry: constant selects in always_* processes are not fully supported (the process will be sensitive to all bits in 'rs2_i[31:0]').
../../../hardware/execute/int_ops/alu_unit.sv:60: sorry: constant selects in always_* processes are not fully supported (the process will be sensitive to all bits in 'imm_i[31:0]').
../../../hardware/execute/int_ops/alu_unit.sv:61: sorry: constant selects in always_* processes are not fully supported (the process will be sensitive to all bits in 'imm_i[31:0]').
../../../hardware/execute/int_ops/alu_unit.sv:62: sorry: constant selects in always_* processes are not fully supported (the process will be sensitive to all bits in 'imm_i[31:0]').
../../../hardware/execute/fp_ops/fp_add.sv:60: sorry: constant selects in always_* processes are not fully supported (the process will be sensitive to all bits in 'a[31:0]').
../../../hardware/execute/fp_ops/fp_add.sv:60: sorry: constant selects in always_* processes are not fully supported (the process will be sensitive to all bits in 'a[31:0]').
../../../hardware/execute/fp_ops/fp_add.sv:60: sorry: constant selects in always_* processes are not fully supported (the process will be sensitive to all bits in 'a[31:0]').
../../../hardware/execute/fp_ops/fp_add.sv:61: sorry: constant selects in always_* processes are not fully supported (the process will be sensitive to all bits in 'b[31:0]').
../../../hardware/execute/fp_ops/fp_add.sv:62: sorry: constant selects in always_* processes are not fully supported (the process will be sensitive to all bits in 'b[31:0]').
../../../hardware/execute/fp_ops/fp_add.sv:62: sorry: constant selects in always_* processes are not fully supported (the process will be sensitive to all bits in 'b[31:0]').
../../../hardware/execute/fp_ops/fp_add.sv:67: sorry: constant selects in always_* processes are not fully supported (the process will be sensitive to all bits in 'b[31:0]').
../../../hardware/execute/fp_ops/fp_add.sv:80: sorry: constant selects in always_* processes are not fully supported (the process will be sensitive to all bits in 'ediff[7:0]').
../../../hardware/execute/fp_ops/fp_add.sv:97: sorry: constant selects in always_* processes are not fully supported (the process will be sensitive to all bits in 's[26:0]').
../../../hardware/execute/fp_ops/fp_add.sv:100: sorry: constant selects in always_* processes are not fully supported (the process will be sensitive to all bits in 's[26:0]').
../../../hardware/execute/fp_ops/fp_add.sv:108: sorry: constant selects in always_* processes are not fully supported (the process will be sensitive to all bits in 's[26:0]').
../../../hardware/execute/fp_ops/fp_add.sv:108: sorry: constant selects in always_* processes are not fully supported (the process will be sensitive to all bits in 'sh[7:0]').
../../../hardware/execute/fp_ops/fp_add.sv:112: sorry: constant selects in always_* processes are not fully supported (the process will be sensitive to all bits in 'norm[25:0]').
../../../hardware/execute/fp_ops/fp_mul.sv:74: sorry: constant selects in always_* processes are not fully supported (the process will be sensitive to all bits in 'rs1_i[31:0]').
../../../hardware/execute/fp_ops/fp_mul.sv:74: sorry: constant selects in always_* processes are not fully supported (the process will be sensitive to all bits in 'rs1_i[31:0]').
../../../hardware/execute/fp_ops/fp_mul.sv:75: sorry: constant selects in always_* processes are not fully supported (the process will be sensitive to all bits in 'rs2_i[31:0]').
../../../hardware/execute/fp_ops/fp_mul.sv:75: sorry: constant selects in always_* processes are not fully supported (the process will be sensitive to all bits in 'rs2_i[31:0]').
../../../hardware/execute/fp_ops/fp_mul.sv:77: sorry: constant selects in always_* processes are not fully supported (the process will be sensitive to all bits in 'rs1_i[31:0]').
../../../hardware/execute/fp_ops/fp_mul.sv:77: sorry: constant selects in always_* processes are not fully supported (the process will be sensitive to all bits in 'rs2_i[31:0]').
../../../hardware/execute/fp_ops/fp_mul.sv:82: sorry: constant selects in always_* processes are not fully supported (the process will be sensitive to all bits in 'ma[23:0]').
../../../hardware/execute/fp_ops/fp_mul.sv:82: sorry: constant selects in always_* processes are not fully supported (the process will be sensitive to all bits in 'mb[23:0]').
../../../hardware/execute/fp_ops/fp_mul.sv:83: sorry: constant selects in always_* processes are not fully supported (the process will be sensitive to all bits in 'ma[23:0]').
../../../hardware/execute/fp_ops/fp_mul.sv:83: sorry: constant selects in always_* processes are not fully supported (the process will be sensitive to all bits in 'mb[23:0]').
../../../hardware/execute/fp_ops/fp_mul.sv:84: sorry: constant selects in always_* processes are not fully supported (the process will be sensitive to all bits in 'ma[23:0]').
../../../hardware/execute/fp_ops/fp_mul.sv:84: sorry: constant selects in always_* processes are not fully supported (the process will be sensitive to all bits in 'mb[23:0]').
../../../hardware/execute/fp_ops/fp_mul.sv:85: sorry: constant selects in always_* processes are not fully supported (the process will be sensitive to all bits in 'ma[23:0]').
../../../hardware/execute/fp_ops/fp_mul.sv:85: sorry: constant selects in always_* processes are not fully supported (the process will be sensitive to all bits in 'mb[23:0]').
../../../hardware/execute/fp_ops/fp_mul.sv:112: sorry: constant selects in always_* processes are not fully supported (the process will be sensitive to all bits in 's2_product[47:0]').
../../../hardware/execute/fp_ops/fp_mul.sv:114: sorry: constant selects in always_* processes are not fully supported (the process will be sensitive to all bits in 's2_product[47:0]').
../../../hardware/execute/fp_ops/fp_mul.sv:116: sorry: constant selects in always_* processes are not fully supported (the process will be sensitive to all bits in 's2_product[47:0]').
../../../hardware/execute/fp_ops/fp_mul.sv:118: sorry: constant selects in always_* processes are not fully supported (the process will be sensitive to all bits in 'er[9:0]').
../../../hardware/execute/fp_ops/fp_mul.sv:120: sorry: constant selects in always_* processes are not fully supported (the process will be sensitive to all bits in 'er[9:0]').
../../../hardware/execute/fp_ops/fp_div.sv:138: sorry: constant selects in always_* processes are not fully supported (the process will be sensitive to all bits in 's_exp[9:0]').
../../../hardware/execute/fp_ops/fp_div.sv:142: sorry: constant selects in always_* processes are not fully supported (the process will be sensitive to all bits in 's_qreg[23:0]').
../../../hardware/execute/fp_ops/fp_div.sv:143: sorry: constant selects in always_* processes are not fully supported (the process will be sensitive to all bits in 's_exp[9:0]').
../../../hardware/execute/fp_ops/fp_div.sv:143: sorry: constant selects in always_* processes are not fully supported (the process will be sensitive to all bits in 's_qreg[23:0]').
../../../hardware/execute/fp_ops/fp_div.sv:147: sorry: constant selects in always_* processes are not fully supported (the process will be sensitive to all bits in 's_exp[9:0]').
../../../hardware/execute/fp_ops/fp_div.sv:147: sorry: constant selects in always_* processes are not fully supported (the process will be sensitive to all bits in 's_qreg[23:0]').
../../../hardware/execute/fp_ops/fp_div.sv:165: sorry: constant selects in always_* processes are not fully supported (the process will be sensitive to all bits in 'rs1_i[31:0]').
../../../hardware/execute/fp_ops/fp_div.sv:165: sorry: constant selects in always_* processes are not fully supported (the process will be sensitive to all bits in 'rs1_i[31:0]').
../../../hardware/execute/fp_ops/fp_div.sv:166: sorry: constant selects in always_* processes are not fully supported (the process will be sensitive to all bits in 'rs2_i[31:0]').
../../../hardware/execute/fp_ops/fp_div.sv:166: sorry: constant selects in always_* processes are not fully supported (the process will be sensitive to all bits in 'rs2_i[31:0]').
../../../hardware/execute/fp_ops/fp_div.sv:167: sorry: constant selects in always_* processes are not fully supported (the process will be sensitive to all bits in 'rs1_i[31:0]').
../../../hardware/execute/fp_ops/fp_div.sv:167: sorry: constant selects in always_* processes are not fully supported (the process will be sensitive to all bits in 'rs2_i[31:0]').
:0: sorry: constant selects in always_* processes are not fully supported (the process will be sensitive to all bits in 'head_entry_w[147:0]').
../../../hardware/execute/lsb/load_store_buffer.sv:121: sorry: constant selects in always_* processes are not fully supported (the process will be sensitive to all bits in 'head_addr[31:0]').
../../../hardware/execute/lsb/load_store_buffer.sv:122: sorry: constant selects in always_* processes are not fully supported (the process will be sensitive to all bits in 'head_addr[31:0]').
:0: sorry: constant selects in always_* processes are not fully supported (the process will be sensitive to all bits in 'head_entry_w[147:0]').
../../../hardware/execute/lsb/load_store_buffer.sv:131: sorry: constant selects in always_* processes are not fully supported (the process will be sensitive to all bits in 'head_entry_w[147:0]').
../../../hardware/execute/lsb/load_store_buffer.sv:132: sorry: constant selects in always_* processes are not fully supported (the process will be sensitive to all bits in 'head_entry_w[147:0]').
:0: sorry: constant selects in always_* processes are not fully supported (the process will be sensitive to all bits in 'head_entry_w[147:0]').
../../../hardware/execute/lsb/load_store_buffer.sv:143: sorry: constant selects in always_* processes are not fully supported (the process will be sensitive to all bits in 'mem_rd_data_i[31:0]').
../../../hardware/execute/lsb/load_store_buffer.sv:143: sorry: constant selects in always_* processes are not fully supported (the process will be sensitive to all bits in 'mem_rd_data_i[31:0]').
../../../hardware/execute/lsb/load_store_buffer.sv:144: sorry: constant selects in always_* processes are not fully supported (the process will be sensitive to all bits in 'mem_rd_data_i[31:0]').
../../../hardware/execute/lsb/load_store_buffer.sv:144: sorry: constant selects in always_* processes are not fully supported (the process will be sensitive to all bits in 'mem_rd_data_i[31:0]').
../../../hardware/execute/lsb/load_store_buffer.sv:145: sorry: constant selects in always_* processes are not fully supported (the process will be sensitive to all bits in 'mem_rd_data_i[31:0]').
../../../hardware/execute/lsb/load_store_buffer.sv:145: sorry: constant selects in always_* processes are not fully supported (the process will be sensitive to all bits in 'mem_rd_data_i[31:0]').
../../../hardware/execute/lsb/load_store_buffer.sv:146: sorry: constant selects in always_* processes are not fully supported (the process will be sensitive to all bits in 'mem_rd_data_i[31:0]').
../../../hardware/execute/lsb/load_store_buffer.sv:146: sorry: constant selects in always_* processes are not fully supported (the process will be sensitive to all bits in 'mem_rd_data_i[31:0]').
../../../hardware/execute/lsb/load_store_buffer.sv:151: sorry: constant selects in always_* processes are not fully supported (the process will be sensitive to all bits in 'mem_rd_data_i[31:0]').
../../../hardware/execute/lsb/load_store_buffer.sv:152: sorry: constant selects in always_* processes are not fully supported (the process will be sensitive to all bits in 'mem_rd_data_i[31:0]').
../../../hardware/execute/lsb/load_store_buffer.sv:153: sorry: constant selects in always_* processes are not fully supported (the process will be sensitive to all bits in 'mem_rd_data_i[31:0]').
../../../hardware/execute/lsb/load_store_buffer.sv:154: sorry: constant selects in always_* processes are not fully supported (the process will be sensitive to all bits in 'mem_rd_data_i[31:0]').
../../../hardware/execute/lsb/load_store_buffer.sv:157: sorry: constant selects in always_* processes are not fully supported (the process will be sensitive to all bits in 'load_pending_byte_sel[1:0]').
../../../hardware/execute/lsb/load_store_buffer.sv:158: sorry: constant selects in always_* processes are not fully supported (the process will be sensitive to all bits in 'mem_rd_data_i[31:0]').
../../../hardware/execute/lsb/load_store_buffer.sv:158: sorry: constant selects in always_* processes are not fully supported (the process will be sensitive to all bits in 'mem_rd_data_i[31:0]').
../../../hardware/execute/lsb/load_store_buffer.sv:159: sorry: constant selects in always_* processes are not fully supported (the process will be sensitive to all bits in 'mem_rd_data_i[31:0]').
../../../hardware/execute/lsb/load_store_buffer.sv:159: sorry: constant selects in always_* processes are not fully supported (the process will be sensitive to all bits in 'mem_rd_data_i[31:0]').
../../../hardware/execute/lsb/load_store_buffer.sv:160: sorry: constant selects in always_* processes are not fully supported (the process will be sensitive to all bits in 'load_pending_byte_sel[1:0]').
../../../hardware/execute/lsb/load_store_buffer.sv:161: sorry: constant selects in always_* processes are not fully supported (the process will be sensitive to all bits in 'mem_rd_data_i[31:0]').
../../../hardware/execute/lsb/load_store_buffer.sv:162: sorry: constant selects in always_* processes are not fully supported (the process will be sensitive to all bits in 'mem_rd_data_i[31:0]').
../../../hardware/execute/fp_ops/fp_cvt.sv:56: sorry: constant selects in always_* processes are not fully supported (the process will be sensitive to all bits in 'f[31:0]').
../../../hardware/execute/fp_ops/fp_cvt.sv:57: sorry: constant selects in always_* processes are not fully supported (the process will be sensitive to all bits in 'f[31:0]').
../../../hardware/execute/fp_ops/fp_cvt.sv:58: sorry: constant selects in always_* processes are not fully supported (the process will be sensitive to all bits in 'f[31:0]').
../../../hardware/execute/fp_ops/fp_cvt.sv:98: sorry: constant selects in always_* processes are not fully supported (the process will be sensitive to all bits in 'x[31:0]').
../../../hardware/execute/fp_ops/fp_cvt.sv:109: sorry: constant selects in always_* processes are not fully supported (the process will be sensitive to all bits in 'norm[31:0]').
:0: sorry: constant selects in always_* processes are not fully supported (the process will be sensitive to all bits in 'commit_entry_i[112:0]').
:0: sorry: constant selects in always_* processes are not fully supported (the process will be sensitive to all bits in 'commit_entry_i[112:0]').
:0: sorry: constant selects in always_* processes are not fully supported (the process will be sensitive to all bits in 'commit_entry_i[112:0]').
:0: sorry: constant selects in always_* processes are not fully supported (the process will be sensitive to all bits in 'commit_entry_i[112:0]').
:0: sorry: constant selects in always_* processes are not fully supported (the process will be sensitive to all bits in 'commit_entry_i[112:0]').
:0: sorry: constant selects in always_* processes are not fully supported (the process will be sensitive to all bits in 'commit_entry_i[112:0]').
:0: sorry: constant selects in always_* processes are not fully supported (the process will be sensitive to all bits in 'commit_entry_i[112:0]').
:0: sorry: constant selects in always_* processes are not fully supported (the process will be sensitive to all bits in 'commit_entry_i[112:0]').
:0: sorry: constant selects in always_* processes are not fully supported (the process will be sensitive to all bits in 'commit_entry_i[112:0]').
:0: sorry: constant selects in always_* processes are not fully supported (the process will be sensitive to all bits in 'commit_entry_i[112:0]').
:0: sorry: constant selects in always_* processes are not fully supported (the process will be sensitive to all bits in 'commit_entry_i[112:0]').
:0: sorry: constant selects in always_* processes are not fully supported (the process will be sensitive to all bits in 'commit_entry_i[112:0]').
:0: sorry: constant selects in always_* processes are not fully supported (the process will be sensitive to all bits in 'commit_entry_i[112:0]').
:0: sorry: constant selects in always_* processes are not fully supported (the process will be sensitive to all bits in 'commit_entry_i[112:0]').
../../../hardware/core/tomasulo_core.sv:54: sorry: constant selects in always_* processes are not fully supported (the process will be sensitive to all bits in 'raw[31:0]').
../../../hardware/core/tomasulo_core.sv:54: sorry: constant selects in always_* processes are not fully supported (the process will be sensitive to all bits in 'raw[31:0]').
../../../hardware/core/tomasulo_core.sv:54: sorry: constant selects in always_* processes are not fully supported (the process will be sensitive to all bits in 'raw[31:0]').
../../../hardware/core/tomasulo_core.sv:55: sorry: constant selects in always_* processes are not fully supported (the process will be sensitive to all bits in 'raw[31:0]').
../../../hardware/core/tomasulo_core.sv:55: sorry: constant selects in always_* processes are not fully supported (the process will be sensitive to all bits in 'raw[31:0]').
../../../hardware/core/tomasulo_core.sv:55: sorry: constant selects in always_* processes are not fully supported (the process will be sensitive to all bits in 'raw[31:0]').
../../../hardware/core/tomasulo_core.sv:71: sorry: constant selects in always_* processes are not fully supported (the process will be sensitive to all bits in 'funct7[6:0]').
../../../hardware/core/tomasulo_core.sv:82: sorry: constant selects in always_* processes are not fully supported (the process will be sensitive to all bits in 'raw[31:0]').
../../../hardware/core/tomasulo_core.sv:82: sorry: constant selects in always_* processes are not fully supported (the process will be sensitive to all bits in 'raw[31:0]').
../../../hardware/core/tomasulo_core.sv:88: sorry: constant selects in always_* processes are not fully supported (the process will be sensitive to all bits in 'funct7[6:0]').
../../../hardware/core/tomasulo_core.sv:94: sorry: constant selects in always_* processes are not fully supported (the process will be sensitive to all bits in 'raw[31:0]').
../../../hardware/core/tomasulo_core.sv:94: sorry: constant selects in always_* processes are not fully supported (the process will be sensitive to all bits in 'raw[31:0]').
../../../hardware/core/tomasulo_core.sv:104: sorry: constant selects in always_* processes are not fully supported (the process will be sensitive to all bits in 'raw[31:0]').
../../../hardware/core/tomasulo_core.sv:104: sorry: constant selects in always_* processes are not fully supported (the process will be sensitive to all bits in 'raw[31:0]').
../../../hardware/core/tomasulo_core.sv:104: sorry: constant selects in always_* processes are not fully supported (the process will be sensitive to all bits in 'raw[31:0]').
../../../hardware/core/tomasulo_core.sv:114: sorry: constant selects in always_* processes are not fully supported (the process will be sensitive to all bits in 'raw[31:0]').
../../../hardware/core/tomasulo_core.sv:114: sorry: constant selects in always_* processes are not fully supported (the process will be sensitive to all bits in 'raw[31:0]').
../../../hardware/core/tomasulo_core.sv:114: sorry: constant selects in always_* processes are not fully supported (the process will be sensitive to all bits in 'raw[31:0]').
../../../hardware/core/tomasulo_core.sv:114: sorry: constant selects in always_* processes are not fully supported (the process will be sensitive to all bits in 'raw[31:0]').
../../../hardware/core/tomasulo_core.sv:114: sorry: constant selects in always_* processes are not fully supported (the process will be sensitive to all bits in 'raw[31:0]').
../../../hardware/core/tomasulo_core.sv:124: sorry: constant selects in always_* processes are not fully supported (the process will be sensitive to all bits in 'raw[31:0]').
../../../hardware/core/tomasulo_core.sv:124: sorry: constant selects in always_* processes are not fully supported (the process will be sensitive to all bits in 'raw[31:0]').
../../../hardware/core/tomasulo_core.sv:124: sorry: constant selects in always_* processes are not fully supported (the process will be sensitive to all bits in 'raw[31:0]').
../../../hardware/core/tomasulo_core.sv:124: sorry: constant selects in always_* processes are not fully supported (the process will be sensitive to all bits in 'raw[31:0]').
../../../hardware/core/tomasulo_core.sv:124: sorry: constant selects in always_* processes are not fully supported (the process will be sensitive to all bits in 'raw[31:0]').
../../../hardware/core/tomasulo_core.sv:129: sorry: constant selects in always_* processes are not fully supported (the process will be sensitive to all bits in 'raw[31:0]').
../../../hardware/core/tomasulo_core.sv:129: sorry: constant selects in always_* processes are not fully supported (the process will be sensitive to all bits in 'raw[31:0]').
../../../hardware/core/tomasulo_core.sv:134: sorry: constant selects in always_* processes are not fully supported (the process will be sensitive to all bits in 'raw[31:0]').
../../../hardware/core/tomasulo_core.sv:138: sorry: constant selects in always_* processes are not fully supported (the process will be sensitive to all bits in 'raw[31:0]').
../../../hardware/core/tomasulo_core.sv:144: sorry: constant selects in always_* processes are not fully supported (the process will be sensitive to all bits in 'raw[31:0]').
../../../hardware/core/tomasulo_core.sv:144: sorry: constant selects in always_* processes are not fully supported (the process will be sensitive to all bits in 'raw[31:0]').
../../../hardware/core/tomasulo_core.sv:150: sorry: constant selects in always_* processes are not fully supported (the process will be sensitive to all bits in 'raw[31:0]').
../../../hardware/core/tomasulo_core.sv:150: sorry: constant selects in always_* processes are not fully supported (the process will be sensitive to all bits in 'raw[31:0]').
../../../hardware/core/tomasulo_core.sv:150: sorry: constant selects in always_* processes are not fully supported (the process will be sensitive to all bits in 'raw[31:0]').
[tb] loading hex: build/I-AUIPC-01.hex
[tb] hex loaded, entering reset
[tb] rst_n=0, waiting for 4 clk edges...
[tb] reset done, rst_n=1
[F] cyc=1 fetch raw=2a000293 pc_d=00000000 fetch_pc=00000004 mem_direct=2a000293
[D] cyc=2 dispatch op=8 pc=00000000 tag=0 raw_iq_imm=000002a0 rs1=0
[F] cyc=2 fetch raw=00000017 pc_d=00000004 fetch_pc=00000008 mem_direct=00000017
[D] cyc=3 dispatch op=31 pc=00000004 tag=1 raw_iq_imm=00000000 rs1=0
[F] cyc=3 fetch raw=00000397 pc_d=00000008 fetch_pc=0000000c mem_direct=00000397
[D] cyc=4 dispatch op=31 pc=00000008 tag=2 raw_iq_imm=00000000 rs1=0
[F] cyc=4 fetch raw=ffc38393 pc_d=0000000c fetch_pc=00000010 mem_direct=ffc38393
[D] cyc=5 dispatch op=8 pc=0000000c tag=3 raw_iq_imm=fffffffc rs1=7
[F] cyc=5 fetch raw=40700033 pc_d=00000010 fetch_pc=00000014 mem_direct=40700033
[C] cyc=5 CDB tag=0 val=000002a0
[D] cyc=6 dispatch op=1 pc=00000010 tag=4 raw_iq_imm=00000000 rs1=0
[F] cyc=6 fetch raw=0002a023 pc_d=00000014 fetch_pc=00000018 mem_direct=0002a023
[R] cyc=6 COMMIT op=8 pc=00000000
[D] cyc=7 dispatch op=15 pc=00000014 tag=5 raw_iq_imm=00000000 rs1=5
[F] cyc=7 fetch raw=00000097 pc_d=00000018 fetch_pc=0000001c mem_direct=00000097
[C] cyc=7 CDB tag=2 val=00000008
[D] cyc=8 dispatch op=31 pc=00000018 tag=6 raw_iq_imm=00000000 rs1=0
[F] cyc=8 fetch raw=00000397 pc_d=0000001c fetch_pc=00000020 mem_direct=00000397
[C] cyc=8 CDB tag=5 val=00000000
[D] cyc=9 dispatch op=31 pc=0000001c tag=7 raw_iq_imm=00000000 rs1=0
[F] cyc=9 fetch raw=ffc38393 pc_d=00000020 fetch_pc=00000024 mem_direct=ffc38393
[C] cyc=9 CDB tag=1 val=00000004
[D] cyc=10 dispatch op=8 pc=00000020 tag=8 raw_iq_imm=fffffffc rs1=7
[F] cyc=10 fetch raw=407080b3 pc_d=00000024 fetch_pc=00000028 mem_direct=407080b3
[R] cyc=10 COMMIT op=31 pc=00000004
[D] cyc=11 dispatch op=1 pc=00000024 tag=9 raw_iq_imm=00000000 rs1=1
[F] cyc=11 fetch raw=0012a223 pc_d=00000028 fetch_pc=0000002c mem_direct=0012a223
[C] cyc=11 CDB tag=6 val=00000018
[R] cyc=11 COMMIT op=31 pc=00000008
[D] cyc=12 dispatch op=15 pc=00000028 tag=10 raw_iq_imm=00000004 rs1=5
[F] cyc=12 fetch raw=007ff117 pc_d=0000002c fetch_pc=00000030 mem_direct=007ff117
[D] cyc=13 dispatch op=31 pc=0000002c tag=11 raw_iq_imm=007ff000 rs1=0
[F] cyc=13 fetch raw=00000397 pc_d=00000030 fetch_pc=00000034 mem_direct=00000397
[C] cyc=13 CDB tag=3 val=00000004
[D] cyc=14 dispatch op=31 pc=00000030 tag=12 raw_iq_imm=00000000 rs1=0
[F] cyc=14 fetch raw=ffc38393 pc_d=00000034 fetch_pc=00000038 mem_direct=ffc38393
[R] cyc=14 COMMIT op=8 pc=0000000c
[D] cyc=15 dispatch op=8 pc=00000034 tag=13 raw_iq_imm=fffffffc rs1=7
[F] cyc=15 fetch raw=40710133 pc_d=00000038 fetch_pc=0000003c mem_direct=40710133
[C] cyc=15 CDB tag=7 val=0000001c
[D] cyc=16 dispatch op=1 pc=00000038 tag=14 raw_iq_imm=00000000 rs1=2
[F] cyc=16 fetch raw=0022a423 pc_d=0000003c fetch_pc=00000040 mem_direct=0022a423
[D] cyc=17 dispatch op=15 pc=0000003c tag=15 raw_iq_imm=00000008 rs1=5
[F] cyc=17 fetch raw=00001197 pc_d=00000040 fetch_pc=00000044 mem_direct=00001197
[C] cyc=17 CDB tag=4 val=fffffffc
[D] cyc=18 dispatch op=31 pc=00000040 tag=0 raw_iq_imm=00001000 rs1=0
[F] cyc=18 fetch raw=00000397 pc_d=00000044 fetch_pc=00000048 mem_direct=00000397
[R] cyc=18 COMMIT op=1 pc=00000010
[F] cyc=19 fetch raw=ffc38393 pc_d=00000048 fetch_pc=0000004c mem_direct=ffc38393
[C] cyc=19 CDB tag=8 val=00000018
[R] cyc=19 COMMIT op=15 pc=00000014
[D] cyc=20 dispatch op=31 pc=00000044 tag=1 raw_iq_imm=00000000 rs1=0
[F] cyc=20 fetch raw=407181b3 pc_d=0000004c fetch_pc=00000050 mem_direct=407181b3
[R] cyc=20 COMMIT op=31 pc=00000018
[F] cyc=21 fetch raw=0032a623 pc_d=00000050 fetch_pc=00000054 mem_direct=0032a623
[C] cyc=21 CDB tag=0 val=00001040
[R] cyc=21 COMMIT op=31 pc=0000001c
[D] cyc=22 dispatch op=8 pc=00000048 tag=2 raw_iq_imm=fffffffc rs1=7
[F] cyc=22 fetch raw=01234217 pc_d=00000054 fetch_pc=00000058 mem_direct=01234217
[R] cyc=22 COMMIT op=8 pc=00000020
[F] cyc=23 fetch raw=00000397 pc_d=00000058 fetch_pc=0000005c mem_direct=00000397
[C] cyc=23 CDB tag=1 val=00000044
[D] cyc=24 dispatch op=1 pc=0000004c tag=3 raw_iq_imm=00000000 rs1=3
[F] cyc=24 fetch raw=ffc38393 pc_d=0000005c fetch_pc=00000060 mem_direct=ffc38393
[D] cyc=25 dispatch op=15 pc=00000050 tag=4 raw_iq_imm=0000000c rs1=5
[F] cyc=25 fetch raw=40720233 pc_d=00000060 fetch_pc=00000064 mem_direct=40720233
[C] cyc=25 CDB tag=11 val=007ff02c
[D] cyc=26 dispatch op=31 pc=00000054 tag=5 raw_iq_imm=01234000 rs1=0
[F] cyc=26 fetch raw=0042a823 pc_d=00000064 fetch_pc=00000068 mem_direct=0042a823
[F] cyc=27 fetch raw=2b400093 pc_d=00000068 fetch_pc=0000006c mem_direct=2b400093
[C] cyc=27 CDB tag=2 val=00000040
[D] cyc=28 dispatch op=31 pc=00000058 tag=6 raw_iq_imm=00000000 rs1=0
[F] cyc=28 fetch raw=80000297 pc_d=0000006c fetch_pc=00000070 mem_direct=80000297
[F] cyc=29 fetch raw=00000197 pc_d=00000070 fetch_pc=00000074 mem_direct=00000197
[C] cyc=29 CDB tag=5 val=01234054
[D] cyc=30 dispatch op=8 pc=0000005c tag=7 raw_iq_imm=fffffffc rs1=7
[F] cyc=30 fetch raw=ffc18193 pc_d=00000074 fetch_pc=00000078 mem_direct=ffc18193
[F] cyc=31 fetch raw=403282b3 pc_d=00000078 fetch_pc=0000007c mem_direct=403282b3
[C] cyc=31 CDB tag=6 val=00000058
[D] cyc=32 dispatch op=1 pc=00000060 tag=8 raw_iq_imm=00000000 rs1=4
[F] cyc=32 fetch raw=0050a023 pc_d=0000007c fetch_pc=00000080 mem_direct=0050a023
[F] cyc=33 fetch raw=01234317 pc_d=00000080 fetch_pc=00000084 mem_direct=01234317
[C] cyc=33 CDB tag=3 val=00001000
[C] cyc=34 CDB tag=4 val=00000000
[C] cyc=35 CDB tag=7 val=00000054
[C] cyc=37 CDB tag=12 val=00000030
[C] cyc=39 CDB tag=8 val=01234000
[C] cyc=41 CDB tag=9 val=00000000
[C] cyc=42 CDB tag=10 val=00000000
[R] cyc=42 COMMIT op=1 pc=00000024
[D] cyc=43 dispatch op=15 pc=00000064 tag=9 raw_iq_imm=00000010 rs1=5
[C] cyc=43 CDB tag=13 val=0000002c
[R] cyc=43 COMMIT op=15 pc=00000028
[D] cyc=44 dispatch op=8 pc=00000068 tag=10 raw_iq_imm=000002b4 rs1=0
[F] cyc=44 fetch raw=00000197 pc_d=00000084 fetch_pc=00000088 mem_direct=00000197
[C] cyc=44 CDB tag=9 val=00000000
[R] cyc=44 COMMIT op=31 pc=0000002c
[D] cyc=45 dispatch op=31 pc=0000006c tag=11 raw_iq_imm=80000000 rs1=0
[F] cyc=45 fetch raw=ffc18193 pc_d=00000088 fetch_pc=0000008c mem_direct=ffc18193
[R] cyc=45 COMMIT op=31 pc=00000030
[D] cyc=46 dispatch op=31 pc=00000070 tag=12 raw_iq_imm=00000000 rs1=0
[F] cyc=46 fetch raw=40330333 pc_d=0000008c fetch_pc=00000090 mem_direct=40330333
[C] cyc=46 CDB tag=14 val=007ff000
[R] cyc=46 COMMIT op=8 pc=00000034
[D] cyc=47 dispatch op=8 pc=00000074 tag=13 raw_iq_imm=fffffffc rs1=3
[F] cyc=47 fetch raw=0060a223 pc_d=00000090 fetch_pc=00000094 mem_direct=0060a223
[C] cyc=47 CDB tag=15 val=00000000
[R] cyc=47 COMMIT op=1 pc=00000038
[D] cyc=48 dispatch op=1 pc=00000078 tag=14 raw_iq_imm=00000000 rs1=5
[F] cyc=48 fetch raw=fffff397 pc_d=00000094 fetch_pc=00000098 mem_direct=fffff397
[C] cyc=48 CDB tag=11 val=8000006c
[R] cyc=48 COMMIT op=15 pc=0000003c
[D] cyc=49 dispatch op=15 pc=0000007c tag=15 raw_iq_imm=00000000 rs1=1
[F] cyc=49 fetch raw=00000197 pc_d=00000098 fetch_pc=0000009c mem_direct=00000197
[R] cyc=49 COMMIT op=31 pc=00000040
[D] cyc=50 dispatch op=31 pc=00000080 tag=0 raw_iq_imm=01234000 rs1=0
[F] cyc=50 fetch raw=ffc18193 pc_d=0000009c fetch_pc=000000a0 mem_direct=ffc18193
[C] cyc=50 CDB tag=10 val=000002b4
[R] cyc=50 COMMIT op=31 pc=00000044
[D] cyc=51 dispatch op=31 pc=00000084 tag=1 raw_iq_imm=00000000 rs1=0
[F] cyc=51 fetch raw=403383b3 pc_d=000000a0 fetch_pc=000000a4 mem_direct=403383b3
[R] cyc=51 COMMIT op=8 pc=00000048
[D] cyc=52 dispatch op=8 pc=00000088 tag=2 raw_iq_imm=fffffffc rs1=3
[F] cyc=52 fetch raw=0070a423 pc_d=000000a4 fetch_pc=000000a8 mem_direct=0070a423
[C] cyc=52 CDB tag=12 val=00000070
[R] cyc=52 COMMIT op=1 pc=0000004c
[D] cyc=53 dispatch op=1 pc=0000008c tag=3 raw_iq_imm=00000000 rs1=6
[F] cyc=53 fetch raw=00001417 pc_d=000000a8 fetch_pc=000000ac mem_direct=00001417
[R] cyc=53 COMMIT op=15 pc=00000050
[D] cyc=54 dispatch op=15 pc=00000090 tag=4 raw_iq_imm=00000004 rs1=1
[F] cyc=54 fetch raw=00000197 pc_d=000000ac fetch_pc=000000b0 mem_direct=00000197
[C] cyc=54 CDB tag=0 val=01234080
[R] cyc=54 COMMIT op=31 pc=00000054
[D] cyc=55 dispatch op=31 pc=00000094 tag=5 raw_iq_imm=fffff000 rs1=0
[F] cyc=55 fetch raw=ffc18193 pc_d=000000b0 fetch_pc=000000b4 mem_direct=ffc18193
[R] cyc=55 COMMIT op=31 pc=00000058
[D] cyc=56 dispatch op=31 pc=00000098 tag=6 raw_iq_imm=00000000 rs1=0
[F] cyc=56 fetch raw=40340433 pc_d=000000b4 fetch_pc=000000b8 mem_direct=40340433
[C] cyc=56 CDB tag=13 val=0000006c
[R] cyc=56 COMMIT op=8 pc=0000005c
[D] cyc=57 dispatch op=8 pc=0000009c tag=7 raw_iq_imm=fffffffc rs1=3
[F] cyc=57 fetch raw=0080a623 pc_d=000000b8 fetch_pc=000000bc mem_direct=0080a623
[R] cyc=57 COMMIT op=1 pc=00000060
[F] cyc=58 fetch raw=7ffff497 pc_d=000000bc fetch_pc=000000c0 mem_direct=7ffff497
[C] cyc=58 CDB tag=5 val=fffff094
[R] cyc=58 COMMIT op=15 pc=00000064
[D] cyc=59 dispatch op=1 pc=000000a0 tag=8 raw_iq_imm=00000000 rs1=7
[R] cyc=59 COMMIT op=8 pc=00000068
[D] cyc=60 dispatch op=15 pc=000000a4 tag=9 raw_iq_imm=00000008 rs1=1
[F] cyc=60 fetch raw=00000197 pc_d=000000c0 fetch_pc=000000c4 mem_direct=00000197
[C] cyc=60 CDB tag=1 val=00000084
[R] cyc=60 COMMIT op=31 pc=0000006c
[D] cyc=61 dispatch op=31 pc=000000a8 tag=10 raw_iq_imm=00001000 rs1=0
[F] cyc=61 fetch raw=ffc18193 pc_d=000000c4 fetch_pc=000000c8 mem_direct=ffc18193
[R] cyc=61 COMMIT op=31 pc=00000070
[F] cyc=62 fetch raw=403484b3 pc_d=000000c8 fetch_pc=000000cc mem_direct=403484b3
[C] cyc=62 CDB tag=14 val=80000000
[R] cyc=62 COMMIT op=8 pc=00000074
[D] cyc=63 dispatch op=31 pc=000000ac tag=11 raw_iq_imm=00000000 rs1=0
[C] cyc=63 CDB tag=15 val=00000000
[R] cyc=63 COMMIT op=1 pc=00000078
[F] cyc=64 fetch raw=0090a823 pc_d=000000cc fetch_pc=000000d0 mem_direct=0090a823
[C] cyc=64 CDB tag=10 val=000010a8
[R] cyc=64 COMMIT op=15 pc=0000007c
[D] cyc=65 dispatch op=8 pc=000000b0 tag=12 raw_iq_imm=fffffffc rs1=3
[R] cyc=65 COMMIT op=31 pc=00000080
[F] cyc=66 fetch raw=2c800093 pc_d=000000d0 fetch_pc=000000d4 mem_direct=2c800093
[C] cyc=66 CDB tag=11 val=000000ac
[R] cyc=66 COMMIT op=31 pc=00000084
[D] cyc=67 dispatch op=1 pc=000000b4 tag=13 raw_iq_imm=00000000 rs1=8
[D] cyc=68 dispatch op=15 pc=000000b8 tag=14 raw_iq_imm=0000000c rs1=1
[F] cyc=68 fetch raw=54321517 pc_d=000000d4 fetch_pc=000000d8 mem_direct=54321517
[C] cyc=68 CDB tag=2 val=00000080
[D] cyc=69 dispatch op=31 pc=000000bc tag=15 raw_iq_imm=7ffff000 rs1=0
[F] cyc=69 fetch raw=00000417 pc_d=000000d8 fetch_pc=000000dc mem_direct=00000417
[R] cyc=69 COMMIT op=8 pc=00000088
[F] cyc=70 fetch raw=ffc40413 pc_d=000000dc fetch_pc=000000e0 mem_direct=ffc40413
[C] cyc=70 CDB tag=12 val=000000a8
[D] cyc=71 dispatch op=31 pc=000000c0 tag=0 raw_iq_imm=00000000 rs1=0
[F] cyc=72 fetch raw=40850533 pc_d=000000e0 fetch_pc=000000e4 mem_direct=40850533
[C] cyc=72 CDB tag=3 val=01234000
[D] cyc=73 dispatch op=8 pc=000000c4 tag=1 raw_iq_imm=fffffffc rs1=3
[C] cyc=73 CDB tag=4 val=00000000
[R] cyc=73 COMMIT op=1 pc=0000008c
[F] cyc=74 fetch raw=00a0a023 pc_d=000000e4 fetch_pc=000000e8 mem_direct=00a0a023
[C] cyc=74 CDB tag=0 val=000000c0
[R] cyc=74 COMMIT op=15 pc=00000090
[D] cyc=75 dispatch op=1 pc=000000c8 tag=2 raw_iq_imm=00000000 rs1=9
[R] cyc=75 COMMIT op=31 pc=00000094
[D] cyc=76 dispatch op=15 pc=000000cc tag=3 raw_iq_imm=00000010 rs1=1
[F] cyc=76 fetch raw=00800597 pc_d=000000e8 fetch_pc=000000ec mem_direct=00800597
[C] cyc=76 CDB tag=15 val=7ffff0bc
[D] cyc=77 dispatch op=8 pc=000000d0 tag=4 raw_iq_imm=000002c8 rs1=0
[F] cyc=77 fetch raw=00000417 pc_d=000000ec fetch_pc=000000f0 mem_direct=00000417
[F] cyc=78 fetch raw=ffc40413 pc_d=000000f0 fetch_pc=000000f4 mem_direct=ffc40413
[C] cyc=78 CDB tag=1 val=000000bc
[D] cyc=79 dispatch op=31 pc=000000d4 tag=5 raw_iq_imm=54321000 rs1=0
[F] cyc=80 fetch raw=408585b3 pc_d=000000f4 fetch_pc=000000f8 mem_direct=408585b3
[C] cyc=80 CDB tag=4 val=000002c8
[C] cyc=82 CDB tag=5 val=543210d4
[C] cyc=84 CDB tag=2 val=7ffff000
[C] cyc=85 CDB tag=3 val=00000000
[C] cyc=86 CDB tag=13 val=00001000
[C] cyc=87 CDB tag=14 val=00000000
[C] cyc=88 CDB tag=6 val=00000098
[R] cyc=89 COMMIT op=31 pc=00000098
[D] cyc=90 dispatch op=31 pc=000000d8 tag=6 raw_iq_imm=00000000 rs1=0
[F] cyc=91 fetch raw=00b0a223 pc_d=000000f8 fetch_pc=000000fc mem_direct=00b0a223
[C] cyc=91 CDB tag=7 val=00000094
[R] cyc=92 COMMIT op=8 pc=0000009c
[D] cyc=93 dispatch op=8 pc=000000dc tag=7 raw_iq_imm=fffffffc rs1=8
[C] cyc=93 CDB tag=6 val=000000d8
[F] cyc=94 fetch raw=00000617 pc_d=000000fc fetch_pc=00000100 mem_direct=00000617
[C] cyc=95 CDB tag=8 val=fffff000
[C] cyc=96 CDB tag=9 val=00000000
[R] cyc=96 COMMIT op=1 pc=000000a0
[D] cyc=97 dispatch op=1 pc=000000e0 tag=8 raw_iq_imm=00000000 rs1=10
[C] cyc=97 CDB tag=7 val=000000d4
[R] cyc=97 COMMIT op=15 pc=000000a4
[D] cyc=98 dispatch op=15 pc=000000e4 tag=9 raw_iq_imm=00000000 rs1=1
[F] cyc=98 fetch raw=00000417 pc_d=00000100 fetch_pc=00000104 mem_direct=00000417
[R] cyc=98 COMMIT op=31 pc=000000a8
[D] cyc=99 dispatch op=31 pc=000000e8 tag=10 raw_iq_imm=00800000 rs1=0
[F] cyc=99 fetch raw=ffc40413 pc_d=00000104 fetch_pc=00000108 mem_direct=ffc40413
[R] cyc=99 COMMIT op=31 pc=000000ac
[D] cyc=100 dispatch op=31 pc=000000ec tag=11 raw_iq_imm=00000000 rs1=0
[F] cyc=100 fetch raw=40860633 pc_d=00000108 fetch_pc=0000010c mem_direct=40860633
[C] cyc=100 CDB tag=8 val=54321000
[R] cyc=100 COMMIT op=8 pc=000000b0
[D] cyc=101 dispatch op=8 pc=000000f0 tag=12 raw_iq_imm=fffffffc rs1=8
[F] cyc=101 fetch raw=00c0a423 pc_d=0000010c fetch_pc=00000110 mem_direct=00c0a423
[C] cyc=101 CDB tag=9 val=00000000
[R] cyc=101 COMMIT op=1 pc=000000b4
[D] cyc=102 dispatch op=1 pc=000000f4 tag=13 raw_iq_imm=00000000 rs1=11
[F] cyc=102 fetch raw=007ff697 pc_d=00000110 fetch_pc=00000114 mem_direct=007ff697
[C] cyc=102 CDB tag=10 val=008000e8
[R] cyc=102 COMMIT op=15 pc=000000b8
[D] cyc=103 dispatch op=15 pc=000000f8 tag=14 raw_iq_imm=00000004 rs1=1
[F] cyc=103 fetch raw=00000417 pc_d=00000114 fetch_pc=00000118 mem_direct=00000417
[R] cyc=103 COMMIT op=31 pc=000000bc
[D] cyc=104 dispatch op=31 pc=000000fc tag=15 raw_iq_imm=00000000 rs1=0
[F] cyc=104 fetch raw=ffc40413 pc_d=00000118 fetch_pc=0000011c mem_direct=ffc40413
[C] cyc=104 CDB tag=11 val=000000ec
[R] cyc=104 COMMIT op=31 pc=000000c0
[D] cyc=105 dispatch op=31 pc=00000100 tag=0 raw_iq_imm=00000000 rs1=0
[F] cyc=105 fetch raw=408686b3 pc_d=0000011c fetch_pc=00000120 mem_direct=408686b3
[R] cyc=105 COMMIT op=8 pc=000000c4
[D] cyc=106 dispatch op=8 pc=00000104 tag=1 raw_iq_imm=fffffffc rs1=8
[F] cyc=106 fetch raw=00d0a623 pc_d=00000120 fetch_pc=00000124 mem_direct=00d0a623
[R] cyc=106 COMMIT op=1 pc=000000c8
[D] cyc=107 dispatch op=1 pc=00000108 tag=2 raw_iq_imm=00000000 rs1=12
[F] cyc=107 fetch raw=00000717 pc_d=00000124 fetch_pc=00000128 mem_direct=00000717
[C] cyc=107 CDB tag=12 val=000000e8
[R] cyc=107 COMMIT op=15 pc=000000cc
[D] cyc=108 dispatch op=15 pc=0000010c tag=3 raw_iq_imm=00000008 rs1=1
[F] cyc=108 fetch raw=00000417 pc_d=00000128 fetch_pc=0000012c mem_direct=00000417
[R] cyc=108 COMMIT op=8 pc=000000d0
[D] cyc=109 dispatch op=31 pc=00000110 tag=4 raw_iq_imm=007ff000 rs1=0
[F] cyc=109 fetch raw=ffc40413 pc_d=0000012c fetch_pc=00000130 mem_direct=ffc40413
[C] cyc=109 CDB tag=15 val=000000fc
[R] cyc=109 COMMIT op=31 pc=000000d4
[D] cyc=110 dispatch op=31 pc=00000114 tag=5 raw_iq_imm=00000000 rs1=0
[F] cyc=110 fetch raw=40870733 pc_d=00000130 fetch_pc=00000134 mem_direct=40870733
[R] cyc=110 COMMIT op=31 pc=000000d8
[D] cyc=111 dispatch op=8 pc=00000118 tag=6 raw_iq_imm=fffffffc rs1=8
[F] cyc=111 fetch raw=00e0a823 pc_d=00000134 fetch_pc=00000138 mem_direct=00e0a823
[C] cyc=111 CDB tag=13 val=00800000
[R] cyc=111 COMMIT op=8 pc=000000dc
[D] cyc=112 dispatch op=1 pc=0000011c tag=7 raw_iq_imm=00000000 rs1=13
[F] cyc=112 fetch raw=2dc00113 pc_d=00000138 fetch_pc=0000013c mem_direct=2dc00113
[C] cyc=112 CDB tag=14 val=00000000
[R] cyc=112 COMMIT op=1 pc=000000e0
[D] cyc=113 dispatch op=15 pc=00000120 tag=8 raw_iq_imm=0000000c rs1=1
[F] cyc=113 fetch raw=00001797 pc_d=0000013c fetch_pc=00000140 mem_direct=00001797
[C] cyc=113 CDB tag=4 val=007ff110
[R] cyc=113 COMMIT op=15 pc=000000e4
[D] cyc=114 dispatch op=31 pc=00000124 tag=9 raw_iq_imm=00000000 rs1=0
[F] cyc=114 fetch raw=00000217 pc_d=00000140 fetch_pc=00000144 mem_direct=00000217
[R] cyc=114 COMMIT op=31 pc=000000e8
[F] cyc=115 fetch raw=ffc20213 pc_d=00000144 fetch_pc=00000148 mem_direct=ffc20213
[C] cyc=115 CDB tag=5 val=00000114
[R] cyc=115 COMMIT op=31 pc=000000ec
[D] cyc=116 dispatch op=31 pc=00000128 tag=10 raw_iq_imm=00000000 rs1=0
[R] cyc=116 COMMIT op=8 pc=000000f0
[F] cyc=117 fetch raw=404787b3 pc_d=00000148 fetch_pc=0000014c mem_direct=404787b3
[C] cyc=117 CDB tag=9 val=00000124
[R] cyc=117 COMMIT op=1 pc=000000f4
[D] cyc=118 dispatch op=8 pc=0000012c tag=11 raw_iq_imm=fffffffc rs1=8
[R] cyc=118 COMMIT op=15 pc=000000f8
[F] cyc=119 fetch raw=00f12023 pc_d=0000014c fetch_pc=00000150 mem_direct=00f12023
[C] cyc=119 CDB tag=10 val=00000128
[R] cyc=119 COMMIT op=31 pc=000000fc
[D] cyc=120 dispatch op=1 pc=00000130 tag=12 raw_iq_imm=00000000 rs1=14
[D] cyc=121 dispatch op=15 pc=00000134 tag=13 raw_iq_imm=00000010 rs1=1
[F] cyc=121 fetch raw=00000817 pc_d=00000150 fetch_pc=00000154 mem_direct=00000817
[C] cyc=121 CDB tag=0 val=00000100
[D] cyc=122 dispatch op=8 pc=00000138 tag=14 raw_iq_imm=000002dc rs1=0
[F] cyc=122 fetch raw=00000217 pc_d=00000154 fetch_pc=00000158 mem_direct=00000217
[R] cyc=122 COMMIT op=31 pc=00000100
[F] cyc=123 fetch raw=ffc20213 pc_d=00000158 fetch_pc=0000015c mem_direct=ffc20213
[C] cyc=123 CDB tag=11 val=00000124
[D] cyc=124 dispatch op=31 pc=0000013c tag=15 raw_iq_imm=00001000 rs1=0
[F] cyc=125 fetch raw=40480833 pc_d=0000015c fetch_pc=00000160 mem_direct=40480833
[C] cyc=125 CDB tag=1 val=000000fc
[D] cyc=126 dispatch op=31 pc=00000140 tag=0 raw_iq_imm=00000000 rs1=0
[R] cyc=126 COMMIT op=8 pc=00000104
[F] cyc=127 fetch raw=01012223 pc_d=00000160 fetch_pc=00000164 mem_direct=01012223
[C] cyc=127 CDB tag=15 val=0000113c
[D] cyc=128 dispatch op=8 pc=00000144 tag=1 raw_iq_imm=fffffffc rs1=4
[F] cyc=129 fetch raw=00000897 pc_d=00000164 fetch_pc=00000168 mem_direct=00000897
[C] cyc=129 CDB tag=0 val=00000140
[C] cyc=131 CDB tag=14 val=000002dc
[C] cyc=133 CDB tag=1 val=0000013c
[C] cyc=135 CDB tag=12 val=00000000
[C] cyc=136 CDB tag=13 val=00000000
[C] cyc=137 CDB tag=2 val=00000000
[C] cyc=138 CDB tag=3 val=00000000
[R] cyc=138 COMMIT op=1 pc=00000108
[D] cyc=139 dispatch op=1 pc=00000148 tag=2 raw_iq_imm=00000000 rs1=15
[C] cyc=139 CDB tag=6 val=00000110
[R] cyc=139 COMMIT op=15 pc=0000010c
[D] cyc=140 dispatch op=15 pc=0000014c tag=3 raw_iq_imm=00000000 rs1=2
[F] cyc=140 fetch raw=00000217 pc_d=00000168 fetch_pc=0000016c mem_direct=00000217
[R] cyc=140 COMMIT op=31 pc=00000110
[D] cyc=141 dispatch op=31 pc=00000150 tag=4 raw_iq_imm=00000000 rs1=0
[F] cyc=141 fetch raw=ffc20213 pc_d=0000016c fetch_pc=00000170 mem_direct=ffc20213
[R] cyc=141 COMMIT op=31 pc=00000114
[D] cyc=142 dispatch op=31 pc=00000154 tag=5 raw_iq_imm=00000000 rs1=0
[F] cyc=142 fetch raw=404888b3 pc_d=00000170 fetch_pc=00000174 mem_direct=404888b3
[C] cyc=142 CDB tag=2 val=00001000
[R] cyc=142 COMMIT op=8 pc=00000118
[D] cyc=143 dispatch op=8 pc=00000158 tag=6 raw_iq_imm=fffffffc rs1=4
[F] cyc=143 fetch raw=01112423 pc_d=00000174 fetch_pc=00000178 mem_direct=01112423
[C] cyc=143 CDB tag=3 val=00000000
[F] cyc=144 fetch raw=007ff917 pc_d=00000178 fetch_pc=0000017c mem_direct=007ff917
[C] cyc=144 CDB tag=4 val=00000150
[C] cyc=146 CDB tag=7 val=007ff000
[C] cyc=147 CDB tag=8 val=00000000
[R] cyc=147 COMMIT op=1 pc=0000011c
[D] cyc=148 dispatch op=1 pc=0000015c tag=7 raw_iq_imm=00000000 rs1=16
[C] cyc=148 CDB tag=5 val=00000154
[R] cyc=148 COMMIT op=15 pc=00000120
[D] cyc=149 dispatch op=15 pc=00000160 tag=8 raw_iq_imm=00000004 rs1=2
[F] cyc=149 fetch raw=00000217 pc_d=0000017c fetch_pc=00000180 mem_direct=00000217
[R] cyc=149 COMMIT op=31 pc=00000124
[D] cyc=150 dispatch op=31 pc=00000164 tag=9 raw_iq_imm=00000000 rs1=0
[F] cyc=150 fetch raw=ffc20213 pc_d=00000180 fetch_pc=00000184 mem_direct=ffc20213
[R] cyc=150 COMMIT op=31 pc=00000128
[D] cyc=151 dispatch op=31 pc=00000168 tag=10 raw_iq_imm=00000000 rs1=0
[F] cyc=151 fetch raw=40490933 pc_d=00000184 fetch_pc=00000188 mem_direct=40490933
[C] cyc=151 CDB tag=6 val=00000150
[R] cyc=151 COMMIT op=8 pc=0000012c
[D] cyc=152 dispatch op=8 pc=0000016c tag=11 raw_iq_imm=fffffffc rs1=4
[F] cyc=152 fetch raw=01212623 pc_d=00000188 fetch_pc=0000018c mem_direct=01212623
[R] cyc=152 COMMIT op=1 pc=00000130
[D] cyc=153 dispatch op=1 pc=00000170 tag=12 raw_iq_imm=00000000 rs1=17
[F] cyc=153 fetch raw=00001997 pc_d=0000018c fetch_pc=00000190 mem_direct=00001997
[C] cyc=153 CDB tag=9 val=00000164
[R] cyc=153 COMMIT op=15 pc=00000134
[D] cyc=154 dispatch op=15 pc=00000174 tag=13 raw_iq_imm=00000008 rs1=2
[F] cyc=154 fetch raw=00000217 pc_d=00000190 fetch_pc=00000194 mem_direct=00000217
[R] cyc=154 COMMIT op=8 pc=00000138
[D] cyc=155 dispatch op=31 pc=00000178 tag=14 raw_iq_imm=007ff000 rs1=0
[F] cyc=155 fetch raw=ffc20213 pc_d=00000194 fetch_pc=00000198 mem_direct=ffc20213
[C] cyc=155 CDB tag=7 val=00000000
[R] cyc=155 COMMIT op=31 pc=0000013c
[D] cyc=156 dispatch op=31 pc=0000017c tag=15 raw_iq_imm=00000000 rs1=0
[F] cyc=156 fetch raw=404989b3 pc_d=00000198 fetch_pc=0000019c mem_direct=404989b3
[C] cyc=156 CDB tag=8 val=00000000
[R] cyc=156 COMMIT op=31 pc=00000140
[D] cyc=157 dispatch op=8 pc=00000180 tag=0 raw_iq_imm=fffffffc rs1=4
[F] cyc=157 fetch raw=01312823 pc_d=0000019c fetch_pc=000001a0 mem_direct=01312823
[C] cyc=157 CDB tag=10 val=00000168
[R] cyc=157 COMMIT op=8 pc=00000144
[D] cyc=158 dispatch op=1 pc=00000184 tag=1 raw_iq_imm=00000000 rs1=18
[F] cyc=158 fetch raw=2f000093 pc_d=000001a0 fetch_pc=000001a4 mem_direct=2f000093
[R] cyc=158 COMMIT op=1 pc=00000148
[D] cyc=159 dispatch op=15 pc=00000188 tag=2 raw_iq_imm=0000000c rs1=2
[F] cyc=159 fetch raw=01234a17 pc_d=000001a4 fetch_pc=000001a8 mem_direct=01234a17
[C] cyc=159 CDB tag=14 val=007ff178
[R] cyc=159 COMMIT op=15 pc=0000014c
[D] cyc=160 dispatch op=31 pc=0000018c tag=3 raw_iq_imm=00001000 rs1=0
[F] cyc=160 fetch raw=00000197 pc_d=000001a8 fetch_pc=000001ac mem_direct=00000197
[R] cyc=160 COMMIT op=31 pc=00000150
[D] cyc=161 dispatch op=31 pc=00000190 tag=4 raw_iq_imm=00000000 rs1=0
[F] cyc=161 fetch raw=ffc18193 pc_d=000001ac fetch_pc=000001b0 mem_direct=ffc18193
[C] cyc=161 CDB tag=11 val=00000164
[R] cyc=161 COMMIT op=31 pc=00000154
[D] cyc=162 dispatch op=8 pc=00000194 tag=5 raw_iq_imm=fffffffc rs1=4
[F] cyc=162 fetch raw=403a0a33 pc_d=000001b0 fetch_pc=000001b4 mem_direct=403a0a33
[R] cyc=162 COMMIT op=8 pc=00000158
[F] cyc=163 fetch raw=0140a023 pc_d=000001b4 fetch_pc=000001b8 mem_direct=0140a023
[C] cyc=163 CDB tag=3 val=0000118c
[R] cyc=163 COMMIT op=1 pc=0000015c
[D] cyc=164 dispatch op=1 pc=00000198 tag=6 raw_iq_imm=00000000 rs1=19
[R] cyc=164 COMMIT op=15 pc=00000160
[D] cyc=165 dispatch op=15 pc=0000019c tag=7 raw_iq_imm=00000010 rs1=2
[F] cyc=165 fetch raw=80000a97 pc_d=000001b8 fetch_pc=000001bc mem_direct=80000a97
[C] cyc=165 CDB tag=15 val=0000017c
[R] cyc=165 COMMIT op=31 pc=00000164
[D] cyc=166 dispatch op=8 pc=000001a0 tag=8 raw_iq_imm=000002f0 rs1=0
[F] cyc=166 fetch raw=00000197 pc_d=000001bc fetch_pc=000001c0 mem_direct=00000197
[R] cyc=166 COMMIT op=31 pc=00000168
[F] cyc=167 fetch raw=ffc18193 pc_d=000001c0 fetch_pc=000001c4 mem_direct=ffc18193
[C] cyc=167 CDB tag=12 val=00000000
[R] cyc=167 COMMIT op=8 pc=0000016c
[D] cyc=168 dispatch op=31 pc=000001a4 tag=9 raw_iq_imm=01234000 rs1=0
[C] cyc=168 CDB tag=13 val=00000000
[R] cyc=168 COMMIT op=1 pc=00000170
[F] cyc=169 fetch raw=403a8ab3 pc_d=000001c4 fetch_pc=000001c8 mem_direct=403a8ab3
[C] cyc=169 CDB tag=8 val=000002f0
[R] cyc=169 COMMIT op=15 pc=00000174
[D] cyc=170 dispatch op=31 pc=000001a8 tag=10 raw_iq_imm=00000000 rs1=0
[R] cyc=170 COMMIT op=31 pc=00000178
[F] cyc=171 fetch raw=0150a223 pc_d=000001c8 fetch_pc=000001cc mem_direct=0150a223
[C] cyc=171 CDB tag=9 val=012341a4
[R] cyc=171 COMMIT op=31 pc=0000017c
[D] cyc=172 dispatch op=8 pc=000001ac tag=11 raw_iq_imm=fffffffc rs1=3
[F] cyc=173 fetch raw=01234b17 pc_d=000001cc fetch_pc=000001d0 mem_direct=01234b17
[C] cyc=173 CDB tag=10 val=000001a8
[D] cyc=174 dispatch op=1 pc=000001b0 tag=12 raw_iq_imm=00000000 rs1=20
[D] cyc=175 dispatch op=15 pc=000001b4 tag=13 raw_iq_imm=00000000 rs1=1
[F] cyc=175 fetch raw=00000197 pc_d=000001d0 fetch_pc=000001d4 mem_direct=00000197
[C] cyc=175 CDB tag=0 val=00000178
[D] cyc=176 dispatch op=31 pc=000001b8 tag=14 raw_iq_imm=80000000 rs1=0
[F] cyc=176 fetch raw=ffc18193 pc_d=000001d4 fetch_pc=000001d8 mem_direct=ffc18193
[R] cyc=176 COMMIT op=8 pc=00000180
[F] cyc=177 fetch raw=403b0b33 pc_d=000001d8 fetch_pc=000001dc mem_direct=403b0b33
[C] cyc=177 CDB tag=11 val=000001a4
[D] cyc=178 dispatch op=31 pc=000001bc tag=15 raw_iq_imm=00000000 rs1=0
[F] cyc=179 fetch raw=0160a423 pc_d=000001dc fetch_pc=000001e0 mem_direct=0160a423
[C] cyc=179 CDB tag=1 val=007ff000
[D] cyc=180 dispatch op=8 pc=000001c0 tag=0 raw_iq_imm=fffffffc rs1=3
[C] cyc=180 CDB tag=2 val=00000000
[R] cyc=180 COMMIT op=1 pc=00000184
[F] cyc=181 fetch raw=fffffb97 pc_d=000001e0 fetch_pc=000001e4 mem_direct=fffffb97
[C] cyc=181 CDB tag=15 val=000001bc
[R] cyc=181 COMMIT op=15 pc=00000188
[D] cyc=182 dispatch op=1 pc=000001c4 tag=1 raw_iq_imm=00000000 rs1=21
[R] cyc=182 COMMIT op=31 pc=0000018c
[D] cyc=183 dispatch op=15 pc=000001c8 tag=2 raw_iq_imm=00000004 rs1=1
[F] cyc=183 fetch raw=00000197 pc_d=000001e4 fetch_pc=000001e8 mem_direct=00000197
[C] cyc=183 CDB tag=14 val=800001b8
[D] cyc=184 dispatch op=31 pc=000001cc tag=3 raw_iq_imm=01234000 rs1=0
[F] cyc=184 fetch raw=ffc18193 pc_d=000001e8 fetch_pc=000001ec mem_direct=ffc18193
[F] cyc=185 fetch raw=403b8bb3 pc_d=000001ec fetch_pc=000001f0 mem_direct=403b8bb3
[C] cyc=185 CDB tag=0 val=000001b8
[C] cyc=187 CDB tag=3 val=012341cc
[C] cyc=189 CDB tag=1 val=80000000
[C] cyc=190 CDB tag=2 val=00000000
[C] cyc=191 CDB tag=12 val=01234000
[C] cyc=192 CDB tag=13 val=00000000
[C] cyc=193 CDB tag=4 val=00000190
[R] cyc=194 COMMIT op=31 pc=00000190
[D] cyc=195 dispatch op=31 pc=000001d0 tag=4 raw_iq_imm=00000000 rs1=0
[F] cyc=196 fetch raw=0170a623 pc_d=000001f0 fetch_pc=000001f4 mem_direct=0170a623
[C] cyc=196 CDB tag=5 val=0000018c
[R] cyc=197 COMMIT op=8 pc=00000194
[D] cyc=198 dispatch op=8 pc=000001d4 tag=5 raw_iq_imm=fffffffc rs1=3
[C] cyc=198 CDB tag=4 val=000001d0
[F] cyc=199 fetch raw=00001c17 pc_d=000001f4 fetch_pc=000001f8 mem_direct=00001c17
[C] cyc=200 CDB tag=6 val=00001000
[C] cyc=201 CDB tag=7 val=00000000
[R] cyc=201 COMMIT op=1 pc=00000198
[D] cyc=202 dispatch op=1 pc=000001d8 tag=6 raw_iq_imm=00000000 rs1=22
[C] cyc=202 CDB tag=5 val=000001cc
[R] cyc=202 COMMIT op=15 pc=0000019c
[D] cyc=203 dispatch op=15 pc=000001dc tag=7 raw_iq_imm=00000008 rs1=1
[F] cyc=203 fetch raw=00000197 pc_d=000001f8 fetch_pc=000001fc mem_direct=00000197
[R] cyc=203 COMMIT op=8 pc=000001a0
[D] cyc=204 dispatch op=31 pc=000001e0 tag=8 raw_iq_imm=fffff000 rs1=0
[F] cyc=204 fetch raw=ffc18193 pc_d=000001fc fetch_pc=00000200 mem_direct=ffc18193
[R] cyc=204 COMMIT op=31 pc=000001a4
[D] cyc=205 dispatch op=31 pc=000001e4 tag=9 raw_iq_imm=00000000 rs1=0
[F] cyc=205 fetch raw=403c0c33 pc_d=00000200 fetch_pc=00000204 mem_direct=403c0c33
[C] cyc=205 CDB tag=6 val=01234000
[R] cyc=205 COMMIT op=31 pc=000001a8
[D] cyc=206 dispatch op=8 pc=000001e8 tag=10 raw_iq_imm=fffffffc rs1=3
[F] cyc=206 fetch raw=0180a823 pc_d=00000204 fetch_pc=00000208 mem_direct=0180a823
[C] cyc=206 CDB tag=7 val=00000000
[R] cyc=206 COMMIT op=8 pc=000001ac
[D] cyc=207 dispatch op=1 pc=000001ec tag=11 raw_iq_imm=00000000 rs1=23
[F] cyc=207 fetch raw=30400093 pc_d=00000208 fetch_pc=0000020c mem_direct=30400093
[C] cyc=207 CDB tag=8 val=fffff1e0
[R] cyc=207 COMMIT op=1 pc=000001b0
[D] cyc=208 dispatch op=15 pc=000001f0 tag=12 raw_iq_imm=0000000c rs1=1
[F] cyc=208 fetch raw=7ffffc97 pc_d=0000020c fetch_pc=00000210 mem_direct=7ffffc97
[R] cyc=208 COMMIT op=15 pc=000001b4
[D] cyc=209 dispatch op=31 pc=000001f4 tag=13 raw_iq_imm=00001000 rs1=0
[F] cyc=209 fetch raw=00000417 pc_d=00000210 fetch_pc=00000214 mem_direct=00000417
[C] cyc=209 CDB tag=9 val=000001e4
[R] cyc=209 COMMIT op=31 pc=000001b8
[D] cyc=210 dispatch op=31 pc=000001f8 tag=14 raw_iq_imm=00000000 rs1=0
[F] cyc=210 fetch raw=ffc40413 pc_d=00000214 fetch_pc=00000218 mem_direct=ffc40413
[R] cyc=210 COMMIT op=31 pc=000001bc
[D] cyc=211 dispatch op=8 pc=000001fc tag=15 raw_iq_imm=fffffffc rs1=3
[F] cyc=211 fetch raw=408c8cb3 pc_d=00000218 fetch_pc=0000021c mem_direct=408c8cb3
[R] cyc=211 COMMIT op=8 pc=000001c0
[D] cyc=212 dispatch op=1 pc=00000200 tag=0 raw_iq_imm=00000000 rs1=24
[F] cyc=212 fetch raw=0190a023 pc_d=0000021c fetch_pc=00000220 mem_direct=0190a023
[C] cyc=212 CDB tag=10 val=000001e0
[R] cyc=212 COMMIT op=1 pc=000001c4
[D] cyc=213 dispatch op=15 pc=00000204 tag=1 raw_iq_imm=00000010 rs1=1
[F] cyc=213 fetch raw=54321d17 pc_d=00000220 fetch_pc=00000224 mem_direct=54321d17
[R] cyc=213 COMMIT op=15 pc=000001c8
[D] cyc=214 dispatch op=8 pc=00000208 tag=2 raw_iq_imm=00000304 rs1=0
[F] cyc=214 fetch raw=00000417 pc_d=00000224 fetch_pc=00000228 mem_direct=00000417
[C] cyc=214 CDB tag=13 val=000011f4
[R] cyc=214 COMMIT op=31 pc=000001cc
[D] cyc=215 dispatch op=31 pc=0000020c tag=3 raw_iq_imm=7ffff000 rs1=0
[F] cyc=215 fetch raw=ffc40413 pc_d=00000228 fetch_pc=0000022c mem_direct=ffc40413
[R] cyc=215 COMMIT op=31 pc=000001d0
[D] cyc=216 dispatch op=31 pc=00000210 tag=4 raw_iq_imm=00000000 rs1=0
[F] cyc=216 fetch raw=408d0d33 pc_d=0000022c fetch_pc=00000230 mem_direct=408d0d33
[C] cyc=216 CDB tag=11 val=fffff000
[R] cyc=216 COMMIT op=8 pc=000001d4
[D] cyc=217 dispatch op=8 pc=00000214 tag=5 raw_iq_imm=fffffffc rs1=8
[F] cyc=217 fetch raw=01a0a223 pc_d=00000230 fetch_pc=00000234 mem_direct=01a0a223
[C] cyc=217 CDB tag=12 val=00000000
[R] cyc=217 COMMIT op=1 pc=000001d8
[F] cyc=218 fetch raw=00800d97 pc_d=00000234 fetch_pc=00000238 mem_direct=00800d97
[C] cyc=218 CDB tag=2 val=00000304
[R] cyc=218 COMMIT op=15 pc=000001dc
[D] cyc=219 dispatch op=1 pc=00000218 tag=6 raw_iq_imm=00000000 rs1=25
[R] cyc=219 COMMIT op=31 pc=000001e0
[D] cyc=220 dispatch op=15 pc=0000021c tag=7 raw_iq_imm=00000000 rs1=1
[F] cyc=220 fetch raw=00000417 pc_d=00000238 fetch_pc=0000023c mem_direct=00000417
[C] cyc=220 CDB tag=3 val=7ffff20c
[R] cyc=220 COMMIT op=31 pc=000001e4
[D] cyc=221 dispatch op=31 pc=00000220 tag=8 raw_iq_imm=54321000 rs1=0
[F] cyc=221 fetch raw=ffc40413 pc_d=0000023c fetch_pc=00000240 mem_direct=ffc40413
[R] cyc=221 COMMIT op=8 pc=000001e8
[F] cyc=222 fetch raw=408d8db3 pc_d=00000240 fetch_pc=00000244 mem_direct=408d8db3
[C] cyc=222 CDB tag=14 val=000001f8
[R] cyc=222 COMMIT op=1 pc=000001ec
[D] cyc=223 dispatch op=31 pc=00000224 tag=9 raw_iq_imm=00000000 rs1=0
[R] cyc=223 COMMIT op=15 pc=000001f0
[F] cyc=224 fetch raw=01b0a423 pc_d=00000244 fetch_pc=00000248 mem_direct=01b0a423
[C] cyc=224 CDB tag=8 val=54321220
[R] cyc=224 COMMIT op=31 pc=000001f4
[D] cyc=225 dispatch op=8 pc=00000228 tag=10 raw_iq_imm=fffffffc rs1=8
[R] cyc=225 COMMIT op=31 pc=000001f8
[F] cyc=226 fetch raw=00000e17 pc_d=00000248 fetch_pc=0000024c mem_direct=00000e17
[C] cyc=226 CDB tag=15 val=000001f4
[D] cyc=227 dispatch op=1 pc=0000022c tag=11 raw_iq_imm=00000000 rs1=26
[R] cyc=227 COMMIT op=8 pc=000001fc
[D] cyc=228 dispatch op=15 pc=00000230 tag=12 raw_iq_imm=00000004 rs1=1
[F] cyc=228 fetch raw=00000417 pc_d=0000024c fetch_pc=00000250 mem_direct=00000417
[C] cyc=228 CDB tag=9 val=00000224
[D] cyc=229 dispatch op=31 pc=00000234 tag=13 raw_iq_imm=00800000 rs1=0
[F] cyc=229 fetch raw=ffc40413 pc_d=00000250 fetch_pc=00000254 mem_direct=ffc40413
[F] cyc=230 fetch raw=408e0e33 pc_d=00000254 fetch_pc=00000258 mem_direct=408e0e33
[C] cyc=230 CDB tag=0 val=00001000
[D] cyc=231 dispatch op=31 pc=00000238 tag=14 raw_iq_imm=00000000 rs1=0
[C] cyc=231 CDB tag=1 val=00000000
[R] cyc=231 COMMIT op=1 pc=00000200
[F] cyc=232 fetch raw=01c0a623 pc_d=00000258 fetch_pc=0000025c mem_direct=01c0a623
[C] cyc=232 CDB tag=10 val=00000220
[R] cyc=232 COMMIT op=15 pc=00000204
[D] cyc=233 dispatch op=8 pc=0000023c tag=15 raw_iq_imm=fffffffc rs1=8
[R] cyc=233 COMMIT op=8 pc=00000208
[F] cyc=234 fetch raw=007ffe97 pc_d=0000025c fetch_pc=00000260 mem_direct=007ffe97
[C] cyc=234 CDB tag=14 val=00000238
[R] cyc=234 COMMIT op=31 pc=0000020c
[D] cyc=235 dispatch op=1 pc=00000240 tag=0 raw_iq_imm=00000000 rs1=27
[D] cyc=236 dispatch op=15 pc=00000244 tag=1 raw_iq_imm=00000008 rs1=1
[F] cyc=236 fetch raw=00000417 pc_d=00000260 fetch_pc=00000264 mem_direct=00000417
[C] cyc=236 CDB tag=11 val=54321000
[D] cyc=237 dispatch op=31 pc=00000248 tag=2 raw_iq_imm=00000000 rs1=0
[F] cyc=237 fetch raw=ffc40413 pc_d=00000264 fetch_pc=00000268 mem_direct=ffc40413
[C] cyc=237 CDB tag=12 val=00000000
[F] cyc=238 fetch raw=408e8eb3 pc_d=00000268 fetch_pc=0000026c mem_direct=408e8eb3
[C] cyc=238 CDB tag=15 val=00000234
[D] cyc=239 dispatch op=31 pc=0000024c tag=3 raw_iq_imm=00000000 rs1=0
[F] cyc=240 fetch raw=01d0a823 pc_d=0000026c fetch_pc=00000270 mem_direct=01d0a823
[C] cyc=240 CDB tag=2 val=00000248
[C] cyc=242 CDB tag=3 val=0000024c
[C] cyc=244 CDB tag=13 val=00800234
[C] cyc=246 CDB tag=4 val=00000210
[R] cyc=247 COMMIT op=31 pc=00000210
[D] cyc=248 dispatch op=8 pc=00000250 tag=4 raw_iq_imm=fffffffc rs1=8
[C] cyc=248 CDB tag=0 val=00800000
[F] cyc=249 fetch raw=31800113 pc_d=00000270 fetch_pc=00000274 mem_direct=31800113
[C] cyc=249 CDB tag=1 val=00000000
[C] cyc=250 CDB tag=5 val=0000020c
[R] cyc=251 COMMIT op=8 pc=00000214
[D] cyc=252 dispatch op=1 pc=00000254 tag=5 raw_iq_imm=00000000 rs1=28
[C] cyc=252 CDB tag=4 val=00000248
[F] cyc=253 fetch raw=00000f17 pc_d=00000274 fetch_pc=00000278 mem_direct=00000f17
[C] cyc=254 CDB tag=6 val=7ffff000
[C] cyc=255 CDB tag=7 val=00000000
[R] cyc=255 COMMIT op=1 pc=00000218
[D] cyc=256 dispatch op=15 pc=00000258 tag=6 raw_iq_imm=0000000c rs1=1
[C] cyc=256 CDB tag=5 val=00000000
[R] cyc=256 COMMIT op=15 pc=0000021c
[D] cyc=257 dispatch op=31 pc=0000025c tag=7 raw_iq_imm=007ff000 rs1=0
[F] cyc=257 fetch raw=00000217 pc_d=00000278 fetch_pc=0000027c mem_direct=00000217
[C] cyc=257 CDB tag=6 val=00000000
[R] cyc=257 COMMIT op=31 pc=00000220
[D] cyc=258 dispatch op=31 pc=00000260 tag=8 raw_iq_imm=00000000 rs1=0
[F] cyc=258 fetch raw=ffc20213 pc_d=0000027c fetch_pc=00000280 mem_direct=ffc20213
[R] cyc=258 COMMIT op=31 pc=00000224
[D] cyc=259 dispatch op=8 pc=00000264 tag=9 raw_iq_imm=fffffffc rs1=8
[F] cyc=259 fetch raw=404f0f33 pc_d=00000280 fetch_pc=00000284 mem_direct=404f0f33
[R] cyc=259 COMMIT op=8 pc=00000228
[D] cyc=260 dispatch op=1 pc=00000268 tag=10 raw_iq_imm=00000000 rs1=29
[F] cyc=260 fetch raw=01e12023 pc_d=00000284 fetch_pc=00000288 mem_direct=01e12023
[C] cyc=260 CDB tag=7 val=007ff25c
[R] cyc=260 COMMIT op=1 pc=0000022c
[D] cyc=261 dispatch op=15 pc=0000026c tag=11 raw_iq_imm=00000010 rs1=1
[F] cyc=261 fetch raw=00001f97 pc_d=00000288 fetch_pc=0000028c mem_direct=00001f97
[R] cyc=261 COMMIT op=15 pc=00000230
[D] cyc=262 dispatch op=8 pc=00000270 tag=12 raw_iq_imm=00000318 rs1=0
[F] cyc=262 fetch raw=00000217 pc_d=0000028c fetch_pc=00000290 mem_direct=00000217
[C] cyc=262 CDB tag=8 val=00000260
[R] cyc=262 COMMIT op=31 pc=00000234
[D] cyc=263 dispatch op=31 pc=00000274 tag=13 raw_iq_imm=00000000 rs1=0
[F] cyc=263 fetch raw=ffc20213 pc_d=00000290 fetch_pc=00000294 mem_direct=ffc20213
[R] cyc=263 COMMIT op=31 pc=00000238
[D] cyc=264 dispatch op=31 pc=00000278 tag=14 raw_iq_imm=00000000 rs1=0
[F] cyc=264 fetch raw=404f8fb3 pc_d=00000294 fetch_pc=00000298 mem_direct=404f8fb3
[R] cyc=264 COMMIT op=8 pc=0000023c
[D] cyc=265 dispatch op=8 pc=0000027c tag=15 raw_iq_imm=fffffffc rs1=4
[F] cyc=265 fetch raw=01f12223 pc_d=00000298 fetch_pc=0000029c mem_direct=01f12223
[C] cyc=265 CDB tag=9 val=0000025c
[R] cyc=265 COMMIT op=1 pc=00000240
[D] cyc=266 dispatch op=1 pc=00000280 tag=0 raw_iq_imm=00000000 rs1=30
[F] cyc=266 fetch raw=00000073 pc_d=0000029c fetch_pc=000002a0 mem_direct=00000073
[R] cyc=266 COMMIT op=15 pc=00000244
[D] cyc=267 dispatch op=15 pc=00000284 tag=1 raw_iq_imm=00000000 rs1=2
[F] cyc=267 fetch raw=ffffffff pc_d=000002a0 fetch_pc=000002a4 mem_direct=ffffffff
[C] cyc=267 CDB tag=14 val=00000278
[R] cyc=267 COMMIT op=31 pc=00000248
[D] cyc=268 dispatch op=31 pc=00000288 tag=2 raw_iq_imm=00001000 rs1=0
[F] cyc=268 fetch raw=ffffffff pc_d=000002a4 fetch_pc=000002a8 mem_direct=ffffffff
[R] cyc=268 COMMIT op=31 pc=0000024c
[D] cyc=269 dispatch op=31 pc=0000028c tag=3 raw_iq_imm=00000000 rs1=0
[F] cyc=269 fetch raw=ffffffff pc_d=000002a8 fetch_pc=000002ac mem_direct=ffffffff
[C] cyc=269 CDB tag=12 val=00000318
[R] cyc=269 COMMIT op=8 pc=00000250
[D] cyc=270 dispatch op=8 pc=00000290 tag=4 raw_iq_imm=fffffffc rs1=4
[F] cyc=270 fetch raw=ffffffff pc_d=000002ac fetch_pc=000002b0 mem_direct=ffffffff
[R] cyc=270 COMMIT op=1 pc=00000254
[F] cyc=271 fetch raw=ffffffff pc_d=000002b0 fetch_pc=000002b4 mem_direct=ffffffff
[C] cyc=271 CDB tag=2 val=00001288
[R] cyc=271 COMMIT op=15 pc=00000258
[D] cyc=272 dispatch op=1 pc=00000294 tag=5 raw_iq_imm=00000000 rs1=31
[R] cyc=272 COMMIT op=31 pc=0000025c
[D] cyc=273 dispatch op=15 pc=00000298 tag=6 raw_iq_imm=00000004 rs1=2
[F] cyc=273 fetch raw=ffffffff pc_d=000002b4 fetch_pc=000002b8 mem_direct=ffffffff
[C] cyc=273 CDB tag=10 val=007ff000
[R] cyc=273 COMMIT op=31 pc=00000260
[D] cyc=274 dispatch op=63 pc=0000029c tag=7 raw_iq_imm=00000000 rs1=0
[F] cyc=274 fetch raw=ffffffff pc_d=000002b8 fetch_pc=000002bc mem_direct=ffffffff
[C] cyc=274 CDB tag=11 val=00000000
[R] cyc=274 COMMIT op=8 pc=00000264
[F] cyc=275 fetch raw=ffffffff pc_d=000002bc fetch_pc=000002c0 mem_direct=ffffffff
[C] cyc=275 CDB tag=13 val=00000274
[R] cyc=275 COMMIT op=1 pc=00000268
[D] cyc=276 dispatch op=62 pc=000002a0 tag=8 raw_iq_imm=00000000 rs1=0
[R] cyc=276 COMMIT op=15 pc=0000026c
[F] cyc=277 fetch raw=ffffffff pc_d=000002c0 fetch_pc=000002c4 mem_direct=ffffffff
[C] cyc=277 CDB tag=7 val=00000000
[R] cyc=277 COMMIT op=8 pc=00000270
[D] cyc=278 dispatch op=62 pc=000002a4 tag=9 raw_iq_imm=00000000 rs1=0
[R] cyc=278 COMMIT op=31 pc=00000274
[F] cyc=279 fetch raw=ffffffff pc_d=000002c4 fetch_pc=000002c8 mem_direct=ffffffff
[C] cyc=279 CDB tag=8 val=00000000
[R] cyc=279 COMMIT op=31 pc=00000278
[D] cyc=280 dispatch op=62 pc=000002a8 tag=10 raw_iq_imm=00000000 rs1=0
[F] cyc=281 fetch raw=ffffffff pc_d=000002c8 fetch_pc=000002cc mem_direct=ffffffff
[C] cyc=281 CDB tag=9 val=00000000
[D] cyc=282 dispatch op=62 pc=000002ac tag=11 raw_iq_imm=00000000 rs1=0
[F] cyc=283 fetch raw=ffffffff pc_d=000002cc fetch_pc=000002d0 mem_direct=ffffffff
[C] cyc=283 CDB tag=10 val=00000000
[D] cyc=284 dispatch op=62 pc=000002b0 tag=12 raw_iq_imm=00000000 rs1=0
[F] cyc=285 fetch raw=ffffffff pc_d=000002d0 fetch_pc=000002d4 mem_direct=ffffffff
[C] cyc=285 CDB tag=11 val=00000000
[D] cyc=286 dispatch op=62 pc=000002b4 tag=13 raw_iq_imm=00000000 rs1=0
[F] cyc=287 fetch raw=ffffffff pc_d=000002d4 fetch_pc=000002d8 mem_direct=ffffffff
[C] cyc=287 CDB tag=12 val=00000000
[D] cyc=288 dispatch op=62 pc=000002b8 tag=14 raw_iq_imm=00000000 rs1=0
[F] cyc=289 fetch raw=ffffffff pc_d=000002d8 fetch_pc=000002dc mem_direct=ffffffff
[C] cyc=289 CDB tag=13 val=00000000
[C] cyc=291 CDB tag=14 val=00000000
[C] cyc=293 CDB tag=15 val=00000274
[R] cyc=294 COMMIT op=8 pc=0000027c
[D] cyc=295 dispatch op=62 pc=000002bc tag=15 raw_iq_imm=00000000 rs1=0
[C] cyc=295 CDB tag=3 val=0000028c
[F] cyc=296 fetch raw=ffffffff pc_d=000002dc fetch_pc=000002e0 mem_direct=ffffffff
[C] cyc=297 CDB tag=0 val=00000000
[C] cyc=298 CDB tag=1 val=00000000
[R] cyc=298 COMMIT op=1 pc=00000280
[D] cyc=299 dispatch op=62 pc=000002c0 tag=0 raw_iq_imm=00000000 rs1=0
[C] cyc=299 CDB tag=4 val=00000288
[R] cyc=299 COMMIT op=15 pc=00000284
[D] cyc=300 dispatch op=62 pc=000002c4 tag=1 raw_iq_imm=00000000 rs1=0
[F] cyc=300 fetch raw=ffffffff pc_d=000002e0 fetch_pc=000002e4 mem_direct=ffffffff
[R] cyc=300 COMMIT op=31 pc=00000288
[D] cyc=301 dispatch op=62 pc=000002c8 tag=2 raw_iq_imm=00000000 rs1=0
[F] cyc=301 fetch raw=ffffffff pc_d=000002e4 fetch_pc=000002e8 mem_direct=ffffffff
[C] cyc=301 CDB tag=15 val=00000000
[R] cyc=301 COMMIT op=31 pc=0000028c
[D] cyc=302 dispatch op=62 pc=000002cc tag=3 raw_iq_imm=00000000 rs1=0
[F] cyc=302 fetch raw=ffffffff pc_d=000002e8 fetch_pc=000002ec mem_direct=ffffffff
[R] cyc=302 COMMIT op=8 pc=00000290
[D] cyc=303 dispatch op=62 pc=000002d0 tag=4 raw_iq_imm=00000000 rs1=0
[F] cyc=303 fetch raw=ffffffff pc_d=000002ec fetch_pc=000002f0 mem_direct=ffffffff
[C] cyc=303 CDB tag=0 val=00000000
[F] cyc=304 fetch raw=ffffffff pc_d=000002f0 fetch_pc=000002f4 mem_direct=ffffffff
[C] cyc=305 CDB tag=3 val=00000000
[C] cyc=307 CDB tag=1 val=00000000
[C] cyc=309 CDB tag=5 val=00001000
[C] cyc=310 CDB tag=6 val=00000000
[R] cyc=310 COMMIT op=1 pc=00000294
[D] cyc=311 dispatch op=62 pc=000002d4 tag=5 raw_iq_imm=00000000 rs1=0
[C] cyc=311 CDB tag=2 val=00000000
[R] cyc=311 COMMIT op=15 pc=00000298
[D] cyc=312 dispatch op=62 pc=000002d8 tag=6 raw_iq_imm=00000000 rs1=0
[F] cyc=312 fetch raw=ffffffff pc_d=000002f4 fetch_pc=000002f8 mem_direct=ffffffff
[R] cyc=312 COMMIT op=63 pc=0000029c
[D] cyc=313 dispatch op=62 pc=000002dc tag=7 raw_iq_imm=00000000 rs1=0
[F] cyc=313 fetch raw=ffffffff pc_d=000002f8 fetch_pc=000002fc mem_direct=ffffffff
[C] cyc=313 CDB tag=4 val=00000000
[R] cyc=313 COMMIT op=62 pc=000002a0
sim_compliance.sv:159: $finish called at 3365 (1s)
