../../../hardware/execute/fp_ops/fp_round.sv:47: sorry: constant selects in always_* processes are not fully supported (the process will be sensitive to all bits in 'mant_i[22:0]').
../../../hardware/execute/fp_ops/fp_round.sv:65: sorry: constant selects in always_* processes are not fully supported (the process will be sensitive to all bits in 'mant_inc[23:0]').
../../../hardware/execute/fp_ops/fp_round.sv:70: sorry: constant selects in always_* processes are not fully supported (the process will be sensitive to all bits in 'exp_out[8:0]').
../../../hardware/execute/fp_ops/fp_round.sv:75: sorry: constant selects in always_* processes are not fully supported (the process will be sensitive to all bits in 'exp_out[8:0]').
../../../hardware/execute/fp_ops/fp_round.sv:75: sorry: constant selects in always_* processes are not fully supported (the process will be sensitive to all bits in 'mant_inc[23:0]').
:0: sorry: constant selects in always_* processes are not fully supported (the process will be sensitive to all bits in 'head_entry_w[112:0]').
:0: sorry: constant selects in always_* processes are not fully supported (the process will be sensitive to all bits in 'lookup1_entry_w[112:0]').
:0: sorry: constant selects in always_* processes are not fully supported (the process will be sensitive to all bits in 'lookup1_entry_w[112:0]').
:0: sorry: constant selects in always_* processes are not fully supported (the process will be sensitive to all bits in 'lookup2_entry_w[112:0]').
:0: sorry: constant selects in always_* processes are not fully supported (the process will be sensitive to all bits in 'lookup2_entry_w[112:0]').
:0: sorry: constant selects in always_* processes are not fully supported (the process will be sensitive to all bits in 'iq_instr_i[88:0]').
:0: sorry: constant selects in always_* processes are not fully supported (the process will be sensitive to all bits in 'iq_instr_i[88:0]').
:0: sorry: constant selects in always_* processes are not fully supported (the process will be sensitive to all bits in 'iq_instr_i[88:0]').
:0: sorry: constant selects in always_* processes are not fully supported (the process will be sensitive to all bits in 'iq_instr_i[88:0]').
:0: sorry: constant selects in always_* processes are not fully supported (the process will be sensitive to all bits in 'iq_instr_i[88:0]').
:0: sorry: constant selects in always_* processes are not fully supported (the process will be sensitive to all bits in 'cdb_i[36:0]').
:0: sorry: constant selects in always_* processes are not fully supported (the process will be sensitive to all bits in 'cdb_i[36:0]').
:0: sorry: constant selects in always_* processes are not fully supported (the process will be sensitive to all bits in 'cdb_i[36:0]').
:0: sorry: constant selects in always_* processes are not fully supported (the process will be sensitive to all bits in 'cdb_i[36:0]').
:0: sorry: constant selects in always_* processes are not fully supported (the process will be sensitive to all bits in 'cdb_i[36:0]').
:0: sorry: constant selects in always_* processes are not fully supported (the process will be sensitive to all bits in 'cdb_i[36:0]').
:0: sorry: constant selects in always_* processes are not fully supported (the process will be sensitive to all bits in 'iq_instr_i[88:0]').
:0: sorry: constant selects in always_* processes are not fully supported (the process will be sensitive to all bits in 'cdb_i[36:0]').
:0: sorry: constant selects in always_* processes are not fully supported (the process will be sensitive to all bits in 'cdb_i[36:0]').
:0: sorry: constant selects in always_* processes are not fully supported (the process will be sensitive to all bits in 'cdb_i[36:0]').
:0: sorry: constant selects in always_* processes are not fully supported (the process will be sensitive to all bits in 'cdb_i[36:0]').
:0: sorry: constant selects in always_* processes are not fully supported (the process will be sensitive to all bits in 'cdb_i[36:0]').
:0: sorry: constant selects in always_* processes are not fully supported (the process will be sensitive to all bits in 'cdb_i[36:0]').
:0: sorry: constant selects in always_* processes are not fully supported (the process will be sensitive to all bits in 'iq_instr_i[88:0]').
:0: sorry: constant selects in always_* processes are not fully supported (the process will be sensitive to all bits in 'iq_instr_i[88:0]').
:0: sorry: constant selects in always_* processes are not fully supported (the process will be sensitive to all bits in 'iq_instr_i[88:0]').
:0: sorry: constant selects in always_* processes are not fully supported (the process will be sensitive to all bits in 'iq_instr_i[88:0]').
:0: sorry: constant selects in always_* processes are not fully supported (the process will be sensitive to all bits in 'iq_instr_i[88:0]').
:0: sorry: constant selects in always_* processes are not fully supported (the process will be sensitive to all bits in 'iq_instr_i[88:0]').
:0: sorry: constant selects in always_* processes are not fully supported (the process will be sensitive to all bits in 'iq_instr_i[88:0]').
:0: sorry: constant selects in always_* processes are not fully supported (the process will be sensitive to all bits in 'iq_instr_i[88:0]').
../../../hardware/execute/int_ops/alu_unit.sv:50: sorry: constant selects in always_* processes are not fully supported (the process will be sensitive to all bits in 'rs2_i[31:0]').
../../../hardware/execute/int_ops/alu_unit.sv:51: sorry: constant selects in always_* processes are not fully supported (the process will be sensitive to all bits in 'rs2_i[31:0]').
../../../hardware/execute/int_ops/alu_unit.sv:52: sorry: constant selects in always_* processes are not fully supported (the process will be sensitive to all bits in 'rs2_i[31:0]').
../../../hardware/execute/int_ops/alu_unit.sv:60: sorry: constant selects in always_* processes are not fully supported (the process will be sensitive to all bits in 'imm_i[31:0]').
../../../hardware/execute/int_ops/alu_unit.sv:61: sorry: constant selects in always_* processes are not fully supported (the process will be sensitive to all bits in 'imm_i[31:0]').
../../../hardware/execute/int_ops/alu_unit.sv:62: sorry: constant selects in always_* processes are not fully supported (the process will be sensitive to all bits in 'imm_i[31:0]').
../../../hardware/execute/fp_ops/fp_add.sv:60: sorry: constant selects in always_* processes are not fully supported (the process will be sensitive to all bits in 'a[31:0]').
../../../hardware/execute/fp_ops/fp_add.sv:60: sorry: constant selects in always_* processes are not fully supported (the process will be sensitive to all bits in 'a[31:0]').
../../../hardware/execute/fp_ops/fp_add.sv:60: sorry: constant selects in always_* processes are not fully supported (the process will be sensitive to all bits in 'a[31:0]').
../../../hardware/execute/fp_ops/fp_add.sv:61: sorry: constant selects in always_* processes are not fully supported (the process will be sensitive to all bits in 'b[31:0]').
../../../hardware/execute/fp_ops/fp_add.sv:62: sorry: constant selects in always_* processes are not fully supported (the process will be sensitive to all bits in 'b[31:0]').
../../../hardware/execute/fp_ops/fp_add.sv:62: sorry: constant selects in always_* processes are not fully supported (the process will be sensitive to all bits in 'b[31:0]').
../../../hardware/execute/fp_ops/fp_add.sv:67: sorry: constant selects in always_* processes are not fully supported (the process will be sensitive to all bits in 'b[31:0]').
../../../hardware/execute/fp_ops/fp_add.sv:80: sorry: constant selects in always_* processes are not fully supported (the process will be sensitive to all bits in 'ediff[7:0]').
../../../hardware/execute/fp_ops/fp_add.sv:97: sorry: constant selects in always_* processes are not fully supported (the process will be sensitive to all bits in 's[26:0]').
../../../hardware/execute/fp_ops/fp_add.sv:100: sorry: constant selects in always_* processes are not fully supported (the process will be sensitive to all bits in 's[26:0]').
../../../hardware/execute/fp_ops/fp_add.sv:108: sorry: constant selects in always_* processes are not fully supported (the process will be sensitive to all bits in 's[26:0]').
../../../hardware/execute/fp_ops/fp_add.sv:108: sorry: constant selects in always_* processes are not fully supported (the process will be sensitive to all bits in 'sh[7:0]').
../../../hardware/execute/fp_ops/fp_add.sv:112: sorry: constant selects in always_* processes are not fully supported (the process will be sensitive to all bits in 'norm[25:0]').
../../../hardware/execute/fp_ops/fp_mul.sv:74: sorry: constant selects in always_* processes are not fully supported (the process will be sensitive to all bits in 'rs1_i[31:0]').
../../../hardware/execute/fp_ops/fp_mul.sv:74: sorry: constant selects in always_* processes are not fully supported (the process will be sensitive to all bits in 'rs1_i[31:0]').
../../../hardware/execute/fp_ops/fp_mul.sv:75: sorry: constant selects in always_* processes are not fully supported (the process will be sensitive to all bits in 'rs2_i[31:0]').
../../../hardware/execute/fp_ops/fp_mul.sv:75: sorry: constant selects in always_* processes are not fully supported (the process will be sensitive to all bits in 'rs2_i[31:0]').
../../../hardware/execute/fp_ops/fp_mul.sv:77: sorry: constant selects in always_* processes are not fully supported (the process will be sensitive to all bits in 'rs1_i[31:0]').
../../../hardware/execute/fp_ops/fp_mul.sv:77: sorry: constant selects in always_* processes are not fully supported (the process will be sensitive to all bits in 'rs2_i[31:0]').
../../../hardware/execute/fp_ops/fp_mul.sv:82: sorry: constant selects in always_* processes are not fully supported (the process will be sensitive to all bits in 'ma[23:0]').
../../../hardware/execute/fp_ops/fp_mul.sv:82: sorry: constant selects in always_* processes are not fully supported (the process will be sensitive to all bits in 'mb[23:0]').
../../../hardware/execute/fp_ops/fp_mul.sv:83: sorry: constant selects in always_* processes are not fully supported (the process will be sensitive to all bits in 'ma[23:0]').
../../../hardware/execute/fp_ops/fp_mul.sv:83: sorry: constant selects in always_* processes are not fully supported (the process will be sensitive to all bits in 'mb[23:0]').
../../../hardware/execute/fp_ops/fp_mul.sv:84: sorry: constant selects in always_* processes are not fully supported (the process will be sensitive to all bits in 'ma[23:0]').
../../../hardware/execute/fp_ops/fp_mul.sv:84: sorry: constant selects in always_* processes are not fully supported (the process will be sensitive to all bits in 'mb[23:0]').
../../../hardware/execute/fp_ops/fp_mul.sv:85: sorry: constant selects in always_* processes are not fully supported (the process will be sensitive to all bits in 'ma[23:0]').
../../../hardware/execute/fp_ops/fp_mul.sv:85: sorry: constant selects in always_* processes are not fully supported (the process will be sensitive to all bits in 'mb[23:0]').
../../../hardware/execute/fp_ops/fp_mul.sv:112: sorry: constant selects in always_* processes are not fully supported (the process will be sensitive to all bits in 's2_product[47:0]').
../../../hardware/execute/fp_ops/fp_mul.sv:114: sorry: constant selects in always_* processes are not fully supported (the process will be sensitive to all bits in 's2_product[47:0]').
../../../hardware/execute/fp_ops/fp_mul.sv:116: sorry: constant selects in always_* processes are not fully supported (the process will be sensitive to all bits in 's2_product[47:0]').
../../../hardware/execute/fp_ops/fp_mul.sv:118: sorry: constant selects in always_* processes are not fully supported (the process will be sensitive to all bits in 'er[9:0]').
../../../hardware/execute/fp_ops/fp_mul.sv:120: sorry: constant selects in always_* processes are not fully supported (the process will be sensitive to all bits in 'er[9:0]').
../../../hardware/execute/fp_ops/fp_div.sv:138: sorry: constant selects in always_* processes are not fully supported (the process will be sensitive to all bits in 's_exp[9:0]').
../../../hardware/execute/fp_ops/fp_div.sv:142: sorry: constant selects in always_* processes are not fully supported (the process will be sensitive to all bits in 's_qreg[23:0]').
../../../hardware/execute/fp_ops/fp_div.sv:143: sorry: constant selects in always_* processes are not fully supported (the process will be sensitive to all bits in 's_exp[9:0]').
../../../hardware/execute/fp_ops/fp_div.sv:143: sorry: constant selects in always_* processes are not fully supported (the process will be sensitive to all bits in 's_qreg[23:0]').
../../../hardware/execute/fp_ops/fp_div.sv:147: sorry: constant selects in always_* processes are not fully supported (the process will be sensitive to all bits in 's_exp[9:0]').
../../../hardware/execute/fp_ops/fp_div.sv:147: sorry: constant selects in always_* processes are not fully supported (the process will be sensitive to all bits in 's_qreg[23:0]').
../../../hardware/execute/fp_ops/fp_div.sv:165: sorry: constant selects in always_* processes are not fully supported (the process will be sensitive to all bits in 'rs1_i[31:0]').
../../../hardware/execute/fp_ops/fp_div.sv:165: sorry: constant selects in always_* processes are not fully supported (the process will be sensitive to all bits in 'rs1_i[31:0]').
../../../hardware/execute/fp_ops/fp_div.sv:166: sorry: constant selects in always_* processes are not fully supported (the process will be sensitive to all bits in 'rs2_i[31:0]').
../../../hardware/execute/fp_ops/fp_div.sv:166: sorry: constant selects in always_* processes are not fully supported (the process will be sensitive to all bits in 'rs2_i[31:0]').
../../../hardware/execute/fp_ops/fp_div.sv:167: sorry: constant selects in always_* processes are not fully supported (the process will be sensitive to all bits in 'rs1_i[31:0]').
../../../hardware/execute/fp_ops/fp_div.sv:167: sorry: constant selects in always_* processes are not fully supported (the process will be sensitive to all bits in 'rs2_i[31:0]').
:0: sorry: constant selects in always_* processes are not fully supported (the process will be sensitive to all bits in 'head_entry_w[147:0]').
../../../hardware/execute/lsb/load_store_buffer.sv:121: sorry: constant selects in always_* processes are not fully supported (the process will be sensitive to all bits in 'head_addr[31:0]').
../../../hardware/execute/lsb/load_store_buffer.sv:122: sorry: constant selects in always_* processes are not fully supported (the process will be sensitive to all bits in 'head_addr[31:0]').
:0: sorry: constant selects in always_* processes are not fully supported (the process will be sensitive to all bits in 'head_entry_w[147:0]').
../../../hardware/execute/lsb/load_store_buffer.sv:131: sorry: constant selects in always_* processes are not fully supported (the process will be sensitive to all bits in 'head_entry_w[147:0]').
../../../hardware/execute/lsb/load_store_buffer.sv:132: sorry: constant selects in always_* processes are not fully supported (the process will be sensitive to all bits in 'head_entry_w[147:0]').
:0: sorry: constant selects in always_* processes are not fully supported (the process will be sensitive to all bits in 'head_entry_w[147:0]').
../../../hardware/execute/lsb/load_store_buffer.sv:143: sorry: constant selects in always_* processes are not fully supported (the process will be sensitive to all bits in 'mem_rd_data_i[31:0]').
../../../hardware/execute/lsb/load_store_buffer.sv:143: sorry: constant selects in always_* processes are not fully supported (the process will be sensitive to all bits in 'mem_rd_data_i[31:0]').
../../../hardware/execute/lsb/load_store_buffer.sv:144: sorry: constant selects in always_* processes are not fully supported (the process will be sensitive to all bits in 'mem_rd_data_i[31:0]').
../../../hardware/execute/lsb/load_store_buffer.sv:144: sorry: constant selects in always_* processes are not fully supported (the process will be sensitive to all bits in 'mem_rd_data_i[31:0]').
../../../hardware/execute/lsb/load_store_buffer.sv:145: sorry: constant selects in always_* processes are not fully supported (the process will be sensitive to all bits in 'mem_rd_data_i[31:0]').
../../../hardware/execute/lsb/load_store_buffer.sv:145: sorry: constant selects in always_* processes are not fully supported (the process will be sensitive to all bits in 'mem_rd_data_i[31:0]').
../../../hardware/execute/lsb/load_store_buffer.sv:146: sorry: constant selects in always_* processes are not fully supported (the process will be sensitive to all bits in 'mem_rd_data_i[31:0]').
../../../hardware/execute/lsb/load_store_buffer.sv:146: sorry: constant selects in always_* processes are not fully supported (the process will be sensitive to all bits in 'mem_rd_data_i[31:0]').
../../../hardware/execute/lsb/load_store_buffer.sv:151: sorry: constant selects in always_* processes are not fully supported (the process will be sensitive to all bits in 'mem_rd_data_i[31:0]').
../../../hardware/execute/lsb/load_store_buffer.sv:152: sorry: constant selects in always_* processes are not fully supported (the process will be sensitive to all bits in 'mem_rd_data_i[31:0]').
../../../hardware/execute/lsb/load_store_buffer.sv:153: sorry: constant selects in always_* processes are not fully supported (the process will be sensitive to all bits in 'mem_rd_data_i[31:0]').
../../../hardware/execute/lsb/load_store_buffer.sv:154: sorry: constant selects in always_* processes are not fully supported (the process will be sensitive to all bits in 'mem_rd_data_i[31:0]').
../../../hardware/execute/lsb/load_store_buffer.sv:157: sorry: constant selects in always_* processes are not fully supported (the process will be sensitive to all bits in 'load_pending_byte_sel[1:0]').
../../../hardware/execute/lsb/load_store_buffer.sv:158: sorry: constant selects in always_* processes are not fully supported (the process will be sensitive to all bits in 'mem_rd_data_i[31:0]').
../../../hardware/execute/lsb/load_store_buffer.sv:158: sorry: constant selects in always_* processes are not fully supported (the process will be sensitive to all bits in 'mem_rd_data_i[31:0]').
../../../hardware/execute/lsb/load_store_buffer.sv:159: sorry: constant selects in always_* processes are not fully supported (the process will be sensitive to all bits in 'mem_rd_data_i[31:0]').
../../../hardware/execute/lsb/load_store_buffer.sv:159: sorry: constant selects in always_* processes are not fully supported (the process will be sensitive to all bits in 'mem_rd_data_i[31:0]').
../../../hardware/execute/lsb/load_store_buffer.sv:160: sorry: constant selects in always_* processes are not fully supported (the process will be sensitive to all bits in 'load_pending_byte_sel[1:0]').
../../../hardware/execute/lsb/load_store_buffer.sv:161: sorry: constant selects in always_* processes are not fully supported (the process will be sensitive to all bits in 'mem_rd_data_i[31:0]').
../../../hardware/execute/lsb/load_store_buffer.sv:162: sorry: constant selects in always_* processes are not fully supported (the process will be sensitive to all bits in 'mem_rd_data_i[31:0]').
../../../hardware/execute/fp_ops/fp_cvt.sv:56: sorry: constant selects in always_* processes are not fully supported (the process will be sensitive to all bits in 'f[31:0]').
../../../hardware/execute/fp_ops/fp_cvt.sv:57: sorry: constant selects in always_* processes are not fully supported (the process will be sensitive to all bits in 'f[31:0]').
../../../hardware/execute/fp_ops/fp_cvt.sv:58: sorry: constant selects in always_* processes are not fully supported (the process will be sensitive to all bits in 'f[31:0]').
../../../hardware/execute/fp_ops/fp_cvt.sv:98: sorry: constant selects in always_* processes are not fully supported (the process will be sensitive to all bits in 'x[31:0]').
../../../hardware/execute/fp_ops/fp_cvt.sv:109: sorry: constant selects in always_* processes are not fully supported (the process will be sensitive to all bits in 'norm[31:0]').
:0: sorry: constant selects in always_* processes are not fully supported (the process will be sensitive to all bits in 'commit_entry_i[112:0]').
:0: sorry: constant selects in always_* processes are not fully supported (the process will be sensitive to all bits in 'commit_entry_i[112:0]').
:0: sorry: constant selects in always_* processes are not fully supported (the process will be sensitive to all bits in 'commit_entry_i[112:0]').
:0: sorry: constant selects in always_* processes are not fully supported (the process will be sensitive to all bits in 'commit_entry_i[112:0]').
:0: sorry: constant selects in always_* processes are not fully supported (the process will be sensitive to all bits in 'commit_entry_i[112:0]').
:0: sorry: constant selects in always_* processes are not fully supported (the process will be sensitive to all bits in 'commit_entry_i[112:0]').
:0: sorry: constant selects in always_* processes are not fully supported (the process will be sensitive to all bits in 'commit_entry_i[112:0]').
:0: sorry: constant selects in always_* processes are not fully supported (the process will be sensitive to all bits in 'commit_entry_i[112:0]').
:0: sorry: constant selects in always_* processes are not fully supported (the process will be sensitive to all bits in 'commit_entry_i[112:0]').
:0: sorry: constant selects in always_* processes are not fully supported (the process will be sensitive to all bits in 'commit_entry_i[112:0]').
:0: sorry: constant selects in always_* processes are not fully supported (the process will be sensitive to all bits in 'commit_entry_i[112:0]').
:0: sorry: constant selects in always_* processes are not fully supported (the process will be sensitive to all bits in 'commit_entry_i[112:0]').
:0: sorry: constant selects in always_* processes are not fully supported (the process will be sensitive to all bits in 'commit_entry_i[112:0]').
:0: sorry: constant selects in always_* processes are not fully supported (the process will be sensitive to all bits in 'commit_entry_i[112:0]').
../../../hardware/core/tomasulo_core.sv:54: sorry: constant selects in always_* processes are not fully supported (the process will be sensitive to all bits in 'raw[31:0]').
../../../hardware/core/tomasulo_core.sv:54: sorry: constant selects in always_* processes are not fully supported (the process will be sensitive to all bits in 'raw[31:0]').
../../../hardware/core/tomasulo_core.sv:54: sorry: constant selects in always_* processes are not fully supported (the process will be sensitive to all bits in 'raw[31:0]').
../../../hardware/core/tomasulo_core.sv:55: sorry: constant selects in always_* processes are not fully supported (the process will be sensitive to all bits in 'raw[31:0]').
../../../hardware/core/tomasulo_core.sv:55: sorry: constant selects in always_* processes are not fully supported (the process will be sensitive to all bits in 'raw[31:0]').
../../../hardware/core/tomasulo_core.sv:55: sorry: constant selects in always_* processes are not fully supported (the process will be sensitive to all bits in 'raw[31:0]').
../../../hardware/core/tomasulo_core.sv:71: sorry: constant selects in always_* processes are not fully supported (the process will be sensitive to all bits in 'funct7[6:0]').
../../../hardware/core/tomasulo_core.sv:82: sorry: constant selects in always_* processes are not fully supported (the process will be sensitive to all bits in 'raw[31:0]').
../../../hardware/core/tomasulo_core.sv:82: sorry: constant selects in always_* processes are not fully supported (the process will be sensitive to all bits in 'raw[31:0]').
../../../hardware/core/tomasulo_core.sv:88: sorry: constant selects in always_* processes are not fully supported (the process will be sensitive to all bits in 'funct7[6:0]').
../../../hardware/core/tomasulo_core.sv:94: sorry: constant selects in always_* processes are not fully supported (the process will be sensitive to all bits in 'raw[31:0]').
../../../hardware/core/tomasulo_core.sv:94: sorry: constant selects in always_* processes are not fully supported (the process will be sensitive to all bits in 'raw[31:0]').
../../../hardware/core/tomasulo_core.sv:104: sorry: constant selects in always_* processes are not fully supported (the process will be sensitive to all bits in 'raw[31:0]').
../../../hardware/core/tomasulo_core.sv:104: sorry: constant selects in always_* processes are not fully supported (the process will be sensitive to all bits in 'raw[31:0]').
../../../hardware/core/tomasulo_core.sv:104: sorry: constant selects in always_* processes are not fully supported (the process will be sensitive to all bits in 'raw[31:0]').
../../../hardware/core/tomasulo_core.sv:114: sorry: constant selects in always_* processes are not fully supported (the process will be sensitive to all bits in 'raw[31:0]').
../../../hardware/core/tomasulo_core.sv:114: sorry: constant selects in always_* processes are not fully supported (the process will be sensitive to all bits in 'raw[31:0]').
../../../hardware/core/tomasulo_core.sv:114: sorry: constant selects in always_* processes are not fully supported (the process will be sensitive to all bits in 'raw[31:0]').
../../../hardware/core/tomasulo_core.sv:114: sorry: constant selects in always_* processes are not fully supported (the process will be sensitive to all bits in 'raw[31:0]').
../../../hardware/core/tomasulo_core.sv:114: sorry: constant selects in always_* processes are not fully supported (the process will be sensitive to all bits in 'raw[31:0]').
../../../hardware/core/tomasulo_core.sv:124: sorry: constant selects in always_* processes are not fully supported (the process will be sensitive to all bits in 'raw[31:0]').
../../../hardware/core/tomasulo_core.sv:124: sorry: constant selects in always_* processes are not fully supported (the process will be sensitive to all bits in 'raw[31:0]').
../../../hardware/core/tomasulo_core.sv:124: sorry: constant selects in always_* processes are not fully supported (the process will be sensitive to all bits in 'raw[31:0]').
../../../hardware/core/tomasulo_core.sv:124: sorry: constant selects in always_* processes are not fully supported (the process will be sensitive to all bits in 'raw[31:0]').
../../../hardware/core/tomasulo_core.sv:124: sorry: constant selects in always_* processes are not fully supported (the process will be sensitive to all bits in 'raw[31:0]').
../../../hardware/core/tomasulo_core.sv:129: sorry: constant selects in always_* processes are not fully supported (the process will be sensitive to all bits in 'raw[31:0]').
../../../hardware/core/tomasulo_core.sv:129: sorry: constant selects in always_* processes are not fully supported (the process will be sensitive to all bits in 'raw[31:0]').
../../../hardware/core/tomasulo_core.sv:134: sorry: constant selects in always_* processes are not fully supported (the process will be sensitive to all bits in 'raw[31:0]').
../../../hardware/core/tomasulo_core.sv:138: sorry: constant selects in always_* processes are not fully supported (the process will be sensitive to all bits in 'raw[31:0]').
../../../hardware/core/tomasulo_core.sv:144: sorry: constant selects in always_* processes are not fully supported (the process will be sensitive to all bits in 'raw[31:0]').
../../../hardware/core/tomasulo_core.sv:144: sorry: constant selects in always_* processes are not fully supported (the process will be sensitive to all bits in 'raw[31:0]').
../../../hardware/core/tomasulo_core.sv:150: sorry: constant selects in always_* processes are not fully supported (the process will be sensitive to all bits in 'raw[31:0]').
../../../hardware/core/tomasulo_core.sv:150: sorry: constant selects in always_* processes are not fully supported (the process will be sensitive to all bits in 'raw[31:0]').
../../../hardware/core/tomasulo_core.sv:150: sorry: constant selects in always_* processes are not fully supported (the process will be sensitive to all bits in 'raw[31:0]').
[tb] loading hex: build/I-LUI-01.hex
[tb] hex loaded, entering reset
[tb] rst_n=0, waiting for 4 clk edges...
[tb] reset done, rst_n=1
[F] cyc=1 fetch raw=12000293 pc_d=00000000 fetch_pc=00000004 mem_direct=12000293
[D] cyc=2 dispatch op=8 pc=00000000 tag=0 raw_iq_imm=00000120 rs1=0
[F] cyc=2 fetch raw=00000037 pc_d=00000004 fetch_pc=00000008 mem_direct=00000037
[D] cyc=3 dispatch op=22 pc=00000004 tag=1 raw_iq_imm=00000000 rs1=0
[F] cyc=3 fetch raw=0002a023 pc_d=00000008 fetch_pc=0000000c mem_direct=0002a023
[D] cyc=4 dispatch op=15 pc=00000008 tag=2 raw_iq_imm=00000000 rs1=5
[F] cyc=4 fetch raw=000000b7 pc_d=0000000c fetch_pc=00000010 mem_direct=000000b7
[D] cyc=5 dispatch op=22 pc=0000000c tag=3 raw_iq_imm=00000000 rs1=0
[F] cyc=5 fetch raw=0012a223 pc_d=00000010 fetch_pc=00000014 mem_direct=0012a223
[C] cyc=5 CDB tag=0 val=00000120
[D] cyc=6 dispatch op=15 pc=00000010 tag=4 raw_iq_imm=00000004 rs1=5
[F] cyc=6 fetch raw=007ff137 pc_d=00000014 fetch_pc=00000018 mem_direct=007ff137
[C] cyc=6 CDB tag=2 val=00000000
[R] cyc=6 COMMIT op=8 pc=00000000
[D] cyc=7 dispatch op=22 pc=00000014 tag=5 raw_iq_imm=007ff000 rs1=0
[F] cyc=7 fetch raw=0022a423 pc_d=00000018 fetch_pc=0000001c mem_direct=0022a423
[C] cyc=7 CDB tag=1 val=00000000
[D] cyc=8 dispatch op=15 pc=00000018 tag=6 raw_iq_imm=00000008 rs1=5
[F] cyc=8 fetch raw=000011b7 pc_d=0000001c fetch_pc=00000020 mem_direct=000011b7
[R] cyc=8 COMMIT op=22 pc=00000004
[D] cyc=9 dispatch op=22 pc=0000001c tag=7 raw_iq_imm=00001000 rs1=0
[F] cyc=9 fetch raw=0032a623 pc_d=00000020 fetch_pc=00000024 mem_direct=0032a623
[C] cyc=9 CDB tag=3 val=00000000
[R] cyc=9 COMMIT op=15 pc=00000008
[D] cyc=10 dispatch op=15 pc=00000020 tag=8 raw_iq_imm=0000000c rs1=5
[F] cyc=10 fetch raw=01234237 pc_d=00000024 fetch_pc=00000028 mem_direct=01234237
[C] cyc=10 CDB tag=4 val=00000000
[R] cyc=10 COMMIT op=22 pc=0000000c
[D] cyc=11 dispatch op=22 pc=00000024 tag=9 raw_iq_imm=01234000 rs1=0
[F] cyc=11 fetch raw=0042a823 pc_d=00000028 fetch_pc=0000002c mem_direct=0042a823
[C] cyc=11 CDB tag=5 val=007ff000
[R] cyc=11 COMMIT op=15 pc=00000010
[D] cyc=12 dispatch op=15 pc=00000028 tag=10 raw_iq_imm=00000010 rs1=5
[F] cyc=12 fetch raw=13400093 pc_d=0000002c fetch_pc=00000030 mem_direct=13400093
[C] cyc=12 CDB tag=6 val=00000000
[R] cyc=12 COMMIT op=22 pc=00000014
[D] cyc=13 dispatch op=8 pc=0000002c tag=11 raw_iq_imm=00000134 rs1=0
[F] cyc=13 fetch raw=800002b7 pc_d=00000030 fetch_pc=00000034 mem_direct=800002b7
[C] cyc=13 CDB tag=7 val=00001000
[R] cyc=13 COMMIT op=15 pc=00000018
[D] cyc=14 dispatch op=22 pc=00000030 tag=12 raw_iq_imm=80000000 rs1=0
[F] cyc=14 fetch raw=0050a023 pc_d=00000034 fetch_pc=00000038 mem_direct=0050a023
[C] cyc=14 CDB tag=8 val=00000000
[R] cyc=14 COMMIT op=22 pc=0000001c
[D] cyc=15 dispatch op=15 pc=00000034 tag=13 raw_iq_imm=00000000 rs1=1
[F] cyc=15 fetch raw=01234337 pc_d=00000038 fetch_pc=0000003c mem_direct=01234337
[C] cyc=15 CDB tag=9 val=01234000
[R] cyc=15 COMMIT op=15 pc=00000020
[D] cyc=16 dispatch op=22 pc=00000038 tag=14 raw_iq_imm=01234000 rs1=0
[F] cyc=16 fetch raw=0060a223 pc_d=0000003c fetch_pc=00000040 mem_direct=0060a223
[C] cyc=16 CDB tag=10 val=00000000
[R] cyc=16 COMMIT op=22 pc=00000024
[D] cyc=17 dispatch op=15 pc=0000003c tag=15 raw_iq_imm=00000004 rs1=1
[F] cyc=17 fetch raw=fffff3b7 pc_d=00000040 fetch_pc=00000044 mem_direct=fffff3b7
[C] cyc=17 CDB tag=11 val=00000134
[R] cyc=17 COMMIT op=15 pc=00000028
[D] cyc=18 dispatch op=22 pc=00000040 tag=0 raw_iq_imm=fffff000 rs1=0
[F] cyc=18 fetch raw=0070a423 pc_d=00000044 fetch_pc=00000048 mem_direct=0070a423
[R] cyc=18 COMMIT op=8 pc=0000002c
[D] cyc=19 dispatch op=15 pc=00000044 tag=1 raw_iq_imm=00000008 rs1=1
[F] cyc=19 fetch raw=00001437 pc_d=00000048 fetch_pc=0000004c mem_direct=00001437
[C] cyc=19 CDB tag=14 val=01234000
[D] cyc=20 dispatch op=22 pc=00000048 tag=2 raw_iq_imm=00001000 rs1=0
[F] cyc=20 fetch raw=0080a623 pc_d=0000004c fetch_pc=00000050 mem_direct=0080a623
[C] cyc=20 CDB tag=15 val=00000000
[D] cyc=21 dispatch op=15 pc=0000004c tag=3 raw_iq_imm=0000000c rs1=1
[F] cyc=21 fetch raw=7ffff4b7 pc_d=00000050 fetch_pc=00000054 mem_direct=7ffff4b7
[C] cyc=21 CDB tag=0 val=fffff000
[D] cyc=22 dispatch op=22 pc=00000050 tag=4 raw_iq_imm=7ffff000 rs1=0
[F] cyc=22 fetch raw=0090a823 pc_d=00000054 fetch_pc=00000058 mem_direct=0090a823
[C] cyc=22 CDB tag=1 val=00000000
[D] cyc=23 dispatch op=15 pc=00000054 tag=5 raw_iq_imm=00000010 rs1=1
[F] cyc=23 fetch raw=14800093 pc_d=00000058 fetch_pc=0000005c mem_direct=14800093
[C] cyc=23 CDB tag=2 val=00001000
[D] cyc=24 dispatch op=8 pc=00000058 tag=6 raw_iq_imm=00000148 rs1=0
[F] cyc=24 fetch raw=54321537 pc_d=0000005c fetch_pc=00000060 mem_direct=54321537
[C] cyc=24 CDB tag=3 val=00000000
[D] cyc=25 dispatch op=22 pc=0000005c tag=7 raw_iq_imm=54321000 rs1=0
[F] cyc=25 fetch raw=00a0a023 pc_d=00000060 fetch_pc=00000064 mem_direct=00a0a023
[C] cyc=25 CDB tag=4 val=7ffff000
[D] cyc=26 dispatch op=15 pc=00000060 tag=8 raw_iq_imm=00000000 rs1=1
[F] cyc=26 fetch raw=008005b7 pc_d=00000064 fetch_pc=00000068 mem_direct=008005b7
[C] cyc=26 CDB tag=5 val=00000000
[D] cyc=27 dispatch op=22 pc=00000064 tag=9 raw_iq_imm=00800000 rs1=0
[F] cyc=27 fetch raw=00b0a223 pc_d=00000068 fetch_pc=0000006c mem_direct=00b0a223
[C] cyc=27 CDB tag=6 val=00000148
[D] cyc=28 dispatch op=15 pc=00000068 tag=10 raw_iq_imm=00000004 rs1=1
[F] cyc=28 fetch raw=00000637 pc_d=0000006c fetch_pc=00000070 mem_direct=00000637
[D] cyc=29 dispatch op=22 pc=0000006c tag=11 raw_iq_imm=00000000 rs1=0
[F] cyc=29 fetch raw=00c0a423 pc_d=00000070 fetch_pc=00000074 mem_direct=00c0a423
[C] cyc=29 CDB tag=12 val=80000000
[F] cyc=30 fetch raw=007ff6b7 pc_d=00000074 fetch_pc=00000078 mem_direct=007ff6b7
[C] cyc=30 CDB tag=13 val=00000000
[R] cyc=30 COMMIT op=22 pc=00000030
[D] cyc=31 dispatch op=15 pc=00000070 tag=12 raw_iq_imm=00000008 rs1=1
[F] cyc=31 fetch raw=00d0a623 pc_d=00000078 fetch_pc=0000007c mem_direct=00d0a623
[C] cyc=31 CDB tag=9 val=00800000
[R] cyc=31 COMMIT op=15 pc=00000034
[D] cyc=32 dispatch op=22 pc=00000074 tag=13 raw_iq_imm=007ff000 rs1=0
[F] cyc=32 fetch raw=00000737 pc_d=0000007c fetch_pc=00000080 mem_direct=00000737
[C] cyc=32 CDB tag=10 val=00000000
[R] cyc=32 COMMIT op=22 pc=00000038
[D] cyc=33 dispatch op=15 pc=00000078 tag=14 raw_iq_imm=0000000c rs1=1
[F] cyc=33 fetch raw=00e0a823 pc_d=00000080 fetch_pc=00000084 mem_direct=00e0a823
[C] cyc=33 CDB tag=11 val=00000000
[R] cyc=33 COMMIT op=15 pc=0000003c
[D] cyc=34 dispatch op=22 pc=0000007c tag=15 raw_iq_imm=00000000 rs1=0
[F] cyc=34 fetch raw=15c00113 pc_d=00000084 fetch_pc=00000088 mem_direct=15c00113
[C] cyc=34 CDB tag=12 val=00000000
[R] cyc=34 COMMIT op=22 pc=00000040
[D] cyc=35 dispatch op=15 pc=00000080 tag=0 raw_iq_imm=00000010 rs1=1
[F] cyc=35 fetch raw=000017b7 pc_d=00000088 fetch_pc=0000008c mem_direct=000017b7
[C] cyc=35 CDB tag=13 val=007ff000
[R] cyc=35 COMMIT op=15 pc=00000044
[D] cyc=36 dispatch op=8 pc=00000084 tag=1 raw_iq_imm=0000015c rs1=0
[F] cyc=36 fetch raw=00f12023 pc_d=0000008c fetch_pc=00000090 mem_direct=00f12023
[C] cyc=36 CDB tag=14 val=00000000
[R] cyc=36 COMMIT op=22 pc=00000048
[D] cyc=37 dispatch op=22 pc=00000088 tag=2 raw_iq_imm=00001000 rs1=0
[F] cyc=37 fetch raw=00000837 pc_d=00000090 fetch_pc=00000094 mem_direct=00000837
[C] cyc=37 CDB tag=15 val=00000000
[R] cyc=37 COMMIT op=15 pc=0000004c
[D] cyc=38 dispatch op=15 pc=0000008c tag=3 raw_iq_imm=00000000 rs1=2
[F] cyc=38 fetch raw=01012223 pc_d=00000094 fetch_pc=00000098 mem_direct=01012223
[C] cyc=38 CDB tag=0 val=00000000
[R] cyc=38 COMMIT op=22 pc=00000050
[D] cyc=39 dispatch op=22 pc=00000090 tag=4 raw_iq_imm=00000000 rs1=0
[F] cyc=39 fetch raw=000008b7 pc_d=00000098 fetch_pc=0000009c mem_direct=000008b7
[C] cyc=39 CDB tag=1 val=0000015c
[R] cyc=39 COMMIT op=15 pc=00000054
[D] cyc=40 dispatch op=15 pc=00000094 tag=5 raw_iq_imm=00000004 rs1=2
[F] cyc=40 fetch raw=01112423 pc_d=0000009c fetch_pc=000000a0 mem_direct=01112423
[R] cyc=40 COMMIT op=8 pc=00000058
[D] cyc=41 dispatch op=22 pc=00000098 tag=6 raw_iq_imm=00000000 rs1=0
[F] cyc=41 fetch raw=007ff937 pc_d=000000a0 fetch_pc=000000a4 mem_direct=007ff937
[C] cyc=41 CDB tag=2 val=00001000
[F] cyc=42 fetch raw=01212623 pc_d=000000a4 fetch_pc=000000a8 mem_direct=01212623
[C] cyc=42 CDB tag=3 val=00000000
[F] cyc=43 fetch raw=000019b7 pc_d=000000a8 fetch_pc=000000ac mem_direct=000019b7
[C] cyc=43 CDB tag=4 val=00000000
[F] cyc=44 fetch raw=01312823 pc_d=000000ac fetch_pc=000000b0 mem_direct=01312823
[C] cyc=44 CDB tag=5 val=00000000
[F] cyc=45 fetch raw=17000093 pc_d=000000b0 fetch_pc=000000b4 mem_direct=17000093
[C] cyc=45 CDB tag=6 val=00000000
[F] cyc=46 fetch raw=01234a37 pc_d=000000b4 fetch_pc=000000b8 mem_direct=01234a37
[F] cyc=47 fetch raw=0140a023 pc_d=000000b8 fetch_pc=000000bc mem_direct=0140a023
[C] cyc=47 CDB tag=7 val=54321000
[C] cyc=48 CDB tag=8 val=00000000
[R] cyc=48 COMMIT op=22 pc=0000005c
[D] cyc=49 dispatch op=15 pc=0000009c tag=7 raw_iq_imm=00000008 rs1=2
[R] cyc=49 COMMIT op=15 pc=00000060
[D] cyc=50 dispatch op=22 pc=000000a0 tag=8 raw_iq_imm=007ff000 rs1=0
[F] cyc=50 fetch raw=80000ab7 pc_d=000000bc fetch_pc=000000c0 mem_direct=80000ab7
[C] cyc=50 CDB tag=7 val=00000000
[R] cyc=50 COMMIT op=22 pc=00000064
[D] cyc=51 dispatch op=15 pc=000000a4 tag=9 raw_iq_imm=0000000c rs1=2
[F] cyc=51 fetch raw=0150a223 pc_d=000000c0 fetch_pc=000000c4 mem_direct=0150a223
[R] cyc=51 COMMIT op=15 pc=00000068
[D] cyc=52 dispatch op=22 pc=000000a8 tag=10 raw_iq_imm=00001000 rs1=0
[F] cyc=52 fetch raw=01234b37 pc_d=000000c4 fetch_pc=000000c8 mem_direct=01234b37
[R] cyc=52 COMMIT op=22 pc=0000006c
[D] cyc=53 dispatch op=15 pc=000000ac tag=11 raw_iq_imm=00000010 rs1=2
[F] cyc=53 fetch raw=0160a423 pc_d=000000c8 fetch_pc=000000cc mem_direct=0160a423
[C] cyc=53 CDB tag=8 val=007ff000
[R] cyc=53 COMMIT op=15 pc=00000070
[D] cyc=54 dispatch op=8 pc=000000b0 tag=12 raw_iq_imm=00000170 rs1=0
[F] cyc=54 fetch raw=fffffbb7 pc_d=000000cc fetch_pc=000000d0 mem_direct=fffffbb7
[C] cyc=54 CDB tag=9 val=00000000
[R] cyc=54 COMMIT op=22 pc=00000074
[D] cyc=55 dispatch op=22 pc=000000b4 tag=13 raw_iq_imm=01234000 rs1=0
[F] cyc=55 fetch raw=0170a623 pc_d=000000d0 fetch_pc=000000d4 mem_direct=0170a623
[C] cyc=55 CDB tag=10 val=00001000
[R] cyc=55 COMMIT op=15 pc=00000078
[D] cyc=56 dispatch op=15 pc=000000b8 tag=14 raw_iq_imm=00000000 rs1=1
[F] cyc=56 fetch raw=00001c37 pc_d=000000d4 fetch_pc=000000d8 mem_direct=00001c37
[C] cyc=56 CDB tag=11 val=00000000
[R] cyc=56 COMMIT op=22 pc=0000007c
[D] cyc=57 dispatch op=22 pc=000000bc tag=15 raw_iq_imm=80000000 rs1=0
[F] cyc=57 fetch raw=0180a823 pc_d=000000d8 fetch_pc=000000dc mem_direct=0180a823
[C] cyc=57 CDB tag=12 val=00000170
[R] cyc=57 COMMIT op=15 pc=00000080
[D] cyc=58 dispatch op=15 pc=000000c0 tag=0 raw_iq_imm=00000004 rs1=1
[F] cyc=58 fetch raw=18400093 pc_d=000000dc fetch_pc=000000e0 mem_direct=18400093
[R] cyc=58 COMMIT op=8 pc=00000084
[D] cyc=59 dispatch op=22 pc=000000c4 tag=1 raw_iq_imm=01234000 rs1=0
[F] cyc=59 fetch raw=7ffffcb7 pc_d=000000e0 fetch_pc=000000e4 mem_direct=7ffffcb7
[C] cyc=59 CDB tag=13 val=01234000
[R] cyc=59 COMMIT op=22 pc=00000088
[D] cyc=60 dispatch op=15 pc=000000c8 tag=2 raw_iq_imm=00000008 rs1=1
[F] cyc=60 fetch raw=0190a023 pc_d=000000e4 fetch_pc=000000e8 mem_direct=0190a023
[C] cyc=60 CDB tag=14 val=00000000
[R] cyc=60 COMMIT op=15 pc=0000008c
[D] cyc=61 dispatch op=22 pc=000000cc tag=3 raw_iq_imm=fffff000 rs1=0
[F] cyc=61 fetch raw=54321d37 pc_d=000000e8 fetch_pc=000000ec mem_direct=54321d37
[C] cyc=61 CDB tag=15 val=80000000
[R] cyc=61 COMMIT op=22 pc=00000090
[D] cyc=62 dispatch op=15 pc=000000d0 tag=4 raw_iq_imm=0000000c rs1=1
[F] cyc=62 fetch raw=01a0a223 pc_d=000000ec fetch_pc=000000f0 mem_direct=01a0a223
[C] cyc=62 CDB tag=0 val=00000000
[R] cyc=62 COMMIT op=15 pc=00000094
[D] cyc=63 dispatch op=22 pc=000000d4 tag=5 raw_iq_imm=00001000 rs1=0
[F] cyc=63 fetch raw=00800db7 pc_d=000000f0 fetch_pc=000000f4 mem_direct=00800db7
[C] cyc=63 CDB tag=1 val=01234000
[R] cyc=63 COMMIT op=22 pc=00000098
[D] cyc=64 dispatch op=15 pc=000000d8 tag=6 raw_iq_imm=00000010 rs1=1
[F] cyc=64 fetch raw=01b0a423 pc_d=000000f4 fetch_pc=000000f8 mem_direct=01b0a423
[C] cyc=64 CDB tag=2 val=00000000
[R] cyc=64 COMMIT op=15 pc=0000009c
[D] cyc=65 dispatch op=8 pc=000000dc tag=7 raw_iq_imm=00000184 rs1=0
[F] cyc=65 fetch raw=00000e37 pc_d=000000f8 fetch_pc=000000fc mem_direct=00000e37
[C] cyc=65 CDB tag=3 val=fffff000
[R] cyc=65 COMMIT op=22 pc=000000a0
[D] cyc=66 dispatch op=22 pc=000000e0 tag=8 raw_iq_imm=7ffff000 rs1=0
[F] cyc=66 fetch raw=01c0a623 pc_d=000000fc fetch_pc=00000100 mem_direct=01c0a623
[C] cyc=66 CDB tag=4 val=00000000
[R] cyc=66 COMMIT op=15 pc=000000a4
[D] cyc=67 dispatch op=15 pc=000000e4 tag=9 raw_iq_imm=00000000 rs1=1
[F] cyc=67 fetch raw=007ffeb7 pc_d=00000100 fetch_pc=00000104 mem_direct=007ffeb7
[C] cyc=67 CDB tag=5 val=00001000
[R] cyc=67 COMMIT op=22 pc=000000a8
[D] cyc=68 dispatch op=22 pc=000000e8 tag=10 raw_iq_imm=54321000 rs1=0
[F] cyc=68 fetch raw=01d0a823 pc_d=00000104 fetch_pc=00000108 mem_direct=01d0a823
[C] cyc=68 CDB tag=6 val=00000000
[R] cyc=68 COMMIT op=15 pc=000000ac
[D] cyc=69 dispatch op=15 pc=000000ec tag=11 raw_iq_imm=00000004 rs1=1
[F] cyc=69 fetch raw=19800113 pc_d=00000108 fetch_pc=0000010c mem_direct=19800113
[C] cyc=69 CDB tag=7 val=00000184
[R] cyc=69 COMMIT op=8 pc=000000b0
[D] cyc=70 dispatch op=22 pc=000000f0 tag=12 raw_iq_imm=00800000 rs1=0
[F] cyc=70 fetch raw=00000f37 pc_d=0000010c fetch_pc=00000110 mem_direct=00000f37
[R] cyc=70 COMMIT op=22 pc=000000b4
[D] cyc=71 dispatch op=15 pc=000000f4 tag=13 raw_iq_imm=00000008 rs1=1
[F] cyc=71 fetch raw=01e12023 pc_d=00000110 fetch_pc=00000114 mem_direct=01e12023
[C] cyc=71 CDB tag=10 val=54321000
[R] cyc=71 COMMIT op=15 pc=000000b8
[D] cyc=72 dispatch op=22 pc=000000f8 tag=14 raw_iq_imm=00000000 rs1=0
[F] cyc=72 fetch raw=00001fb7 pc_d=00000114 fetch_pc=00000118 mem_direct=00001fb7
[C] cyc=72 CDB tag=11 val=00000000
[R] cyc=72 COMMIT op=22 pc=000000bc
[D] cyc=73 dispatch op=15 pc=000000fc tag=15 raw_iq_imm=0000000c rs1=1
[F] cyc=73 fetch raw=01f12223 pc_d=00000118 fetch_pc=0000011c mem_direct=01f12223
[C] cyc=73 CDB tag=12 val=00800000
[R] cyc=73 COMMIT op=15 pc=000000c0
[D] cyc=74 dispatch op=22 pc=00000100 tag=0 raw_iq_imm=007ff000 rs1=0
[F] cyc=74 fetch raw=00000073 pc_d=0000011c fetch_pc=00000120 mem_direct=00000073
[C] cyc=74 CDB tag=13 val=00000000
[R] cyc=74 COMMIT op=22 pc=000000c4
[D] cyc=75 dispatch op=15 pc=00000104 tag=1 raw_iq_imm=00000010 rs1=1
[F] cyc=75 fetch raw=ffffffff pc_d=00000120 fetch_pc=00000124 mem_direct=ffffffff
[C] cyc=75 CDB tag=14 val=00000000
[R] cyc=75 COMMIT op=15 pc=000000c8
[D] cyc=76 dispatch op=8 pc=00000108 tag=2 raw_iq_imm=00000198 rs1=0
[F] cyc=76 fetch raw=ffffffff pc_d=00000124 fetch_pc=00000128 mem_direct=ffffffff
[C] cyc=76 CDB tag=15 val=00000000
[R] cyc=76 COMMIT op=22 pc=000000cc
[D] cyc=77 dispatch op=22 pc=0000010c tag=3 raw_iq_imm=00000000 rs1=0
[F] cyc=77 fetch raw=ffffffff pc_d=00000128 fetch_pc=0000012c mem_direct=ffffffff
[C] cyc=77 CDB tag=0 val=007ff000
[R] cyc=77 COMMIT op=15 pc=000000d0
[D] cyc=78 dispatch op=15 pc=00000110 tag=4 raw_iq_imm=00000000 rs1=2
[F] cyc=78 fetch raw=ffffffff pc_d=0000012c fetch_pc=00000130 mem_direct=ffffffff
[C] cyc=78 CDB tag=1 val=00000000
[R] cyc=78 COMMIT op=22 pc=000000d4
[D] cyc=79 dispatch op=22 pc=00000114 tag=5 raw_iq_imm=00001000 rs1=0
[F] cyc=79 fetch raw=ffffffff pc_d=00000130 fetch_pc=00000134 mem_direct=ffffffff
[C] cyc=79 CDB tag=2 val=00000198
[R] cyc=79 COMMIT op=15 pc=000000d8
[D] cyc=80 dispatch op=15 pc=00000118 tag=6 raw_iq_imm=00000004 rs1=2
[F] cyc=80 fetch raw=ffffffff pc_d=00000134 fetch_pc=00000138 mem_direct=ffffffff
[R] cyc=80 COMMIT op=8 pc=000000dc
[D] cyc=81 dispatch op=63 pc=0000011c tag=7 raw_iq_imm=00000000 rs1=0
[F] cyc=81 fetch raw=ffffffff pc_d=00000138 fetch_pc=0000013c mem_direct=ffffffff
[C] cyc=81 CDB tag=8 val=7ffff000
[F] cyc=82 fetch raw=ffffffff pc_d=0000013c fetch_pc=00000140 mem_direct=ffffffff
[C] cyc=82 CDB tag=9 val=00000000
[R] cyc=82 COMMIT op=22 pc=000000e0
[D] cyc=83 dispatch op=62 pc=00000120 tag=8 raw_iq_imm=00000000 rs1=0
[C] cyc=83 CDB tag=5 val=00001000
[R] cyc=83 COMMIT op=15 pc=000000e4
[D] cyc=84 dispatch op=62 pc=00000124 tag=9 raw_iq_imm=00000000 rs1=0
[F] cyc=84 fetch raw=ffffffff pc_d=00000140 fetch_pc=00000144 mem_direct=ffffffff
[C] cyc=84 CDB tag=6 val=00000000
[R] cyc=84 COMMIT op=22 pc=000000e8
[D] cyc=85 dispatch op=62 pc=00000128 tag=10 raw_iq_imm=00000000 rs1=0
[F] cyc=85 fetch raw=ffffffff pc_d=00000144 fetch_pc=00000148 mem_direct=ffffffff
[C] cyc=85 CDB tag=7 val=00000000
[R] cyc=85 COMMIT op=15 pc=000000ec
[D] cyc=86 dispatch op=62 pc=0000012c tag=11 raw_iq_imm=00000000 rs1=0
[F] cyc=86 fetch raw=ffffffff pc_d=00000148 fetch_pc=0000014c mem_direct=ffffffff
[R] cyc=86 COMMIT op=22 pc=000000f0
[D] cyc=87 dispatch op=62 pc=00000130 tag=12 raw_iq_imm=00000000 rs1=0
[F] cyc=87 fetch raw=ffffffff pc_d=0000014c fetch_pc=00000150 mem_direct=ffffffff
[C] cyc=87 CDB tag=8 val=00000000
[R] cyc=87 COMMIT op=15 pc=000000f4
[D] cyc=88 dispatch op=62 pc=00000134 tag=13 raw_iq_imm=00000000 rs1=0
[F] cyc=88 fetch raw=ffffffff pc_d=00000150 fetch_pc=00000154 mem_direct=ffffffff
[R] cyc=88 COMMIT op=22 pc=000000f8
[D] cyc=89 dispatch op=62 pc=00000138 tag=14 raw_iq_imm=00000000 rs1=0
[F] cyc=89 fetch raw=ffffffff pc_d=00000154 fetch_pc=00000158 mem_direct=ffffffff
[C] cyc=89 CDB tag=11 val=00000000
[R] cyc=89 COMMIT op=15 pc=000000fc
[D] cyc=90 dispatch op=62 pc=0000013c tag=15 raw_iq_imm=00000000 rs1=0
[F] cyc=90 fetch raw=ffffffff pc_d=00000158 fetch_pc=0000015c mem_direct=ffffffff
[R] cyc=90 COMMIT op=22 pc=00000100
[F] cyc=91 fetch raw=ffffffff pc_d=0000015c fetch_pc=00000160 mem_direct=ffffffff
[C] cyc=91 CDB tag=13 val=00000000
[R] cyc=91 COMMIT op=15 pc=00000104
[D] cyc=92 dispatch op=62 pc=00000140 tag=0 raw_iq_imm=00000000 rs1=0
[R] cyc=92 COMMIT op=8 pc=00000108
[F] cyc=93 fetch raw=ffffffff pc_d=00000160 fetch_pc=00000164 mem_direct=ffffffff
[C] cyc=93 CDB tag=15 val=00000000
[D] cyc=94 dispatch op=62 pc=00000144 tag=1 raw_iq_imm=00000000 rs1=0
[F] cyc=95 fetch raw=ffffffff pc_d=00000164 fetch_pc=00000168 mem_direct=ffffffff
[C] cyc=95 CDB tag=0 val=00000000
[D] cyc=96 dispatch op=62 pc=00000148 tag=2 raw_iq_imm=00000000 rs1=0
[F] cyc=97 fetch raw=ffffffff pc_d=00000168 fetch_pc=0000016c mem_direct=ffffffff
[C] cyc=97 CDB tag=1 val=00000000
[C] cyc=99 CDB tag=2 val=00000000
[C] cyc=101 CDB tag=9 val=00000000
[C] cyc=103 CDB tag=3 val=00000000
[C] cyc=104 CDB tag=4 val=00000000
[R] cyc=104 COMMIT op=22 pc=0000010c
[D] cyc=105 dispatch op=62 pc=0000014c tag=3 raw_iq_imm=00000000 rs1=0
[C] cyc=105 CDB tag=10 val=00000000
[R] cyc=105 COMMIT op=15 pc=00000110
[D] cyc=106 dispatch op=62 pc=00000150 tag=4 raw_iq_imm=00000000 rs1=0
[F] cyc=106 fetch raw=ffffffff pc_d=0000016c fetch_pc=00000170 mem_direct=ffffffff
[R] cyc=106 COMMIT op=22 pc=00000114
[D] cyc=107 dispatch op=62 pc=00000154 tag=5 raw_iq_imm=00000000 rs1=0
[F] cyc=107 fetch raw=ffffffff pc_d=00000170 fetch_pc=00000174 mem_direct=ffffffff
[C] cyc=107 CDB tag=12 val=00000000
[R] cyc=107 COMMIT op=15 pc=00000118
[D] cyc=108 dispatch op=62 pc=00000158 tag=6 raw_iq_imm=00000000 rs1=0
[F] cyc=108 fetch raw=ffffffff pc_d=00000174 fetch_pc=00000178 mem_direct=ffffffff
[R] cyc=108 COMMIT op=63 pc=0000011c
[D] cyc=109 dispatch op=62 pc=0000015c tag=7 raw_iq_imm=00000000 rs1=0
[F] cyc=109 fetch raw=ffffffff pc_d=00000178 fetch_pc=0000017c mem_direct=ffffffff
[C] cyc=109 CDB tag=3 val=00000000
[R] cyc=109 COMMIT op=62 pc=00000120
sim_compliance.sv:159: $finish called at 1325 (1s)
