../../../hardware/execute/fp_ops/fp_round.sv:47: sorry: constant selects in always_* processes are not fully supported (the process will be sensitive to all bits in 'mant_i[22:0]').
../../../hardware/execute/fp_ops/fp_round.sv:65: sorry: constant selects in always_* processes are not fully supported (the process will be sensitive to all bits in 'mant_inc[23:0]').
../../../hardware/execute/fp_ops/fp_round.sv:70: sorry: constant selects in always_* processes are not fully supported (the process will be sensitive to all bits in 'exp_out[8:0]').
../../../hardware/execute/fp_ops/fp_round.sv:75: sorry: constant selects in always_* processes are not fully supported (the process will be sensitive to all bits in 'exp_out[8:0]').
../../../hardware/execute/fp_ops/fp_round.sv:75: sorry: constant selects in always_* processes are not fully supported (the process will be sensitive to all bits in 'mant_inc[23:0]').
:0: sorry: constant selects in always_* processes are not fully supported (the process will be sensitive to all bits in 'head_entry_w[112:0]').
:0: sorry: constant selects in always_* processes are not fully supported (the process will be sensitive to all bits in 'lookup1_entry_w[112:0]').
:0: sorry: constant selects in always_* processes are not fully supported (the process will be sensitive to all bits in 'lookup1_entry_w[112:0]').
:0: sorry: constant selects in always_* processes are not fully supported (the process will be sensitive to all bits in 'lookup2_entry_w[112:0]').
:0: sorry: constant selects in always_* processes are not fully supported (the process will be sensitive to all bits in 'lookup2_entry_w[112:0]').
:0: sorry: constant selects in always_* processes are not fully supported (the process will be sensitive to all bits in 'iq_instr_i[88:0]').
:0: sorry: constant selects in always_* processes are not fully supported (the process will be sensitive to all bits in 'iq_instr_i[88:0]').
:0: sorry: constant selects in always_* processes are not fully supported (the process will be sensitive to all bits in 'iq_instr_i[88:0]').
:0: sorry: constant selects in always_* processes are not fully supported (the process will be sensitive to all bits in 'iq_instr_i[88:0]').
:0: sorry: constant selects in always_* processes are not fully supported (the process will be sensitive to all bits in 'iq_instr_i[88:0]').
:0: sorry: constant selects in always_* processes are not fully supported (the process will be sensitive to all bits in 'cdb_i[36:0]').
:0: sorry: constant selects in always_* processes are not fully supported (the process will be sensitive to all bits in 'cdb_i[36:0]').
:0: sorry: constant selects in always_* processes are not fully supported (the process will be sensitive to all bits in 'cdb_i[36:0]').
:0: sorry: constant selects in always_* processes are not fully supported (the process will be sensitive to all bits in 'cdb_i[36:0]').
:0: sorry: constant selects in always_* processes are not fully supported (the process will be sensitive to all bits in 'cdb_i[36:0]').
:0: sorry: constant selects in always_* processes are not fully supported (the process will be sensitive to all bits in 'cdb_i[36:0]').
:0: sorry: constant selects in always_* processes are not fully supported (the process will be sensitive to all bits in 'iq_instr_i[88:0]').
:0: sorry: constant selects in always_* processes are not fully supported (the process will be sensitive to all bits in 'cdb_i[36:0]').
:0: sorry: constant selects in always_* processes are not fully supported (the process will be sensitive to all bits in 'cdb_i[36:0]').
:0: sorry: constant selects in always_* processes are not fully supported (the process will be sensitive to all bits in 'cdb_i[36:0]').
:0: sorry: constant selects in always_* processes are not fully supported (the process will be sensitive to all bits in 'cdb_i[36:0]').
:0: sorry: constant selects in always_* processes are not fully supported (the process will be sensitive to all bits in 'cdb_i[36:0]').
:0: sorry: constant selects in always_* processes are not fully supported (the process will be sensitive to all bits in 'cdb_i[36:0]').
:0: sorry: constant selects in always_* processes are not fully supported (the process will be sensitive to all bits in 'iq_instr_i[88:0]').
:0: sorry: constant selects in always_* processes are not fully supported (the process will be sensitive to all bits in 'iq_instr_i[88:0]').
:0: sorry: constant selects in always_* processes are not fully supported (the process will be sensitive to all bits in 'iq_instr_i[88:0]').
:0: sorry: constant selects in always_* processes are not fully supported (the process will be sensitive to all bits in 'iq_instr_i[88:0]').
:0: sorry: constant selects in always_* processes are not fully supported (the process will be sensitive to all bits in 'iq_instr_i[88:0]').
:0: sorry: constant selects in always_* processes are not fully supported (the process will be sensitive to all bits in 'iq_instr_i[88:0]').
:0: sorry: constant selects in always_* processes are not fully supported (the process will be sensitive to all bits in 'iq_instr_i[88:0]').
:0: sorry: constant selects in always_* processes are not fully supported (the process will be sensitive to all bits in 'iq_instr_i[88:0]').
../../../hardware/execute/int_ops/alu_unit.sv:50: sorry: constant selects in always_* processes are not fully supported (the process will be sensitive to all bits in 'rs2_i[31:0]').
../../../hardware/execute/int_ops/alu_unit.sv:51: sorry: constant selects in always_* processes are not fully supported (the process will be sensitive to all bits in 'rs2_i[31:0]').
../../../hardware/execute/int_ops/alu_unit.sv:52: sorry: constant selects in always_* processes are not fully supported (the process will be sensitive to all bits in 'rs2_i[31:0]').
../../../hardware/execute/int_ops/alu_unit.sv:60: sorry: constant selects in always_* processes are not fully supported (the process will be sensitive to all bits in 'imm_i[31:0]').
../../../hardware/execute/int_ops/alu_unit.sv:61: sorry: constant selects in always_* processes are not fully supported (the process will be sensitive to all bits in 'imm_i[31:0]').
../../../hardware/execute/int_ops/alu_unit.sv:62: sorry: constant selects in always_* processes are not fully supported (the process will be sensitive to all bits in 'imm_i[31:0]').
../../../hardware/execute/fp_ops/fp_add.sv:60: sorry: constant selects in always_* processes are not fully supported (the process will be sensitive to all bits in 'a[31:0]').
../../../hardware/execute/fp_ops/fp_add.sv:60: sorry: constant selects in always_* processes are not fully supported (the process will be sensitive to all bits in 'a[31:0]').
../../../hardware/execute/fp_ops/fp_add.sv:60: sorry: constant selects in always_* processes are not fully supported (the process will be sensitive to all bits in 'a[31:0]').
../../../hardware/execute/fp_ops/fp_add.sv:61: sorry: constant selects in always_* processes are not fully supported (the process will be sensitive to all bits in 'b[31:0]').
../../../hardware/execute/fp_ops/fp_add.sv:62: sorry: constant selects in always_* processes are not fully supported (the process will be sensitive to all bits in 'b[31:0]').
../../../hardware/execute/fp_ops/fp_add.sv:62: sorry: constant selects in always_* processes are not fully supported (the process will be sensitive to all bits in 'b[31:0]').
../../../hardware/execute/fp_ops/fp_add.sv:67: sorry: constant selects in always_* processes are not fully supported (the process will be sensitive to all bits in 'b[31:0]').
../../../hardware/execute/fp_ops/fp_add.sv:80: sorry: constant selects in always_* processes are not fully supported (the process will be sensitive to all bits in 'ediff[7:0]').
../../../hardware/execute/fp_ops/fp_add.sv:97: sorry: constant selects in always_* processes are not fully supported (the process will be sensitive to all bits in 's[26:0]').
../../../hardware/execute/fp_ops/fp_add.sv:100: sorry: constant selects in always_* processes are not fully supported (the process will be sensitive to all bits in 's[26:0]').
../../../hardware/execute/fp_ops/fp_add.sv:108: sorry: constant selects in always_* processes are not fully supported (the process will be sensitive to all bits in 's[26:0]').
../../../hardware/execute/fp_ops/fp_add.sv:108: sorry: constant selects in always_* processes are not fully supported (the process will be sensitive to all bits in 'sh[7:0]').
../../../hardware/execute/fp_ops/fp_add.sv:112: sorry: constant selects in always_* processes are not fully supported (the process will be sensitive to all bits in 'norm[25:0]').
../../../hardware/execute/fp_ops/fp_mul.sv:74: sorry: constant selects in always_* processes are not fully supported (the process will be sensitive to all bits in 'rs1_i[31:0]').
../../../hardware/execute/fp_ops/fp_mul.sv:74: sorry: constant selects in always_* processes are not fully supported (the process will be sensitive to all bits in 'rs1_i[31:0]').
../../../hardware/execute/fp_ops/fp_mul.sv:75: sorry: constant selects in always_* processes are not fully supported (the process will be sensitive to all bits in 'rs2_i[31:0]').
../../../hardware/execute/fp_ops/fp_mul.sv:75: sorry: constant selects in always_* processes are not fully supported (the process will be sensitive to all bits in 'rs2_i[31:0]').
../../../hardware/execute/fp_ops/fp_mul.sv:77: sorry: constant selects in always_* processes are not fully supported (the process will be sensitive to all bits in 'rs1_i[31:0]').
../../../hardware/execute/fp_ops/fp_mul.sv:77: sorry: constant selects in always_* processes are not fully supported (the process will be sensitive to all bits in 'rs2_i[31:0]').
../../../hardware/execute/fp_ops/fp_mul.sv:82: sorry: constant selects in always_* processes are not fully supported (the process will be sensitive to all bits in 'ma[23:0]').
../../../hardware/execute/fp_ops/fp_mul.sv:82: sorry: constant selects in always_* processes are not fully supported (the process will be sensitive to all bits in 'mb[23:0]').
../../../hardware/execute/fp_ops/fp_mul.sv:83: sorry: constant selects in always_* processes are not fully supported (the process will be sensitive to all bits in 'ma[23:0]').
../../../hardware/execute/fp_ops/fp_mul.sv:83: sorry: constant selects in always_* processes are not fully supported (the process will be sensitive to all bits in 'mb[23:0]').
../../../hardware/execute/fp_ops/fp_mul.sv:84: sorry: constant selects in always_* processes are not fully supported (the process will be sensitive to all bits in 'ma[23:0]').
../../../hardware/execute/fp_ops/fp_mul.sv:84: sorry: constant selects in always_* processes are not fully supported (the process will be sensitive to all bits in 'mb[23:0]').
../../../hardware/execute/fp_ops/fp_mul.sv:85: sorry: constant selects in always_* processes are not fully supported (the process will be sensitive to all bits in 'ma[23:0]').
../../../hardware/execute/fp_ops/fp_mul.sv:85: sorry: constant selects in always_* processes are not fully supported (the process will be sensitive to all bits in 'mb[23:0]').
../../../hardware/execute/fp_ops/fp_mul.sv:112: sorry: constant selects in always_* processes are not fully supported (the process will be sensitive to all bits in 's2_product[47:0]').
../../../hardware/execute/fp_ops/fp_mul.sv:114: sorry: constant selects in always_* processes are not fully supported (the process will be sensitive to all bits in 's2_product[47:0]').
../../../hardware/execute/fp_ops/fp_mul.sv:116: sorry: constant selects in always_* processes are not fully supported (the process will be sensitive to all bits in 's2_product[47:0]').
../../../hardware/execute/fp_ops/fp_mul.sv:118: sorry: constant selects in always_* processes are not fully supported (the process will be sensitive to all bits in 'er[9:0]').
../../../hardware/execute/fp_ops/fp_mul.sv:120: sorry: constant selects in always_* processes are not fully supported (the process will be sensitive to all bits in 'er[9:0]').
../../../hardware/execute/fp_ops/fp_div.sv:138: sorry: constant selects in always_* processes are not fully supported (the process will be sensitive to all bits in 's_exp[9:0]').
../../../hardware/execute/fp_ops/fp_div.sv:142: sorry: constant selects in always_* processes are not fully supported (the process will be sensitive to all bits in 's_qreg[23:0]').
../../../hardware/execute/fp_ops/fp_div.sv:143: sorry: constant selects in always_* processes are not fully supported (the process will be sensitive to all bits in 's_exp[9:0]').
../../../hardware/execute/fp_ops/fp_div.sv:143: sorry: constant selects in always_* processes are not fully supported (the process will be sensitive to all bits in 's_qreg[23:0]').
../../../hardware/execute/fp_ops/fp_div.sv:147: sorry: constant selects in always_* processes are not fully supported (the process will be sensitive to all bits in 's_exp[9:0]').
../../../hardware/execute/fp_ops/fp_div.sv:147: sorry: constant selects in always_* processes are not fully supported (the process will be sensitive to all bits in 's_qreg[23:0]').
../../../hardware/execute/fp_ops/fp_div.sv:165: sorry: constant selects in always_* processes are not fully supported (the process will be sensitive to all bits in 'rs1_i[31:0]').
../../../hardware/execute/fp_ops/fp_div.sv:165: sorry: constant selects in always_* processes are not fully supported (the process will be sensitive to all bits in 'rs1_i[31:0]').
../../../hardware/execute/fp_ops/fp_div.sv:166: sorry: constant selects in always_* processes are not fully supported (the process will be sensitive to all bits in 'rs2_i[31:0]').
../../../hardware/execute/fp_ops/fp_div.sv:166: sorry: constant selects in always_* processes are not fully supported (the process will be sensitive to all bits in 'rs2_i[31:0]').
../../../hardware/execute/fp_ops/fp_div.sv:167: sorry: constant selects in always_* processes are not fully supported (the process will be sensitive to all bits in 'rs1_i[31:0]').
../../../hardware/execute/fp_ops/fp_div.sv:167: sorry: constant selects in always_* processes are not fully supported (the process will be sensitive to all bits in 'rs2_i[31:0]').
:0: sorry: constant selects in always_* processes are not fully supported (the process will be sensitive to all bits in 'head_entry_w[147:0]').
../../../hardware/execute/lsb/load_store_buffer.sv:121: sorry: constant selects in always_* processes are not fully supported (the process will be sensitive to all bits in 'head_addr[31:0]').
../../../hardware/execute/lsb/load_store_buffer.sv:122: sorry: constant selects in always_* processes are not fully supported (the process will be sensitive to all bits in 'head_addr[31:0]').
:0: sorry: constant selects in always_* processes are not fully supported (the process will be sensitive to all bits in 'head_entry_w[147:0]').
../../../hardware/execute/lsb/load_store_buffer.sv:131: sorry: constant selects in always_* processes are not fully supported (the process will be sensitive to all bits in 'head_entry_w[147:0]').
../../../hardware/execute/lsb/load_store_buffer.sv:132: sorry: constant selects in always_* processes are not fully supported (the process will be sensitive to all bits in 'head_entry_w[147:0]').
:0: sorry: constant selects in always_* processes are not fully supported (the process will be sensitive to all bits in 'head_entry_w[147:0]').
../../../hardware/execute/lsb/load_store_buffer.sv:143: sorry: constant selects in always_* processes are not fully supported (the process will be sensitive to all bits in 'mem_rd_data_i[31:0]').
../../../hardware/execute/lsb/load_store_buffer.sv:143: sorry: constant selects in always_* processes are not fully supported (the process will be sensitive to all bits in 'mem_rd_data_i[31:0]').
../../../hardware/execute/lsb/load_store_buffer.sv:144: sorry: constant selects in always_* processes are not fully supported (the process will be sensitive to all bits in 'mem_rd_data_i[31:0]').
../../../hardware/execute/lsb/load_store_buffer.sv:144: sorry: constant selects in always_* processes are not fully supported (the process will be sensitive to all bits in 'mem_rd_data_i[31:0]').
../../../hardware/execute/lsb/load_store_buffer.sv:145: sorry: constant selects in always_* processes are not fully supported (the process will be sensitive to all bits in 'mem_rd_data_i[31:0]').
../../../hardware/execute/lsb/load_store_buffer.sv:145: sorry: constant selects in always_* processes are not fully supported (the process will be sensitive to all bits in 'mem_rd_data_i[31:0]').
../../../hardware/execute/lsb/load_store_buffer.sv:146: sorry: constant selects in always_* processes are not fully supported (the process will be sensitive to all bits in 'mem_rd_data_i[31:0]').
../../../hardware/execute/lsb/load_store_buffer.sv:146: sorry: constant selects in always_* processes are not fully supported (the process will be sensitive to all bits in 'mem_rd_data_i[31:0]').
../../../hardware/execute/lsb/load_store_buffer.sv:151: sorry: constant selects in always_* processes are not fully supported (the process will be sensitive to all bits in 'mem_rd_data_i[31:0]').
../../../hardware/execute/lsb/load_store_buffer.sv:152: sorry: constant selects in always_* processes are not fully supported (the process will be sensitive to all bits in 'mem_rd_data_i[31:0]').
../../../hardware/execute/lsb/load_store_buffer.sv:153: sorry: constant selects in always_* processes are not fully supported (the process will be sensitive to all bits in 'mem_rd_data_i[31:0]').
../../../hardware/execute/lsb/load_store_buffer.sv:154: sorry: constant selects in always_* processes are not fully supported (the process will be sensitive to all bits in 'mem_rd_data_i[31:0]').
../../../hardware/execute/lsb/load_store_buffer.sv:157: sorry: constant selects in always_* processes are not fully supported (the process will be sensitive to all bits in 'load_pending_byte_sel[1:0]').
../../../hardware/execute/lsb/load_store_buffer.sv:158: sorry: constant selects in always_* processes are not fully supported (the process will be sensitive to all bits in 'mem_rd_data_i[31:0]').
../../../hardware/execute/lsb/load_store_buffer.sv:158: sorry: constant selects in always_* processes are not fully supported (the process will be sensitive to all bits in 'mem_rd_data_i[31:0]').
../../../hardware/execute/lsb/load_store_buffer.sv:159: sorry: constant selects in always_* processes are not fully supported (the process will be sensitive to all bits in 'mem_rd_data_i[31:0]').
../../../hardware/execute/lsb/load_store_buffer.sv:159: sorry: constant selects in always_* processes are not fully supported (the process will be sensitive to all bits in 'mem_rd_data_i[31:0]').
../../../hardware/execute/lsb/load_store_buffer.sv:160: sorry: constant selects in always_* processes are not fully supported (the process will be sensitive to all bits in 'load_pending_byte_sel[1:0]').
../../../hardware/execute/lsb/load_store_buffer.sv:161: sorry: constant selects in always_* processes are not fully supported (the process will be sensitive to all bits in 'mem_rd_data_i[31:0]').
../../../hardware/execute/lsb/load_store_buffer.sv:162: sorry: constant selects in always_* processes are not fully supported (the process will be sensitive to all bits in 'mem_rd_data_i[31:0]').
../../../hardware/execute/fp_ops/fp_cvt.sv:56: sorry: constant selects in always_* processes are not fully supported (the process will be sensitive to all bits in 'f[31:0]').
../../../hardware/execute/fp_ops/fp_cvt.sv:57: sorry: constant selects in always_* processes are not fully supported (the process will be sensitive to all bits in 'f[31:0]').
../../../hardware/execute/fp_ops/fp_cvt.sv:58: sorry: constant selects in always_* processes are not fully supported (the process will be sensitive to all bits in 'f[31:0]').
../../../hardware/execute/fp_ops/fp_cvt.sv:98: sorry: constant selects in always_* processes are not fully supported (the process will be sensitive to all bits in 'x[31:0]').
../../../hardware/execute/fp_ops/fp_cvt.sv:109: sorry: constant selects in always_* processes are not fully supported (the process will be sensitive to all bits in 'norm[31:0]').
:0: sorry: constant selects in always_* processes are not fully supported (the process will be sensitive to all bits in 'commit_entry_i[112:0]').
:0: sorry: constant selects in always_* processes are not fully supported (the process will be sensitive to all bits in 'commit_entry_i[112:0]').
:0: sorry: constant selects in always_* processes are not fully supported (the process will be sensitive to all bits in 'commit_entry_i[112:0]').
:0: sorry: constant selects in always_* processes are not fully supported (the process will be sensitive to all bits in 'commit_entry_i[112:0]').
:0: sorry: constant selects in always_* processes are not fully supported (the process will be sensitive to all bits in 'commit_entry_i[112:0]').
:0: sorry: constant selects in always_* processes are not fully supported (the process will be sensitive to all bits in 'commit_entry_i[112:0]').
:0: sorry: constant selects in always_* processes are not fully supported (the process will be sensitive to all bits in 'commit_entry_i[112:0]').
:0: sorry: constant selects in always_* processes are not fully supported (the process will be sensitive to all bits in 'commit_entry_i[112:0]').
:0: sorry: constant selects in always_* processes are not fully supported (the process will be sensitive to all bits in 'commit_entry_i[112:0]').
:0: sorry: constant selects in always_* processes are not fully supported (the process will be sensitive to all bits in 'commit_entry_i[112:0]').
:0: sorry: constant selects in always_* processes are not fully supported (the process will be sensitive to all bits in 'commit_entry_i[112:0]').
:0: sorry: constant selects in always_* processes are not fully supported (the process will be sensitive to all bits in 'commit_entry_i[112:0]').
:0: sorry: constant selects in always_* processes are not fully supported (the process will be sensitive to all bits in 'commit_entry_i[112:0]').
:0: sorry: constant selects in always_* processes are not fully supported (the process will be sensitive to all bits in 'commit_entry_i[112:0]').
../../../hardware/core/tomasulo_core.sv:54: sorry: constant selects in always_* processes are not fully supported (the process will be sensitive to all bits in 'raw[31:0]').
../../../hardware/core/tomasulo_core.sv:54: sorry: constant selects in always_* processes are not fully supported (the process will be sensitive to all bits in 'raw[31:0]').
../../../hardware/core/tomasulo_core.sv:54: sorry: constant selects in always_* processes are not fully supported (the process will be sensitive to all bits in 'raw[31:0]').
../../../hardware/core/tomasulo_core.sv:55: sorry: constant selects in always_* processes are not fully supported (the process will be sensitive to all bits in 'raw[31:0]').
../../../hardware/core/tomasulo_core.sv:55: sorry: constant selects in always_* processes are not fully supported (the process will be sensitive to all bits in 'raw[31:0]').
../../../hardware/core/tomasulo_core.sv:55: sorry: constant selects in always_* processes are not fully supported (the process will be sensitive to all bits in 'raw[31:0]').
../../../hardware/core/tomasulo_core.sv:71: sorry: constant selects in always_* processes are not fully supported (the process will be sensitive to all bits in 'funct7[6:0]').
../../../hardware/core/tomasulo_core.sv:82: sorry: constant selects in always_* processes are not fully supported (the process will be sensitive to all bits in 'raw[31:0]').
../../../hardware/core/tomasulo_core.sv:82: sorry: constant selects in always_* processes are not fully supported (the process will be sensitive to all bits in 'raw[31:0]').
../../../hardware/core/tomasulo_core.sv:88: sorry: constant selects in always_* processes are not fully supported (the process will be sensitive to all bits in 'funct7[6:0]').
../../../hardware/core/tomasulo_core.sv:94: sorry: constant selects in always_* processes are not fully supported (the process will be sensitive to all bits in 'raw[31:0]').
../../../hardware/core/tomasulo_core.sv:94: sorry: constant selects in always_* processes are not fully supported (the process will be sensitive to all bits in 'raw[31:0]').
../../../hardware/core/tomasulo_core.sv:104: sorry: constant selects in always_* processes are not fully supported (the process will be sensitive to all bits in 'raw[31:0]').
../../../hardware/core/tomasulo_core.sv:104: sorry: constant selects in always_* processes are not fully supported (the process will be sensitive to all bits in 'raw[31:0]').
../../../hardware/core/tomasulo_core.sv:104: sorry: constant selects in always_* processes are not fully supported (the process will be sensitive to all bits in 'raw[31:0]').
../../../hardware/core/tomasulo_core.sv:114: sorry: constant selects in always_* processes are not fully supported (the process will be sensitive to all bits in 'raw[31:0]').
../../../hardware/core/tomasulo_core.sv:114: sorry: constant selects in always_* processes are not fully supported (the process will be sensitive to all bits in 'raw[31:0]').
../../../hardware/core/tomasulo_core.sv:114: sorry: constant selects in always_* processes are not fully supported (the process will be sensitive to all bits in 'raw[31:0]').
../../../hardware/core/tomasulo_core.sv:114: sorry: constant selects in always_* processes are not fully supported (the process will be sensitive to all bits in 'raw[31:0]').
../../../hardware/core/tomasulo_core.sv:114: sorry: constant selects in always_* processes are not fully supported (the process will be sensitive to all bits in 'raw[31:0]').
../../../hardware/core/tomasulo_core.sv:124: sorry: constant selects in always_* processes are not fully supported (the process will be sensitive to all bits in 'raw[31:0]').
../../../hardware/core/tomasulo_core.sv:124: sorry: constant selects in always_* processes are not fully supported (the process will be sensitive to all bits in 'raw[31:0]').
../../../hardware/core/tomasulo_core.sv:124: sorry: constant selects in always_* processes are not fully supported (the process will be sensitive to all bits in 'raw[31:0]').
../../../hardware/core/tomasulo_core.sv:124: sorry: constant selects in always_* processes are not fully supported (the process will be sensitive to all bits in 'raw[31:0]').
../../../hardware/core/tomasulo_core.sv:124: sorry: constant selects in always_* processes are not fully supported (the process will be sensitive to all bits in 'raw[31:0]').
../../../hardware/core/tomasulo_core.sv:129: sorry: constant selects in always_* processes are not fully supported (the process will be sensitive to all bits in 'raw[31:0]').
../../../hardware/core/tomasulo_core.sv:129: sorry: constant selects in always_* processes are not fully supported (the process will be sensitive to all bits in 'raw[31:0]').
../../../hardware/core/tomasulo_core.sv:134: sorry: constant selects in always_* processes are not fully supported (the process will be sensitive to all bits in 'raw[31:0]').
../../../hardware/core/tomasulo_core.sv:138: sorry: constant selects in always_* processes are not fully supported (the process will be sensitive to all bits in 'raw[31:0]').
../../../hardware/core/tomasulo_core.sv:144: sorry: constant selects in always_* processes are not fully supported (the process will be sensitive to all bits in 'raw[31:0]').
../../../hardware/core/tomasulo_core.sv:144: sorry: constant selects in always_* processes are not fully supported (the process will be sensitive to all bits in 'raw[31:0]').
../../../hardware/core/tomasulo_core.sv:150: sorry: constant selects in always_* processes are not fully supported (the process will be sensitive to all bits in 'raw[31:0]').
../../../hardware/core/tomasulo_core.sv:150: sorry: constant selects in always_* processes are not fully supported (the process will be sensitive to all bits in 'raw[31:0]').
../../../hardware/core/tomasulo_core.sv:150: sorry: constant selects in always_* processes are not fully supported (the process will be sensitive to all bits in 'raw[31:0]').
[tb] loading hex: build/I-RF_size-01.hex
[tb] hex loaded, entering reset
[tb] rst_n=0, waiting for 4 clk edges...
[tb] reset done, rst_n=1
[F] cyc=1 fetch raw=1a000813 pc_d=00000000 fetch_pc=00000004 mem_direct=1a000813
[D] cyc=2 dispatch op=8 pc=00000000 tag=0 raw_iq_imm=000001a0 rs1=0
[F] cyc=2 fetch raw=42727037 pc_d=00000004 fetch_pc=00000008 mem_direct=42727037
[D] cyc=3 dispatch op=22 pc=00000004 tag=1 raw_iq_imm=42727000 rs1=0
[F] cyc=3 fetch raw=e6f00013 pc_d=00000008 fetch_pc=0000000c mem_direct=e6f00013
[D] cyc=4 dispatch op=8 pc=00000008 tag=2 raw_iq_imm=fffffe6f rs1=0
[F] cyc=4 fetch raw=563330b7 pc_d=0000000c fetch_pc=00000010 mem_direct=563330b7
[D] cyc=5 dispatch op=22 pc=0000000c tag=3 raw_iq_imm=56333000 rs1=0
[F] cyc=5 fetch raw=24908093 pc_d=00000010 fetch_pc=00000014 mem_direct=24908093
[C] cyc=5 CDB tag=0 val=000001a0
[D] cyc=6 dispatch op=8 pc=00000010 tag=4 raw_iq_imm=00000249 rs1=1
[F] cyc=6 fetch raw=2d562137 pc_d=00000014 fetch_pc=00000018 mem_direct=2d562137
[R] cyc=6 COMMIT op=8 pc=00000000
[D] cyc=7 dispatch op=22 pc=00000014 tag=5 raw_iq_imm=2d562000 rs1=0
[F] cyc=7 fetch raw=05210113 pc_d=00000018 fetch_pc=0000001c mem_direct=05210113
[C] cyc=7 CDB tag=2 val=fffffe6f
[D] cyc=8 dispatch op=8 pc=00000018 tag=6 raw_iq_imm=00000052 rs1=2
[F] cyc=8 fetch raw=526971b7 pc_d=0000001c fetch_pc=00000020 mem_direct=526971b7
[D] cyc=9 dispatch op=22 pc=0000001c tag=7 raw_iq_imm=52697000 rs1=0
[F] cyc=9 fetch raw=36318193 pc_d=00000020 fetch_pc=00000024 mem_direct=36318193
[C] cyc=9 CDB tag=1 val=42727000
[D] cyc=10 dispatch op=8 pc=00000020 tag=8 raw_iq_imm=00000363 rs1=3
[F] cyc=10 fetch raw=736b8237 pc_d=00000024 fetch_pc=00000028 mem_direct=736b8237
[R] cyc=10 COMMIT op=22 pc=00000004
[D] cyc=11 dispatch op=22 pc=00000024 tag=9 raw_iq_imm=736b8000 rs1=0
[F] cyc=11 fetch raw=92020213 pc_d=00000028 fetch_pc=0000002c mem_direct=92020213
[C] cyc=11 CDB tag=3 val=56333000
[R] cyc=11 COMMIT op=8 pc=00000008
[D] cyc=12 dispatch op=8 pc=00000028 tag=10 raw_iq_imm=fffff920 rs1=4
[F] cyc=12 fetch raw=737462b7 pc_d=0000002c fetch_pc=00000030 mem_direct=737462b7
[R] cyc=12 COMMIT op=22 pc=0000000c
[F] cyc=13 fetch raw=57228293 pc_d=00000030 fetch_pc=00000034 mem_direct=57228293
[C] cyc=13 CDB tag=5 val=2d562000
[D] cyc=14 dispatch op=22 pc=0000002c tag=11 raw_iq_imm=73746000 rs1=0
[F] cyc=14 fetch raw=6e205337 pc_d=00000034 fetch_pc=00000038 mem_direct=6e205337
[F] cyc=15 fetch raw=e6f30313 pc_d=00000038 fetch_pc=0000003c mem_direct=e6f30313
[C] cyc=15 CDB tag=4 val=56333249
[D] cyc=16 dispatch op=8 pc=00000030 tag=12 raw_iq_imm=00000572 rs1=5
[F] cyc=16 fetch raw=4d6973b7 pc_d=0000003c fetch_pc=00000040 mem_direct=4d6973b7
[R] cyc=16 COMMIT op=8 pc=00000010
[F] cyc=17 fetch raw=c6138393 pc_d=00000040 fetch_pc=00000044 mem_direct=c6138393
[C] cyc=17 CDB tag=11 val=73746000
[R] cyc=17 COMMIT op=22 pc=00000014
[D] cyc=18 dispatch op=22 pc=00000034 tag=13 raw_iq_imm=6e205000 rs1=0
[F] cyc=18 fetch raw=6f646437 pc_d=00000044 fetch_pc=00000048 mem_direct=6f646437
[F] cyc=19 fetch raw=17340413 pc_d=00000048 fetch_pc=0000004c mem_direct=17340413
[C] cyc=19 CDB tag=6 val=2d562052
[D] cyc=20 dispatch op=8 pc=00000038 tag=14 raw_iq_imm=fffffe6f rs1=6
[F] cyc=20 fetch raw=6b7944b7 pc_d=0000004c fetch_pc=00000050 mem_direct=6b7944b7
[R] cyc=20 COMMIT op=8 pc=00000018
[F] cyc=21 fetch raw=06348493 pc_d=00000050 fetch_pc=00000054 mem_direct=06348493
[C] cyc=21 CDB tag=12 val=73746572
[D] cyc=22 dispatch op=22 pc=0000003c tag=15 raw_iq_imm=4d697000 rs1=0
[F] cyc=22 fetch raw=74657537 pc_d=00000054 fetch_pc=00000058 mem_direct=74657537
[F] cyc=23 fetch raw=27350513 pc_d=00000058 fetch_pc=0000005c mem_direct=27350513
[C] cyc=23 CDB tag=13 val=6e205000
[D] cyc=24 dispatch op=8 pc=00000040 tag=0 raw_iq_imm=fffffc61 rs1=7
[F] cyc=24 fetch raw=286e75b7 pc_d=0000005c fetch_pc=00000060 mem_direct=286e75b7
[F] cyc=25 fetch raw=f7358593 pc_d=00000060 fetch_pc=00000064 mem_direct=f7358593
[C] cyc=25 CDB tag=15 val=4d697000
[D] cyc=26 dispatch op=22 pc=00000044 tag=1 raw_iq_imm=6f646000 rs1=0
[F] cyc=27 fetch raw=656b2637 pc_d=00000064 fetch_pc=00000068 mem_direct=656b2637
[C] cyc=27 CDB tag=14 val=6e204e6f
[D] cyc=28 dispatch op=8 pc=00000048 tag=2 raw_iq_imm=00000173 rs1=8
[F] cyc=29 fetch raw=04860613 pc_d=00000068 fetch_pc=0000006c mem_direct=04860613
[C] cyc=29 CDB tag=1 val=6f646000
[D] cyc=30 dispatch op=22 pc=0000004c tag=3 raw_iq_imm=6b794000 rs1=0
[F] cyc=31 fetch raw=205266b7 pc_d=0000006c fetch_pc=00000070 mem_direct=205266b7
[C] cyc=31 CDB tag=0 val=4d696c61
[D] cyc=32 dispatch op=8 pc=00000050 tag=4 raw_iq_imm=00000063 rs1=9
[F] cyc=33 fetch raw=16468693 pc_d=00000070 fetch_pc=00000074 mem_direct=16468693
[C] cyc=33 CDB tag=2 val=6f646173
[D] cyc=34 dispatch op=22 pc=00000054 tag=5 raw_iq_imm=74657000 rs1=0
[F] cyc=35 fetch raw=6f6d3737 pc_d=00000074 fetch_pc=00000078 mem_direct=6f6d3737
[C] cyc=35 CDB tag=3 val=6b794000
[D] cyc=36 dispatch op=8 pc=00000058 tag=6 raw_iq_imm=00000273 rs1=10
[F] cyc=37 fetch raw=92c70713 pc_d=00000078 fetch_pc=0000007c mem_direct=92c70713
[C] cyc=37 CDB tag=5 val=74657000
[C] cyc=39 CDB tag=4 val=6b794063
[C] cyc=41 CDB tag=6 val=74657273
[C] cyc=43 CDB tag=7 val=52697000
[R] cyc=44 COMMIT op=22 pc=0000001c
[D] cyc=45 dispatch op=22 pc=0000005c tag=7 raw_iq_imm=286e7000 rs1=0
[C] cyc=45 CDB tag=9 val=736b8000
[F] cyc=46 fetch raw=697037b7 pc_d=0000007c fetch_pc=00000080 mem_direct=697037b7
[C] cyc=47 CDB tag=8 val=52697363
[R] cyc=48 COMMIT op=8 pc=00000020
[D] cyc=49 dispatch op=8 pc=00000060 tag=8 raw_iq_imm=ffffff73 rs1=11
[C] cyc=49 CDB tag=7 val=286e7000
[R] cyc=49 COMMIT op=22 pc=00000024
[D] cyc=50 dispatch op=22 pc=00000064 tag=9 raw_iq_imm=656b2000 rs1=0
[F] cyc=50 fetch raw=e6378793 pc_d=00000080 fetch_pc=00000084 mem_direct=e6378793
[F] cyc=51 fetch raw=00082023 pc_d=00000084 fetch_pc=00000088 mem_direct=00082023
[C] cyc=51 CDB tag=10 val=736b7920
[R] cyc=52 COMMIT op=8 pc=00000028
[D] cyc=53 dispatch op=8 pc=00000068 tag=10 raw_iq_imm=00000048 rs1=12
[C] cyc=53 CDB tag=8 val=286e6f73
[R] cyc=53 COMMIT op=22 pc=0000002c
[D] cyc=54 dispatch op=22 pc=0000006c tag=11 raw_iq_imm=20526000 rs1=0
[F] cyc=54 fetch raw=00182223 pc_d=00000088 fetch_pc=0000008c mem_direct=00182223
[R] cyc=54 COMMIT op=8 pc=00000030
[D] cyc=55 dispatch op=8 pc=00000070 tag=12 raw_iq_imm=00000164 rs1=13
[F] cyc=55 fetch raw=00282423 pc_d=0000008c fetch_pc=00000090 mem_direct=00282423
[C] cyc=55 CDB tag=9 val=656b2000
[R] cyc=55 COMMIT op=22 pc=00000034
[D] cyc=56 dispatch op=22 pc=00000074 tag=13 raw_iq_imm=6f6d3000 rs1=0
[F] cyc=56 fetch raw=00382623 pc_d=00000090 fetch_pc=00000094 mem_direct=00382623
[R] cyc=56 COMMIT op=8 pc=00000038
[D] cyc=57 dispatch op=8 pc=00000078 tag=14 raw_iq_imm=fffff92c rs1=14
[F] cyc=57 fetch raw=00482823 pc_d=00000094 fetch_pc=00000098 mem_direct=00482823
[C] cyc=57 CDB tag=11 val=20526000
[R] cyc=57 COMMIT op=22 pc=0000003c
[D] cyc=58 dispatch op=22 pc=0000007c tag=15 raw_iq_imm=69703000 rs1=0
[F] cyc=58 fetch raw=00582a23 pc_d=00000098 fetch_pc=0000009c mem_direct=00582a23
[R] cyc=58 COMMIT op=8 pc=00000040
[D] cyc=59 dispatch op=8 pc=00000080 tag=0 raw_iq_imm=fffffe63 rs1=15
[F] cyc=59 fetch raw=00682c23 pc_d=0000009c fetch_pc=000000a0 mem_direct=00682c23
[C] cyc=59 CDB tag=10 val=656b2048
[R] cyc=59 COMMIT op=22 pc=00000044
[D] cyc=60 dispatch op=15 pc=00000084 tag=1 raw_iq_imm=00000000 rs1=16
[F] cyc=60 fetch raw=00782e23 pc_d=000000a0 fetch_pc=000000a4 mem_direct=00782e23
[R] cyc=60 COMMIT op=8 pc=00000048
[D] cyc=61 dispatch op=15 pc=00000088 tag=2 raw_iq_imm=00000004 rs1=16
[F] cyc=61 fetch raw=02882023 pc_d=000000a4 fetch_pc=000000a8 mem_direct=02882023
[C] cyc=61 CDB tag=1 val=00000000
[R] cyc=61 COMMIT op=22 pc=0000004c
[D] cyc=62 dispatch op=15 pc=0000008c tag=3 raw_iq_imm=00000008 rs1=16
[F] cyc=62 fetch raw=02982223 pc_d=000000a8 fetch_pc=000000ac mem_direct=02982223
[C] cyc=62 CDB tag=15 val=69703000
[R] cyc=62 COMMIT op=8 pc=00000050
[D] cyc=63 dispatch op=15 pc=00000090 tag=4 raw_iq_imm=0000000c rs1=16
[F] cyc=63 fetch raw=02a82423 pc_d=000000ac fetch_pc=000000b0 mem_direct=02a82423
[C] cyc=63 CDB tag=2 val=00000000
[R] cyc=63 COMMIT op=22 pc=00000054
[D] cyc=64 dispatch op=15 pc=00000094 tag=5 raw_iq_imm=00000010 rs1=16
[F] cyc=64 fetch raw=02b82623 pc_d=000000b0 fetch_pc=000000b4 mem_direct=02b82623
[C] cyc=64 CDB tag=13 val=6f6d3000
[R] cyc=64 COMMIT op=8 pc=00000058
[D] cyc=65 dispatch op=15 pc=00000098 tag=6 raw_iq_imm=00000014 rs1=16
[F] cyc=65 fetch raw=02c82823 pc_d=000000b4 fetch_pc=000000b8 mem_direct=02c82823
[C] cyc=65 CDB tag=3 val=00000000
[R] cyc=65 COMMIT op=22 pc=0000005c
[D] cyc=66 dispatch op=15 pc=0000009c tag=7 raw_iq_imm=00000018 rs1=16
[F] cyc=66 fetch raw=02d82a23 pc_d=000000b8 fetch_pc=000000bc mem_direct=02d82a23
[C] cyc=66 CDB tag=12 val=20526164
[R] cyc=66 COMMIT op=8 pc=00000060
[D] cyc=67 dispatch op=15 pc=000000a0 tag=8 raw_iq_imm=0000001c rs1=16
[F] cyc=67 fetch raw=02e82c23 pc_d=000000bc fetch_pc=000000c0 mem_direct=02e82c23
[C] cyc=67 CDB tag=4 val=00000000
[R] cyc=67 COMMIT op=22 pc=00000064
[F] cyc=68 fetch raw=02f82e23 pc_d=000000c0 fetch_pc=000000c4 mem_direct=02f82e23
[C] cyc=68 CDB tag=14 val=6f6d292c
[R] cyc=68 COMMIT op=8 pc=00000068
[C] cyc=69 CDB tag=5 val=00000000
[R] cyc=69 COMMIT op=22 pc=0000006c
[C] cyc=70 CDB tag=0 val=69702e63
[R] cyc=70 COMMIT op=8 pc=00000070
[C] cyc=71 CDB tag=6 val=00000000
[R] cyc=71 COMMIT op=22 pc=00000074
[C] cyc=72 CDB tag=7 val=00000000
[R] cyc=72 COMMIT op=8 pc=00000078
[C] cyc=73 CDB tag=8 val=00000000
[R] cyc=73 COMMIT op=22 pc=0000007c
[R] cyc=74 COMMIT op=8 pc=00000080
[R] cyc=75 COMMIT op=15 pc=00000084
[D] cyc=76 dispatch op=15 pc=000000a4 tag=9 raw_iq_imm=00000020 rs1=16
[R] cyc=76 COMMIT op=15 pc=00000088
[D] cyc=77 dispatch op=15 pc=000000a8 tag=10 raw_iq_imm=00000024 rs1=16
[F] cyc=77 fetch raw=1e000213 pc_d=000000c4 fetch_pc=000000c8 mem_direct=1e000213
[C] cyc=77 CDB tag=9 val=00000000
[R] cyc=77 COMMIT op=15 pc=0000008c
[D] cyc=78 dispatch op=15 pc=000000ac tag=11 raw_iq_imm=00000028 rs1=16
[F] cyc=78 fetch raw=636f6837 pc_d=000000c8 fetch_pc=000000cc mem_direct=636f6837
[C] cyc=78 CDB tag=10 val=00000000
[R] cyc=78 COMMIT op=15 pc=00000090
[D] cyc=79 dispatch op=15 pc=000000b0 tag=12 raw_iq_imm=0000002c rs1=16
[F] cyc=79 fetch raw=46180813 pc_d=000000cc fetch_pc=000000d0 mem_direct=46180813
[C] cyc=79 CDB tag=11 val=00000000
[R] cyc=79 COMMIT op=15 pc=00000094
[D] cyc=80 dispatch op=15 pc=000000b4 tag=13 raw_iq_imm=00000030 rs1=16
[F] cyc=80 fetch raw=6a6578b7 pc_d=000000d0 fetch_pc=000000d4 mem_direct=6a6578b7
[C] cyc=80 CDB tag=12 val=00000000
[R] cyc=80 COMMIT op=15 pc=00000098
[D] cyc=81 dispatch op=15 pc=000000b8 tag=14 raw_iq_imm=00000034 rs1=16
[F] cyc=81 fetch raw=b4088893 pc_d=000000d4 fetch_pc=000000d8 mem_direct=b4088893
[C] cyc=81 CDB tag=13 val=00000000
[R] cyc=81 COMMIT op=15 pc=0000009c
[D] cyc=82 dispatch op=15 pc=000000bc tag=15 raw_iq_imm=00000038 rs1=16
[F] cyc=82 fetch raw=20287937 pc_d=000000d8 fetch_pc=000000dc mem_direct=20287937
[C] cyc=82 CDB tag=14 val=00000000
[R] cyc=82 COMMIT op=15 pc=000000a0
[D] cyc=83 dispatch op=15 pc=000000c0 tag=0 raw_iq_imm=0000003c rs1=16
[F] cyc=83 fetch raw=86190913 pc_d=000000dc fetch_pc=000000e0 mem_direct=86190913
[C] cyc=83 CDB tag=15 val=00000000
[R] cyc=83 COMMIT op=15 pc=000000a4
[D] cyc=84 dispatch op=8 pc=000000c4 tag=1 raw_iq_imm=000001e0 rs1=0
[F] cyc=84 fetch raw=616a69b7 pc_d=000000e0 fetch_pc=000000e4 mem_direct=616a69b7
[C] cyc=84 CDB tag=0 val=00000000
[R] cyc=84 COMMIT op=15 pc=000000a8
[D] cyc=85 dispatch op=22 pc=000000c8 tag=2 raw_iq_imm=636f6000 rs1=0
[F] cyc=85 fetch raw=56b98993 pc_d=000000e4 fetch_pc=000000e8 mem_direct=56b98993
[R] cyc=85 COMMIT op=15 pc=000000ac
[D] cyc=86 dispatch op=8 pc=000000cc tag=3 raw_iq_imm=00000461 rs1=16
[F] cyc=86 fetch raw=61766a37 pc_d=000000e8 fetch_pc=000000ec mem_direct=61766a37
[R] cyc=86 COMMIT op=15 pc=000000b0
[D] cyc=87 dispatch op=22 pc=000000d0 tag=4 raw_iq_imm=6a657000 rs1=0
[F] cyc=87 fetch raw=520a0a13 pc_d=000000ec fetch_pc=000000f0 mem_direct=520a0a13
[C] cyc=87 CDB tag=1 val=000001e0
[R] cyc=87 COMMIT op=15 pc=000000b4
[D] cyc=88 dispatch op=8 pc=000000d4 tag=5 raw_iq_imm=fffffb40 rs1=17
[F] cyc=88 fetch raw=2e205ab7 pc_d=000000f0 fetch_pc=000000f4 mem_direct=2e205ab7
[R] cyc=88 COMMIT op=15 pc=000000b8
[D] cyc=89 dispatch op=22 pc=000000d8 tag=6 raw_iq_imm=20287000 rs1=0
[F] cyc=89 fetch raw=c65a8a93 pc_d=000000f4 fetch_pc=000000f8 mem_direct=c65a8a93
[C] cyc=89 CDB tag=2 val=636f6000
[R] cyc=89 COMMIT op=15 pc=000000bc
[D] cyc=90 dispatch op=8 pc=000000dc tag=7 raw_iq_imm=fffff861 rs1=18
[F] cyc=90 fetch raw=636f7b37 pc_d=000000f8 fetch_pc=000000fc mem_direct=636f7b37
[R] cyc=90 COMMIT op=15 pc=000000c0
[D] cyc=91 dispatch op=22 pc=000000e0 tag=8 raw_iq_imm=616a6000 rs1=0
[F] cyc=91 fetch raw=d29b0b13 pc_d=000000fc fetch_pc=00000100 mem_direct=d29b0b13
[C] cyc=91 CDB tag=4 val=6a657000
[R] cyc=91 COMMIT op=8 pc=000000c4
[D] cyc=92 dispatch op=8 pc=000000e4 tag=9 raw_iq_imm=0000056b rs1=19
[F] cyc=92 fetch raw=73697bb7 pc_d=00000100 fetch_pc=00000104 mem_direct=73697bb7
[R] cyc=92 COMMIT op=22 pc=000000c8
[D] cyc=93 dispatch op=22 pc=000000e8 tag=10 raw_iq_imm=61766000 rs1=0
[F] cyc=93 fetch raw=02eb8b93 pc_d=00000104 fetch_pc=00000108 mem_direct=02eb8b93
[C] cyc=93 CDB tag=3 val=636f6461
[D] cyc=94 dispatch op=8 pc=000000ec tag=11 raw_iq_imm=00000520 rs1=20
[F] cyc=94 fetch raw=66208c37 pc_d=00000108 fetch_pc=0000010c mem_direct=66208c37
[R] cyc=94 COMMIT op=8 pc=000000cc
[F] cyc=95 fetch raw=96fc0c13 pc_d=0000010c fetch_pc=00000110 mem_direct=96fc0c13
[C] cyc=95 CDB tag=5 val=6a656b40
[R] cyc=95 COMMIT op=22 pc=000000d0
[D] cyc=96 dispatch op=22 pc=000000f0 tag=12 raw_iq_imm=2e205000 rs1=0
[R] cyc=96 COMMIT op=8 pc=000000d4
[F] cyc=97 fetch raw=67652cb7 pc_d=00000110 fetch_pc=00000114 mem_direct=67652cb7
[C] cyc=97 CDB tag=6 val=20287000
[D] cyc=98 dispatch op=8 pc=000000f4 tag=13 raw_iq_imm=fffffc65 rs1=21
[R] cyc=98 COMMIT op=22 pc=000000d8
[F] cyc=99 fetch raw=069c8c93 pc_d=00000114 fetch_pc=00000118 mem_direct=069c8c93
[C] cyc=99 CDB tag=12 val=2e205000
[D] cyc=100 dispatch op=22 pc=000000f8 tag=14 raw_iq_imm=636f7000 rs1=0
[F] cyc=101 fetch raw=65737d37 pc_d=00000118 fetch_pc=0000011c mem_direct=65737d37
[C] cyc=101 CDB tag=7 val=20286861
[D] cyc=102 dispatch op=8 pc=000000fc tag=15 raw_iq_imm=fffffd29 rs1=22
[R] cyc=102 COMMIT op=8 pc=000000dc
[F] cyc=103 fetch raw=361d0d13 pc_d=0000011c fetch_pc=00000120 mem_direct=361d0d13
[C] cyc=103 CDB tag=14 val=636f7000
[D] cyc=104 dispatch op=22 pc=00000100 tag=0 raw_iq_imm=73697000 rs1=0
[F] cyc=105 fetch raw=75732db7 pc_d=00000120 fetch_pc=00000124 mem_direct=75732db7
[C] cyc=105 CDB tag=13 val=2e204c65
[D] cyc=106 dispatch op=8 pc=00000104 tag=1 raw_iq_imm=0000002e rs1=23
[F] cyc=107 fetch raw=06dd8d93 pc_d=00000124 fetch_pc=00000128 mem_direct=06dd8d93
[C] cyc=107 CDB tag=15 val=636f6d29
[D] cyc=108 dispatch op=22 pc=00000108 tag=2 raw_iq_imm=66208000 rs1=0
[F] cyc=109 fetch raw=3a291e37 pc_d=00000128 fetch_pc=0000012c mem_direct=3a291e37
[C] cyc=109 CDB tag=0 val=73697000
[D] cyc=110 dispatch op=8 pc=0000010c tag=3 raw_iq_imm=fffff96f rs1=24
[F] cyc=111 fetch raw=d0ae0e13 pc_d=0000012c fetch_pc=00000130 mem_direct=d0ae0e13
[C] cyc=111 CDB tag=2 val=66208000
[D] cyc=112 dispatch op=22 pc=00000110 tag=4 raw_iq_imm=67652000 rs1=0
[F] cyc=113 fetch raw=68697eb7 pc_d=00000130 fetch_pc=00000134 mem_direct=68697eb7
[C] cyc=113 CDB tag=1 val=7369702e
[D] cyc=114 dispatch op=8 pc=00000114 tag=5 raw_iq_imm=00000069 rs1=25
[F] cyc=115 fetch raw=320e8e93 pc_d=00000134 fetch_pc=00000138 mem_direct=320e8e93
[C] cyc=115 CDB tag=4 val=67652000
[D] cyc=116 dispatch op=22 pc=00000118 tag=6 raw_iq_imm=65737000 rs1=0
[F] cyc=117 fetch raw=61642f37 pc_d=00000138 fetch_pc=0000013c mem_direct=61642f37
[C] cyc=117 CDB tag=3 val=6620796f
[D] cyc=118 dispatch op=8 pc=0000011c tag=7 raw_iq_imm=00000361 rs1=26
[F] cyc=119 fetch raw=074f0f13 pc_d=0000013c fetch_pc=00000140 mem_direct=074f0f13
[C] cyc=119 CDB tag=5 val=67652069
[C] cyc=121 CDB tag=6 val=65737000
[C] cyc=123 CDB tag=8 val=616a6000
[R] cyc=124 COMMIT op=22 pc=000000e0
[D] cyc=125 dispatch op=22 pc=00000120 tag=8 raw_iq_imm=75732000 rs1=0
[C] cyc=125 CDB tag=7 val=65737361
[F] cyc=126 fetch raw=75207fb7 pc_d=00000140 fetch_pc=00000144 mem_direct=75207fb7
[C] cyc=127 CDB tag=9 val=616a656b
[R] cyc=128 COMMIT op=8 pc=000000e4
[D] cyc=129 dispatch op=8 pc=00000124 tag=9 raw_iq_imm=0000006d rs1=27
[C] cyc=129 CDB tag=8 val=75732000
[F] cyc=130 fetch raw=265f8f93 pc_d=00000144 fetch_pc=00000148 mem_direct=265f8f93
[C] cyc=131 CDB tag=10 val=61766000
[R] cyc=132 COMMIT op=22 pc=000000e8
[D] cyc=133 dispatch op=22 pc=00000128 tag=10 raw_iq_imm=3a291000 rs1=0
[C] cyc=133 CDB tag=9 val=7573206d
[F] cyc=134 fetch raw=01022023 pc_d=00000148 fetch_pc=0000014c mem_direct=01022023
[C] cyc=135 CDB tag=11 val=61766520
[R] cyc=136 COMMIT op=8 pc=000000ec
[D] cyc=137 dispatch op=8 pc=0000012c tag=11 raw_iq_imm=fffffd0a rs1=28
[C] cyc=137 CDB tag=10 val=3a291000
[R] cyc=137 COMMIT op=22 pc=000000f0
[D] cyc=138 dispatch op=22 pc=00000130 tag=12 raw_iq_imm=68697000 rs1=0
[F] cyc=138 fetch raw=01122223 pc_d=0000014c fetch_pc=00000150 mem_direct=01122223
[R] cyc=138 COMMIT op=8 pc=000000f4
[D] cyc=139 dispatch op=8 pc=00000134 tag=13 raw_iq_imm=00000320 rs1=29
[F] cyc=139 fetch raw=01222423 pc_d=00000150 fetch_pc=00000154 mem_direct=01222423
[R] cyc=139 COMMIT op=22 pc=000000f8
[D] cyc=140 dispatch op=22 pc=00000138 tag=14 raw_iq_imm=61642000 rs1=0
[F] cyc=140 fetch raw=01322623 pc_d=00000154 fetch_pc=00000158 mem_direct=01322623
[C] cyc=140 CDB tag=11 val=3a290d0a
[R] cyc=140 COMMIT op=8 pc=000000fc
[D] cyc=141 dispatch op=8 pc=0000013c tag=15 raw_iq_imm=00000074 rs1=30
[F] cyc=141 fetch raw=01422823 pc_d=00000158 fetch_pc=0000015c mem_direct=01422823
[R] cyc=141 COMMIT op=22 pc=00000100
[D] cyc=142 dispatch op=22 pc=00000140 tag=0 raw_iq_imm=75207000 rs1=0
[F] cyc=142 fetch raw=01522a23 pc_d=0000015c fetch_pc=00000160 mem_direct=01522a23
[C] cyc=142 CDB tag=12 val=68697000
[R] cyc=142 COMMIT op=8 pc=00000104
[D] cyc=143 dispatch op=8 pc=00000144 tag=1 raw_iq_imm=00000265 rs1=31
[F] cyc=143 fetch raw=01622c23 pc_d=00000160 fetch_pc=00000164 mem_direct=01622c23
[R] cyc=143 COMMIT op=22 pc=00000108
[D] cyc=144 dispatch op=15 pc=00000148 tag=2 raw_iq_imm=00000000 rs1=4
[F] cyc=144 fetch raw=01722e23 pc_d=00000164 fetch_pc=00000168 mem_direct=01722e23
[C] cyc=144 CDB tag=14 val=61642000
[R] cyc=144 COMMIT op=8 pc=0000010c
[D] cyc=145 dispatch op=15 pc=0000014c tag=3 raw_iq_imm=00000004 rs1=4
[F] cyc=145 fetch raw=03822023 pc_d=00000168 fetch_pc=0000016c mem_direct=03822023
[C] cyc=145 CDB tag=2 val=00000000
[R] cyc=145 COMMIT op=22 pc=00000110
[D] cyc=146 dispatch op=15 pc=00000150 tag=4 raw_iq_imm=00000008 rs1=4
[F] cyc=146 fetch raw=03922223 pc_d=0000016c fetch_pc=00000170 mem_direct=03922223
[C] cyc=146 CDB tag=13 val=68697320
[R] cyc=146 COMMIT op=8 pc=00000114
[D] cyc=147 dispatch op=15 pc=00000154 tag=5 raw_iq_imm=0000000c rs1=4
[F] cyc=147 fetch raw=03a22423 pc_d=00000170 fetch_pc=00000174 mem_direct=03a22423
[C] cyc=147 CDB tag=3 val=00000000
[R] cyc=147 COMMIT op=22 pc=00000118
[D] cyc=148 dispatch op=15 pc=00000158 tag=6 raw_iq_imm=00000010 rs1=4
[F] cyc=148 fetch raw=03b22623 pc_d=00000174 fetch_pc=00000178 mem_direct=03b22623
[C] cyc=148 CDB tag=15 val=61642074
[R] cyc=148 COMMIT op=8 pc=0000011c
[D] cyc=149 dispatch op=15 pc=0000015c tag=7 raw_iq_imm=00000014 rs1=4
[F] cyc=149 fetch raw=03c22823 pc_d=00000178 fetch_pc=0000017c mem_direct=03c22823
[C] cyc=149 CDB tag=4 val=00000000
[R] cyc=149 COMMIT op=22 pc=00000120
[D] cyc=150 dispatch op=15 pc=00000160 tag=8 raw_iq_imm=00000018 rs1=4
[F] cyc=150 fetch raw=03d22a23 pc_d=0000017c fetch_pc=00000180 mem_direct=03d22a23
[C] cyc=150 CDB tag=0 val=75207000
[R] cyc=150 COMMIT op=8 pc=00000124
[D] cyc=151 dispatch op=15 pc=00000164 tag=9 raw_iq_imm=0000001c rs1=4
[F] cyc=151 fetch raw=03e22c23 pc_d=00000180 fetch_pc=00000184 mem_direct=03e22c23
[C] cyc=151 CDB tag=5 val=00000000
[R] cyc=151 COMMIT op=22 pc=00000128
[F] cyc=152 fetch raw=03f22e23 pc_d=00000184 fetch_pc=00000188 mem_direct=03f22e23
[C] cyc=152 CDB tag=6 val=00000000
[R] cyc=152 COMMIT op=8 pc=0000012c
[C] cyc=153 CDB tag=1 val=75207265
[R] cyc=153 COMMIT op=22 pc=00000130
[C] cyc=154 CDB tag=7 val=00000000
[R] cyc=154 COMMIT op=8 pc=00000134
[C] cyc=155 CDB tag=8 val=00000000
[R] cyc=155 COMMIT op=22 pc=00000138
[C] cyc=156 CDB tag=9 val=00000000
[R] cyc=156 COMMIT op=8 pc=0000013c
[R] cyc=157 COMMIT op=22 pc=00000140
[R] cyc=158 COMMIT op=8 pc=00000144
[R] cyc=159 COMMIT op=15 pc=00000148
[D] cyc=160 dispatch op=15 pc=00000168 tag=10 raw_iq_imm=00000020 rs1=4
[R] cyc=160 COMMIT op=15 pc=0000014c
[D] cyc=161 dispatch op=15 pc=0000016c tag=11 raw_iq_imm=00000024 rs1=4
[F] cyc=161 fetch raw=22000213 pc_d=00000188 fetch_pc=0000018c mem_direct=22000213
[C] cyc=161 CDB tag=10 val=00000000
[R] cyc=161 COMMIT op=15 pc=00000150
[D] cyc=162 dispatch op=15 pc=00000170 tag=12 raw_iq_imm=00000028 rs1=4
[F] cyc=162 fetch raw=00022023 pc_d=0000018c fetch_pc=00000190 mem_direct=00022023
[C] cyc=162 CDB tag=11 val=00000000
[R] cyc=162 COMMIT op=15 pc=00000154
[D] cyc=163 dispatch op=15 pc=00000174 tag=13 raw_iq_imm=0000002c rs1=4
[F] cyc=163 fetch raw=00122223 pc_d=00000190 fetch_pc=00000194 mem_direct=00122223
[C] cyc=163 CDB tag=12 val=00000000
[R] cyc=163 COMMIT op=15 pc=00000158
[D] cyc=164 dispatch op=15 pc=00000178 tag=14 raw_iq_imm=00000030 rs1=4
[F] cyc=164 fetch raw=00222423 pc_d=00000194 fetch_pc=00000198 mem_direct=00222423
[C] cyc=164 CDB tag=13 val=00000000
[R] cyc=164 COMMIT op=15 pc=0000015c
[D] cyc=165 dispatch op=15 pc=0000017c tag=15 raw_iq_imm=00000034 rs1=4
[F] cyc=165 fetch raw=00322623 pc_d=00000198 fetch_pc=0000019c mem_direct=00322623
[C] cyc=165 CDB tag=14 val=00000000
[R] cyc=165 COMMIT op=15 pc=00000160
[D] cyc=166 dispatch op=15 pc=00000180 tag=0 raw_iq_imm=00000038 rs1=4
[F] cyc=166 fetch raw=00000073 pc_d=0000019c fetch_pc=000001a0 mem_direct=00000073
[C] cyc=166 CDB tag=15 val=00000000
[R] cyc=166 COMMIT op=15 pc=00000164
[D] cyc=167 dispatch op=15 pc=00000184 tag=1 raw_iq_imm=0000003c rs1=4
[F] cyc=167 fetch raw=ffffffff pc_d=000001a0 fetch_pc=000001a4 mem_direct=ffffffff
[C] cyc=167 CDB tag=0 val=00000000
[R] cyc=167 COMMIT op=15 pc=00000168
[D] cyc=168 dispatch op=8 pc=00000188 tag=2 raw_iq_imm=00000220 rs1=0
[F] cyc=168 fetch raw=ffffffff pc_d=000001a4 fetch_pc=000001a8 mem_direct=ffffffff
[C] cyc=168 CDB tag=1 val=00000000
[R] cyc=168 COMMIT op=15 pc=0000016c
[D] cyc=169 dispatch op=15 pc=0000018c tag=3 raw_iq_imm=00000000 rs1=4
[F] cyc=169 fetch raw=ffffffff pc_d=000001a8 fetch_pc=000001ac mem_direct=ffffffff
[R] cyc=169 COMMIT op=15 pc=00000170
[D] cyc=170 dispatch op=15 pc=00000190 tag=4 raw_iq_imm=00000004 rs1=4
[F] cyc=170 fetch raw=ffffffff pc_d=000001ac fetch_pc=000001b0 mem_direct=ffffffff
[R] cyc=170 COMMIT op=15 pc=00000174
[D] cyc=171 dispatch op=15 pc=00000194 tag=5 raw_iq_imm=00000008 rs1=4
[F] cyc=171 fetch raw=ffffffff pc_d=000001b0 fetch_pc=000001b4 mem_direct=ffffffff
[C] cyc=171 CDB tag=2 val=00000220
[R] cyc=171 COMMIT op=15 pc=00000178
[D] cyc=172 dispatch op=15 pc=00000198 tag=6 raw_iq_imm=0000000c rs1=4
[F] cyc=172 fetch raw=ffffffff pc_d=000001b4 fetch_pc=000001b8 mem_direct=ffffffff
[C] cyc=172 CDB tag=3 val=00000000
[R] cyc=172 COMMIT op=15 pc=0000017c
[D] cyc=173 dispatch op=63 pc=0000019c tag=7 raw_iq_imm=00000000 rs1=0
[F] cyc=173 fetch raw=ffffffff pc_d=000001b8 fetch_pc=000001bc mem_direct=ffffffff
[C] cyc=173 CDB tag=4 val=00000000
[R] cyc=173 COMMIT op=15 pc=00000180
[D] cyc=174 dispatch op=62 pc=000001a0 tag=8 raw_iq_imm=00000000 rs1=0
[F] cyc=174 fetch raw=ffffffff pc_d=000001bc fetch_pc=000001c0 mem_direct=ffffffff
[C] cyc=174 CDB tag=5 val=00000000
[R] cyc=174 COMMIT op=15 pc=00000184
[D] cyc=175 dispatch op=62 pc=000001a4 tag=9 raw_iq_imm=00000000 rs1=0
[F] cyc=175 fetch raw=ffffffff pc_d=000001c0 fetch_pc=000001c4 mem_direct=ffffffff
[C] cyc=175 CDB tag=6 val=00000000
[R] cyc=175 COMMIT op=8 pc=00000188
[D] cyc=176 dispatch op=62 pc=000001a8 tag=10 raw_iq_imm=00000000 rs1=0
[F] cyc=176 fetch raw=ffffffff pc_d=000001c4 fetch_pc=000001c8 mem_direct=ffffffff
[C] cyc=176 CDB tag=7 val=00000000
[R] cyc=176 COMMIT op=15 pc=0000018c
[D] cyc=177 dispatch op=62 pc=000001ac tag=11 raw_iq_imm=00000000 rs1=0
[F] cyc=177 fetch raw=ffffffff pc_d=000001c8 fetch_pc=000001cc mem_direct=ffffffff
[R] cyc=177 COMMIT op=15 pc=00000190
[D] cyc=178 dispatch op=62 pc=000001b0 tag=12 raw_iq_imm=00000000 rs1=0
[F] cyc=178 fetch raw=ffffffff pc_d=000001cc fetch_pc=000001d0 mem_direct=ffffffff
[C] cyc=178 CDB tag=9 val=00000000
[R] cyc=178 COMMIT op=15 pc=00000194
[D] cyc=179 dispatch op=62 pc=000001b4 tag=13 raw_iq_imm=00000000 rs1=0
[F] cyc=179 fetch raw=ffffffff pc_d=000001d0 fetch_pc=000001d4 mem_direct=ffffffff
[R] cyc=179 COMMIT op=15 pc=00000198
[D] cyc=180 dispatch op=62 pc=000001b8 tag=14 raw_iq_imm=00000000 rs1=0
[F] cyc=180 fetch raw=ffffffff pc_d=000001d4 fetch_pc=000001d8 mem_direct=ffffffff
[C] cyc=180 CDB tag=11 val=00000000
[R] cyc=180 COMMIT op=63 pc=0000019c
[D] cyc=181 dispatch op=62 pc=000001bc tag=15 raw_iq_imm=00000000 rs1=0
[F] cyc=181 fetch raw=ffffffff pc_d=000001d8 fetch_pc=000001dc mem_direct=ffffffff
sim_compliance.sv:159: $finish called at 2045 (1s)
