../../../hardware/execute/fp_ops/fp_round.sv:47: sorry: constant selects in always_* processes are not fully supported (the process will be sensitive to all bits in 'mant_i[22:0]').
../../../hardware/execute/fp_ops/fp_round.sv:65: sorry: constant selects in always_* processes are not fully supported (the process will be sensitive to all bits in 'mant_inc[23:0]').
../../../hardware/execute/fp_ops/fp_round.sv:70: sorry: constant selects in always_* processes are not fully supported (the process will be sensitive to all bits in 'exp_out[8:0]').
../../../hardware/execute/fp_ops/fp_round.sv:75: sorry: constant selects in always_* processes are not fully supported (the process will be sensitive to all bits in 'exp_out[8:0]').
../../../hardware/execute/fp_ops/fp_round.sv:75: sorry: constant selects in always_* processes are not fully supported (the process will be sensitive to all bits in 'mant_inc[23:0]').
:0: sorry: constant selects in always_* processes are not fully supported (the process will be sensitive to all bits in 'head_entry_w[112:0]').
:0: sorry: constant selects in always_* processes are not fully supported (the process will be sensitive to all bits in 'lookup1_entry_w[112:0]').
:0: sorry: constant selects in always_* processes are not fully supported (the process will be sensitive to all bits in 'lookup1_entry_w[112:0]').
:0: sorry: constant selects in always_* processes are not fully supported (the process will be sensitive to all bits in 'lookup2_entry_w[112:0]').
:0: sorry: constant selects in always_* processes are not fully supported (the process will be sensitive to all bits in 'lookup2_entry_w[112:0]').
:0: sorry: constant selects in always_* processes are not fully supported (the process will be sensitive to all bits in 'iq_instr_i[88:0]').
:0: sorry: constant selects in always_* processes are not fully supported (the process will be sensitive to all bits in 'iq_instr_i[88:0]').
:0: sorry: constant selects in always_* processes are not fully supported (the process will be sensitive to all bits in 'iq_instr_i[88:0]').
:0: sorry: constant selects in always_* processes are not fully supported (the process will be sensitive to all bits in 'iq_instr_i[88:0]').
:0: sorry: constant selects in always_* processes are not fully supported (the process will be sensitive to all bits in 'iq_instr_i[88:0]').
:0: sorry: constant selects in always_* processes are not fully supported (the process will be sensitive to all bits in 'cdb_i[36:0]').
:0: sorry: constant selects in always_* processes are not fully supported (the process will be sensitive to all bits in 'cdb_i[36:0]').
:0: sorry: constant selects in always_* processes are not fully supported (the process will be sensitive to all bits in 'cdb_i[36:0]').
:0: sorry: constant selects in always_* processes are not fully supported (the process will be sensitive to all bits in 'cdb_i[36:0]').
:0: sorry: constant selects in always_* processes are not fully supported (the process will be sensitive to all bits in 'cdb_i[36:0]').
:0: sorry: constant selects in always_* processes are not fully supported (the process will be sensitive to all bits in 'cdb_i[36:0]').
:0: sorry: constant selects in always_* processes are not fully supported (the process will be sensitive to all bits in 'iq_instr_i[88:0]').
:0: sorry: constant selects in always_* processes are not fully supported (the process will be sensitive to all bits in 'cdb_i[36:0]').
:0: sorry: constant selects in always_* processes are not fully supported (the process will be sensitive to all bits in 'cdb_i[36:0]').
:0: sorry: constant selects in always_* processes are not fully supported (the process will be sensitive to all bits in 'cdb_i[36:0]').
:0: sorry: constant selects in always_* processes are not fully supported (the process will be sensitive to all bits in 'cdb_i[36:0]').
:0: sorry: constant selects in always_* processes are not fully supported (the process will be sensitive to all bits in 'cdb_i[36:0]').
:0: sorry: constant selects in always_* processes are not fully supported (the process will be sensitive to all bits in 'cdb_i[36:0]').
:0: sorry: constant selects in always_* processes are not fully supported (the process will be sensitive to all bits in 'iq_instr_i[88:0]').
:0: sorry: constant selects in always_* processes are not fully supported (the process will be sensitive to all bits in 'iq_instr_i[88:0]').
:0: sorry: constant selects in always_* processes are not fully supported (the process will be sensitive to all bits in 'iq_instr_i[88:0]').
:0: sorry: constant selects in always_* processes are not fully supported (the process will be sensitive to all bits in 'iq_instr_i[88:0]').
:0: sorry: constant selects in always_* processes are not fully supported (the process will be sensitive to all bits in 'iq_instr_i[88:0]').
:0: sorry: constant selects in always_* processes are not fully supported (the process will be sensitive to all bits in 'iq_instr_i[88:0]').
:0: sorry: constant selects in always_* processes are not fully supported (the process will be sensitive to all bits in 'iq_instr_i[88:0]').
:0: sorry: constant selects in always_* processes are not fully supported (the process will be sensitive to all bits in 'iq_instr_i[88:0]').
../../../hardware/execute/int_ops/alu_unit.sv:50: sorry: constant selects in always_* processes are not fully supported (the process will be sensitive to all bits in 'rs2_i[31:0]').
../../../hardware/execute/int_ops/alu_unit.sv:51: sorry: constant selects in always_* processes are not fully supported (the process will be sensitive to all bits in 'rs2_i[31:0]').
../../../hardware/execute/int_ops/alu_unit.sv:52: sorry: constant selects in always_* processes are not fully supported (the process will be sensitive to all bits in 'rs2_i[31:0]').
../../../hardware/execute/int_ops/alu_unit.sv:60: sorry: constant selects in always_* processes are not fully supported (the process will be sensitive to all bits in 'imm_i[31:0]').
../../../hardware/execute/int_ops/alu_unit.sv:61: sorry: constant selects in always_* processes are not fully supported (the process will be sensitive to all bits in 'imm_i[31:0]').
../../../hardware/execute/int_ops/alu_unit.sv:62: sorry: constant selects in always_* processes are not fully supported (the process will be sensitive to all bits in 'imm_i[31:0]').
../../../hardware/execute/fp_ops/fp_add.sv:60: sorry: constant selects in always_* processes are not fully supported (the process will be sensitive to all bits in 'a[31:0]').
../../../hardware/execute/fp_ops/fp_add.sv:60: sorry: constant selects in always_* processes are not fully supported (the process will be sensitive to all bits in 'a[31:0]').
../../../hardware/execute/fp_ops/fp_add.sv:60: sorry: constant selects in always_* processes are not fully supported (the process will be sensitive to all bits in 'a[31:0]').
../../../hardware/execute/fp_ops/fp_add.sv:61: sorry: constant selects in always_* processes are not fully supported (the process will be sensitive to all bits in 'b[31:0]').
../../../hardware/execute/fp_ops/fp_add.sv:62: sorry: constant selects in always_* processes are not fully supported (the process will be sensitive to all bits in 'b[31:0]').
../../../hardware/execute/fp_ops/fp_add.sv:62: sorry: constant selects in always_* processes are not fully supported (the process will be sensitive to all bits in 'b[31:0]').
../../../hardware/execute/fp_ops/fp_add.sv:67: sorry: constant selects in always_* processes are not fully supported (the process will be sensitive to all bits in 'b[31:0]').
../../../hardware/execute/fp_ops/fp_add.sv:80: sorry: constant selects in always_* processes are not fully supported (the process will be sensitive to all bits in 'ediff[7:0]').
../../../hardware/execute/fp_ops/fp_add.sv:97: sorry: constant selects in always_* processes are not fully supported (the process will be sensitive to all bits in 's[26:0]').
../../../hardware/execute/fp_ops/fp_add.sv:100: sorry: constant selects in always_* processes are not fully supported (the process will be sensitive to all bits in 's[26:0]').
../../../hardware/execute/fp_ops/fp_add.sv:108: sorry: constant selects in always_* processes are not fully supported (the process will be sensitive to all bits in 's[26:0]').
../../../hardware/execute/fp_ops/fp_add.sv:108: sorry: constant selects in always_* processes are not fully supported (the process will be sensitive to all bits in 'sh[7:0]').
../../../hardware/execute/fp_ops/fp_add.sv:112: sorry: constant selects in always_* processes are not fully supported (the process will be sensitive to all bits in 'norm[25:0]').
../../../hardware/execute/fp_ops/fp_mul.sv:74: sorry: constant selects in always_* processes are not fully supported (the process will be sensitive to all bits in 'rs1_i[31:0]').
../../../hardware/execute/fp_ops/fp_mul.sv:74: sorry: constant selects in always_* processes are not fully supported (the process will be sensitive to all bits in 'rs1_i[31:0]').
../../../hardware/execute/fp_ops/fp_mul.sv:75: sorry: constant selects in always_* processes are not fully supported (the process will be sensitive to all bits in 'rs2_i[31:0]').
../../../hardware/execute/fp_ops/fp_mul.sv:75: sorry: constant selects in always_* processes are not fully supported (the process will be sensitive to all bits in 'rs2_i[31:0]').
../../../hardware/execute/fp_ops/fp_mul.sv:77: sorry: constant selects in always_* processes are not fully supported (the process will be sensitive to all bits in 'rs1_i[31:0]').
../../../hardware/execute/fp_ops/fp_mul.sv:77: sorry: constant selects in always_* processes are not fully supported (the process will be sensitive to all bits in 'rs2_i[31:0]').
../../../hardware/execute/fp_ops/fp_mul.sv:82: sorry: constant selects in always_* processes are not fully supported (the process will be sensitive to all bits in 'ma[23:0]').
../../../hardware/execute/fp_ops/fp_mul.sv:82: sorry: constant selects in always_* processes are not fully supported (the process will be sensitive to all bits in 'mb[23:0]').
../../../hardware/execute/fp_ops/fp_mul.sv:83: sorry: constant selects in always_* processes are not fully supported (the process will be sensitive to all bits in 'ma[23:0]').
../../../hardware/execute/fp_ops/fp_mul.sv:83: sorry: constant selects in always_* processes are not fully supported (the process will be sensitive to all bits in 'mb[23:0]').
../../../hardware/execute/fp_ops/fp_mul.sv:84: sorry: constant selects in always_* processes are not fully supported (the process will be sensitive to all bits in 'ma[23:0]').
../../../hardware/execute/fp_ops/fp_mul.sv:84: sorry: constant selects in always_* processes are not fully supported (the process will be sensitive to all bits in 'mb[23:0]').
../../../hardware/execute/fp_ops/fp_mul.sv:85: sorry: constant selects in always_* processes are not fully supported (the process will be sensitive to all bits in 'ma[23:0]').
../../../hardware/execute/fp_ops/fp_mul.sv:85: sorry: constant selects in always_* processes are not fully supported (the process will be sensitive to all bits in 'mb[23:0]').
../../../hardware/execute/fp_ops/fp_mul.sv:112: sorry: constant selects in always_* processes are not fully supported (the process will be sensitive to all bits in 's2_product[47:0]').
../../../hardware/execute/fp_ops/fp_mul.sv:114: sorry: constant selects in always_* processes are not fully supported (the process will be sensitive to all bits in 's2_product[47:0]').
../../../hardware/execute/fp_ops/fp_mul.sv:116: sorry: constant selects in always_* processes are not fully supported (the process will be sensitive to all bits in 's2_product[47:0]').
../../../hardware/execute/fp_ops/fp_mul.sv:118: sorry: constant selects in always_* processes are not fully supported (the process will be sensitive to all bits in 'er[9:0]').
../../../hardware/execute/fp_ops/fp_mul.sv:120: sorry: constant selects in always_* processes are not fully supported (the process will be sensitive to all bits in 'er[9:0]').
../../../hardware/execute/fp_ops/fp_div.sv:138: sorry: constant selects in always_* processes are not fully supported (the process will be sensitive to all bits in 's_exp[9:0]').
../../../hardware/execute/fp_ops/fp_div.sv:142: sorry: constant selects in always_* processes are not fully supported (the process will be sensitive to all bits in 's_qreg[23:0]').
../../../hardware/execute/fp_ops/fp_div.sv:143: sorry: constant selects in always_* processes are not fully supported (the process will be sensitive to all bits in 's_exp[9:0]').
../../../hardware/execute/fp_ops/fp_div.sv:143: sorry: constant selects in always_* processes are not fully supported (the process will be sensitive to all bits in 's_qreg[23:0]').
../../../hardware/execute/fp_ops/fp_div.sv:147: sorry: constant selects in always_* processes are not fully supported (the process will be sensitive to all bits in 's_exp[9:0]').
../../../hardware/execute/fp_ops/fp_div.sv:147: sorry: constant selects in always_* processes are not fully supported (the process will be sensitive to all bits in 's_qreg[23:0]').
../../../hardware/execute/fp_ops/fp_div.sv:165: sorry: constant selects in always_* processes are not fully supported (the process will be sensitive to all bits in 'rs1_i[31:0]').
../../../hardware/execute/fp_ops/fp_div.sv:165: sorry: constant selects in always_* processes are not fully supported (the process will be sensitive to all bits in 'rs1_i[31:0]').
../../../hardware/execute/fp_ops/fp_div.sv:166: sorry: constant selects in always_* processes are not fully supported (the process will be sensitive to all bits in 'rs2_i[31:0]').
../../../hardware/execute/fp_ops/fp_div.sv:166: sorry: constant selects in always_* processes are not fully supported (the process will be sensitive to all bits in 'rs2_i[31:0]').
../../../hardware/execute/fp_ops/fp_div.sv:167: sorry: constant selects in always_* processes are not fully supported (the process will be sensitive to all bits in 'rs1_i[31:0]').
../../../hardware/execute/fp_ops/fp_div.sv:167: sorry: constant selects in always_* processes are not fully supported (the process will be sensitive to all bits in 'rs2_i[31:0]').
:0: sorry: constant selects in always_* processes are not fully supported (the process will be sensitive to all bits in 'head_entry_w[147:0]').
../../../hardware/execute/lsb/load_store_buffer.sv:121: sorry: constant selects in always_* processes are not fully supported (the process will be sensitive to all bits in 'head_addr[31:0]').
../../../hardware/execute/lsb/load_store_buffer.sv:122: sorry: constant selects in always_* processes are not fully supported (the process will be sensitive to all bits in 'head_addr[31:0]').
:0: sorry: constant selects in always_* processes are not fully supported (the process will be sensitive to all bits in 'head_entry_w[147:0]').
../../../hardware/execute/lsb/load_store_buffer.sv:131: sorry: constant selects in always_* processes are not fully supported (the process will be sensitive to all bits in 'head_entry_w[147:0]').
../../../hardware/execute/lsb/load_store_buffer.sv:132: sorry: constant selects in always_* processes are not fully supported (the process will be sensitive to all bits in 'head_entry_w[147:0]').
:0: sorry: constant selects in always_* processes are not fully supported (the process will be sensitive to all bits in 'head_entry_w[147:0]').
../../../hardware/execute/lsb/load_store_buffer.sv:143: sorry: constant selects in always_* processes are not fully supported (the process will be sensitive to all bits in 'mem_rd_data_i[31:0]').
../../../hardware/execute/lsb/load_store_buffer.sv:143: sorry: constant selects in always_* processes are not fully supported (the process will be sensitive to all bits in 'mem_rd_data_i[31:0]').
../../../hardware/execute/lsb/load_store_buffer.sv:144: sorry: constant selects in always_* processes are not fully supported (the process will be sensitive to all bits in 'mem_rd_data_i[31:0]').
../../../hardware/execute/lsb/load_store_buffer.sv:144: sorry: constant selects in always_* processes are not fully supported (the process will be sensitive to all bits in 'mem_rd_data_i[31:0]').
../../../hardware/execute/lsb/load_store_buffer.sv:145: sorry: constant selects in always_* processes are not fully supported (the process will be sensitive to all bits in 'mem_rd_data_i[31:0]').
../../../hardware/execute/lsb/load_store_buffer.sv:145: sorry: constant selects in always_* processes are not fully supported (the process will be sensitive to all bits in 'mem_rd_data_i[31:0]').
../../../hardware/execute/lsb/load_store_buffer.sv:146: sorry: constant selects in always_* processes are not fully supported (the process will be sensitive to all bits in 'mem_rd_data_i[31:0]').
../../../hardware/execute/lsb/load_store_buffer.sv:146: sorry: constant selects in always_* processes are not fully supported (the process will be sensitive to all bits in 'mem_rd_data_i[31:0]').
../../../hardware/execute/lsb/load_store_buffer.sv:151: sorry: constant selects in always_* processes are not fully supported (the process will be sensitive to all bits in 'mem_rd_data_i[31:0]').
../../../hardware/execute/lsb/load_store_buffer.sv:152: sorry: constant selects in always_* processes are not fully supported (the process will be sensitive to all bits in 'mem_rd_data_i[31:0]').
../../../hardware/execute/lsb/load_store_buffer.sv:153: sorry: constant selects in always_* processes are not fully supported (the process will be sensitive to all bits in 'mem_rd_data_i[31:0]').
../../../hardware/execute/lsb/load_store_buffer.sv:154: sorry: constant selects in always_* processes are not fully supported (the process will be sensitive to all bits in 'mem_rd_data_i[31:0]').
../../../hardware/execute/lsb/load_store_buffer.sv:157: sorry: constant selects in always_* processes are not fully supported (the process will be sensitive to all bits in 'load_pending_byte_sel[1:0]').
../../../hardware/execute/lsb/load_store_buffer.sv:158: sorry: constant selects in always_* processes are not fully supported (the process will be sensitive to all bits in 'mem_rd_data_i[31:0]').
../../../hardware/execute/lsb/load_store_buffer.sv:158: sorry: constant selects in always_* processes are not fully supported (the process will be sensitive to all bits in 'mem_rd_data_i[31:0]').
../../../hardware/execute/lsb/load_store_buffer.sv:159: sorry: constant selects in always_* processes are not fully supported (the process will be sensitive to all bits in 'mem_rd_data_i[31:0]').
../../../hardware/execute/lsb/load_store_buffer.sv:159: sorry: constant selects in always_* processes are not fully supported (the process will be sensitive to all bits in 'mem_rd_data_i[31:0]').
../../../hardware/execute/lsb/load_store_buffer.sv:160: sorry: constant selects in always_* processes are not fully supported (the process will be sensitive to all bits in 'load_pending_byte_sel[1:0]').
../../../hardware/execute/lsb/load_store_buffer.sv:161: sorry: constant selects in always_* processes are not fully supported (the process will be sensitive to all bits in 'mem_rd_data_i[31:0]').
../../../hardware/execute/lsb/load_store_buffer.sv:162: sorry: constant selects in always_* processes are not fully supported (the process will be sensitive to all bits in 'mem_rd_data_i[31:0]').
../../../hardware/execute/fp_ops/fp_cvt.sv:56: sorry: constant selects in always_* processes are not fully supported (the process will be sensitive to all bits in 'f[31:0]').
../../../hardware/execute/fp_ops/fp_cvt.sv:57: sorry: constant selects in always_* processes are not fully supported (the process will be sensitive to all bits in 'f[31:0]').
../../../hardware/execute/fp_ops/fp_cvt.sv:58: sorry: constant selects in always_* processes are not fully supported (the process will be sensitive to all bits in 'f[31:0]').
../../../hardware/execute/fp_ops/fp_cvt.sv:98: sorry: constant selects in always_* processes are not fully supported (the process will be sensitive to all bits in 'x[31:0]').
../../../hardware/execute/fp_ops/fp_cvt.sv:109: sorry: constant selects in always_* processes are not fully supported (the process will be sensitive to all bits in 'norm[31:0]').
:0: sorry: constant selects in always_* processes are not fully supported (the process will be sensitive to all bits in 'commit_entry_i[112:0]').
:0: sorry: constant selects in always_* processes are not fully supported (the process will be sensitive to all bits in 'commit_entry_i[112:0]').
:0: sorry: constant selects in always_* processes are not fully supported (the process will be sensitive to all bits in 'commit_entry_i[112:0]').
:0: sorry: constant selects in always_* processes are not fully supported (the process will be sensitive to all bits in 'commit_entry_i[112:0]').
:0: sorry: constant selects in always_* processes are not fully supported (the process will be sensitive to all bits in 'commit_entry_i[112:0]').
:0: sorry: constant selects in always_* processes are not fully supported (the process will be sensitive to all bits in 'commit_entry_i[112:0]').
:0: sorry: constant selects in always_* processes are not fully supported (the process will be sensitive to all bits in 'commit_entry_i[112:0]').
:0: sorry: constant selects in always_* processes are not fully supported (the process will be sensitive to all bits in 'commit_entry_i[112:0]').
:0: sorry: constant selects in always_* processes are not fully supported (the process will be sensitive to all bits in 'commit_entry_i[112:0]').
:0: sorry: constant selects in always_* processes are not fully supported (the process will be sensitive to all bits in 'commit_entry_i[112:0]').
:0: sorry: constant selects in always_* processes are not fully supported (the process will be sensitive to all bits in 'commit_entry_i[112:0]').
:0: sorry: constant selects in always_* processes are not fully supported (the process will be sensitive to all bits in 'commit_entry_i[112:0]').
:0: sorry: constant selects in always_* processes are not fully supported (the process will be sensitive to all bits in 'commit_entry_i[112:0]').
:0: sorry: constant selects in always_* processes are not fully supported (the process will be sensitive to all bits in 'commit_entry_i[112:0]').
../../../hardware/core/tomasulo_core.sv:54: sorry: constant selects in always_* processes are not fully supported (the process will be sensitive to all bits in 'raw[31:0]').
../../../hardware/core/tomasulo_core.sv:54: sorry: constant selects in always_* processes are not fully supported (the process will be sensitive to all bits in 'raw[31:0]').
../../../hardware/core/tomasulo_core.sv:54: sorry: constant selects in always_* processes are not fully supported (the process will be sensitive to all bits in 'raw[31:0]').
../../../hardware/core/tomasulo_core.sv:55: sorry: constant selects in always_* processes are not fully supported (the process will be sensitive to all bits in 'raw[31:0]').
../../../hardware/core/tomasulo_core.sv:55: sorry: constant selects in always_* processes are not fully supported (the process will be sensitive to all bits in 'raw[31:0]').
../../../hardware/core/tomasulo_core.sv:55: sorry: constant selects in always_* processes are not fully supported (the process will be sensitive to all bits in 'raw[31:0]').
../../../hardware/core/tomasulo_core.sv:71: sorry: constant selects in always_* processes are not fully supported (the process will be sensitive to all bits in 'funct7[6:0]').
../../../hardware/core/tomasulo_core.sv:82: sorry: constant selects in always_* processes are not fully supported (the process will be sensitive to all bits in 'raw[31:0]').
../../../hardware/core/tomasulo_core.sv:82: sorry: constant selects in always_* processes are not fully supported (the process will be sensitive to all bits in 'raw[31:0]').
../../../hardware/core/tomasulo_core.sv:88: sorry: constant selects in always_* processes are not fully supported (the process will be sensitive to all bits in 'funct7[6:0]').
../../../hardware/core/tomasulo_core.sv:94: sorry: constant selects in always_* processes are not fully supported (the process will be sensitive to all bits in 'raw[31:0]').
../../../hardware/core/tomasulo_core.sv:94: sorry: constant selects in always_* processes are not fully supported (the process will be sensitive to all bits in 'raw[31:0]').
../../../hardware/core/tomasulo_core.sv:104: sorry: constant selects in always_* processes are not fully supported (the process will be sensitive to all bits in 'raw[31:0]').
../../../hardware/core/tomasulo_core.sv:104: sorry: constant selects in always_* processes are not fully supported (the process will be sensitive to all bits in 'raw[31:0]').
../../../hardware/core/tomasulo_core.sv:104: sorry: constant selects in always_* processes are not fully supported (the process will be sensitive to all bits in 'raw[31:0]').
../../../hardware/core/tomasulo_core.sv:114: sorry: constant selects in always_* processes are not fully supported (the process will be sensitive to all bits in 'raw[31:0]').
../../../hardware/core/tomasulo_core.sv:114: sorry: constant selects in always_* processes are not fully supported (the process will be sensitive to all bits in 'raw[31:0]').
../../../hardware/core/tomasulo_core.sv:114: sorry: constant selects in always_* processes are not fully supported (the process will be sensitive to all bits in 'raw[31:0]').
../../../hardware/core/tomasulo_core.sv:114: sorry: constant selects in always_* processes are not fully supported (the process will be sensitive to all bits in 'raw[31:0]').
../../../hardware/core/tomasulo_core.sv:114: sorry: constant selects in always_* processes are not fully supported (the process will be sensitive to all bits in 'raw[31:0]').
../../../hardware/core/tomasulo_core.sv:124: sorry: constant selects in always_* processes are not fully supported (the process will be sensitive to all bits in 'raw[31:0]').
../../../hardware/core/tomasulo_core.sv:124: sorry: constant selects in always_* processes are not fully supported (the process will be sensitive to all bits in 'raw[31:0]').
../../../hardware/core/tomasulo_core.sv:124: sorry: constant selects in always_* processes are not fully supported (the process will be sensitive to all bits in 'raw[31:0]').
../../../hardware/core/tomasulo_core.sv:124: sorry: constant selects in always_* processes are not fully supported (the process will be sensitive to all bits in 'raw[31:0]').
../../../hardware/core/tomasulo_core.sv:124: sorry: constant selects in always_* processes are not fully supported (the process will be sensitive to all bits in 'raw[31:0]').
../../../hardware/core/tomasulo_core.sv:129: sorry: constant selects in always_* processes are not fully supported (the process will be sensitive to all bits in 'raw[31:0]').
../../../hardware/core/tomasulo_core.sv:129: sorry: constant selects in always_* processes are not fully supported (the process will be sensitive to all bits in 'raw[31:0]').
../../../hardware/core/tomasulo_core.sv:134: sorry: constant selects in always_* processes are not fully supported (the process will be sensitive to all bits in 'raw[31:0]').
../../../hardware/core/tomasulo_core.sv:138: sorry: constant selects in always_* processes are not fully supported (the process will be sensitive to all bits in 'raw[31:0]').
../../../hardware/core/tomasulo_core.sv:144: sorry: constant selects in always_* processes are not fully supported (the process will be sensitive to all bits in 'raw[31:0]').
../../../hardware/core/tomasulo_core.sv:144: sorry: constant selects in always_* processes are not fully supported (the process will be sensitive to all bits in 'raw[31:0]').
../../../hardware/core/tomasulo_core.sv:150: sorry: constant selects in always_* processes are not fully supported (the process will be sensitive to all bits in 'raw[31:0]').
../../../hardware/core/tomasulo_core.sv:150: sorry: constant selects in always_* processes are not fully supported (the process will be sensitive to all bits in 'raw[31:0]').
../../../hardware/core/tomasulo_core.sv:150: sorry: constant selects in always_* processes are not fully supported (the process will be sensitive to all bits in 'raw[31:0]').
[tb] loading hex: build/I-RF_width-01.hex
[tb] hex loaded, entering reset
[tb] rst_n=0, waiting for 4 clk edges...
[tb] reset done, rst_n=1
[F] cyc=1 fetch raw=28000813 pc_d=00000000 fetch_pc=00000004 mem_direct=28000813
[D] cyc=2 dispatch op=8 pc=00000000 tag=0 raw_iq_imm=00000280 rs1=0
[F] cyc=2 fetch raw=00100013 pc_d=00000004 fetch_pc=00000008 mem_direct=00100013
[D] cyc=3 dispatch op=8 pc=00000004 tag=1 raw_iq_imm=00000001 rs1=0
[F] cyc=3 fetch raw=00100093 pc_d=00000008 fetch_pc=0000000c mem_direct=00100093
[D] cyc=4 dispatch op=8 pc=00000008 tag=2 raw_iq_imm=00000001 rs1=0
[F] cyc=4 fetch raw=00100113 pc_d=0000000c fetch_pc=00000010 mem_direct=00100113
[D] cyc=5 dispatch op=8 pc=0000000c tag=3 raw_iq_imm=00000001 rs1=0
[F] cyc=5 fetch raw=00100193 pc_d=00000010 fetch_pc=00000014 mem_direct=00100193
[C] cyc=5 CDB tag=0 val=00000280
[D] cyc=6 dispatch op=8 pc=00000010 tag=4 raw_iq_imm=00000001 rs1=0
[F] cyc=6 fetch raw=00100213 pc_d=00000014 fetch_pc=00000018 mem_direct=00100213
[R] cyc=6 COMMIT op=8 pc=00000000
[D] cyc=7 dispatch op=8 pc=00000014 tag=5 raw_iq_imm=00000001 rs1=0
[F] cyc=7 fetch raw=00100293 pc_d=00000018 fetch_pc=0000001c mem_direct=00100293
[C] cyc=7 CDB tag=2 val=00000001
[D] cyc=8 dispatch op=8 pc=00000018 tag=6 raw_iq_imm=00000001 rs1=0
[F] cyc=8 fetch raw=00100313 pc_d=0000001c fetch_pc=00000020 mem_direct=00100313
[D] cyc=9 dispatch op=8 pc=0000001c tag=7 raw_iq_imm=00000001 rs1=0
[F] cyc=9 fetch raw=00100393 pc_d=00000020 fetch_pc=00000024 mem_direct=00100393
[C] cyc=9 CDB tag=4 val=00000001
[D] cyc=10 dispatch op=8 pc=00000020 tag=8 raw_iq_imm=00000001 rs1=0
[F] cyc=10 fetch raw=00100413 pc_d=00000024 fetch_pc=00000028 mem_direct=00100413
[D] cyc=11 dispatch op=8 pc=00000024 tag=9 raw_iq_imm=00000001 rs1=0
[F] cyc=11 fetch raw=00100493 pc_d=00000028 fetch_pc=0000002c mem_direct=00100493
[C] cyc=11 CDB tag=6 val=00000001
[D] cyc=12 dispatch op=8 pc=00000028 tag=10 raw_iq_imm=00000001 rs1=0
[F] cyc=12 fetch raw=00100513 pc_d=0000002c fetch_pc=00000030 mem_direct=00100513
[F] cyc=13 fetch raw=00100593 pc_d=00000030 fetch_pc=00000034 mem_direct=00100593
[C] cyc=13 CDB tag=8 val=00000001
[D] cyc=14 dispatch op=8 pc=0000002c tag=11 raw_iq_imm=00000001 rs1=0
[F] cyc=14 fetch raw=00100613 pc_d=00000034 fetch_pc=00000038 mem_direct=00100613
[F] cyc=15 fetch raw=00100693 pc_d=00000038 fetch_pc=0000003c mem_direct=00100693
[C] cyc=15 CDB tag=10 val=00000001
[D] cyc=16 dispatch op=8 pc=00000030 tag=12 raw_iq_imm=00000001 rs1=0
[F] cyc=16 fetch raw=00100713 pc_d=0000003c fetch_pc=00000040 mem_direct=00100713
[F] cyc=17 fetch raw=00100793 pc_d=00000040 fetch_pc=00000044 mem_direct=00100793
[C] cyc=17 CDB tag=11 val=00000001
[D] cyc=18 dispatch op=8 pc=00000034 tag=13 raw_iq_imm=00000001 rs1=0
[F] cyc=18 fetch raw=01f09093 pc_d=00000044 fetch_pc=00000048 mem_direct=01f09093
[F] cyc=19 fetch raw=0000c463 pc_d=00000048 fetch_pc=0000004c mem_direct=0000c463
[C] cyc=19 CDB tag=12 val=00000001
[D] cyc=20 dispatch op=8 pc=00000038 tag=14 raw_iq_imm=00000001 rs1=0
[F] cyc=20 fetch raw=00000093 pc_d=0000004c fetch_pc=00000050 mem_direct=00000093
[F] cyc=21 fetch raw=01f11113 pc_d=00000050 fetch_pc=00000054 mem_direct=01f11113
[C] cyc=21 CDB tag=13 val=00000001
[D] cyc=22 dispatch op=8 pc=0000003c tag=15 raw_iq_imm=00000001 rs1=0
[F] cyc=22 fetch raw=00014463 pc_d=00000054 fetch_pc=00000058 mem_direct=00014463
[F] cyc=23 fetch raw=00000113 pc_d=00000058 fetch_pc=0000005c mem_direct=00000113
[C] cyc=23 CDB tag=14 val=00000001
[D] cyc=24 dispatch op=8 pc=00000040 tag=0 raw_iq_imm=00000001 rs1=0
[F] cyc=24 fetch raw=01f19193 pc_d=0000005c fetch_pc=00000060 mem_direct=01f19193
[F] cyc=25 fetch raw=0001c463 pc_d=00000060 fetch_pc=00000064 mem_direct=0001c463
[C] cyc=25 CDB tag=15 val=00000001
[C] cyc=27 CDB tag=0 val=00000001
[C] cyc=29 CDB tag=1 val=00000001
[R] cyc=30 COMMIT op=8 pc=00000004
[D] cyc=31 dispatch op=12 pc=00000044 tag=1 raw_iq_imm=0000001f rs1=1
[C] cyc=31 CDB tag=3 val=00000001
[R] cyc=31 COMMIT op=8 pc=00000008
[D] cyc=32 dispatch op=18 pc=00000048 tag=2 raw_iq_imm=00000008 rs1=1
[F] cyc=32 fetch raw=00000193 pc_d=00000064 fetch_pc=00000068 mem_direct=00000193
[R] cyc=32 COMMIT op=8 pc=0000000c
[D] cyc=33 dispatch op=8 pc=0000004c tag=3 raw_iq_imm=00000000 rs1=0
[F] cyc=33 fetch raw=01f21213 pc_d=00000068 fetch_pc=0000006c mem_direct=01f21213
[C] cyc=33 CDB tag=5 val=00000001
[R] cyc=33 COMMIT op=8 pc=00000010
[D] cyc=34 dispatch op=12 pc=00000050 tag=4 raw_iq_imm=0000001f rs1=2
[F] cyc=34 fetch raw=00024463 pc_d=0000006c fetch_pc=00000070 mem_direct=00024463
[R] cyc=34 COMMIT op=8 pc=00000014
[D] cyc=35 dispatch op=18 pc=00000054 tag=5 raw_iq_imm=00000008 rs1=2
[F] cyc=35 fetch raw=00000213 pc_d=00000070 fetch_pc=00000074 mem_direct=00000213
[C] cyc=35 CDB tag=1 val=80000000
[R] cyc=35 COMMIT op=8 pc=00000018
[D] cyc=36 dispatch op=8 pc=00000058 tag=6 raw_iq_imm=00000000 rs1=0
[F] cyc=36 fetch raw=01f29293 pc_d=00000074 fetch_pc=00000078 mem_direct=01f29293
[F] cyc=37 fetch raw=0002c463 pc_d=00000078 fetch_pc=0000007c mem_direct=0002c463
[C] cyc=37 CDB tag=4 val=80000000
[C] cyc=38 CDB tag=2 val=00000050
[C] cyc=39 CDB tag=6 val=00000000
[C] cyc=40 CDB tag=5 val=0000005c
[C] cyc=41 CDB tag=3 val=00000000
[C] cyc=43 CDB tag=7 val=00000001
[R] cyc=44 COMMIT op=8 pc=0000001c
[D] cyc=45 dispatch op=12 pc=0000005c tag=7 raw_iq_imm=0000001f rs1=3
[C] cyc=45 CDB tag=9 val=00000001
[R] cyc=45 COMMIT op=8 pc=00000020
[D] cyc=46 dispatch op=18 pc=00000060 tag=8 raw_iq_imm=00000008 rs1=3
[F] cyc=46 fetch raw=00000293 pc_d=0000007c fetch_pc=00000080 mem_direct=00000293
[R] cyc=46 COMMIT op=8 pc=00000024
[D] cyc=47 dispatch op=8 pc=00000064 tag=9 raw_iq_imm=00000000 rs1=0
[F] cyc=47 fetch raw=01f31313 pc_d=00000080 fetch_pc=00000084 mem_direct=01f31313
[R] cyc=47 COMMIT op=8 pc=00000028
[D] cyc=48 dispatch op=12 pc=00000068 tag=10 raw_iq_imm=0000001f rs1=4
[F] cyc=48 fetch raw=00034463 pc_d=00000084 fetch_pc=00000088 mem_direct=00034463
[C] cyc=48 CDB tag=7 val=80000000
[R] cyc=48 COMMIT op=8 pc=0000002c
[D] cyc=49 dispatch op=18 pc=0000006c tag=11 raw_iq_imm=00000008 rs1=4
[F] cyc=49 fetch raw=00000313 pc_d=00000088 fetch_pc=0000008c mem_direct=00000313
[R] cyc=49 COMMIT op=8 pc=00000030
[D] cyc=50 dispatch op=8 pc=00000070 tag=12 raw_iq_imm=00000000 rs1=0
[F] cyc=50 fetch raw=01f39393 pc_d=0000008c fetch_pc=00000090 mem_direct=01f39393
[C] cyc=50 CDB tag=9 val=00000000
[R] cyc=50 COMMIT op=8 pc=00000034
[D] cyc=51 dispatch op=12 pc=00000074 tag=13 raw_iq_imm=0000001f rs1=5
[F] cyc=51 fetch raw=0003c463 pc_d=00000090 fetch_pc=00000094 mem_direct=0003c463
[C] cyc=51 CDB tag=8 val=00000068
[R] cyc=51 COMMIT op=8 pc=00000038
[D] cyc=52 dispatch op=18 pc=00000078 tag=14 raw_iq_imm=00000008 rs1=5
[F] cyc=52 fetch raw=00000393 pc_d=00000094 fetch_pc=00000098 mem_direct=00000393
[C] cyc=52 CDB tag=10 val=80000000
[R] cyc=52 COMMIT op=8 pc=0000003c
[D] cyc=53 dispatch op=8 pc=0000007c tag=15 raw_iq_imm=00000000 rs1=0
[F] cyc=53 fetch raw=01f41413 pc_d=00000098 fetch_pc=0000009c mem_direct=01f41413
[R] cyc=53 COMMIT op=8 pc=00000040
[D] cyc=54 dispatch op=12 pc=00000080 tag=0 raw_iq_imm=0000001f rs1=6
[F] cyc=54 fetch raw=00044463 pc_d=0000009c fetch_pc=000000a0 mem_direct=00044463
[C] cyc=54 CDB tag=12 val=00000000
[R] cyc=54 COMMIT op=12 pc=00000044
[D] cyc=55 dispatch op=18 pc=00000084 tag=1 raw_iq_imm=00000008 rs1=6
[F] cyc=55 fetch raw=00000413 pc_d=000000a0 fetch_pc=000000a4 mem_direct=00000413
[C] cyc=55 CDB tag=11 val=00000074
[R] cyc=55 COMMIT op=18 pc=00000048
[F] cyc=57 fetch raw=01f11113 pc_d=00000050 fetch_pc=00000054 mem_direct=01f11113
[D] cyc=58 dispatch op=12 pc=00000050 tag=0 raw_iq_imm=0000001f rs1=2
[F] cyc=58 fetch raw=00014463 pc_d=00000054 fetch_pc=00000058 mem_direct=00014463
[D] cyc=59 dispatch op=18 pc=00000054 tag=1 raw_iq_imm=00000008 rs1=2
[F] cyc=59 fetch raw=00000113 pc_d=00000058 fetch_pc=0000005c mem_direct=00000113
[D] cyc=60 dispatch op=8 pc=00000058 tag=2 raw_iq_imm=00000000 rs1=0
[F] cyc=60 fetch raw=01f19193 pc_d=0000005c fetch_pc=00000060 mem_direct=01f19193
[D] cyc=61 dispatch op=12 pc=0000005c tag=3 raw_iq_imm=0000001f rs1=3
[F] cyc=61 fetch raw=0001c463 pc_d=00000060 fetch_pc=00000064 mem_direct=0001c463
[C] cyc=61 CDB tag=0 val=80000000
[D] cyc=62 dispatch op=18 pc=00000060 tag=4 raw_iq_imm=00000008 rs1=3
[F] cyc=62 fetch raw=00000193 pc_d=00000064 fetch_pc=00000068 mem_direct=00000193
[R] cyc=62 COMMIT op=12 pc=00000050
[D] cyc=63 dispatch op=8 pc=00000064 tag=5 raw_iq_imm=00000000 rs1=0
[F] cyc=63 fetch raw=01f21213 pc_d=00000068 fetch_pc=0000006c mem_direct=01f21213
[C] cyc=63 CDB tag=2 val=00000000
[D] cyc=64 dispatch op=12 pc=00000068 tag=6 raw_iq_imm=0000001f rs1=4
[F] cyc=64 fetch raw=00024463 pc_d=0000006c fetch_pc=00000070 mem_direct=00024463
[C] cyc=64 CDB tag=1 val=0000005c
[R] cyc=64 COMMIT op=18 pc=00000054
[F] cyc=66 fetch raw=01f19193 pc_d=0000005c fetch_pc=00000060 mem_direct=01f19193
[D] cyc=67 dispatch op=12 pc=0000005c tag=0 raw_iq_imm=0000001f rs1=3
[F] cyc=67 fetch raw=0001c463 pc_d=00000060 fetch_pc=00000064 mem_direct=0001c463
[D] cyc=68 dispatch op=18 pc=00000060 tag=1 raw_iq_imm=00000008 rs1=3
[F] cyc=68 fetch raw=00000193 pc_d=00000064 fetch_pc=00000068 mem_direct=00000193
[D] cyc=69 dispatch op=8 pc=00000064 tag=2 raw_iq_imm=00000000 rs1=0
[F] cyc=69 fetch raw=01f21213 pc_d=00000068 fetch_pc=0000006c mem_direct=01f21213
[D] cyc=70 dispatch op=12 pc=00000068 tag=3 raw_iq_imm=0000001f rs1=4
[F] cyc=70 fetch raw=00024463 pc_d=0000006c fetch_pc=00000070 mem_direct=00024463
[C] cyc=70 CDB tag=0 val=80000000
[D] cyc=71 dispatch op=18 pc=0000006c tag=4 raw_iq_imm=00000008 rs1=4
[F] cyc=71 fetch raw=00000213 pc_d=00000070 fetch_pc=00000074 mem_direct=00000213
[R] cyc=71 COMMIT op=12 pc=0000005c
[D] cyc=72 dispatch op=8 pc=00000070 tag=5 raw_iq_imm=00000000 rs1=0
[F] cyc=72 fetch raw=01f29293 pc_d=00000074 fetch_pc=00000078 mem_direct=01f29293
[C] cyc=72 CDB tag=2 val=00000000
[D] cyc=73 dispatch op=12 pc=00000074 tag=6 raw_iq_imm=0000001f rs1=5
[F] cyc=73 fetch raw=0002c463 pc_d=00000078 fetch_pc=0000007c mem_direct=0002c463
[C] cyc=73 CDB tag=1 val=00000068
[R] cyc=73 COMMIT op=18 pc=00000060
[F] cyc=75 fetch raw=01f21213 pc_d=00000068 fetch_pc=0000006c mem_direct=01f21213
[D] cyc=76 dispatch op=12 pc=00000068 tag=0 raw_iq_imm=0000001f rs1=4
[F] cyc=76 fetch raw=00024463 pc_d=0000006c fetch_pc=00000070 mem_direct=00024463
[D] cyc=77 dispatch op=18 pc=0000006c tag=1 raw_iq_imm=00000008 rs1=4
[F] cyc=77 fetch raw=00000213 pc_d=00000070 fetch_pc=00000074 mem_direct=00000213
[D] cyc=78 dispatch op=8 pc=00000070 tag=2 raw_iq_imm=00000000 rs1=0
[F] cyc=78 fetch raw=01f29293 pc_d=00000074 fetch_pc=00000078 mem_direct=01f29293
[D] cyc=79 dispatch op=12 pc=00000074 tag=3 raw_iq_imm=0000001f rs1=5
[F] cyc=79 fetch raw=0002c463 pc_d=00000078 fetch_pc=0000007c mem_direct=0002c463
[C] cyc=79 CDB tag=0 val=80000000
[D] cyc=80 dispatch op=18 pc=00000078 tag=4 raw_iq_imm=00000008 rs1=5
[F] cyc=80 fetch raw=00000293 pc_d=0000007c fetch_pc=00000080 mem_direct=00000293
[R] cyc=80 COMMIT op=12 pc=00000068
[D] cyc=81 dispatch op=8 pc=0000007c tag=5 raw_iq_imm=00000000 rs1=0
[F] cyc=81 fetch raw=01f31313 pc_d=00000080 fetch_pc=00000084 mem_direct=01f31313
[C] cyc=81 CDB tag=2 val=00000000
[D] cyc=82 dispatch op=12 pc=00000080 tag=6 raw_iq_imm=0000001f rs1=6
[F] cyc=82 fetch raw=00034463 pc_d=00000084 fetch_pc=00000088 mem_direct=00034463
[C] cyc=82 CDB tag=1 val=00000074
[R] cyc=82 COMMIT op=18 pc=0000006c
[F] cyc=84 fetch raw=01f29293 pc_d=00000074 fetch_pc=00000078 mem_direct=01f29293
[D] cyc=85 dispatch op=12 pc=00000074 tag=0 raw_iq_imm=0000001f rs1=5
[F] cyc=85 fetch raw=0002c463 pc_d=00000078 fetch_pc=0000007c mem_direct=0002c463
[D] cyc=86 dispatch op=18 pc=00000078 tag=1 raw_iq_imm=00000008 rs1=5
[F] cyc=86 fetch raw=00000293 pc_d=0000007c fetch_pc=00000080 mem_direct=00000293
[D] cyc=87 dispatch op=8 pc=0000007c tag=2 raw_iq_imm=00000000 rs1=0
[F] cyc=87 fetch raw=01f31313 pc_d=00000080 fetch_pc=00000084 mem_direct=01f31313
[D] cyc=88 dispatch op=12 pc=00000080 tag=3 raw_iq_imm=0000001f rs1=6
[F] cyc=88 fetch raw=00034463 pc_d=00000084 fetch_pc=00000088 mem_direct=00034463
[C] cyc=88 CDB tag=0 val=80000000
[D] cyc=89 dispatch op=18 pc=00000084 tag=4 raw_iq_imm=00000008 rs1=6
[F] cyc=89 fetch raw=00000313 pc_d=00000088 fetch_pc=0000008c mem_direct=00000313
[R] cyc=89 COMMIT op=12 pc=00000074
[D] cyc=90 dispatch op=8 pc=00000088 tag=5 raw_iq_imm=00000000 rs1=0
[F] cyc=90 fetch raw=01f39393 pc_d=0000008c fetch_pc=00000090 mem_direct=01f39393
[C] cyc=90 CDB tag=2 val=00000000
[D] cyc=91 dispatch op=12 pc=0000008c tag=6 raw_iq_imm=0000001f rs1=7
[F] cyc=91 fetch raw=0003c463 pc_d=00000090 fetch_pc=00000094 mem_direct=0003c463
[C] cyc=91 CDB tag=1 val=00000080
[R] cyc=91 COMMIT op=18 pc=00000078
[F] cyc=93 fetch raw=01f31313 pc_d=00000080 fetch_pc=00000084 mem_direct=01f31313
[D] cyc=94 dispatch op=12 pc=00000080 tag=0 raw_iq_imm=0000001f rs1=6
[F] cyc=94 fetch raw=00034463 pc_d=00000084 fetch_pc=00000088 mem_direct=00034463
[D] cyc=95 dispatch op=18 pc=00000084 tag=1 raw_iq_imm=00000008 rs1=6
[F] cyc=95 fetch raw=00000313 pc_d=00000088 fetch_pc=0000008c mem_direct=00000313
[D] cyc=96 dispatch op=8 pc=00000088 tag=2 raw_iq_imm=00000000 rs1=0
[F] cyc=96 fetch raw=01f39393 pc_d=0000008c fetch_pc=00000090 mem_direct=01f39393
[D] cyc=97 dispatch op=12 pc=0000008c tag=3 raw_iq_imm=0000001f rs1=7
[F] cyc=97 fetch raw=0003c463 pc_d=00000090 fetch_pc=00000094 mem_direct=0003c463
[C] cyc=97 CDB tag=0 val=80000000
[D] cyc=98 dispatch op=18 pc=00000090 tag=4 raw_iq_imm=00000008 rs1=7
[F] cyc=98 fetch raw=00000393 pc_d=00000094 fetch_pc=00000098 mem_direct=00000393
[R] cyc=98 COMMIT op=12 pc=00000080
[D] cyc=99 dispatch op=8 pc=00000094 tag=5 raw_iq_imm=00000000 rs1=0
[F] cyc=99 fetch raw=01f41413 pc_d=00000098 fetch_pc=0000009c mem_direct=01f41413
[C] cyc=99 CDB tag=2 val=00000000
[D] cyc=100 dispatch op=12 pc=00000098 tag=6 raw_iq_imm=0000001f rs1=8
[F] cyc=100 fetch raw=00044463 pc_d=0000009c fetch_pc=000000a0 mem_direct=00044463
[C] cyc=100 CDB tag=1 val=0000008c
[R] cyc=100 COMMIT op=18 pc=00000084
[F] cyc=102 fetch raw=01f39393 pc_d=0000008c fetch_pc=00000090 mem_direct=01f39393
[D] cyc=103 dispatch op=12 pc=0000008c tag=0 raw_iq_imm=0000001f rs1=7
[F] cyc=103 fetch raw=0003c463 pc_d=00000090 fetch_pc=00000094 mem_direct=0003c463
[D] cyc=104 dispatch op=18 pc=00000090 tag=1 raw_iq_imm=00000008 rs1=7
[F] cyc=104 fetch raw=00000393 pc_d=00000094 fetch_pc=00000098 mem_direct=00000393
[D] cyc=105 dispatch op=8 pc=00000094 tag=2 raw_iq_imm=00000000 rs1=0
[F] cyc=105 fetch raw=01f41413 pc_d=00000098 fetch_pc=0000009c mem_direct=01f41413
[D] cyc=106 dispatch op=12 pc=00000098 tag=3 raw_iq_imm=0000001f rs1=8
[F] cyc=106 fetch raw=00044463 pc_d=0000009c fetch_pc=000000a0 mem_direct=00044463
[C] cyc=106 CDB tag=0 val=80000000
[D] cyc=107 dispatch op=18 pc=0000009c tag=4 raw_iq_imm=00000008 rs1=8
[F] cyc=107 fetch raw=00000413 pc_d=000000a0 fetch_pc=000000a4 mem_direct=00000413
[R] cyc=107 COMMIT op=12 pc=0000008c
[D] cyc=108 dispatch op=8 pc=000000a0 tag=5 raw_iq_imm=00000000 rs1=0
[F] cyc=108 fetch raw=01f49493 pc_d=000000a4 fetch_pc=000000a8 mem_direct=01f49493
[C] cyc=108 CDB tag=2 val=00000000
[D] cyc=109 dispatch op=12 pc=000000a4 tag=6 raw_iq_imm=0000001f rs1=9
[F] cyc=109 fetch raw=0004c463 pc_d=000000a8 fetch_pc=000000ac mem_direct=0004c463
[C] cyc=109 CDB tag=1 val=00000098
[R] cyc=109 COMMIT op=18 pc=00000090
[F] cyc=111 fetch raw=01f41413 pc_d=00000098 fetch_pc=0000009c mem_direct=01f41413
[D] cyc=112 dispatch op=12 pc=00000098 tag=0 raw_iq_imm=0000001f rs1=8
[F] cyc=112 fetch raw=00044463 pc_d=0000009c fetch_pc=000000a0 mem_direct=00044463
[D] cyc=113 dispatch op=18 pc=0000009c tag=1 raw_iq_imm=00000008 rs1=8
[F] cyc=113 fetch raw=00000413 pc_d=000000a0 fetch_pc=000000a4 mem_direct=00000413
[D] cyc=114 dispatch op=8 pc=000000a0 tag=2 raw_iq_imm=00000000 rs1=0
[F] cyc=114 fetch raw=01f49493 pc_d=000000a4 fetch_pc=000000a8 mem_direct=01f49493
[D] cyc=115 dispatch op=12 pc=000000a4 tag=3 raw_iq_imm=0000001f rs1=9
[F] cyc=115 fetch raw=0004c463 pc_d=000000a8 fetch_pc=000000ac mem_direct=0004c463
[C] cyc=115 CDB tag=0 val=80000000
[D] cyc=116 dispatch op=18 pc=000000a8 tag=4 raw_iq_imm=00000008 rs1=9
[F] cyc=116 fetch raw=00000493 pc_d=000000ac fetch_pc=000000b0 mem_direct=00000493
[R] cyc=116 COMMIT op=12 pc=00000098
[D] cyc=117 dispatch op=8 pc=000000ac tag=5 raw_iq_imm=00000000 rs1=0
[F] cyc=117 fetch raw=01f51513 pc_d=000000b0 fetch_pc=000000b4 mem_direct=01f51513
[C] cyc=117 CDB tag=2 val=00000000
[D] cyc=118 dispatch op=12 pc=000000b0 tag=6 raw_iq_imm=0000001f rs1=10
[F] cyc=118 fetch raw=00054463 pc_d=000000b4 fetch_pc=000000b8 mem_direct=00054463
[C] cyc=118 CDB tag=1 val=000000a4
[R] cyc=118 COMMIT op=18 pc=0000009c
[F] cyc=120 fetch raw=01f49493 pc_d=000000a4 fetch_pc=000000a8 mem_direct=01f49493
[D] cyc=121 dispatch op=12 pc=000000a4 tag=0 raw_iq_imm=0000001f rs1=9
[F] cyc=121 fetch raw=0004c463 pc_d=000000a8 fetch_pc=000000ac mem_direct=0004c463
[D] cyc=122 dispatch op=18 pc=000000a8 tag=1 raw_iq_imm=00000008 rs1=9
[F] cyc=122 fetch raw=00000493 pc_d=000000ac fetch_pc=000000b0 mem_direct=00000493
[D] cyc=123 dispatch op=8 pc=000000ac tag=2 raw_iq_imm=00000000 rs1=0
[F] cyc=123 fetch raw=01f51513 pc_d=000000b0 fetch_pc=000000b4 mem_direct=01f51513
[D] cyc=124 dispatch op=12 pc=000000b0 tag=3 raw_iq_imm=0000001f rs1=10
[F] cyc=124 fetch raw=00054463 pc_d=000000b4 fetch_pc=000000b8 mem_direct=00054463
[C] cyc=124 CDB tag=0 val=80000000
[D] cyc=125 dispatch op=18 pc=000000b4 tag=4 raw_iq_imm=00000008 rs1=10
[F] cyc=125 fetch raw=00000513 pc_d=000000b8 fetch_pc=000000bc mem_direct=00000513
[R] cyc=125 COMMIT op=12 pc=000000a4
[D] cyc=126 dispatch op=8 pc=000000b8 tag=5 raw_iq_imm=00000000 rs1=0
[F] cyc=126 fetch raw=01f59593 pc_d=000000bc fetch_pc=000000c0 mem_direct=01f59593
[C] cyc=126 CDB tag=2 val=00000000
[D] cyc=127 dispatch op=12 pc=000000bc tag=6 raw_iq_imm=0000001f rs1=11
[F] cyc=127 fetch raw=0005c463 pc_d=000000c0 fetch_pc=000000c4 mem_direct=0005c463
[C] cyc=127 CDB tag=1 val=000000b0
[R] cyc=127 COMMIT op=18 pc=000000a8
[F] cyc=129 fetch raw=01f51513 pc_d=000000b0 fetch_pc=000000b4 mem_direct=01f51513
[D] cyc=130 dispatch op=12 pc=000000b0 tag=0 raw_iq_imm=0000001f rs1=10
[F] cyc=130 fetch raw=00054463 pc_d=000000b4 fetch_pc=000000b8 mem_direct=00054463
[D] cyc=131 dispatch op=18 pc=000000b4 tag=1 raw_iq_imm=00000008 rs1=10
[F] cyc=131 fetch raw=00000513 pc_d=000000b8 fetch_pc=000000bc mem_direct=00000513
[D] cyc=132 dispatch op=8 pc=000000b8 tag=2 raw_iq_imm=00000000 rs1=0
[F] cyc=132 fetch raw=01f59593 pc_d=000000bc fetch_pc=000000c0 mem_direct=01f59593
[D] cyc=133 dispatch op=12 pc=000000bc tag=3 raw_iq_imm=0000001f rs1=11
[F] cyc=133 fetch raw=0005c463 pc_d=000000c0 fetch_pc=000000c4 mem_direct=0005c463
[C] cyc=133 CDB tag=0 val=80000000
[D] cyc=134 dispatch op=18 pc=000000c0 tag=4 raw_iq_imm=00000008 rs1=11
[F] cyc=134 fetch raw=00000593 pc_d=000000c4 fetch_pc=000000c8 mem_direct=00000593
[R] cyc=134 COMMIT op=12 pc=000000b0
[D] cyc=135 dispatch op=8 pc=000000c4 tag=5 raw_iq_imm=00000000 rs1=0
[F] cyc=135 fetch raw=01f61613 pc_d=000000c8 fetch_pc=000000cc mem_direct=01f61613
[C] cyc=135 CDB tag=2 val=00000000
[D] cyc=136 dispatch op=12 pc=000000c8 tag=6 raw_iq_imm=0000001f rs1=12
[F] cyc=136 fetch raw=00064463 pc_d=000000cc fetch_pc=000000d0 mem_direct=00064463
[C] cyc=136 CDB tag=1 val=000000bc
[R] cyc=136 COMMIT op=18 pc=000000b4
[F] cyc=138 fetch raw=01f59593 pc_d=000000bc fetch_pc=000000c0 mem_direct=01f59593
[D] cyc=139 dispatch op=12 pc=000000bc tag=0 raw_iq_imm=0000001f rs1=11
[F] cyc=139 fetch raw=0005c463 pc_d=000000c0 fetch_pc=000000c4 mem_direct=0005c463
[D] cyc=140 dispatch op=18 pc=000000c0 tag=1 raw_iq_imm=00000008 rs1=11
[F] cyc=140 fetch raw=00000593 pc_d=000000c4 fetch_pc=000000c8 mem_direct=00000593
[D] cyc=141 dispatch op=8 pc=000000c4 tag=2 raw_iq_imm=00000000 rs1=0
[F] cyc=141 fetch raw=01f61613 pc_d=000000c8 fetch_pc=000000cc mem_direct=01f61613
[D] cyc=142 dispatch op=12 pc=000000c8 tag=3 raw_iq_imm=0000001f rs1=12
[F] cyc=142 fetch raw=00064463 pc_d=000000cc fetch_pc=000000d0 mem_direct=00064463
[C] cyc=142 CDB tag=0 val=80000000
[D] cyc=143 dispatch op=18 pc=000000cc tag=4 raw_iq_imm=00000008 rs1=12
[F] cyc=143 fetch raw=00000613 pc_d=000000d0 fetch_pc=000000d4 mem_direct=00000613
[R] cyc=143 COMMIT op=12 pc=000000bc
[D] cyc=144 dispatch op=8 pc=000000d0 tag=5 raw_iq_imm=00000000 rs1=0
[F] cyc=144 fetch raw=01f69693 pc_d=000000d4 fetch_pc=000000d8 mem_direct=01f69693
[C] cyc=144 CDB tag=2 val=00000000
[D] cyc=145 dispatch op=12 pc=000000d4 tag=6 raw_iq_imm=0000001f rs1=13
[F] cyc=145 fetch raw=0006c463 pc_d=000000d8 fetch_pc=000000dc mem_direct=0006c463
[C] cyc=145 CDB tag=1 val=000000c8
[R] cyc=145 COMMIT op=18 pc=000000c0
[F] cyc=147 fetch raw=01f61613 pc_d=000000c8 fetch_pc=000000cc mem_direct=01f61613
[D] cyc=148 dispatch op=12 pc=000000c8 tag=0 raw_iq_imm=0000001f rs1=12
[F] cyc=148 fetch raw=00064463 pc_d=000000cc fetch_pc=000000d0 mem_direct=00064463
[D] cyc=149 dispatch op=18 pc=000000cc tag=1 raw_iq_imm=00000008 rs1=12
[F] cyc=149 fetch raw=00000613 pc_d=000000d0 fetch_pc=000000d4 mem_direct=00000613
[D] cyc=150 dispatch op=8 pc=000000d0 tag=2 raw_iq_imm=00000000 rs1=0
[F] cyc=150 fetch raw=01f69693 pc_d=000000d4 fetch_pc=000000d8 mem_direct=01f69693
[D] cyc=151 dispatch op=12 pc=000000d4 tag=3 raw_iq_imm=0000001f rs1=13
[F] cyc=151 fetch raw=0006c463 pc_d=000000d8 fetch_pc=000000dc mem_direct=0006c463
[C] cyc=151 CDB tag=0 val=80000000
[D] cyc=152 dispatch op=18 pc=000000d8 tag=4 raw_iq_imm=00000008 rs1=13
[F] cyc=152 fetch raw=00000693 pc_d=000000dc fetch_pc=000000e0 mem_direct=00000693
[R] cyc=152 COMMIT op=12 pc=000000c8
[D] cyc=153 dispatch op=8 pc=000000dc tag=5 raw_iq_imm=00000000 rs1=0
[F] cyc=153 fetch raw=01f71713 pc_d=000000e0 fetch_pc=000000e4 mem_direct=01f71713
[C] cyc=153 CDB tag=2 val=00000000
[D] cyc=154 dispatch op=12 pc=000000e0 tag=6 raw_iq_imm=0000001f rs1=14
[F] cyc=154 fetch raw=00074463 pc_d=000000e4 fetch_pc=000000e8 mem_direct=00074463
[C] cyc=154 CDB tag=1 val=000000d4
[R] cyc=154 COMMIT op=18 pc=000000cc
[F] cyc=156 fetch raw=01f69693 pc_d=000000d4 fetch_pc=000000d8 mem_direct=01f69693
[D] cyc=157 dispatch op=12 pc=000000d4 tag=0 raw_iq_imm=0000001f rs1=13
[F] cyc=157 fetch raw=0006c463 pc_d=000000d8 fetch_pc=000000dc mem_direct=0006c463
[D] cyc=158 dispatch op=18 pc=000000d8 tag=1 raw_iq_imm=00000008 rs1=13
[F] cyc=158 fetch raw=00000693 pc_d=000000dc fetch_pc=000000e0 mem_direct=00000693
[D] cyc=159 dispatch op=8 pc=000000dc tag=2 raw_iq_imm=00000000 rs1=0
[F] cyc=159 fetch raw=01f71713 pc_d=000000e0 fetch_pc=000000e4 mem_direct=01f71713
[D] cyc=160 dispatch op=12 pc=000000e0 tag=3 raw_iq_imm=0000001f rs1=14
[F] cyc=160 fetch raw=00074463 pc_d=000000e4 fetch_pc=000000e8 mem_direct=00074463
[C] cyc=160 CDB tag=0 val=80000000
[D] cyc=161 dispatch op=18 pc=000000e4 tag=4 raw_iq_imm=00000008 rs1=14
[F] cyc=161 fetch raw=00000713 pc_d=000000e8 fetch_pc=000000ec mem_direct=00000713
[R] cyc=161 COMMIT op=12 pc=000000d4
[D] cyc=162 dispatch op=8 pc=000000e8 tag=5 raw_iq_imm=00000000 rs1=0
[F] cyc=162 fetch raw=01f79793 pc_d=000000ec fetch_pc=000000f0 mem_direct=01f79793
[C] cyc=162 CDB tag=2 val=00000000
[D] cyc=163 dispatch op=12 pc=000000ec tag=6 raw_iq_imm=0000001f rs1=15
[F] cyc=163 fetch raw=0007c463 pc_d=000000f0 fetch_pc=000000f4 mem_direct=0007c463
[C] cyc=163 CDB tag=1 val=000000e0
[R] cyc=163 COMMIT op=18 pc=000000d8
[F] cyc=165 fetch raw=01f71713 pc_d=000000e0 fetch_pc=000000e4 mem_direct=01f71713
[D] cyc=166 dispatch op=12 pc=000000e0 tag=0 raw_iq_imm=0000001f rs1=14
[F] cyc=166 fetch raw=00074463 pc_d=000000e4 fetch_pc=000000e8 mem_direct=00074463
[D] cyc=167 dispatch op=18 pc=000000e4 tag=1 raw_iq_imm=00000008 rs1=14
[F] cyc=167 fetch raw=00000713 pc_d=000000e8 fetch_pc=000000ec mem_direct=00000713
[D] cyc=168 dispatch op=8 pc=000000e8 tag=2 raw_iq_imm=00000000 rs1=0
[F] cyc=168 fetch raw=01f79793 pc_d=000000ec fetch_pc=000000f0 mem_direct=01f79793
[D] cyc=169 dispatch op=12 pc=000000ec tag=3 raw_iq_imm=0000001f rs1=15
[F] cyc=169 fetch raw=0007c463 pc_d=000000f0 fetch_pc=000000f4 mem_direct=0007c463
[C] cyc=169 CDB tag=0 val=80000000
[D] cyc=170 dispatch op=18 pc=000000f0 tag=4 raw_iq_imm=00000008 rs1=15
[F] cyc=170 fetch raw=00000793 pc_d=000000f4 fetch_pc=000000f8 mem_direct=00000793
[R] cyc=170 COMMIT op=12 pc=000000e0
[D] cyc=171 dispatch op=8 pc=000000f4 tag=5 raw_iq_imm=00000000 rs1=0
[F] cyc=171 fetch raw=00082023 pc_d=000000f8 fetch_pc=000000fc mem_direct=00082023
[C] cyc=171 CDB tag=2 val=00000000
[D] cyc=172 dispatch op=15 pc=000000f8 tag=6 raw_iq_imm=00000000 rs1=16
[F] cyc=172 fetch raw=00182223 pc_d=000000fc fetch_pc=00000100 mem_direct=00182223
[C] cyc=172 CDB tag=1 val=000000ec
[R] cyc=172 COMMIT op=18 pc=000000e4
[F] cyc=174 fetch raw=01f79793 pc_d=000000ec fetch_pc=000000f0 mem_direct=01f79793
[D] cyc=175 dispatch op=12 pc=000000ec tag=0 raw_iq_imm=0000001f rs1=15
[F] cyc=175 fetch raw=0007c463 pc_d=000000f0 fetch_pc=000000f4 mem_direct=0007c463
[D] cyc=176 dispatch op=18 pc=000000f0 tag=1 raw_iq_imm=00000008 rs1=15
[F] cyc=176 fetch raw=00000793 pc_d=000000f4 fetch_pc=000000f8 mem_direct=00000793
[D] cyc=177 dispatch op=8 pc=000000f4 tag=2 raw_iq_imm=00000000 rs1=0
[F] cyc=177 fetch raw=00082023 pc_d=000000f8 fetch_pc=000000fc mem_direct=00082023
[D] cyc=178 dispatch op=15 pc=000000f8 tag=3 raw_iq_imm=00000000 rs1=16
[F] cyc=178 fetch raw=00182223 pc_d=000000fc fetch_pc=00000100 mem_direct=00182223
[C] cyc=178 CDB tag=0 val=80000000
[D] cyc=179 dispatch op=15 pc=000000fc tag=4 raw_iq_imm=00000004 rs1=16
[F] cyc=179 fetch raw=00282423 pc_d=00000100 fetch_pc=00000104 mem_direct=00282423
[C] cyc=179 CDB tag=3 val=00000000
[R] cyc=179 COMMIT op=12 pc=000000ec
[D] cyc=180 dispatch op=15 pc=00000100 tag=5 raw_iq_imm=00000008 rs1=16
[F] cyc=180 fetch raw=00382623 pc_d=00000104 fetch_pc=00000108 mem_direct=00382623
[C] cyc=180 CDB tag=2 val=00000000
[D] cyc=181 dispatch op=15 pc=00000104 tag=6 raw_iq_imm=0000000c rs1=16
[F] cyc=181 fetch raw=00482823 pc_d=00000108 fetch_pc=0000010c mem_direct=00482823
[C] cyc=181 CDB tag=1 val=000000f8
[R] cyc=181 COMMIT op=18 pc=000000f0
[F] cyc=183 fetch raw=00082023 pc_d=000000f8 fetch_pc=000000fc mem_direct=00082023
[D] cyc=184 dispatch op=15 pc=000000f8 tag=0 raw_iq_imm=00000000 rs1=16
[F] cyc=184 fetch raw=00182223 pc_d=000000fc fetch_pc=00000100 mem_direct=00182223
[D] cyc=185 dispatch op=15 pc=000000fc tag=1 raw_iq_imm=00000004 rs1=16
[F] cyc=185 fetch raw=00282423 pc_d=00000100 fetch_pc=00000104 mem_direct=00282423
[C] cyc=185 CDB tag=0 val=00000000
[D] cyc=186 dispatch op=15 pc=00000100 tag=2 raw_iq_imm=00000008 rs1=16
[F] cyc=186 fetch raw=00382623 pc_d=00000104 fetch_pc=00000108 mem_direct=00382623
[C] cyc=186 CDB tag=1 val=00000000
[R] cyc=186 COMMIT op=15 pc=000000f8
[D] cyc=187 dispatch op=15 pc=00000104 tag=3 raw_iq_imm=0000000c rs1=16
[F] cyc=187 fetch raw=00482823 pc_d=00000108 fetch_pc=0000010c mem_direct=00482823
[C] cyc=187 CDB tag=2 val=00000000
[R] cyc=187 COMMIT op=15 pc=000000fc
[D] cyc=188 dispatch op=15 pc=00000108 tag=4 raw_iq_imm=00000010 rs1=16
[F] cyc=188 fetch raw=00582a23 pc_d=0000010c fetch_pc=00000110 mem_direct=00582a23
[C] cyc=188 CDB tag=3 val=00000000
[R] cyc=188 COMMIT op=15 pc=00000100
[D] cyc=189 dispatch op=15 pc=0000010c tag=5 raw_iq_imm=00000014 rs1=16
[F] cyc=189 fetch raw=00682c23 pc_d=00000110 fetch_pc=00000114 mem_direct=00682c23
[C] cyc=189 CDB tag=4 val=00000000
[R] cyc=189 COMMIT op=15 pc=00000104
[D] cyc=190 dispatch op=15 pc=00000110 tag=6 raw_iq_imm=00000018 rs1=16
[F] cyc=190 fetch raw=00782e23 pc_d=00000114 fetch_pc=00000118 mem_direct=00782e23
[C] cyc=190 CDB tag=5 val=00000000
[R] cyc=190 COMMIT op=15 pc=00000108
[D] cyc=191 dispatch op=15 pc=00000114 tag=7 raw_iq_imm=0000001c rs1=16
[F] cyc=191 fetch raw=02882023 pc_d=00000118 fetch_pc=0000011c mem_direct=02882023
[C] cyc=191 CDB tag=6 val=00000000
[R] cyc=191 COMMIT op=15 pc=0000010c
[D] cyc=192 dispatch op=15 pc=00000118 tag=8 raw_iq_imm=00000020 rs1=16
[F] cyc=192 fetch raw=02982223 pc_d=0000011c fetch_pc=00000120 mem_direct=02982223
[C] cyc=192 CDB tag=7 val=00000000
[R] cyc=192 COMMIT op=15 pc=00000110
[D] cyc=193 dispatch op=15 pc=0000011c tag=9 raw_iq_imm=00000024 rs1=16
[F] cyc=193 fetch raw=02a82423 pc_d=00000120 fetch_pc=00000124 mem_direct=02a82423
[C] cyc=193 CDB tag=8 val=00000000
[R] cyc=193 COMMIT op=15 pc=00000114
[D] cyc=194 dispatch op=15 pc=00000120 tag=10 raw_iq_imm=00000028 rs1=16
[F] cyc=194 fetch raw=02b82623 pc_d=00000124 fetch_pc=00000128 mem_direct=02b82623
[C] cyc=194 CDB tag=9 val=00000000
[R] cyc=194 COMMIT op=15 pc=00000118
[D] cyc=195 dispatch op=15 pc=00000124 tag=11 raw_iq_imm=0000002c rs1=16
[F] cyc=195 fetch raw=02c82823 pc_d=00000128 fetch_pc=0000012c mem_direct=02c82823
[C] cyc=195 CDB tag=10 val=00000000
[R] cyc=195 COMMIT op=15 pc=0000011c
[D] cyc=196 dispatch op=15 pc=00000128 tag=12 raw_iq_imm=00000030 rs1=16
[F] cyc=196 fetch raw=02d82a23 pc_d=0000012c fetch_pc=00000130 mem_direct=02d82a23
[C] cyc=196 CDB tag=11 val=00000000
[R] cyc=196 COMMIT op=15 pc=00000120
[D] cyc=197 dispatch op=15 pc=0000012c tag=13 raw_iq_imm=00000034 rs1=16
[F] cyc=197 fetch raw=02e82c23 pc_d=00000130 fetch_pc=00000134 mem_direct=02e82c23
[C] cyc=197 CDB tag=12 val=00000000
[R] cyc=197 COMMIT op=15 pc=00000124
[D] cyc=198 dispatch op=15 pc=00000130 tag=14 raw_iq_imm=00000038 rs1=16
[F] cyc=198 fetch raw=02f82e23 pc_d=00000134 fetch_pc=00000138 mem_direct=02f82e23
[C] cyc=198 CDB tag=13 val=00000000
[R] cyc=198 COMMIT op=15 pc=00000128
[D] cyc=199 dispatch op=15 pc=00000134 tag=15 raw_iq_imm=0000003c rs1=16
[F] cyc=199 fetch raw=2c000093 pc_d=00000138 fetch_pc=0000013c mem_direct=2c000093
[C] cyc=199 CDB tag=14 val=00000000
[R] cyc=199 COMMIT op=15 pc=0000012c
[D] cyc=200 dispatch op=8 pc=00000138 tag=0 raw_iq_imm=000002c0 rs1=0
[F] cyc=200 fetch raw=00100813 pc_d=0000013c fetch_pc=00000140 mem_direct=00100813
[C] cyc=200 CDB tag=15 val=00000000
[R] cyc=200 COMMIT op=15 pc=00000130
[D] cyc=201 dispatch op=8 pc=0000013c tag=1 raw_iq_imm=00000001 rs1=0
[F] cyc=201 fetch raw=00100893 pc_d=00000140 fetch_pc=00000144 mem_direct=00100893
[R] cyc=201 COMMIT op=15 pc=00000134
[D] cyc=202 dispatch op=8 pc=00000140 tag=2 raw_iq_imm=00000001 rs1=0
[F] cyc=202 fetch raw=00100913 pc_d=00000144 fetch_pc=00000148 mem_direct=00100913
[D] cyc=203 dispatch op=8 pc=00000144 tag=3 raw_iq_imm=00000001 rs1=0
[F] cyc=203 fetch raw=00100993 pc_d=00000148 fetch_pc=0000014c mem_direct=00100993
[C] cyc=203 CDB tag=0 val=000002c0
[D] cyc=204 dispatch op=8 pc=00000148 tag=4 raw_iq_imm=00000001 rs1=0
[F] cyc=204 fetch raw=00100a13 pc_d=0000014c fetch_pc=00000150 mem_direct=00100a13
[R] cyc=204 COMMIT op=8 pc=00000138
[D] cyc=205 dispatch op=8 pc=0000014c tag=5 raw_iq_imm=00000001 rs1=0
[F] cyc=205 fetch raw=00100a93 pc_d=00000150 fetch_pc=00000154 mem_direct=00100a93
[C] cyc=205 CDB tag=2 val=00000001
[D] cyc=206 dispatch op=8 pc=00000150 tag=6 raw_iq_imm=00000001 rs1=0
[F] cyc=206 fetch raw=00100b13 pc_d=00000154 fetch_pc=00000158 mem_direct=00100b13
[D] cyc=207 dispatch op=8 pc=00000154 tag=7 raw_iq_imm=00000001 rs1=0
[F] cyc=207 fetch raw=00100b93 pc_d=00000158 fetch_pc=0000015c mem_direct=00100b93
[C] cyc=207 CDB tag=4 val=00000001
[D] cyc=208 dispatch op=8 pc=00000158 tag=8 raw_iq_imm=00000001 rs1=0
[F] cyc=208 fetch raw=00100c13 pc_d=0000015c fetch_pc=00000160 mem_direct=00100c13
[D] cyc=209 dispatch op=8 pc=0000015c tag=9 raw_iq_imm=00000001 rs1=0
[F] cyc=209 fetch raw=00100c93 pc_d=00000160 fetch_pc=00000164 mem_direct=00100c93
[C] cyc=209 CDB tag=6 val=00000001
[D] cyc=210 dispatch op=8 pc=00000160 tag=10 raw_iq_imm=00000001 rs1=0
[F] cyc=210 fetch raw=00100d13 pc_d=00000164 fetch_pc=00000168 mem_direct=00100d13
[F] cyc=211 fetch raw=00100d93 pc_d=00000168 fetch_pc=0000016c mem_direct=00100d93
[C] cyc=211 CDB tag=8 val=00000001
[D] cyc=212 dispatch op=8 pc=00000164 tag=11 raw_iq_imm=00000001 rs1=0
[F] cyc=212 fetch raw=00100e13 pc_d=0000016c fetch_pc=00000170 mem_direct=00100e13
[F] cyc=213 fetch raw=00100e93 pc_d=00000170 fetch_pc=00000174 mem_direct=00100e93
[C] cyc=213 CDB tag=10 val=00000001
[D] cyc=214 dispatch op=8 pc=00000168 tag=12 raw_iq_imm=00000001 rs1=0
[F] cyc=214 fetch raw=00100f13 pc_d=00000174 fetch_pc=00000178 mem_direct=00100f13
[F] cyc=215 fetch raw=00100f93 pc_d=00000178 fetch_pc=0000017c mem_direct=00100f93
[C] cyc=215 CDB tag=11 val=00000001
[D] cyc=216 dispatch op=8 pc=0000016c tag=13 raw_iq_imm=00000001 rs1=0
[F] cyc=216 fetch raw=01f81813 pc_d=0000017c fetch_pc=00000180 mem_direct=01f81813
[F] cyc=217 fetch raw=00084463 pc_d=00000180 fetch_pc=00000184 mem_direct=00084463
[C] cyc=217 CDB tag=12 val=00000001
[D] cyc=218 dispatch op=8 pc=00000170 tag=14 raw_iq_imm=00000001 rs1=0
[F] cyc=218 fetch raw=00000813 pc_d=00000184 fetch_pc=00000188 mem_direct=00000813
[F] cyc=219 fetch raw=01f89893 pc_d=00000188 fetch_pc=0000018c mem_direct=01f89893
[C] cyc=219 CDB tag=13 val=00000001
[D] cyc=220 dispatch op=8 pc=00000174 tag=15 raw_iq_imm=00000001 rs1=0
[F] cyc=220 fetch raw=0008c463 pc_d=0000018c fetch_pc=00000190 mem_direct=0008c463
[F] cyc=221 fetch raw=00000893 pc_d=00000190 fetch_pc=00000194 mem_direct=00000893
[C] cyc=221 CDB tag=14 val=00000001
[D] cyc=222 dispatch op=8 pc=00000178 tag=0 raw_iq_imm=00000001 rs1=0
[F] cyc=222 fetch raw=01f91913 pc_d=00000194 fetch_pc=00000198 mem_direct=01f91913
[F] cyc=223 fetch raw=00094463 pc_d=00000198 fetch_pc=0000019c mem_direct=00094463
[C] cyc=223 CDB tag=15 val=00000001
[C] cyc=225 CDB tag=0 val=00000001
[C] cyc=227 CDB tag=1 val=00000001
[R] cyc=228 COMMIT op=8 pc=0000013c
[D] cyc=229 dispatch op=12 pc=0000017c tag=1 raw_iq_imm=0000001f rs1=16
[C] cyc=229 CDB tag=3 val=00000001
[R] cyc=229 COMMIT op=8 pc=00000140
[D] cyc=230 dispatch op=18 pc=00000180 tag=2 raw_iq_imm=00000008 rs1=16
[F] cyc=230 fetch raw=00000913 pc_d=0000019c fetch_pc=000001a0 mem_direct=00000913
[R] cyc=230 COMMIT op=8 pc=00000144
[D] cyc=231 dispatch op=8 pc=00000184 tag=3 raw_iq_imm=00000000 rs1=0
[F] cyc=231 fetch raw=01f99993 pc_d=000001a0 fetch_pc=000001a4 mem_direct=01f99993
[C] cyc=231 CDB tag=5 val=00000001
[R] cyc=231 COMMIT op=8 pc=00000148
[D] cyc=232 dispatch op=12 pc=00000188 tag=4 raw_iq_imm=0000001f rs1=17
[F] cyc=232 fetch raw=0009c463 pc_d=000001a4 fetch_pc=000001a8 mem_direct=0009c463
[R] cyc=232 COMMIT op=8 pc=0000014c
[D] cyc=233 dispatch op=18 pc=0000018c tag=5 raw_iq_imm=00000008 rs1=17
[F] cyc=233 fetch raw=00000993 pc_d=000001a8 fetch_pc=000001ac mem_direct=00000993
[C] cyc=233 CDB tag=1 val=80000000
[R] cyc=233 COMMIT op=8 pc=00000150
[D] cyc=234 dispatch op=8 pc=00000190 tag=6 raw_iq_imm=00000000 rs1=0
[F] cyc=234 fetch raw=01fa1a13 pc_d=000001ac fetch_pc=000001b0 mem_direct=01fa1a13
[F] cyc=235 fetch raw=000a4463 pc_d=000001b0 fetch_pc=000001b4 mem_direct=000a4463
[C] cyc=235 CDB tag=4 val=80000000
[C] cyc=236 CDB tag=2 val=00000188
[C] cyc=237 CDB tag=6 val=00000000
[C] cyc=238 CDB tag=5 val=00000194
[C] cyc=239 CDB tag=3 val=00000000
[C] cyc=241 CDB tag=7 val=00000001
[R] cyc=242 COMMIT op=8 pc=00000154
[D] cyc=243 dispatch op=12 pc=00000194 tag=7 raw_iq_imm=0000001f rs1=18
[C] cyc=243 CDB tag=9 val=00000001
[R] cyc=243 COMMIT op=8 pc=00000158
[D] cyc=244 dispatch op=18 pc=00000198 tag=8 raw_iq_imm=00000008 rs1=18
[F] cyc=244 fetch raw=00000a13 pc_d=000001b4 fetch_pc=000001b8 mem_direct=00000a13
[R] cyc=244 COMMIT op=8 pc=0000015c
[D] cyc=245 dispatch op=8 pc=0000019c tag=9 raw_iq_imm=00000000 rs1=0
[F] cyc=245 fetch raw=01fa9a93 pc_d=000001b8 fetch_pc=000001bc mem_direct=01fa9a93
[R] cyc=245 COMMIT op=8 pc=00000160
[D] cyc=246 dispatch op=12 pc=000001a0 tag=10 raw_iq_imm=0000001f rs1=19
[F] cyc=246 fetch raw=000ac463 pc_d=000001bc fetch_pc=000001c0 mem_direct=000ac463
[C] cyc=246 CDB tag=7 val=80000000
[R] cyc=246 COMMIT op=8 pc=00000164
[D] cyc=247 dispatch op=18 pc=000001a4 tag=11 raw_iq_imm=00000008 rs1=19
[F] cyc=247 fetch raw=00000a93 pc_d=000001c0 fetch_pc=000001c4 mem_direct=00000a93
[R] cyc=247 COMMIT op=8 pc=00000168
[D] cyc=248 dispatch op=8 pc=000001a8 tag=12 raw_iq_imm=00000000 rs1=0
[F] cyc=248 fetch raw=01fb1b13 pc_d=000001c4 fetch_pc=000001c8 mem_direct=01fb1b13
[C] cyc=248 CDB tag=9 val=00000000
[R] cyc=248 COMMIT op=8 pc=0000016c
[D] cyc=249 dispatch op=12 pc=000001ac tag=13 raw_iq_imm=0000001f rs1=20
[F] cyc=249 fetch raw=000b4463 pc_d=000001c8 fetch_pc=000001cc mem_direct=000b4463
[C] cyc=249 CDB tag=8 val=000001a0
[R] cyc=249 COMMIT op=8 pc=00000170
[D] cyc=250 dispatch op=18 pc=000001b0 tag=14 raw_iq_imm=00000008 rs1=20
[F] cyc=250 fetch raw=00000b13 pc_d=000001cc fetch_pc=000001d0 mem_direct=00000b13
[C] cyc=250 CDB tag=10 val=80000000
[R] cyc=250 COMMIT op=8 pc=00000174
[D] cyc=251 dispatch op=8 pc=000001b4 tag=15 raw_iq_imm=00000000 rs1=0
[F] cyc=251 fetch raw=01fb9b93 pc_d=000001d0 fetch_pc=000001d4 mem_direct=01fb9b93
[R] cyc=251 COMMIT op=8 pc=00000178
[D] cyc=252 dispatch op=12 pc=000001b8 tag=0 raw_iq_imm=0000001f rs1=21
[F] cyc=252 fetch raw=000bc463 pc_d=000001d4 fetch_pc=000001d8 mem_direct=000bc463
[C] cyc=252 CDB tag=12 val=00000000
[R] cyc=252 COMMIT op=12 pc=0000017c
[D] cyc=253 dispatch op=18 pc=000001bc tag=1 raw_iq_imm=00000008 rs1=21
[F] cyc=253 fetch raw=00000b93 pc_d=000001d8 fetch_pc=000001dc mem_direct=00000b93
[C] cyc=253 CDB tag=11 val=000001ac
[R] cyc=253 COMMIT op=18 pc=00000180
[F] cyc=255 fetch raw=01f89893 pc_d=00000188 fetch_pc=0000018c mem_direct=01f89893
[D] cyc=256 dispatch op=12 pc=00000188 tag=0 raw_iq_imm=0000001f rs1=17
[F] cyc=256 fetch raw=0008c463 pc_d=0000018c fetch_pc=00000190 mem_direct=0008c463
[D] cyc=257 dispatch op=18 pc=0000018c tag=1 raw_iq_imm=00000008 rs1=17
[F] cyc=257 fetch raw=00000893 pc_d=00000190 fetch_pc=00000194 mem_direct=00000893
[D] cyc=258 dispatch op=8 pc=00000190 tag=2 raw_iq_imm=00000000 rs1=0
[F] cyc=258 fetch raw=01f91913 pc_d=00000194 fetch_pc=00000198 mem_direct=01f91913
[D] cyc=259 dispatch op=12 pc=00000194 tag=3 raw_iq_imm=0000001f rs1=18
[F] cyc=259 fetch raw=00094463 pc_d=00000198 fetch_pc=0000019c mem_direct=00094463
[C] cyc=259 CDB tag=0 val=80000000
[D] cyc=260 dispatch op=18 pc=00000198 tag=4 raw_iq_imm=00000008 rs1=18
[F] cyc=260 fetch raw=00000913 pc_d=0000019c fetch_pc=000001a0 mem_direct=00000913
[R] cyc=260 COMMIT op=12 pc=00000188
[D] cyc=261 dispatch op=8 pc=0000019c tag=5 raw_iq_imm=00000000 rs1=0
[F] cyc=261 fetch raw=01f99993 pc_d=000001a0 fetch_pc=000001a4 mem_direct=01f99993
[C] cyc=261 CDB tag=2 val=00000000
[D] cyc=262 dispatch op=12 pc=000001a0 tag=6 raw_iq_imm=0000001f rs1=19
[F] cyc=262 fetch raw=0009c463 pc_d=000001a4 fetch_pc=000001a8 mem_direct=0009c463
[C] cyc=262 CDB tag=1 val=00000194
[R] cyc=262 COMMIT op=18 pc=0000018c
[F] cyc=264 fetch raw=01f91913 pc_d=00000194 fetch_pc=00000198 mem_direct=01f91913
[D] cyc=265 dispatch op=12 pc=00000194 tag=0 raw_iq_imm=0000001f rs1=18
[F] cyc=265 fetch raw=00094463 pc_d=00000198 fetch_pc=0000019c mem_direct=00094463
[D] cyc=266 dispatch op=18 pc=00000198 tag=1 raw_iq_imm=00000008 rs1=18
[F] cyc=266 fetch raw=00000913 pc_d=0000019c fetch_pc=000001a0 mem_direct=00000913
[D] cyc=267 dispatch op=8 pc=0000019c tag=2 raw_iq_imm=00000000 rs1=0
[F] cyc=267 fetch raw=01f99993 pc_d=000001a0 fetch_pc=000001a4 mem_direct=01f99993
[D] cyc=268 dispatch op=12 pc=000001a0 tag=3 raw_iq_imm=0000001f rs1=19
[F] cyc=268 fetch raw=0009c463 pc_d=000001a4 fetch_pc=000001a8 mem_direct=0009c463
[C] cyc=268 CDB tag=0 val=80000000
[D] cyc=269 dispatch op=18 pc=000001a4 tag=4 raw_iq_imm=00000008 rs1=19
[F] cyc=269 fetch raw=00000993 pc_d=000001a8 fetch_pc=000001ac mem_direct=00000993
[R] cyc=269 COMMIT op=12 pc=00000194
[D] cyc=270 dispatch op=8 pc=000001a8 tag=5 raw_iq_imm=00000000 rs1=0
[F] cyc=270 fetch raw=01fa1a13 pc_d=000001ac fetch_pc=000001b0 mem_direct=01fa1a13
[C] cyc=270 CDB tag=2 val=00000000
[D] cyc=271 dispatch op=12 pc=000001ac tag=6 raw_iq_imm=0000001f rs1=20
[F] cyc=271 fetch raw=000a4463 pc_d=000001b0 fetch_pc=000001b4 mem_direct=000a4463
[C] cyc=271 CDB tag=1 val=000001a0
[R] cyc=271 COMMIT op=18 pc=00000198
[F] cyc=273 fetch raw=01f99993 pc_d=000001a0 fetch_pc=000001a4 mem_direct=01f99993
[D] cyc=274 dispatch op=12 pc=000001a0 tag=0 raw_iq_imm=0000001f rs1=19
[F] cyc=274 fetch raw=0009c463 pc_d=000001a4 fetch_pc=000001a8 mem_direct=0009c463
[D] cyc=275 dispatch op=18 pc=000001a4 tag=1 raw_iq_imm=00000008 rs1=19
[F] cyc=275 fetch raw=00000993 pc_d=000001a8 fetch_pc=000001ac mem_direct=00000993
[D] cyc=276 dispatch op=8 pc=000001a8 tag=2 raw_iq_imm=00000000 rs1=0
[F] cyc=276 fetch raw=01fa1a13 pc_d=000001ac fetch_pc=000001b0 mem_direct=01fa1a13
[D] cyc=277 dispatch op=12 pc=000001ac tag=3 raw_iq_imm=0000001f rs1=20
[F] cyc=277 fetch raw=000a4463 pc_d=000001b0 fetch_pc=000001b4 mem_direct=000a4463
[C] cyc=277 CDB tag=0 val=80000000
[D] cyc=278 dispatch op=18 pc=000001b0 tag=4 raw_iq_imm=00000008 rs1=20
[F] cyc=278 fetch raw=00000a13 pc_d=000001b4 fetch_pc=000001b8 mem_direct=00000a13
[R] cyc=278 COMMIT op=12 pc=000001a0
[D] cyc=279 dispatch op=8 pc=000001b4 tag=5 raw_iq_imm=00000000 rs1=0
[F] cyc=279 fetch raw=01fa9a93 pc_d=000001b8 fetch_pc=000001bc mem_direct=01fa9a93
[C] cyc=279 CDB tag=2 val=00000000
[D] cyc=280 dispatch op=12 pc=000001b8 tag=6 raw_iq_imm=0000001f rs1=21
[F] cyc=280 fetch raw=000ac463 pc_d=000001bc fetch_pc=000001c0 mem_direct=000ac463
[C] cyc=280 CDB tag=1 val=000001ac
[R] cyc=280 COMMIT op=18 pc=000001a4
[F] cyc=282 fetch raw=01fa1a13 pc_d=000001ac fetch_pc=000001b0 mem_direct=01fa1a13
[D] cyc=283 dispatch op=12 pc=000001ac tag=0 raw_iq_imm=0000001f rs1=20
[F] cyc=283 fetch raw=000a4463 pc_d=000001b0 fetch_pc=000001b4 mem_direct=000a4463
[D] cyc=284 dispatch op=18 pc=000001b0 tag=1 raw_iq_imm=00000008 rs1=20
[F] cyc=284 fetch raw=00000a13 pc_d=000001b4 fetch_pc=000001b8 mem_direct=00000a13
[D] cyc=285 dispatch op=8 pc=000001b4 tag=2 raw_iq_imm=00000000 rs1=0
[F] cyc=285 fetch raw=01fa9a93 pc_d=000001b8 fetch_pc=000001bc mem_direct=01fa9a93
[D] cyc=286 dispatch op=12 pc=000001b8 tag=3 raw_iq_imm=0000001f rs1=21
[F] cyc=286 fetch raw=000ac463 pc_d=000001bc fetch_pc=000001c0 mem_direct=000ac463
[C] cyc=286 CDB tag=0 val=80000000
[D] cyc=287 dispatch op=18 pc=000001bc tag=4 raw_iq_imm=00000008 rs1=21
[F] cyc=287 fetch raw=00000a93 pc_d=000001c0 fetch_pc=000001c4 mem_direct=00000a93
[R] cyc=287 COMMIT op=12 pc=000001ac
[D] cyc=288 dispatch op=8 pc=000001c0 tag=5 raw_iq_imm=00000000 rs1=0
[F] cyc=288 fetch raw=01fb1b13 pc_d=000001c4 fetch_pc=000001c8 mem_direct=01fb1b13
[C] cyc=288 CDB tag=2 val=00000000
[D] cyc=289 dispatch op=12 pc=000001c4 tag=6 raw_iq_imm=0000001f rs1=22
[F] cyc=289 fetch raw=000b4463 pc_d=000001c8 fetch_pc=000001cc mem_direct=000b4463
[C] cyc=289 CDB tag=1 val=000001b8
[R] cyc=289 COMMIT op=18 pc=000001b0
[F] cyc=291 fetch raw=01fa9a93 pc_d=000001b8 fetch_pc=000001bc mem_direct=01fa9a93
[D] cyc=292 dispatch op=12 pc=000001b8 tag=0 raw_iq_imm=0000001f rs1=21
[F] cyc=292 fetch raw=000ac463 pc_d=000001bc fetch_pc=000001c0 mem_direct=000ac463
[D] cyc=293 dispatch op=18 pc=000001bc tag=1 raw_iq_imm=00000008 rs1=21
[F] cyc=293 fetch raw=00000a93 pc_d=000001c0 fetch_pc=000001c4 mem_direct=00000a93
[D] cyc=294 dispatch op=8 pc=000001c0 tag=2 raw_iq_imm=00000000 rs1=0
[F] cyc=294 fetch raw=01fb1b13 pc_d=000001c4 fetch_pc=000001c8 mem_direct=01fb1b13
[D] cyc=295 dispatch op=12 pc=000001c4 tag=3 raw_iq_imm=0000001f rs1=22
[F] cyc=295 fetch raw=000b4463 pc_d=000001c8 fetch_pc=000001cc mem_direct=000b4463
[C] cyc=295 CDB tag=0 val=80000000
[D] cyc=296 dispatch op=18 pc=000001c8 tag=4 raw_iq_imm=00000008 rs1=22
[F] cyc=296 fetch raw=00000b13 pc_d=000001cc fetch_pc=000001d0 mem_direct=00000b13
[R] cyc=296 COMMIT op=12 pc=000001b8
[D] cyc=297 dispatch op=8 pc=000001cc tag=5 raw_iq_imm=00000000 rs1=0
[F] cyc=297 fetch raw=01fb9b93 pc_d=000001d0 fetch_pc=000001d4 mem_direct=01fb9b93
[C] cyc=297 CDB tag=2 val=00000000
[D] cyc=298 dispatch op=12 pc=000001d0 tag=6 raw_iq_imm=0000001f rs1=23
[F] cyc=298 fetch raw=000bc463 pc_d=000001d4 fetch_pc=000001d8 mem_direct=000bc463
[C] cyc=298 CDB tag=1 val=000001c4
[R] cyc=298 COMMIT op=18 pc=000001bc
[F] cyc=300 fetch raw=01fb1b13 pc_d=000001c4 fetch_pc=000001c8 mem_direct=01fb1b13
[D] cyc=301 dispatch op=12 pc=000001c4 tag=0 raw_iq_imm=0000001f rs1=22
[F] cyc=301 fetch raw=000b4463 pc_d=000001c8 fetch_pc=000001cc mem_direct=000b4463
[D] cyc=302 dispatch op=18 pc=000001c8 tag=1 raw_iq_imm=00000008 rs1=22
[F] cyc=302 fetch raw=00000b13 pc_d=000001cc fetch_pc=000001d0 mem_direct=00000b13
[D] cyc=303 dispatch op=8 pc=000001cc tag=2 raw_iq_imm=00000000 rs1=0
[F] cyc=303 fetch raw=01fb9b93 pc_d=000001d0 fetch_pc=000001d4 mem_direct=01fb9b93
[D] cyc=304 dispatch op=12 pc=000001d0 tag=3 raw_iq_imm=0000001f rs1=23
[F] cyc=304 fetch raw=000bc463 pc_d=000001d4 fetch_pc=000001d8 mem_direct=000bc463
[C] cyc=304 CDB tag=0 val=80000000
[D] cyc=305 dispatch op=18 pc=000001d4 tag=4 raw_iq_imm=00000008 rs1=23
[F] cyc=305 fetch raw=00000b93 pc_d=000001d8 fetch_pc=000001dc mem_direct=00000b93
[R] cyc=305 COMMIT op=12 pc=000001c4
[D] cyc=306 dispatch op=8 pc=000001d8 tag=5 raw_iq_imm=00000000 rs1=0
[F] cyc=306 fetch raw=01fc1c13 pc_d=000001dc fetch_pc=000001e0 mem_direct=01fc1c13
[C] cyc=306 CDB tag=2 val=00000000
[D] cyc=307 dispatch op=12 pc=000001dc tag=6 raw_iq_imm=0000001f rs1=24
[F] cyc=307 fetch raw=000c4463 pc_d=000001e0 fetch_pc=000001e4 mem_direct=000c4463
[C] cyc=307 CDB tag=1 val=000001d0
[R] cyc=307 COMMIT op=18 pc=000001c8
[F] cyc=309 fetch raw=01fb9b93 pc_d=000001d0 fetch_pc=000001d4 mem_direct=01fb9b93
[D] cyc=310 dispatch op=12 pc=000001d0 tag=0 raw_iq_imm=0000001f rs1=23
[F] cyc=310 fetch raw=000bc463 pc_d=000001d4 fetch_pc=000001d8 mem_direct=000bc463
[D] cyc=311 dispatch op=18 pc=000001d4 tag=1 raw_iq_imm=00000008 rs1=23
[F] cyc=311 fetch raw=00000b93 pc_d=000001d8 fetch_pc=000001dc mem_direct=00000b93
[D] cyc=312 dispatch op=8 pc=000001d8 tag=2 raw_iq_imm=00000000 rs1=0
[F] cyc=312 fetch raw=01fc1c13 pc_d=000001dc fetch_pc=000001e0 mem_direct=01fc1c13
[D] cyc=313 dispatch op=12 pc=000001dc tag=3 raw_iq_imm=0000001f rs1=24
[F] cyc=313 fetch raw=000c4463 pc_d=000001e0 fetch_pc=000001e4 mem_direct=000c4463
[C] cyc=313 CDB tag=0 val=80000000
[D] cyc=314 dispatch op=18 pc=000001e0 tag=4 raw_iq_imm=00000008 rs1=24
[F] cyc=314 fetch raw=00000c13 pc_d=000001e4 fetch_pc=000001e8 mem_direct=00000c13
[R] cyc=314 COMMIT op=12 pc=000001d0
[D] cyc=315 dispatch op=8 pc=000001e4 tag=5 raw_iq_imm=00000000 rs1=0
[F] cyc=315 fetch raw=01fc9c93 pc_d=000001e8 fetch_pc=000001ec mem_direct=01fc9c93
[C] cyc=315 CDB tag=2 val=00000000
[D] cyc=316 dispatch op=12 pc=000001e8 tag=6 raw_iq_imm=0000001f rs1=25
[F] cyc=316 fetch raw=000cc463 pc_d=000001ec fetch_pc=000001f0 mem_direct=000cc463
[C] cyc=316 CDB tag=1 val=000001dc
[R] cyc=316 COMMIT op=18 pc=000001d4
[F] cyc=318 fetch raw=01fc1c13 pc_d=000001dc fetch_pc=000001e0 mem_direct=01fc1c13
[D] cyc=319 dispatch op=12 pc=000001dc tag=0 raw_iq_imm=0000001f rs1=24
[F] cyc=319 fetch raw=000c4463 pc_d=000001e0 fetch_pc=000001e4 mem_direct=000c4463
[D] cyc=320 dispatch op=18 pc=000001e0 tag=1 raw_iq_imm=00000008 rs1=24
[F] cyc=320 fetch raw=00000c13 pc_d=000001e4 fetch_pc=000001e8 mem_direct=00000c13
[D] cyc=321 dispatch op=8 pc=000001e4 tag=2 raw_iq_imm=00000000 rs1=0
[F] cyc=321 fetch raw=01fc9c93 pc_d=000001e8 fetch_pc=000001ec mem_direct=01fc9c93
[D] cyc=322 dispatch op=12 pc=000001e8 tag=3 raw_iq_imm=0000001f rs1=25
[F] cyc=322 fetch raw=000cc463 pc_d=000001ec fetch_pc=000001f0 mem_direct=000cc463
[C] cyc=322 CDB tag=0 val=80000000
[D] cyc=323 dispatch op=18 pc=000001ec tag=4 raw_iq_imm=00000008 rs1=25
[F] cyc=323 fetch raw=00000c93 pc_d=000001f0 fetch_pc=000001f4 mem_direct=00000c93
[R] cyc=323 COMMIT op=12 pc=000001dc
[D] cyc=324 dispatch op=8 pc=000001f0 tag=5 raw_iq_imm=00000000 rs1=0
[F] cyc=324 fetch raw=01fd1d13 pc_d=000001f4 fetch_pc=000001f8 mem_direct=01fd1d13
[C] cyc=324 CDB tag=2 val=00000000
[D] cyc=325 dispatch op=12 pc=000001f4 tag=6 raw_iq_imm=0000001f rs1=26
[F] cyc=325 fetch raw=000d4463 pc_d=000001f8 fetch_pc=000001fc mem_direct=000d4463
[C] cyc=325 CDB tag=1 val=000001e8
[R] cyc=325 COMMIT op=18 pc=000001e0
[F] cyc=327 fetch raw=01fc9c93 pc_d=000001e8 fetch_pc=000001ec mem_direct=01fc9c93
[D] cyc=328 dispatch op=12 pc=000001e8 tag=0 raw_iq_imm=0000001f rs1=25
[F] cyc=328 fetch raw=000cc463 pc_d=000001ec fetch_pc=000001f0 mem_direct=000cc463
[D] cyc=329 dispatch op=18 pc=000001ec tag=1 raw_iq_imm=00000008 rs1=25
[F] cyc=329 fetch raw=00000c93 pc_d=000001f0 fetch_pc=000001f4 mem_direct=00000c93
[D] cyc=330 dispatch op=8 pc=000001f0 tag=2 raw_iq_imm=00000000 rs1=0
[F] cyc=330 fetch raw=01fd1d13 pc_d=000001f4 fetch_pc=000001f8 mem_direct=01fd1d13
[D] cyc=331 dispatch op=12 pc=000001f4 tag=3 raw_iq_imm=0000001f rs1=26
[F] cyc=331 fetch raw=000d4463 pc_d=000001f8 fetch_pc=000001fc mem_direct=000d4463
[C] cyc=331 CDB tag=0 val=80000000
[D] cyc=332 dispatch op=18 pc=000001f8 tag=4 raw_iq_imm=00000008 rs1=26
[F] cyc=332 fetch raw=00000d13 pc_d=000001fc fetch_pc=00000200 mem_direct=00000d13
[R] cyc=332 COMMIT op=12 pc=000001e8
[D] cyc=333 dispatch op=8 pc=000001fc tag=5 raw_iq_imm=00000000 rs1=0
[F] cyc=333 fetch raw=01fd9d93 pc_d=00000200 fetch_pc=00000204 mem_direct=01fd9d93
[C] cyc=333 CDB tag=2 val=00000000
[D] cyc=334 dispatch op=12 pc=00000200 tag=6 raw_iq_imm=0000001f rs1=27
[F] cyc=334 fetch raw=000dc463 pc_d=00000204 fetch_pc=00000208 mem_direct=000dc463
[C] cyc=334 CDB tag=1 val=000001f4
[R] cyc=334 COMMIT op=18 pc=000001ec
[F] cyc=336 fetch raw=01fd1d13 pc_d=000001f4 fetch_pc=000001f8 mem_direct=01fd1d13
[D] cyc=337 dispatch op=12 pc=000001f4 tag=0 raw_iq_imm=0000001f rs1=26
[F] cyc=337 fetch raw=000d4463 pc_d=000001f8 fetch_pc=000001fc mem_direct=000d4463
[D] cyc=338 dispatch op=18 pc=000001f8 tag=1 raw_iq_imm=00000008 rs1=26
[F] cyc=338 fetch raw=00000d13 pc_d=000001fc fetch_pc=00000200 mem_direct=00000d13
[D] cyc=339 dispatch op=8 pc=000001fc tag=2 raw_iq_imm=00000000 rs1=0
[F] cyc=339 fetch raw=01fd9d93 pc_d=00000200 fetch_pc=00000204 mem_direct=01fd9d93
[D] cyc=340 dispatch op=12 pc=00000200 tag=3 raw_iq_imm=0000001f rs1=27
[F] cyc=340 fetch raw=000dc463 pc_d=00000204 fetch_pc=00000208 mem_direct=000dc463
[C] cyc=340 CDB tag=0 val=80000000
[D] cyc=341 dispatch op=18 pc=00000204 tag=4 raw_iq_imm=00000008 rs1=27
[F] cyc=341 fetch raw=00000d93 pc_d=00000208 fetch_pc=0000020c mem_direct=00000d93
[R] cyc=341 COMMIT op=12 pc=000001f4
[D] cyc=342 dispatch op=8 pc=00000208 tag=5 raw_iq_imm=00000000 rs1=0
[F] cyc=342 fetch raw=01fe1e13 pc_d=0000020c fetch_pc=00000210 mem_direct=01fe1e13
[C] cyc=342 CDB tag=2 val=00000000
[D] cyc=343 dispatch op=12 pc=0000020c tag=6 raw_iq_imm=0000001f rs1=28
[F] cyc=343 fetch raw=000e4463 pc_d=00000210 fetch_pc=00000214 mem_direct=000e4463
[C] cyc=343 CDB tag=1 val=00000200
[R] cyc=343 COMMIT op=18 pc=000001f8
[F] cyc=345 fetch raw=01fd9d93 pc_d=00000200 fetch_pc=00000204 mem_direct=01fd9d93
[D] cyc=346 dispatch op=12 pc=00000200 tag=0 raw_iq_imm=0000001f rs1=27
[F] cyc=346 fetch raw=000dc463 pc_d=00000204 fetch_pc=00000208 mem_direct=000dc463
[D] cyc=347 dispatch op=18 pc=00000204 tag=1 raw_iq_imm=00000008 rs1=27
[F] cyc=347 fetch raw=00000d93 pc_d=00000208 fetch_pc=0000020c mem_direct=00000d93
[D] cyc=348 dispatch op=8 pc=00000208 tag=2 raw_iq_imm=00000000 rs1=0
[F] cyc=348 fetch raw=01fe1e13 pc_d=0000020c fetch_pc=00000210 mem_direct=01fe1e13
[D] cyc=349 dispatch op=12 pc=0000020c tag=3 raw_iq_imm=0000001f rs1=28
[F] cyc=349 fetch raw=000e4463 pc_d=00000210 fetch_pc=00000214 mem_direct=000e4463
[C] cyc=349 CDB tag=0 val=80000000
[D] cyc=350 dispatch op=18 pc=00000210 tag=4 raw_iq_imm=00000008 rs1=28
[F] cyc=350 fetch raw=00000e13 pc_d=00000214 fetch_pc=00000218 mem_direct=00000e13
[R] cyc=350 COMMIT op=12 pc=00000200
[D] cyc=351 dispatch op=8 pc=00000214 tag=5 raw_iq_imm=00000000 rs1=0
[F] cyc=351 fetch raw=01fe9e93 pc_d=00000218 fetch_pc=0000021c mem_direct=01fe9e93
[C] cyc=351 CDB tag=2 val=00000000
[D] cyc=352 dispatch op=12 pc=00000218 tag=6 raw_iq_imm=0000001f rs1=29
[F] cyc=352 fetch raw=000ec463 pc_d=0000021c fetch_pc=00000220 mem_direct=000ec463
[C] cyc=352 CDB tag=1 val=0000020c
[R] cyc=352 COMMIT op=18 pc=00000204
[F] cyc=354 fetch raw=01fe1e13 pc_d=0000020c fetch_pc=00000210 mem_direct=01fe1e13
[D] cyc=355 dispatch op=12 pc=0000020c tag=0 raw_iq_imm=0000001f rs1=28
[F] cyc=355 fetch raw=000e4463 pc_d=00000210 fetch_pc=00000214 mem_direct=000e4463
[D] cyc=356 dispatch op=18 pc=00000210 tag=1 raw_iq_imm=00000008 rs1=28
[F] cyc=356 fetch raw=00000e13 pc_d=00000214 fetch_pc=00000218 mem_direct=00000e13
[D] cyc=357 dispatch op=8 pc=00000214 tag=2 raw_iq_imm=00000000 rs1=0
[F] cyc=357 fetch raw=01fe9e93 pc_d=00000218 fetch_pc=0000021c mem_direct=01fe9e93
[D] cyc=358 dispatch op=12 pc=00000218 tag=3 raw_iq_imm=0000001f rs1=29
[F] cyc=358 fetch raw=000ec463 pc_d=0000021c fetch_pc=00000220 mem_direct=000ec463
[C] cyc=358 CDB tag=0 val=80000000
[D] cyc=359 dispatch op=18 pc=0000021c tag=4 raw_iq_imm=00000008 rs1=29
[F] cyc=359 fetch raw=00000e93 pc_d=00000220 fetch_pc=00000224 mem_direct=00000e93
[R] cyc=359 COMMIT op=12 pc=0000020c
[D] cyc=360 dispatch op=8 pc=00000220 tag=5 raw_iq_imm=00000000 rs1=0
[F] cyc=360 fetch raw=01ff1f13 pc_d=00000224 fetch_pc=00000228 mem_direct=01ff1f13
[C] cyc=360 CDB tag=2 val=00000000
[D] cyc=361 dispatch op=12 pc=00000224 tag=6 raw_iq_imm=0000001f rs1=30
[F] cyc=361 fetch raw=000f4463 pc_d=00000228 fetch_pc=0000022c mem_direct=000f4463
[C] cyc=361 CDB tag=1 val=00000218
[R] cyc=361 COMMIT op=18 pc=00000210
[F] cyc=363 fetch raw=01fe9e93 pc_d=00000218 fetch_pc=0000021c mem_direct=01fe9e93
[D] cyc=364 dispatch op=12 pc=00000218 tag=0 raw_iq_imm=0000001f rs1=29
[F] cyc=364 fetch raw=000ec463 pc_d=0000021c fetch_pc=00000220 mem_direct=000ec463
[D] cyc=365 dispatch op=18 pc=0000021c tag=1 raw_iq_imm=00000008 rs1=29
[F] cyc=365 fetch raw=00000e93 pc_d=00000220 fetch_pc=00000224 mem_direct=00000e93
[D] cyc=366 dispatch op=8 pc=00000220 tag=2 raw_iq_imm=00000000 rs1=0
[F] cyc=366 fetch raw=01ff1f13 pc_d=00000224 fetch_pc=00000228 mem_direct=01ff1f13
[D] cyc=367 dispatch op=12 pc=00000224 tag=3 raw_iq_imm=0000001f rs1=30
[F] cyc=367 fetch raw=000f4463 pc_d=00000228 fetch_pc=0000022c mem_direct=000f4463
[C] cyc=367 CDB tag=0 val=80000000
[D] cyc=368 dispatch op=18 pc=00000228 tag=4 raw_iq_imm=00000008 rs1=30
[F] cyc=368 fetch raw=00000f13 pc_d=0000022c fetch_pc=00000230 mem_direct=00000f13
[R] cyc=368 COMMIT op=12 pc=00000218
[D] cyc=369 dispatch op=8 pc=0000022c tag=5 raw_iq_imm=00000000 rs1=0
[F] cyc=369 fetch raw=01ff9f93 pc_d=00000230 fetch_pc=00000234 mem_direct=01ff9f93
[C] cyc=369 CDB tag=2 val=00000000
[D] cyc=370 dispatch op=12 pc=00000230 tag=6 raw_iq_imm=0000001f rs1=31
[F] cyc=370 fetch raw=000fc463 pc_d=00000234 fetch_pc=00000238 mem_direct=000fc463
[C] cyc=370 CDB tag=1 val=00000224
[R] cyc=370 COMMIT op=18 pc=0000021c
[F] cyc=372 fetch raw=01ff1f13 pc_d=00000224 fetch_pc=00000228 mem_direct=01ff1f13
[D] cyc=373 dispatch op=12 pc=00000224 tag=0 raw_iq_imm=0000001f rs1=30
[F] cyc=373 fetch raw=000f4463 pc_d=00000228 fetch_pc=0000022c mem_direct=000f4463
[D] cyc=374 dispatch op=18 pc=00000228 tag=1 raw_iq_imm=00000008 rs1=30
[F] cyc=374 fetch raw=00000f13 pc_d=0000022c fetch_pc=00000230 mem_direct=00000f13
[D] cyc=375 dispatch op=8 pc=0000022c tag=2 raw_iq_imm=00000000 rs1=0
[F] cyc=375 fetch raw=01ff9f93 pc_d=00000230 fetch_pc=00000234 mem_direct=01ff9f93
[D] cyc=376 dispatch op=12 pc=00000230 tag=3 raw_iq_imm=0000001f rs1=31
[F] cyc=376 fetch raw=000fc463 pc_d=00000234 fetch_pc=00000238 mem_direct=000fc463
[C] cyc=376 CDB tag=0 val=80000000
[D] cyc=377 dispatch op=18 pc=00000234 tag=4 raw_iq_imm=00000008 rs1=31
[F] cyc=377 fetch raw=00000f93 pc_d=00000238 fetch_pc=0000023c mem_direct=00000f93
[R] cyc=377 COMMIT op=12 pc=00000224
[D] cyc=378 dispatch op=8 pc=00000238 tag=5 raw_iq_imm=00000000 rs1=0
[F] cyc=378 fetch raw=0100a023 pc_d=0000023c fetch_pc=00000240 mem_direct=0100a023
[C] cyc=378 CDB tag=2 val=00000000
[D] cyc=379 dispatch op=15 pc=0000023c tag=6 raw_iq_imm=00000000 rs1=1
[F] cyc=379 fetch raw=0110a223 pc_d=00000240 fetch_pc=00000244 mem_direct=0110a223
[C] cyc=379 CDB tag=1 val=00000230
[R] cyc=379 COMMIT op=18 pc=00000228
[F] cyc=381 fetch raw=01ff9f93 pc_d=00000230 fetch_pc=00000234 mem_direct=01ff9f93
[D] cyc=382 dispatch op=12 pc=00000230 tag=0 raw_iq_imm=0000001f rs1=31
[F] cyc=382 fetch raw=000fc463 pc_d=00000234 fetch_pc=00000238 mem_direct=000fc463
[D] cyc=383 dispatch op=18 pc=00000234 tag=1 raw_iq_imm=00000008 rs1=31
[F] cyc=383 fetch raw=00000f93 pc_d=00000238 fetch_pc=0000023c mem_direct=00000f93
[D] cyc=384 dispatch op=8 pc=00000238 tag=2 raw_iq_imm=00000000 rs1=0
[F] cyc=384 fetch raw=0100a023 pc_d=0000023c fetch_pc=00000240 mem_direct=0100a023
[D] cyc=385 dispatch op=15 pc=0000023c tag=3 raw_iq_imm=00000000 rs1=1
[F] cyc=385 fetch raw=0110a223 pc_d=00000240 fetch_pc=00000244 mem_direct=0110a223
[C] cyc=385 CDB tag=0 val=80000000
[D] cyc=386 dispatch op=15 pc=00000240 tag=4 raw_iq_imm=00000004 rs1=1
[F] cyc=386 fetch raw=0120a423 pc_d=00000244 fetch_pc=00000248 mem_direct=0120a423
[C] cyc=386 CDB tag=3 val=00000000
[R] cyc=386 COMMIT op=12 pc=00000230
[D] cyc=387 dispatch op=15 pc=00000244 tag=5 raw_iq_imm=00000008 rs1=1
[F] cyc=387 fetch raw=0130a623 pc_d=00000248 fetch_pc=0000024c mem_direct=0130a623
[C] cyc=387 CDB tag=2 val=00000000
[D] cyc=388 dispatch op=15 pc=00000248 tag=6 raw_iq_imm=0000000c rs1=1
[F] cyc=388 fetch raw=0140a823 pc_d=0000024c fetch_pc=00000250 mem_direct=0140a823
[C] cyc=388 CDB tag=1 val=0000023c
[R] cyc=388 COMMIT op=18 pc=00000234
[F] cyc=390 fetch raw=0100a023 pc_d=0000023c fetch_pc=00000240 mem_direct=0100a023
[D] cyc=391 dispatch op=15 pc=0000023c tag=0 raw_iq_imm=00000000 rs1=1
[F] cyc=391 fetch raw=0110a223 pc_d=00000240 fetch_pc=00000244 mem_direct=0110a223
[D] cyc=392 dispatch op=15 pc=00000240 tag=1 raw_iq_imm=00000004 rs1=1
[F] cyc=392 fetch raw=0120a423 pc_d=00000244 fetch_pc=00000248 mem_direct=0120a423
[C] cyc=392 CDB tag=0 val=00000000
[D] cyc=393 dispatch op=15 pc=00000244 tag=2 raw_iq_imm=00000008 rs1=1
[F] cyc=393 fetch raw=0130a623 pc_d=00000248 fetch_pc=0000024c mem_direct=0130a623
[C] cyc=393 CDB tag=1 val=00000000
[R] cyc=393 COMMIT op=15 pc=0000023c
[D] cyc=394 dispatch op=15 pc=00000248 tag=3 raw_iq_imm=0000000c rs1=1
[F] cyc=394 fetch raw=0140a823 pc_d=0000024c fetch_pc=00000250 mem_direct=0140a823
[C] cyc=394 CDB tag=2 val=00000000
[R] cyc=394 COMMIT op=15 pc=00000240
[D] cyc=395 dispatch op=15 pc=0000024c tag=4 raw_iq_imm=00000010 rs1=1
[F] cyc=395 fetch raw=0150aa23 pc_d=00000250 fetch_pc=00000254 mem_direct=0150aa23
[C] cyc=395 CDB tag=3 val=00000000
[R] cyc=395 COMMIT op=15 pc=00000244
[D] cyc=396 dispatch op=15 pc=00000250 tag=5 raw_iq_imm=00000014 rs1=1
[F] cyc=396 fetch raw=0160ac23 pc_d=00000254 fetch_pc=00000258 mem_direct=0160ac23
[C] cyc=396 CDB tag=4 val=00000000
[R] cyc=396 COMMIT op=15 pc=00000248
[D] cyc=397 dispatch op=15 pc=00000254 tag=6 raw_iq_imm=00000018 rs1=1
[F] cyc=397 fetch raw=0170ae23 pc_d=00000258 fetch_pc=0000025c mem_direct=0170ae23
[C] cyc=397 CDB tag=5 val=00000000
[R] cyc=397 COMMIT op=15 pc=0000024c
[D] cyc=398 dispatch op=15 pc=00000258 tag=7 raw_iq_imm=0000001c rs1=1
[F] cyc=398 fetch raw=0380a023 pc_d=0000025c fetch_pc=00000260 mem_direct=0380a023
[C] cyc=398 CDB tag=6 val=00000000
[R] cyc=398 COMMIT op=15 pc=00000250
[D] cyc=399 dispatch op=15 pc=0000025c tag=8 raw_iq_imm=00000020 rs1=1
[F] cyc=399 fetch raw=0390a223 pc_d=00000260 fetch_pc=00000264 mem_direct=0390a223
[C] cyc=399 CDB tag=7 val=00000000
[R] cyc=399 COMMIT op=15 pc=00000254
[D] cyc=400 dispatch op=15 pc=00000260 tag=9 raw_iq_imm=00000024 rs1=1
[F] cyc=400 fetch raw=03a0a423 pc_d=00000264 fetch_pc=00000268 mem_direct=03a0a423
[C] cyc=400 CDB tag=8 val=00000000
[R] cyc=400 COMMIT op=15 pc=00000258
[D] cyc=401 dispatch op=15 pc=00000264 tag=10 raw_iq_imm=00000028 rs1=1
[F] cyc=401 fetch raw=03b0a623 pc_d=00000268 fetch_pc=0000026c mem_direct=03b0a623
[C] cyc=401 CDB tag=9 val=00000000
[R] cyc=401 COMMIT op=15 pc=0000025c
[D] cyc=402 dispatch op=15 pc=00000268 tag=11 raw_iq_imm=0000002c rs1=1
[F] cyc=402 fetch raw=03c0a823 pc_d=0000026c fetch_pc=00000270 mem_direct=03c0a823
[C] cyc=402 CDB tag=10 val=00000000
[R] cyc=402 COMMIT op=15 pc=00000260
[D] cyc=403 dispatch op=15 pc=0000026c tag=12 raw_iq_imm=00000030 rs1=1
[F] cyc=403 fetch raw=03d0aa23 pc_d=00000270 fetch_pc=00000274 mem_direct=03d0aa23
[C] cyc=403 CDB tag=11 val=00000000
[R] cyc=403 COMMIT op=15 pc=00000264
[D] cyc=404 dispatch op=15 pc=00000270 tag=13 raw_iq_imm=00000034 rs1=1
[F] cyc=404 fetch raw=03e0ac23 pc_d=00000274 fetch_pc=00000278 mem_direct=03e0ac23
[C] cyc=404 CDB tag=12 val=00000000
[R] cyc=404 COMMIT op=15 pc=00000268
[D] cyc=405 dispatch op=15 pc=00000274 tag=14 raw_iq_imm=00000038 rs1=1
[F] cyc=405 fetch raw=03f0ae23 pc_d=00000278 fetch_pc=0000027c mem_direct=03f0ae23
[C] cyc=405 CDB tag=13 val=00000000
[R] cyc=405 COMMIT op=15 pc=0000026c
[D] cyc=406 dispatch op=15 pc=00000278 tag=15 raw_iq_imm=0000003c rs1=1
[F] cyc=406 fetch raw=00000073 pc_d=0000027c fetch_pc=00000280 mem_direct=00000073
[C] cyc=406 CDB tag=14 val=00000000
[R] cyc=406 COMMIT op=15 pc=00000270
[D] cyc=407 dispatch op=63 pc=0000027c tag=0 raw_iq_imm=00000000 rs1=0
[F] cyc=407 fetch raw=ffffffff pc_d=00000280 fetch_pc=00000284 mem_direct=ffffffff
[C] cyc=407 CDB tag=15 val=00000000
[R] cyc=407 COMMIT op=15 pc=00000274
[D] cyc=408 dispatch op=62 pc=00000280 tag=1 raw_iq_imm=00000000 rs1=0
[F] cyc=408 fetch raw=ffffffff pc_d=00000284 fetch_pc=00000288 mem_direct=ffffffff
[R] cyc=408 COMMIT op=15 pc=00000278
[D] cyc=409 dispatch op=62 pc=00000284 tag=2 raw_iq_imm=00000000 rs1=0
[F] cyc=409 fetch raw=ffffffff pc_d=00000288 fetch_pc=0000028c mem_direct=ffffffff
[D] cyc=410 dispatch op=62 pc=00000288 tag=3 raw_iq_imm=00000000 rs1=0
[F] cyc=410 fetch raw=ffffffff pc_d=0000028c fetch_pc=00000290 mem_direct=ffffffff
[C] cyc=410 CDB tag=0 val=00000000
[D] cyc=411 dispatch op=62 pc=0000028c tag=4 raw_iq_imm=00000000 rs1=0
[F] cyc=411 fetch raw=ffffffff pc_d=00000290 fetch_pc=00000294 mem_direct=ffffffff
[R] cyc=411 COMMIT op=63 pc=0000027c
[D] cyc=412 dispatch op=62 pc=00000290 tag=5 raw_iq_imm=00000000 rs1=0
[F] cyc=412 fetch raw=ffffffff pc_d=00000294 fetch_pc=00000298 mem_direct=ffffffff
[C] cyc=412 CDB tag=2 val=00000000
sim_compliance.sv:159: $finish called at 4355 (1s)
