../../../hardware/execute/fp_ops/fp_round.sv:47: sorry: constant selects in always_* processes are not fully supported (the process will be sensitive to all bits in 'mant_i[22:0]').
../../../hardware/execute/fp_ops/fp_round.sv:65: sorry: constant selects in always_* processes are not fully supported (the process will be sensitive to all bits in 'mant_inc[23:0]').
../../../hardware/execute/fp_ops/fp_round.sv:70: sorry: constant selects in always_* processes are not fully supported (the process will be sensitive to all bits in 'exp_out[8:0]').
../../../hardware/execute/fp_ops/fp_round.sv:75: sorry: constant selects in always_* processes are not fully supported (the process will be sensitive to all bits in 'exp_out[8:0]').
../../../hardware/execute/fp_ops/fp_round.sv:75: sorry: constant selects in always_* processes are not fully supported (the process will be sensitive to all bits in 'mant_inc[23:0]').
:0: sorry: constant selects in always_* processes are not fully supported (the process will be sensitive to all bits in 'head_entry_w[112:0]').
:0: sorry: constant selects in always_* processes are not fully supported (the process will be sensitive to all bits in 'lookup1_entry_w[112:0]').
:0: sorry: constant selects in always_* processes are not fully supported (the process will be sensitive to all bits in 'lookup1_entry_w[112:0]').
:0: sorry: constant selects in always_* processes are not fully supported (the process will be sensitive to all bits in 'lookup2_entry_w[112:0]').
:0: sorry: constant selects in always_* processes are not fully supported (the process will be sensitive to all bits in 'lookup2_entry_w[112:0]').
:0: sorry: constant selects in always_* processes are not fully supported (the process will be sensitive to all bits in 'iq_instr_i[88:0]').
:0: sorry: constant selects in always_* processes are not fully supported (the process will be sensitive to all bits in 'iq_instr_i[88:0]').
:0: sorry: constant selects in always_* processes are not fully supported (the process will be sensitive to all bits in 'iq_instr_i[88:0]').
:0: sorry: constant selects in always_* processes are not fully supported (the process will be sensitive to all bits in 'iq_instr_i[88:0]').
:0: sorry: constant selects in always_* processes are not fully supported (the process will be sensitive to all bits in 'iq_instr_i[88:0]').
:0: sorry: constant selects in always_* processes are not fully supported (the process will be sensitive to all bits in 'cdb_i[36:0]').
:0: sorry: constant selects in always_* processes are not fully supported (the process will be sensitive to all bits in 'cdb_i[36:0]').
:0: sorry: constant selects in always_* processes are not fully supported (the process will be sensitive to all bits in 'cdb_i[36:0]').
:0: sorry: constant selects in always_* processes are not fully supported (the process will be sensitive to all bits in 'cdb_i[36:0]').
:0: sorry: constant selects in always_* processes are not fully supported (the process will be sensitive to all bits in 'cdb_i[36:0]').
:0: sorry: constant selects in always_* processes are not fully supported (the process will be sensitive to all bits in 'cdb_i[36:0]').
:0: sorry: constant selects in always_* processes are not fully supported (the process will be sensitive to all bits in 'iq_instr_i[88:0]').
:0: sorry: constant selects in always_* processes are not fully supported (the process will be sensitive to all bits in 'cdb_i[36:0]').
:0: sorry: constant selects in always_* processes are not fully supported (the process will be sensitive to all bits in 'cdb_i[36:0]').
:0: sorry: constant selects in always_* processes are not fully supported (the process will be sensitive to all bits in 'cdb_i[36:0]').
:0: sorry: constant selects in always_* processes are not fully supported (the process will be sensitive to all bits in 'cdb_i[36:0]').
:0: sorry: constant selects in always_* processes are not fully supported (the process will be sensitive to all bits in 'cdb_i[36:0]').
:0: sorry: constant selects in always_* processes are not fully supported (the process will be sensitive to all bits in 'cdb_i[36:0]').
:0: sorry: constant selects in always_* processes are not fully supported (the process will be sensitive to all bits in 'iq_instr_i[88:0]').
:0: sorry: constant selects in always_* processes are not fully supported (the process will be sensitive to all bits in 'iq_instr_i[88:0]').
:0: sorry: constant selects in always_* processes are not fully supported (the process will be sensitive to all bits in 'iq_instr_i[88:0]').
:0: sorry: constant selects in always_* processes are not fully supported (the process will be sensitive to all bits in 'iq_instr_i[88:0]').
:0: sorry: constant selects in always_* processes are not fully supported (the process will be sensitive to all bits in 'iq_instr_i[88:0]').
:0: sorry: constant selects in always_* processes are not fully supported (the process will be sensitive to all bits in 'iq_instr_i[88:0]').
:0: sorry: constant selects in always_* processes are not fully supported (the process will be sensitive to all bits in 'iq_instr_i[88:0]').
:0: sorry: constant selects in always_* processes are not fully supported (the process will be sensitive to all bits in 'iq_instr_i[88:0]').
../../../hardware/execute/int_ops/alu_unit.sv:50: sorry: constant selects in always_* processes are not fully supported (the process will be sensitive to all bits in 'rs2_i[31:0]').
../../../hardware/execute/int_ops/alu_unit.sv:51: sorry: constant selects in always_* processes are not fully supported (the process will be sensitive to all bits in 'rs2_i[31:0]').
../../../hardware/execute/int_ops/alu_unit.sv:52: sorry: constant selects in always_* processes are not fully supported (the process will be sensitive to all bits in 'rs2_i[31:0]').
../../../hardware/execute/int_ops/alu_unit.sv:60: sorry: constant selects in always_* processes are not fully supported (the process will be sensitive to all bits in 'imm_i[31:0]').
../../../hardware/execute/int_ops/alu_unit.sv:61: sorry: constant selects in always_* processes are not fully supported (the process will be sensitive to all bits in 'imm_i[31:0]').
../../../hardware/execute/int_ops/alu_unit.sv:62: sorry: constant selects in always_* processes are not fully supported (the process will be sensitive to all bits in 'imm_i[31:0]').
../../../hardware/execute/fp_ops/fp_add.sv:60: sorry: constant selects in always_* processes are not fully supported (the process will be sensitive to all bits in 'a[31:0]').
../../../hardware/execute/fp_ops/fp_add.sv:60: sorry: constant selects in always_* processes are not fully supported (the process will be sensitive to all bits in 'a[31:0]').
../../../hardware/execute/fp_ops/fp_add.sv:60: sorry: constant selects in always_* processes are not fully supported (the process will be sensitive to all bits in 'a[31:0]').
../../../hardware/execute/fp_ops/fp_add.sv:61: sorry: constant selects in always_* processes are not fully supported (the process will be sensitive to all bits in 'b[31:0]').
../../../hardware/execute/fp_ops/fp_add.sv:62: sorry: constant selects in always_* processes are not fully supported (the process will be sensitive to all bits in 'b[31:0]').
../../../hardware/execute/fp_ops/fp_add.sv:62: sorry: constant selects in always_* processes are not fully supported (the process will be sensitive to all bits in 'b[31:0]').
../../../hardware/execute/fp_ops/fp_add.sv:67: sorry: constant selects in always_* processes are not fully supported (the process will be sensitive to all bits in 'b[31:0]').
../../../hardware/execute/fp_ops/fp_add.sv:80: sorry: constant selects in always_* processes are not fully supported (the process will be sensitive to all bits in 'ediff[7:0]').
../../../hardware/execute/fp_ops/fp_add.sv:97: sorry: constant selects in always_* processes are not fully supported (the process will be sensitive to all bits in 's[26:0]').
../../../hardware/execute/fp_ops/fp_add.sv:100: sorry: constant selects in always_* processes are not fully supported (the process will be sensitive to all bits in 's[26:0]').
../../../hardware/execute/fp_ops/fp_add.sv:108: sorry: constant selects in always_* processes are not fully supported (the process will be sensitive to all bits in 's[26:0]').
../../../hardware/execute/fp_ops/fp_add.sv:108: sorry: constant selects in always_* processes are not fully supported (the process will be sensitive to all bits in 'sh[7:0]').
../../../hardware/execute/fp_ops/fp_add.sv:112: sorry: constant selects in always_* processes are not fully supported (the process will be sensitive to all bits in 'norm[25:0]').
../../../hardware/execute/fp_ops/fp_mul.sv:74: sorry: constant selects in always_* processes are not fully supported (the process will be sensitive to all bits in 'rs1_i[31:0]').
../../../hardware/execute/fp_ops/fp_mul.sv:74: sorry: constant selects in always_* processes are not fully supported (the process will be sensitive to all bits in 'rs1_i[31:0]').
../../../hardware/execute/fp_ops/fp_mul.sv:75: sorry: constant selects in always_* processes are not fully supported (the process will be sensitive to all bits in 'rs2_i[31:0]').
../../../hardware/execute/fp_ops/fp_mul.sv:75: sorry: constant selects in always_* processes are not fully supported (the process will be sensitive to all bits in 'rs2_i[31:0]').
../../../hardware/execute/fp_ops/fp_mul.sv:77: sorry: constant selects in always_* processes are not fully supported (the process will be sensitive to all bits in 'rs1_i[31:0]').
../../../hardware/execute/fp_ops/fp_mul.sv:77: sorry: constant selects in always_* processes are not fully supported (the process will be sensitive to all bits in 'rs2_i[31:0]').
../../../hardware/execute/fp_ops/fp_mul.sv:82: sorry: constant selects in always_* processes are not fully supported (the process will be sensitive to all bits in 'ma[23:0]').
../../../hardware/execute/fp_ops/fp_mul.sv:82: sorry: constant selects in always_* processes are not fully supported (the process will be sensitive to all bits in 'mb[23:0]').
../../../hardware/execute/fp_ops/fp_mul.sv:83: sorry: constant selects in always_* processes are not fully supported (the process will be sensitive to all bits in 'ma[23:0]').
../../../hardware/execute/fp_ops/fp_mul.sv:83: sorry: constant selects in always_* processes are not fully supported (the process will be sensitive to all bits in 'mb[23:0]').
../../../hardware/execute/fp_ops/fp_mul.sv:84: sorry: constant selects in always_* processes are not fully supported (the process will be sensitive to all bits in 'ma[23:0]').
../../../hardware/execute/fp_ops/fp_mul.sv:84: sorry: constant selects in always_* processes are not fully supported (the process will be sensitive to all bits in 'mb[23:0]').
../../../hardware/execute/fp_ops/fp_mul.sv:85: sorry: constant selects in always_* processes are not fully supported (the process will be sensitive to all bits in 'ma[23:0]').
../../../hardware/execute/fp_ops/fp_mul.sv:85: sorry: constant selects in always_* processes are not fully supported (the process will be sensitive to all bits in 'mb[23:0]').
../../../hardware/execute/fp_ops/fp_mul.sv:112: sorry: constant selects in always_* processes are not fully supported (the process will be sensitive to all bits in 's2_product[47:0]').
../../../hardware/execute/fp_ops/fp_mul.sv:114: sorry: constant selects in always_* processes are not fully supported (the process will be sensitive to all bits in 's2_product[47:0]').
../../../hardware/execute/fp_ops/fp_mul.sv:116: sorry: constant selects in always_* processes are not fully supported (the process will be sensitive to all bits in 's2_product[47:0]').
../../../hardware/execute/fp_ops/fp_mul.sv:118: sorry: constant selects in always_* processes are not fully supported (the process will be sensitive to all bits in 'er[9:0]').
../../../hardware/execute/fp_ops/fp_mul.sv:120: sorry: constant selects in always_* processes are not fully supported (the process will be sensitive to all bits in 'er[9:0]').
../../../hardware/execute/fp_ops/fp_div.sv:138: sorry: constant selects in always_* processes are not fully supported (the process will be sensitive to all bits in 's_exp[9:0]').
../../../hardware/execute/fp_ops/fp_div.sv:142: sorry: constant selects in always_* processes are not fully supported (the process will be sensitive to all bits in 's_qreg[23:0]').
../../../hardware/execute/fp_ops/fp_div.sv:143: sorry: constant selects in always_* processes are not fully supported (the process will be sensitive to all bits in 's_exp[9:0]').
../../../hardware/execute/fp_ops/fp_div.sv:143: sorry: constant selects in always_* processes are not fully supported (the process will be sensitive to all bits in 's_qreg[23:0]').
../../../hardware/execute/fp_ops/fp_div.sv:147: sorry: constant selects in always_* processes are not fully supported (the process will be sensitive to all bits in 's_exp[9:0]').
../../../hardware/execute/fp_ops/fp_div.sv:147: sorry: constant selects in always_* processes are not fully supported (the process will be sensitive to all bits in 's_qreg[23:0]').
../../../hardware/execute/fp_ops/fp_div.sv:165: sorry: constant selects in always_* processes are not fully supported (the process will be sensitive to all bits in 'rs1_i[31:0]').
../../../hardware/execute/fp_ops/fp_div.sv:165: sorry: constant selects in always_* processes are not fully supported (the process will be sensitive to all bits in 'rs1_i[31:0]').
../../../hardware/execute/fp_ops/fp_div.sv:166: sorry: constant selects in always_* processes are not fully supported (the process will be sensitive to all bits in 'rs2_i[31:0]').
../../../hardware/execute/fp_ops/fp_div.sv:166: sorry: constant selects in always_* processes are not fully supported (the process will be sensitive to all bits in 'rs2_i[31:0]').
../../../hardware/execute/fp_ops/fp_div.sv:167: sorry: constant selects in always_* processes are not fully supported (the process will be sensitive to all bits in 'rs1_i[31:0]').
../../../hardware/execute/fp_ops/fp_div.sv:167: sorry: constant selects in always_* processes are not fully supported (the process will be sensitive to all bits in 'rs2_i[31:0]').
:0: sorry: constant selects in always_* processes are not fully supported (the process will be sensitive to all bits in 'head_entry_w[147:0]').
../../../hardware/execute/lsb/load_store_buffer.sv:121: sorry: constant selects in always_* processes are not fully supported (the process will be sensitive to all bits in 'head_addr[31:0]').
../../../hardware/execute/lsb/load_store_buffer.sv:122: sorry: constant selects in always_* processes are not fully supported (the process will be sensitive to all bits in 'head_addr[31:0]').
:0: sorry: constant selects in always_* processes are not fully supported (the process will be sensitive to all bits in 'head_entry_w[147:0]').
../../../hardware/execute/lsb/load_store_buffer.sv:131: sorry: constant selects in always_* processes are not fully supported (the process will be sensitive to all bits in 'head_entry_w[147:0]').
../../../hardware/execute/lsb/load_store_buffer.sv:132: sorry: constant selects in always_* processes are not fully supported (the process will be sensitive to all bits in 'head_entry_w[147:0]').
:0: sorry: constant selects in always_* processes are not fully supported (the process will be sensitive to all bits in 'head_entry_w[147:0]').
../../../hardware/execute/lsb/load_store_buffer.sv:143: sorry: constant selects in always_* processes are not fully supported (the process will be sensitive to all bits in 'mem_rd_data_i[31:0]').
../../../hardware/execute/lsb/load_store_buffer.sv:143: sorry: constant selects in always_* processes are not fully supported (the process will be sensitive to all bits in 'mem_rd_data_i[31:0]').
../../../hardware/execute/lsb/load_store_buffer.sv:144: sorry: constant selects in always_* processes are not fully supported (the process will be sensitive to all bits in 'mem_rd_data_i[31:0]').
../../../hardware/execute/lsb/load_store_buffer.sv:144: sorry: constant selects in always_* processes are not fully supported (the process will be sensitive to all bits in 'mem_rd_data_i[31:0]').
../../../hardware/execute/lsb/load_store_buffer.sv:145: sorry: constant selects in always_* processes are not fully supported (the process will be sensitive to all bits in 'mem_rd_data_i[31:0]').
../../../hardware/execute/lsb/load_store_buffer.sv:145: sorry: constant selects in always_* processes are not fully supported (the process will be sensitive to all bits in 'mem_rd_data_i[31:0]').
../../../hardware/execute/lsb/load_store_buffer.sv:146: sorry: constant selects in always_* processes are not fully supported (the process will be sensitive to all bits in 'mem_rd_data_i[31:0]').
../../../hardware/execute/lsb/load_store_buffer.sv:146: sorry: constant selects in always_* processes are not fully supported (the process will be sensitive to all bits in 'mem_rd_data_i[31:0]').
../../../hardware/execute/lsb/load_store_buffer.sv:151: sorry: constant selects in always_* processes are not fully supported (the process will be sensitive to all bits in 'mem_rd_data_i[31:0]').
../../../hardware/execute/lsb/load_store_buffer.sv:152: sorry: constant selects in always_* processes are not fully supported (the process will be sensitive to all bits in 'mem_rd_data_i[31:0]').
../../../hardware/execute/lsb/load_store_buffer.sv:153: sorry: constant selects in always_* processes are not fully supported (the process will be sensitive to all bits in 'mem_rd_data_i[31:0]').
../../../hardware/execute/lsb/load_store_buffer.sv:154: sorry: constant selects in always_* processes are not fully supported (the process will be sensitive to all bits in 'mem_rd_data_i[31:0]').
../../../hardware/execute/lsb/load_store_buffer.sv:157: sorry: constant selects in always_* processes are not fully supported (the process will be sensitive to all bits in 'load_pending_byte_sel[1:0]').
../../../hardware/execute/lsb/load_store_buffer.sv:158: sorry: constant selects in always_* processes are not fully supported (the process will be sensitive to all bits in 'mem_rd_data_i[31:0]').
../../../hardware/execute/lsb/load_store_buffer.sv:158: sorry: constant selects in always_* processes are not fully supported (the process will be sensitive to all bits in 'mem_rd_data_i[31:0]').
../../../hardware/execute/lsb/load_store_buffer.sv:159: sorry: constant selects in always_* processes are not fully supported (the process will be sensitive to all bits in 'mem_rd_data_i[31:0]').
../../../hardware/execute/lsb/load_store_buffer.sv:159: sorry: constant selects in always_* processes are not fully supported (the process will be sensitive to all bits in 'mem_rd_data_i[31:0]').
../../../hardware/execute/lsb/load_store_buffer.sv:160: sorry: constant selects in always_* processes are not fully supported (the process will be sensitive to all bits in 'load_pending_byte_sel[1:0]').
../../../hardware/execute/lsb/load_store_buffer.sv:161: sorry: constant selects in always_* processes are not fully supported (the process will be sensitive to all bits in 'mem_rd_data_i[31:0]').
../../../hardware/execute/lsb/load_store_buffer.sv:162: sorry: constant selects in always_* processes are not fully supported (the process will be sensitive to all bits in 'mem_rd_data_i[31:0]').
../../../hardware/execute/fp_ops/fp_cvt.sv:56: sorry: constant selects in always_* processes are not fully supported (the process will be sensitive to all bits in 'f[31:0]').
../../../hardware/execute/fp_ops/fp_cvt.sv:57: sorry: constant selects in always_* processes are not fully supported (the process will be sensitive to all bits in 'f[31:0]').
../../../hardware/execute/fp_ops/fp_cvt.sv:58: sorry: constant selects in always_* processes are not fully supported (the process will be sensitive to all bits in 'f[31:0]').
../../../hardware/execute/fp_ops/fp_cvt.sv:98: sorry: constant selects in always_* processes are not fully supported (the process will be sensitive to all bits in 'x[31:0]').
../../../hardware/execute/fp_ops/fp_cvt.sv:109: sorry: constant selects in always_* processes are not fully supported (the process will be sensitive to all bits in 'norm[31:0]').
:0: sorry: constant selects in always_* processes are not fully supported (the process will be sensitive to all bits in 'commit_entry_i[112:0]').
:0: sorry: constant selects in always_* processes are not fully supported (the process will be sensitive to all bits in 'commit_entry_i[112:0]').
:0: sorry: constant selects in always_* processes are not fully supported (the process will be sensitive to all bits in 'commit_entry_i[112:0]').
:0: sorry: constant selects in always_* processes are not fully supported (the process will be sensitive to all bits in 'commit_entry_i[112:0]').
:0: sorry: constant selects in always_* processes are not fully supported (the process will be sensitive to all bits in 'commit_entry_i[112:0]').
:0: sorry: constant selects in always_* processes are not fully supported (the process will be sensitive to all bits in 'commit_entry_i[112:0]').
:0: sorry: constant selects in always_* processes are not fully supported (the process will be sensitive to all bits in 'commit_entry_i[112:0]').
:0: sorry: constant selects in always_* processes are not fully supported (the process will be sensitive to all bits in 'commit_entry_i[112:0]').
:0: sorry: constant selects in always_* processes are not fully supported (the process will be sensitive to all bits in 'commit_entry_i[112:0]').
:0: sorry: constant selects in always_* processes are not fully supported (the process will be sensitive to all bits in 'commit_entry_i[112:0]').
:0: sorry: constant selects in always_* processes are not fully supported (the process will be sensitive to all bits in 'commit_entry_i[112:0]').
:0: sorry: constant selects in always_* processes are not fully supported (the process will be sensitive to all bits in 'commit_entry_i[112:0]').
:0: sorry: constant selects in always_* processes are not fully supported (the process will be sensitive to all bits in 'commit_entry_i[112:0]').
:0: sorry: constant selects in always_* processes are not fully supported (the process will be sensitive to all bits in 'commit_entry_i[112:0]').
../../../hardware/core/tomasulo_core.sv:54: sorry: constant selects in always_* processes are not fully supported (the process will be sensitive to all bits in 'raw[31:0]').
../../../hardware/core/tomasulo_core.sv:54: sorry: constant selects in always_* processes are not fully supported (the process will be sensitive to all bits in 'raw[31:0]').
../../../hardware/core/tomasulo_core.sv:54: sorry: constant selects in always_* processes are not fully supported (the process will be sensitive to all bits in 'raw[31:0]').
../../../hardware/core/tomasulo_core.sv:55: sorry: constant selects in always_* processes are not fully supported (the process will be sensitive to all bits in 'raw[31:0]').
../../../hardware/core/tomasulo_core.sv:55: sorry: constant selects in always_* processes are not fully supported (the process will be sensitive to all bits in 'raw[31:0]').
../../../hardware/core/tomasulo_core.sv:55: sorry: constant selects in always_* processes are not fully supported (the process will be sensitive to all bits in 'raw[31:0]').
../../../hardware/core/tomasulo_core.sv:71: sorry: constant selects in always_* processes are not fully supported (the process will be sensitive to all bits in 'funct7[6:0]').
../../../hardware/core/tomasulo_core.sv:82: sorry: constant selects in always_* processes are not fully supported (the process will be sensitive to all bits in 'raw[31:0]').
../../../hardware/core/tomasulo_core.sv:82: sorry: constant selects in always_* processes are not fully supported (the process will be sensitive to all bits in 'raw[31:0]').
../../../hardware/core/tomasulo_core.sv:88: sorry: constant selects in always_* processes are not fully supported (the process will be sensitive to all bits in 'funct7[6:0]').
../../../hardware/core/tomasulo_core.sv:94: sorry: constant selects in always_* processes are not fully supported (the process will be sensitive to all bits in 'raw[31:0]').
../../../hardware/core/tomasulo_core.sv:94: sorry: constant selects in always_* processes are not fully supported (the process will be sensitive to all bits in 'raw[31:0]').
../../../hardware/core/tomasulo_core.sv:104: sorry: constant selects in always_* processes are not fully supported (the process will be sensitive to all bits in 'raw[31:0]').
../../../hardware/core/tomasulo_core.sv:104: sorry: constant selects in always_* processes are not fully supported (the process will be sensitive to all bits in 'raw[31:0]').
../../../hardware/core/tomasulo_core.sv:104: sorry: constant selects in always_* processes are not fully supported (the process will be sensitive to all bits in 'raw[31:0]').
../../../hardware/core/tomasulo_core.sv:114: sorry: constant selects in always_* processes are not fully supported (the process will be sensitive to all bits in 'raw[31:0]').
../../../hardware/core/tomasulo_core.sv:114: sorry: constant selects in always_* processes are not fully supported (the process will be sensitive to all bits in 'raw[31:0]').
../../../hardware/core/tomasulo_core.sv:114: sorry: constant selects in always_* processes are not fully supported (the process will be sensitive to all bits in 'raw[31:0]').
../../../hardware/core/tomasulo_core.sv:114: sorry: constant selects in always_* processes are not fully supported (the process will be sensitive to all bits in 'raw[31:0]').
../../../hardware/core/tomasulo_core.sv:114: sorry: constant selects in always_* processes are not fully supported (the process will be sensitive to all bits in 'raw[31:0]').
../../../hardware/core/tomasulo_core.sv:124: sorry: constant selects in always_* processes are not fully supported (the process will be sensitive to all bits in 'raw[31:0]').
../../../hardware/core/tomasulo_core.sv:124: sorry: constant selects in always_* processes are not fully supported (the process will be sensitive to all bits in 'raw[31:0]').
../../../hardware/core/tomasulo_core.sv:124: sorry: constant selects in always_* processes are not fully supported (the process will be sensitive to all bits in 'raw[31:0]').
../../../hardware/core/tomasulo_core.sv:124: sorry: constant selects in always_* processes are not fully supported (the process will be sensitive to all bits in 'raw[31:0]').
../../../hardware/core/tomasulo_core.sv:124: sorry: constant selects in always_* processes are not fully supported (the process will be sensitive to all bits in 'raw[31:0]').
../../../hardware/core/tomasulo_core.sv:129: sorry: constant selects in always_* processes are not fully supported (the process will be sensitive to all bits in 'raw[31:0]').
../../../hardware/core/tomasulo_core.sv:129: sorry: constant selects in always_* processes are not fully supported (the process will be sensitive to all bits in 'raw[31:0]').
../../../hardware/core/tomasulo_core.sv:134: sorry: constant selects in always_* processes are not fully supported (the process will be sensitive to all bits in 'raw[31:0]').
../../../hardware/core/tomasulo_core.sv:138: sorry: constant selects in always_* processes are not fully supported (the process will be sensitive to all bits in 'raw[31:0]').
../../../hardware/core/tomasulo_core.sv:144: sorry: constant selects in always_* processes are not fully supported (the process will be sensitive to all bits in 'raw[31:0]').
../../../hardware/core/tomasulo_core.sv:144: sorry: constant selects in always_* processes are not fully supported (the process will be sensitive to all bits in 'raw[31:0]').
../../../hardware/core/tomasulo_core.sv:150: sorry: constant selects in always_* processes are not fully supported (the process will be sensitive to all bits in 'raw[31:0]').
../../../hardware/core/tomasulo_core.sv:150: sorry: constant selects in always_* processes are not fully supported (the process will be sensitive to all bits in 'raw[31:0]').
../../../hardware/core/tomasulo_core.sv:150: sorry: constant selects in always_* processes are not fully supported (the process will be sensitive to all bits in 'raw[31:0]').
[tb] loading hex: build/I-RF_x0-01.hex
[tb] hex loaded, entering reset
[tb] rst_n=0, waiting for 4 clk edges...
[tb] reset done, rst_n=1
[F] cyc=1 fetch raw=10000f93 pc_d=00000000 fetch_pc=00000004 mem_direct=10000f93
[D] cyc=2 dispatch op=8 pc=00000000 tag=0 raw_iq_imm=00000100 rs1=0
[F] cyc=2 fetch raw=abcde037 pc_d=00000004 fetch_pc=00000008 mem_direct=abcde037
[D] cyc=3 dispatch op=22 pc=00000004 tag=1 raw_iq_imm=abcde000 rs1=0
[F] cyc=3 fetch raw=00100013 pc_d=00000008 fetch_pc=0000000c mem_direct=00100013
[D] cyc=4 dispatch op=8 pc=00000008 tag=2 raw_iq_imm=00000001 rs1=0
[F] cyc=4 fetch raw=7f006013 pc_d=0000000c fetch_pc=00000010 mem_direct=7f006013
[D] cyc=5 dispatch op=10 pc=0000000c tag=3 raw_iq_imm=000007f0 rs1=0
[F] cyc=5 fetch raw=53f07013 pc_d=00000010 fetch_pc=00000014 mem_direct=53f07013
[C] cyc=5 CDB tag=0 val=00000100
[D] cyc=6 dispatch op=9 pc=00000010 tag=4 raw_iq_imm=0000053f rs1=0
[F] cyc=6 fetch raw=80304013 pc_d=00000014 fetch_pc=00000018 mem_direct=80304013
[R] cyc=6 COMMIT op=8 pc=00000000
[D] cyc=7 dispatch op=11 pc=00000014 tag=5 raw_iq_imm=fffff803 rs1=0
[F] cyc=7 fetch raw=00501013 pc_d=00000018 fetch_pc=0000001c mem_direct=00501013
[C] cyc=7 CDB tag=2 val=00000001
[D] cyc=8 dispatch op=12 pc=00000018 tag=6 raw_iq_imm=00000005 rs1=0
[F] cyc=8 fetch raw=40205013 pc_d=0000001c fetch_pc=00000020 mem_direct=40205013
[D] cyc=9 dispatch op=32 pc=0000001c tag=7 raw_iq_imm=00000402 rs1=0
[F] cyc=9 fetch raw=00405013 pc_d=00000020 fetch_pc=00000024 mem_direct=00405013
[C] cyc=9 CDB tag=4 val=00000000
[D] cyc=10 dispatch op=13 pc=00000020 tag=8 raw_iq_imm=00000004 rs1=0
[F] cyc=10 fetch raw=000fa023 pc_d=00000024 fetch_pc=00000028 mem_direct=000fa023
[D] cyc=11 dispatch op=15 pc=00000024 tag=9 raw_iq_imm=00000000 rs1=31
[F] cyc=11 fetch raw=10400f93 pc_d=00000028 fetch_pc=0000002c mem_direct=10400f93
[C] cyc=11 CDB tag=6 val=00000000
[D] cyc=12 dispatch op=8 pc=00000028 tag=10 raw_iq_imm=00000104 rs1=0
[F] cyc=12 fetch raw=00100093 pc_d=0000002c fetch_pc=00000030 mem_direct=00100093
[C] cyc=12 CDB tag=9 val=00000000
[D] cyc=13 dispatch op=8 pc=0000002c tag=11 raw_iq_imm=00000001 rs1=0
[F] cyc=13 fetch raw=7f000113 pc_d=00000030 fetch_pc=00000034 mem_direct=7f000113
[C] cyc=13 CDB tag=8 val=00000000
[D] cyc=14 dispatch op=8 pc=00000030 tag=12 raw_iq_imm=000007f0 rs1=0
[F] cyc=14 fetch raw=53f00193 pc_d=00000034 fetch_pc=00000038 mem_direct=53f00193
[F] cyc=15 fetch raw=80300213 pc_d=00000038 fetch_pc=0000003c mem_direct=80300213
[C] cyc=15 CDB tag=10 val=00000104
[D] cyc=16 dispatch op=8 pc=00000034 tag=13 raw_iq_imm=0000053f rs1=0
[F] cyc=16 fetch raw=00500293 pc_d=0000003c fetch_pc=00000040 mem_direct=00500293
[F] cyc=17 fetch raw=00200313 pc_d=00000040 fetch_pc=00000044 mem_direct=00200313
[C] cyc=17 CDB tag=12 val=000007f0
[D] cyc=18 dispatch op=8 pc=00000038 tag=14 raw_iq_imm=fffff803 rs1=0
[F] cyc=18 fetch raw=00400393 pc_d=00000044 fetch_pc=00000048 mem_direct=00400393
[F] cyc=19 fetch raw=01800413 pc_d=00000048 fetch_pc=0000004c mem_direct=01800413
[C] cyc=19 CDB tag=13 val=0000053f
[D] cyc=20 dispatch op=8 pc=0000003c tag=15 raw_iq_imm=00000005 rs1=0
[F] cyc=20 fetch raw=abcde017 pc_d=0000004c fetch_pc=00000050 mem_direct=abcde017
[F] cyc=21 fetch raw=00100033 pc_d=00000050 fetch_pc=00000054 mem_direct=00100033
[C] cyc=21 CDB tag=14 val=fffff803
[D] cyc=22 dispatch op=8 pc=00000040 tag=0 raw_iq_imm=00000002 rs1=0
[F] cyc=22 fetch raw=00206033 pc_d=00000054 fetch_pc=00000058 mem_direct=00206033
[F] cyc=23 fetch raw=00307033 pc_d=00000058 fetch_pc=0000005c mem_direct=00307033
[C] cyc=23 CDB tag=15 val=00000005
[F] cyc=24 fetch raw=00404033 pc_d=0000005c fetch_pc=00000060 mem_direct=00404033
[F] cyc=25 fetch raw=00501033 pc_d=00000060 fetch_pc=00000064 mem_direct=00501033
[C] cyc=25 CDB tag=0 val=00000002
[C] cyc=27 CDB tag=1 val=abcde000
[R] cyc=28 COMMIT op=22 pc=00000004
[D] cyc=29 dispatch op=8 pc=00000044 tag=1 raw_iq_imm=00000004 rs1=0
[C] cyc=29 CDB tag=3 val=000007f0
[R] cyc=29 COMMIT op=8 pc=00000008
[D] cyc=30 dispatch op=8 pc=00000048 tag=2 raw_iq_imm=00000018 rs1=0
[F] cyc=30 fetch raw=40605033 pc_d=00000064 fetch_pc=00000068 mem_direct=40605033
[R] cyc=30 COMMIT op=10 pc=0000000c
[D] cyc=31 dispatch op=31 pc=0000004c tag=3 raw_iq_imm=abcde000 rs1=0
[F] cyc=31 fetch raw=00705033 pc_d=00000068 fetch_pc=0000006c mem_direct=00705033
[C] cyc=31 CDB tag=5 val=fffff803
[R] cyc=31 COMMIT op=9 pc=00000010
[D] cyc=32 dispatch op=0 pc=00000050 tag=4 raw_iq_imm=00000000 rs1=0
[F] cyc=32 fetch raw=40800033 pc_d=0000006c fetch_pc=00000070 mem_direct=40800033
[R] cyc=32 COMMIT op=11 pc=00000014
[D] cyc=33 dispatch op=3 pc=00000054 tag=5 raw_iq_imm=00000000 rs1=0
[F] cyc=33 fetch raw=000fa023 pc_d=00000070 fetch_pc=00000074 mem_direct=000fa023
[C] cyc=33 CDB tag=1 val=00000004
[R] cyc=33 COMMIT op=12 pc=00000018
[D] cyc=34 dispatch op=2 pc=00000058 tag=6 raw_iq_imm=00000000 rs1=0
[F] cyc=34 fetch raw=10800f93 pc_d=00000074 fetch_pc=00000078 mem_direct=10800f93
[F] cyc=35 fetch raw=00100093 pc_d=00000078 fetch_pc=0000007c mem_direct=00100093
[C] cyc=35 CDB tag=2 val=00000018
[C] cyc=37 CDB tag=6 val=00000000
[C] cyc=39 CDB tag=3 val=abcde04c
[C] cyc=41 CDB tag=5 val=000007f0
[C] cyc=43 CDB tag=7 val=00000000
[R] cyc=44 COMMIT op=32 pc=0000001c
[D] cyc=45 dispatch op=4 pc=0000005c tag=7 raw_iq_imm=00000000 rs1=0
[C] cyc=45 CDB tag=11 val=00000001
[R] cyc=45 COMMIT op=13 pc=00000020
[D] cyc=46 dispatch op=5 pc=00000060 tag=8 raw_iq_imm=00000000 rs1=0
[F] cyc=46 fetch raw=00200113 pc_d=0000007c fetch_pc=00000080 mem_direct=00200113
[R] cyc=46 COMMIT op=15 pc=00000024
[D] cyc=47 dispatch op=7 pc=00000064 tag=9 raw_iq_imm=00000000 rs1=0
[F] cyc=47 fetch raw=0020a033 pc_d=00000080 fetch_pc=00000084 mem_direct=0020a033
[R] cyc=47 COMMIT op=8 pc=00000028
[D] cyc=48 dispatch op=6 pc=00000068 tag=10 raw_iq_imm=00000000 rs1=0
[F] cyc=48 fetch raw=000fa023 pc_d=00000084 fetch_pc=00000088 mem_direct=000fa023
[C] cyc=48 CDB tag=4 val=00000001
[R] cyc=48 COMMIT op=8 pc=0000002c
[D] cyc=49 dispatch op=1 pc=0000006c tag=11 raw_iq_imm=00000000 rs1=0
[F] cyc=49 fetch raw=0020b033 pc_d=00000088 fetch_pc=0000008c mem_direct=0020b033
[R] cyc=49 COMMIT op=8 pc=00000030
[D] cyc=50 dispatch op=15 pc=00000070 tag=12 raw_iq_imm=00000000 rs1=31
[F] cyc=50 fetch raw=000fa223 pc_d=0000008c fetch_pc=00000090 mem_direct=000fa223
[C] cyc=50 CDB tag=9 val=00000000
[R] cyc=50 COMMIT op=8 pc=00000034
[D] cyc=51 dispatch op=8 pc=00000074 tag=13 raw_iq_imm=00000108 rs1=0
[F] cyc=51 fetch raw=0020a013 pc_d=00000090 fetch_pc=00000094 mem_direct=0020a013
[C] cyc=51 CDB tag=12 val=00000000
[R] cyc=51 COMMIT op=8 pc=00000038
[D] cyc=52 dispatch op=8 pc=00000078 tag=14 raw_iq_imm=00000001 rs1=0
[F] cyc=52 fetch raw=000fa423 pc_d=00000094 fetch_pc=00000098 mem_direct=000fa423
[C] cyc=52 CDB tag=11 val=ffffffe8
[R] cyc=52 COMMIT op=8 pc=0000003c
[D] cyc=53 dispatch op=8 pc=0000007c tag=15 raw_iq_imm=00000002 rs1=0
[F] cyc=53 fetch raw=0020b013 pc_d=00000098 fetch_pc=0000009c mem_direct=0020b013
[R] cyc=53 COMMIT op=8 pc=00000040
[D] cyc=54 dispatch op=33 pc=00000080 tag=0 raw_iq_imm=00000000 rs1=1
[F] cyc=54 fetch raw=000fa623 pc_d=0000009c fetch_pc=000000a0 mem_direct=000fa623
[C] cyc=54 CDB tag=13 val=00000108
[R] cyc=54 COMMIT op=8 pc=00000044
[D] cyc=55 dispatch op=15 pc=00000084 tag=1 raw_iq_imm=00000000 rs1=31
[F] cyc=55 fetch raw=11800f93 pc_d=000000a0 fetch_pc=000000a4 mem_direct=11800f93
[R] cyc=55 COMMIT op=8 pc=00000048
[D] cyc=56 dispatch op=34 pc=00000088 tag=2 raw_iq_imm=00000000 rs1=1
[F] cyc=56 fetch raw=0040006f pc_d=000000a4 fetch_pc=000000a8 mem_direct=0040006f
[C] cyc=56 CDB tag=1 val=00000000
[R] cyc=56 COMMIT op=31 pc=0000004c
[D] cyc=57 dispatch op=15 pc=0000008c tag=3 raw_iq_imm=00000004 rs1=31
[F] cyc=57 fetch raw=000fa023 pc_d=000000a8 fetch_pc=000000ac mem_direct=000fa023
[C] cyc=57 CDB tag=15 val=00000002
[R] cyc=57 COMMIT op=0 pc=00000050
[D] cyc=58 dispatch op=35 pc=00000090 tag=4 raw_iq_imm=00000002 rs1=1
[F] cyc=58 fetch raw=00000097 pc_d=000000ac fetch_pc=000000b0 mem_direct=00000097
[C] cyc=58 CDB tag=3 val=00000000
[R] cyc=58 COMMIT op=3 pc=00000054
[D] cyc=59 dispatch op=15 pc=00000094 tag=5 raw_iq_imm=00000008 rs1=31
[F] cyc=59 fetch raw=00c08093 pc_d=000000b0 fetch_pc=000000b4 mem_direct=00c08093
[C] cyc=59 CDB tag=7 val=fffff803
[R] cyc=59 COMMIT op=2 pc=00000058
[D] cyc=60 dispatch op=36 pc=00000098 tag=6 raw_iq_imm=00000002 rs1=1
[F] cyc=60 fetch raw=00008067 pc_d=000000b4 fetch_pc=000000b8 mem_direct=00008067
[C] cyc=60 CDB tag=5 val=00000000
[R] cyc=60 COMMIT op=4 pc=0000005c
[D] cyc=61 dispatch op=15 pc=0000009c tag=7 raw_iq_imm=0000000c rs1=31
[F] cyc=61 fetch raw=000fa223 pc_d=000000b8 fetch_pc=000000bc mem_direct=000fa223
[C] cyc=61 CDB tag=8 val=00000000
[F] cyc=62 fetch raw=0f000093 pc_d=000000bc fetch_pc=000000c0 mem_direct=0f000093
[C] cyc=62 CDB tag=7 val=00000000
[R] cyc=62 COMMIT op=5 pc=00000060
[D] cyc=63 dispatch op=8 pc=000000a0 tag=8 raw_iq_imm=00000118 rs1=0
[C] cyc=63 CDB tag=10 val=00000000
[R] cyc=63 COMMIT op=7 pc=00000064
[D] cyc=64 dispatch op=20 pc=000000a4 tag=9 raw_iq_imm=00000004 rs1=0
[F] cyc=64 fetch raw=12000f93 pc_d=000000c0 fetch_pc=000000c4 mem_direct=12000f93
[R] cyc=64 COMMIT op=6 pc=00000068
[D] cyc=65 dispatch op=15 pc=000000a8 tag=10 raw_iq_imm=00000000 rs1=31
[F] cyc=65 fetch raw=0000a003 pc_d=000000c4 fetch_pc=000000c8 mem_direct=0000a003
[C] cyc=65 CDB tag=14 val=00000001
[R] cyc=65 COMMIT op=1 pc=0000006c
[D] cyc=66 dispatch op=31 pc=000000ac tag=11 raw_iq_imm=00000000 rs1=0
[F] cyc=66 fetch raw=000fa023 pc_d=000000c8 fetch_pc=000000cc mem_direct=000fa023
[R] cyc=66 COMMIT op=15 pc=00000070
[D] cyc=67 dispatch op=8 pc=000000b0 tag=12 raw_iq_imm=0000000c rs1=1
[F] cyc=67 fetch raw=00009003 pc_d=000000cc fetch_pc=000000d0 mem_direct=00009003
[C] cyc=67 CDB tag=9 val=000000a8
[R] cyc=67 COMMIT op=8 pc=00000074
[D] cyc=68 dispatch op=21 pc=000000b4 tag=13 raw_iq_imm=00000000 rs1=1
[F] cyc=68 fetch raw=000fa223 pc_d=000000d0 fetch_pc=000000d4 mem_direct=000fa223
[C] cyc=68 CDB tag=8 val=00000118
[R] cyc=68 COMMIT op=8 pc=00000078
[D] cyc=69 dispatch op=15 pc=000000b8 tag=14 raw_iq_imm=00000004 rs1=31
[F] cyc=69 fetch raw=00008003 pc_d=000000d4 fetch_pc=000000d8 mem_direct=00008003
[C] cyc=69 CDB tag=10 val=00000000
[R] cyc=69 COMMIT op=8 pc=0000007c
[D] cyc=70 dispatch op=8 pc=000000bc tag=15 raw_iq_imm=000000f0 rs1=0
[F] cyc=70 fetch raw=000fa423 pc_d=000000d8 fetch_pc=000000dc mem_direct=000fa423
[C] cyc=70 CDB tag=2 val=00000001
[F] cyc=71 fetch raw=0000c003 pc_d=000000dc fetch_pc=000000e0 mem_direct=0000c003
[C] cyc=71 CDB tag=14 val=00000000
[C] cyc=72 CDB tag=4 val=00000001
[C] cyc=74 CDB tag=15 val=000000f0
[C] cyc=76 CDB tag=6 val=00000001
[C] cyc=78 CDB tag=11 val=000000ac
[C] cyc=80 CDB tag=0 val=00000001
[R] cyc=81 COMMIT op=33 pc=00000080
[D] cyc=82 dispatch op=8 pc=000000c0 tag=0 raw_iq_imm=00000120 rs1=0
[C] cyc=82 CDB tag=12 val=000000b8
[R] cyc=82 COMMIT op=15 pc=00000084
[D] cyc=83 dispatch op=14 pc=000000c4 tag=1 raw_iq_imm=00000000 rs1=1
[F] cyc=83 fetch raw=000fa623 pc_d=000000e0 fetch_pc=000000e4 mem_direct=000fa623
[R] cyc=83 COMMIT op=34 pc=00000088
[D] cyc=84 dispatch op=15 pc=000000c8 tag=2 raw_iq_imm=00000000 rs1=31
[F] cyc=84 fetch raw=00000073 pc_d=000000e4 fetch_pc=000000e8 mem_direct=00000073
[R] cyc=84 COMMIT op=15 pc=0000008c
[D] cyc=85 dispatch op=39 pc=000000cc tag=3 raw_iq_imm=00000000 rs1=1
[F] cyc=85 fetch raw=xxxxxxxx pc_d=000000e8 fetch_pc=000000ec mem_direct=xxxxxxxx
[C] cyc=85 CDB tag=13 val=000000b8
[R] cyc=85 COMMIT op=35 pc=00000090
[D] cyc=86 dispatch op=15 pc=000000d0 tag=4 raw_iq_imm=00000004 rs1=31
[F] cyc=86 fetch raw=xxxxxxxx pc_d=000000ec fetch_pc=000000f0 mem_direct=xxxxxxxx
[C] cyc=86 CDB tag=0 val=00000120
[R] cyc=86 COMMIT op=15 pc=00000094
[D] cyc=87 dispatch op=37 pc=000000d4 tag=5 raw_iq_imm=00000000 rs1=1
[F] cyc=87 fetch raw=42524e4f pc_d=000000f0 fetch_pc=000000f4 mem_direct=42524e4f
[C] cyc=87 CDB tag=2 val=00000000
[R] cyc=87 COMMIT op=36 pc=00000098
[F] cyc=88 fetch raw=00000000 pc_d=000000f4 fetch_pc=000000f8 mem_direct=00000000
[C] cyc=88 CDB tag=4 val=00000000
[R] cyc=88 COMMIT op=15 pc=0000009c
[D] cyc=89 dispatch op=15 pc=000000d8 tag=6 raw_iq_imm=00000008 rs1=31
[R] cyc=89 COMMIT op=8 pc=000000a0
[F] cyc=90 fetch raw=00000000 pc_d=000000f8 fetch_pc=000000fc mem_direct=00000000
[C] cyc=90 CDB tag=6 val=00000000
[R] cyc=90 COMMIT op=20 pc=000000a4
[F] cyc=92 fetch raw=000fa023 pc_d=000000a8 fetch_pc=000000ac mem_direct=000fa023
[D] cyc=93 dispatch op=15 pc=000000a8 tag=0 raw_iq_imm=00000000 rs1=31
[F] cyc=93 fetch raw=00000097 pc_d=000000ac fetch_pc=000000b0 mem_direct=00000097
[D] cyc=94 dispatch op=31 pc=000000ac tag=1 raw_iq_imm=00000000 rs1=0
[F] cyc=94 fetch raw=00c08093 pc_d=000000b0 fetch_pc=000000b4 mem_direct=00c08093
[C] cyc=94 CDB tag=0 val=00000000
[D] cyc=95 dispatch op=8 pc=000000b0 tag=2 raw_iq_imm=0000000c rs1=1
[F] cyc=95 fetch raw=00008067 pc_d=000000b4 fetch_pc=000000b8 mem_direct=00008067
[R] cyc=95 COMMIT op=15 pc=000000a8
[D] cyc=96 dispatch op=21 pc=000000b4 tag=3 raw_iq_imm=00000000 rs1=1
[F] cyc=96 fetch raw=000fa223 pc_d=000000b8 fetch_pc=000000bc mem_direct=000fa223
[D] cyc=97 dispatch op=15 pc=000000b8 tag=4 raw_iq_imm=00000004 rs1=31
[F] cyc=97 fetch raw=0f000093 pc_d=000000bc fetch_pc=000000c0 mem_direct=0f000093
[C] cyc=97 CDB tag=1 val=000000ac
[D] cyc=98 dispatch op=8 pc=000000bc tag=5 raw_iq_imm=000000f0 rs1=0
[F] cyc=98 fetch raw=12000f93 pc_d=000000c0 fetch_pc=000000c4 mem_direct=12000f93
[C] cyc=98 CDB tag=4 val=00000000
[R] cyc=98 COMMIT op=31 pc=000000ac
[D] cyc=99 dispatch op=8 pc=000000c0 tag=6 raw_iq_imm=00000120 rs1=0
[F] cyc=99 fetch raw=0000a003 pc_d=000000c4 fetch_pc=000000c8 mem_direct=0000a003
[D] cyc=100 dispatch op=14 pc=000000c4 tag=7 raw_iq_imm=00000000 rs1=1
[F] cyc=100 fetch raw=000fa023 pc_d=000000c8 fetch_pc=000000cc mem_direct=000fa023
[C] cyc=100 CDB tag=2 val=000000b8
[D] cyc=101 dispatch op=15 pc=000000c8 tag=8 raw_iq_imm=00000000 rs1=31
[F] cyc=101 fetch raw=00009003 pc_d=000000cc fetch_pc=000000d0 mem_direct=00009003
[R] cyc=101 COMMIT op=8 pc=000000b0
[D] cyc=102 dispatch op=39 pc=000000cc tag=9 raw_iq_imm=00000000 rs1=1
[F] cyc=102 fetch raw=000fa223 pc_d=000000d0 fetch_pc=000000d4 mem_direct=000fa223
[C] cyc=102 CDB tag=5 val=000000f0
[D] cyc=103 dispatch op=15 pc=000000d0 tag=10 raw_iq_imm=00000004 rs1=31
[F] cyc=103 fetch raw=00008003 pc_d=000000d4 fetch_pc=000000d8 mem_direct=00008003
[C] cyc=103 CDB tag=3 val=000000b8
[R] cyc=103 COMMIT op=21 pc=000000b4
[F] cyc=105 fetch raw=000fa223 pc_d=000000b8 fetch_pc=000000bc mem_direct=000fa223
[D] cyc=106 dispatch op=15 pc=000000b8 tag=0 raw_iq_imm=00000004 rs1=31
[F] cyc=106 fetch raw=0f000093 pc_d=000000bc fetch_pc=000000c0 mem_direct=0f000093
[D] cyc=107 dispatch op=8 pc=000000bc tag=1 raw_iq_imm=000000f0 rs1=0
[F] cyc=107 fetch raw=12000f93 pc_d=000000c0 fetch_pc=000000c4 mem_direct=12000f93
[C] cyc=107 CDB tag=0 val=00000000
[D] cyc=108 dispatch op=8 pc=000000c0 tag=2 raw_iq_imm=00000120 rs1=0
[F] cyc=108 fetch raw=0000a003 pc_d=000000c4 fetch_pc=000000c8 mem_direct=0000a003
[R] cyc=108 COMMIT op=15 pc=000000b8
[D] cyc=109 dispatch op=14 pc=000000c4 tag=3 raw_iq_imm=00000000 rs1=1
[F] cyc=109 fetch raw=000fa023 pc_d=000000c8 fetch_pc=000000cc mem_direct=000fa023
[D] cyc=110 dispatch op=15 pc=000000c8 tag=4 raw_iq_imm=00000000 rs1=31
[F] cyc=110 fetch raw=00009003 pc_d=000000cc fetch_pc=000000d0 mem_direct=00009003
[C] cyc=110 CDB tag=1 val=000000f0
[D] cyc=111 dispatch op=39 pc=000000cc tag=5 raw_iq_imm=00000000 rs1=1
[F] cyc=111 fetch raw=000fa223 pc_d=000000d0 fetch_pc=000000d4 mem_direct=000fa223
[R] cyc=111 COMMIT op=8 pc=000000bc
[D] cyc=112 dispatch op=15 pc=000000d0 tag=6 raw_iq_imm=00000004 rs1=31
[F] cyc=112 fetch raw=00008003 pc_d=000000d4 fetch_pc=000000d8 mem_direct=00008003
[C] cyc=112 CDB tag=3 val=42524e4f
[D] cyc=113 dispatch op=37 pc=000000d4 tag=7 raw_iq_imm=00000000 rs1=1
[F] cyc=113 fetch raw=000fa423 pc_d=000000d8 fetch_pc=000000dc mem_direct=000fa423
[C] cyc=113 CDB tag=2 val=00000120
[D] cyc=114 dispatch op=15 pc=000000d8 tag=8 raw_iq_imm=00000008 rs1=31
[F] cyc=114 fetch raw=0000c003 pc_d=000000dc fetch_pc=000000e0 mem_direct=0000c003
[C] cyc=114 CDB tag=4 val=00000000
[R] cyc=114 COMMIT op=8 pc=000000c0
[D] cyc=115 dispatch op=38 pc=000000dc tag=9 raw_iq_imm=00000000 rs1=1
[F] cyc=115 fetch raw=000fa623 pc_d=000000e0 fetch_pc=000000e4 mem_direct=000fa623
[C] cyc=115 CDB tag=6 val=00000000
[R] cyc=115 COMMIT op=14 pc=000000c4
[D] cyc=116 dispatch op=15 pc=000000e0 tag=10 raw_iq_imm=0000000c rs1=31
[F] cyc=116 fetch raw=00000073 pc_d=000000e4 fetch_pc=000000e8 mem_direct=00000073
[C] cyc=116 CDB tag=8 val=00000000
[R] cyc=116 COMMIT op=15 pc=000000c8
[D] cyc=117 dispatch op=63 pc=000000e4 tag=11 raw_iq_imm=00000000 rs1=0
[F] cyc=117 fetch raw=xxxxxxxx pc_d=000000e8 fetch_pc=000000ec mem_direct=xxxxxxxx
[C] cyc=117 CDB tag=10 val=00000000
[D] cyc=118 dispatch op=62 pc=000000e8 tag=12 raw_iq_imm=00000000 rs1=0
[F] cyc=118 fetch raw=xxxxxxxx pc_d=000000ec fetch_pc=000000f0 mem_direct=xxxxxxxx
[C] cyc=118 CDB tag=5 val=00004e4f
[D] cyc=119 dispatch op=62 pc=000000ec tag=13 raw_iq_imm=00000000 rs1=0
[F] cyc=119 fetch raw=42524e4f pc_d=000000f0 fetch_pc=000000f4 mem_direct=42524e4f
[R] cyc=119 COMMIT op=39 pc=000000cc
[D] cyc=120 dispatch op=62 pc=000000f0 tag=14 raw_iq_imm=00000000 rs1=0
[F] cyc=120 fetch raw=00000000 pc_d=000000f4 fetch_pc=000000f8 mem_direct=00000000
[C] cyc=120 CDB tag=11 val=00000000
[R] cyc=120 COMMIT op=15 pc=000000d0
[D] cyc=121 dispatch op=62 pc=000000f4 tag=15 raw_iq_imm=00000000 rs1=0
[F] cyc=121 fetch raw=00000000 pc_d=000000f8 fetch_pc=000000fc mem_direct=00000000
[D] cyc=122 dispatch op=62 pc=000000f8 tag=0 raw_iq_imm=00000000 rs1=0
[F] cyc=122 fetch raw=00000000 pc_d=000000fc fetch_pc=00000100 mem_direct=00000000
[C] cyc=122 CDB tag=7 val=0000004f
[D] cyc=123 dispatch op=62 pc=000000fc tag=1 raw_iq_imm=00000000 rs1=0
[F] cyc=123 fetch raw=ffffffff pc_d=00000100 fetch_pc=00000104 mem_direct=ffffffff
[C] cyc=123 CDB tag=13 val=00000000
[R] cyc=123 COMMIT op=37 pc=000000d4
[D] cyc=124 dispatch op=62 pc=00000100 tag=2 raw_iq_imm=00000000 rs1=0
[F] cyc=124 fetch raw=ffffffff pc_d=00000104 fetch_pc=00000108 mem_direct=ffffffff
[R] cyc=124 COMMIT op=15 pc=000000d8
[D] cyc=125 dispatch op=62 pc=00000104 tag=3 raw_iq_imm=00000000 rs1=0
[F] cyc=125 fetch raw=ffffffff pc_d=00000108 fetch_pc=0000010c mem_direct=ffffffff
[C] cyc=125 CDB tag=15 val=00000000
[D] cyc=126 dispatch op=62 pc=00000108 tag=4 raw_iq_imm=00000000 rs1=0
[F] cyc=126 fetch raw=ffffffff pc_d=0000010c fetch_pc=00000110 mem_direct=ffffffff
[C] cyc=126 CDB tag=9 val=0000004f
[F] cyc=127 fetch raw=ffffffff pc_d=00000110 fetch_pc=00000114 mem_direct=ffffffff
[C] cyc=127 CDB tag=2 val=00000000
[R] cyc=127 COMMIT op=38 pc=000000dc
[D] cyc=128 dispatch op=62 pc=0000010c tag=5 raw_iq_imm=00000000 rs1=0
[F] cyc=128 fetch raw=ffffffff pc_d=00000114 fetch_pc=00000118 mem_direct=ffffffff
[R] cyc=128 COMMIT op=15 pc=000000e0
[F] cyc=129 fetch raw=ffffffff pc_d=00000118 fetch_pc=0000011c mem_direct=ffffffff
[C] cyc=129 CDB tag=4 val=00000000
[R] cyc=129 COMMIT op=63 pc=000000e4
[D] cyc=130 dispatch op=62 pc=00000110 tag=6 raw_iq_imm=00000000 rs1=0
[F] cyc=130 fetch raw=ffffffff pc_d=0000011c fetch_pc=00000120 mem_direct=ffffffff
sim_compliance.sv:159: $finish called at 1535 (1s)
