../../../hardware/execute/fp_ops/fp_round.sv:47: sorry: constant selects in always_* processes are not fully supported (the process will be sensitive to all bits in 'mant_i[22:0]').
../../../hardware/execute/fp_ops/fp_round.sv:65: sorry: constant selects in always_* processes are not fully supported (the process will be sensitive to all bits in 'mant_inc[23:0]').
../../../hardware/execute/fp_ops/fp_round.sv:70: sorry: constant selects in always_* processes are not fully supported (the process will be sensitive to all bits in 'exp_out[8:0]').
../../../hardware/execute/fp_ops/fp_round.sv:75: sorry: constant selects in always_* processes are not fully supported (the process will be sensitive to all bits in 'exp_out[8:0]').
../../../hardware/execute/fp_ops/fp_round.sv:75: sorry: constant selects in always_* processes are not fully supported (the process will be sensitive to all bits in 'mant_inc[23:0]').
:0: sorry: constant selects in always_* processes are not fully supported (the process will be sensitive to all bits in 'head_entry_w[112:0]').
:0: sorry: constant selects in always_* processes are not fully supported (the process will be sensitive to all bits in 'lookup1_entry_w[112:0]').
:0: sorry: constant selects in always_* processes are not fully supported (the process will be sensitive to all bits in 'lookup1_entry_w[112:0]').
:0: sorry: constant selects in always_* processes are not fully supported (the process will be sensitive to all bits in 'lookup2_entry_w[112:0]').
:0: sorry: constant selects in always_* processes are not fully supported (the process will be sensitive to all bits in 'lookup2_entry_w[112:0]').
:0: sorry: constant selects in always_* processes are not fully supported (the process will be sensitive to all bits in 'iq_instr_i[88:0]').
:0: sorry: constant selects in always_* processes are not fully supported (the process will be sensitive to all bits in 'iq_instr_i[88:0]').
:0: sorry: constant selects in always_* processes are not fully supported (the process will be sensitive to all bits in 'iq_instr_i[88:0]').
:0: sorry: constant selects in always_* processes are not fully supported (the process will be sensitive to all bits in 'iq_instr_i[88:0]').
:0: sorry: constant selects in always_* processes are not fully supported (the process will be sensitive to all bits in 'iq_instr_i[88:0]').
:0: sorry: constant selects in always_* processes are not fully supported (the process will be sensitive to all bits in 'cdb_i[36:0]').
:0: sorry: constant selects in always_* processes are not fully supported (the process will be sensitive to all bits in 'cdb_i[36:0]').
:0: sorry: constant selects in always_* processes are not fully supported (the process will be sensitive to all bits in 'cdb_i[36:0]').
:0: sorry: constant selects in always_* processes are not fully supported (the process will be sensitive to all bits in 'cdb_i[36:0]').
:0: sorry: constant selects in always_* processes are not fully supported (the process will be sensitive to all bits in 'cdb_i[36:0]').
:0: sorry: constant selects in always_* processes are not fully supported (the process will be sensitive to all bits in 'cdb_i[36:0]').
:0: sorry: constant selects in always_* processes are not fully supported (the process will be sensitive to all bits in 'iq_instr_i[88:0]').
:0: sorry: constant selects in always_* processes are not fully supported (the process will be sensitive to all bits in 'cdb_i[36:0]').
:0: sorry: constant selects in always_* processes are not fully supported (the process will be sensitive to all bits in 'cdb_i[36:0]').
:0: sorry: constant selects in always_* processes are not fully supported (the process will be sensitive to all bits in 'cdb_i[36:0]').
:0: sorry: constant selects in always_* processes are not fully supported (the process will be sensitive to all bits in 'cdb_i[36:0]').
:0: sorry: constant selects in always_* processes are not fully supported (the process will be sensitive to all bits in 'cdb_i[36:0]').
:0: sorry: constant selects in always_* processes are not fully supported (the process will be sensitive to all bits in 'cdb_i[36:0]').
:0: sorry: constant selects in always_* processes are not fully supported (the process will be sensitive to all bits in 'iq_instr_i[88:0]').
:0: sorry: constant selects in always_* processes are not fully supported (the process will be sensitive to all bits in 'iq_instr_i[88:0]').
:0: sorry: constant selects in always_* processes are not fully supported (the process will be sensitive to all bits in 'iq_instr_i[88:0]').
:0: sorry: constant selects in always_* processes are not fully supported (the process will be sensitive to all bits in 'iq_instr_i[88:0]').
:0: sorry: constant selects in always_* processes are not fully supported (the process will be sensitive to all bits in 'iq_instr_i[88:0]').
:0: sorry: constant selects in always_* processes are not fully supported (the process will be sensitive to all bits in 'iq_instr_i[88:0]').
:0: sorry: constant selects in always_* processes are not fully supported (the process will be sensitive to all bits in 'iq_instr_i[88:0]').
:0: sorry: constant selects in always_* processes are not fully supported (the process will be sensitive to all bits in 'iq_instr_i[88:0]').
../../../hardware/execute/int_ops/alu_unit.sv:50: sorry: constant selects in always_* processes are not fully supported (the process will be sensitive to all bits in 'rs2_i[31:0]').
../../../hardware/execute/int_ops/alu_unit.sv:51: sorry: constant selects in always_* processes are not fully supported (the process will be sensitive to all bits in 'rs2_i[31:0]').
../../../hardware/execute/int_ops/alu_unit.sv:52: sorry: constant selects in always_* processes are not fully supported (the process will be sensitive to all bits in 'rs2_i[31:0]').
../../../hardware/execute/int_ops/alu_unit.sv:60: sorry: constant selects in always_* processes are not fully supported (the process will be sensitive to all bits in 'imm_i[31:0]').
../../../hardware/execute/int_ops/alu_unit.sv:61: sorry: constant selects in always_* processes are not fully supported (the process will be sensitive to all bits in 'imm_i[31:0]').
../../../hardware/execute/int_ops/alu_unit.sv:62: sorry: constant selects in always_* processes are not fully supported (the process will be sensitive to all bits in 'imm_i[31:0]').
../../../hardware/execute/fp_ops/fp_add.sv:60: sorry: constant selects in always_* processes are not fully supported (the process will be sensitive to all bits in 'a[31:0]').
../../../hardware/execute/fp_ops/fp_add.sv:60: sorry: constant selects in always_* processes are not fully supported (the process will be sensitive to all bits in 'a[31:0]').
../../../hardware/execute/fp_ops/fp_add.sv:60: sorry: constant selects in always_* processes are not fully supported (the process will be sensitive to all bits in 'a[31:0]').
../../../hardware/execute/fp_ops/fp_add.sv:61: sorry: constant selects in always_* processes are not fully supported (the process will be sensitive to all bits in 'b[31:0]').
../../../hardware/execute/fp_ops/fp_add.sv:62: sorry: constant selects in always_* processes are not fully supported (the process will be sensitive to all bits in 'b[31:0]').
../../../hardware/execute/fp_ops/fp_add.sv:62: sorry: constant selects in always_* processes are not fully supported (the process will be sensitive to all bits in 'b[31:0]').
../../../hardware/execute/fp_ops/fp_add.sv:67: sorry: constant selects in always_* processes are not fully supported (the process will be sensitive to all bits in 'b[31:0]').
../../../hardware/execute/fp_ops/fp_add.sv:80: sorry: constant selects in always_* processes are not fully supported (the process will be sensitive to all bits in 'ediff[7:0]').
../../../hardware/execute/fp_ops/fp_add.sv:97: sorry: constant selects in always_* processes are not fully supported (the process will be sensitive to all bits in 's[26:0]').
../../../hardware/execute/fp_ops/fp_add.sv:100: sorry: constant selects in always_* processes are not fully supported (the process will be sensitive to all bits in 's[26:0]').
../../../hardware/execute/fp_ops/fp_add.sv:108: sorry: constant selects in always_* processes are not fully supported (the process will be sensitive to all bits in 's[26:0]').
../../../hardware/execute/fp_ops/fp_add.sv:108: sorry: constant selects in always_* processes are not fully supported (the process will be sensitive to all bits in 'sh[7:0]').
../../../hardware/execute/fp_ops/fp_add.sv:112: sorry: constant selects in always_* processes are not fully supported (the process will be sensitive to all bits in 'norm[25:0]').
../../../hardware/execute/fp_ops/fp_mul.sv:74: sorry: constant selects in always_* processes are not fully supported (the process will be sensitive to all bits in 'rs1_i[31:0]').
../../../hardware/execute/fp_ops/fp_mul.sv:74: sorry: constant selects in always_* processes are not fully supported (the process will be sensitive to all bits in 'rs1_i[31:0]').
../../../hardware/execute/fp_ops/fp_mul.sv:75: sorry: constant selects in always_* processes are not fully supported (the process will be sensitive to all bits in 'rs2_i[31:0]').
../../../hardware/execute/fp_ops/fp_mul.sv:75: sorry: constant selects in always_* processes are not fully supported (the process will be sensitive to all bits in 'rs2_i[31:0]').
../../../hardware/execute/fp_ops/fp_mul.sv:77: sorry: constant selects in always_* processes are not fully supported (the process will be sensitive to all bits in 'rs1_i[31:0]').
../../../hardware/execute/fp_ops/fp_mul.sv:77: sorry: constant selects in always_* processes are not fully supported (the process will be sensitive to all bits in 'rs2_i[31:0]').
../../../hardware/execute/fp_ops/fp_mul.sv:82: sorry: constant selects in always_* processes are not fully supported (the process will be sensitive to all bits in 'ma[23:0]').
../../../hardware/execute/fp_ops/fp_mul.sv:82: sorry: constant selects in always_* processes are not fully supported (the process will be sensitive to all bits in 'mb[23:0]').
../../../hardware/execute/fp_ops/fp_mul.sv:83: sorry: constant selects in always_* processes are not fully supported (the process will be sensitive to all bits in 'ma[23:0]').
../../../hardware/execute/fp_ops/fp_mul.sv:83: sorry: constant selects in always_* processes are not fully supported (the process will be sensitive to all bits in 'mb[23:0]').
../../../hardware/execute/fp_ops/fp_mul.sv:84: sorry: constant selects in always_* processes are not fully supported (the process will be sensitive to all bits in 'ma[23:0]').
../../../hardware/execute/fp_ops/fp_mul.sv:84: sorry: constant selects in always_* processes are not fully supported (the process will be sensitive to all bits in 'mb[23:0]').
../../../hardware/execute/fp_ops/fp_mul.sv:85: sorry: constant selects in always_* processes are not fully supported (the process will be sensitive to all bits in 'ma[23:0]').
../../../hardware/execute/fp_ops/fp_mul.sv:85: sorry: constant selects in always_* processes are not fully supported (the process will be sensitive to all bits in 'mb[23:0]').
../../../hardware/execute/fp_ops/fp_mul.sv:112: sorry: constant selects in always_* processes are not fully supported (the process will be sensitive to all bits in 's2_product[47:0]').
../../../hardware/execute/fp_ops/fp_mul.sv:114: sorry: constant selects in always_* processes are not fully supported (the process will be sensitive to all bits in 's2_product[47:0]').
../../../hardware/execute/fp_ops/fp_mul.sv:116: sorry: constant selects in always_* processes are not fully supported (the process will be sensitive to all bits in 's2_product[47:0]').
../../../hardware/execute/fp_ops/fp_mul.sv:118: sorry: constant selects in always_* processes are not fully supported (the process will be sensitive to all bits in 'er[9:0]').
../../../hardware/execute/fp_ops/fp_mul.sv:120: sorry: constant selects in always_* processes are not fully supported (the process will be sensitive to all bits in 'er[9:0]').
../../../hardware/execute/fp_ops/fp_div.sv:138: sorry: constant selects in always_* processes are not fully supported (the process will be sensitive to all bits in 's_exp[9:0]').
../../../hardware/execute/fp_ops/fp_div.sv:142: sorry: constant selects in always_* processes are not fully supported (the process will be sensitive to all bits in 's_qreg[23:0]').
../../../hardware/execute/fp_ops/fp_div.sv:143: sorry: constant selects in always_* processes are not fully supported (the process will be sensitive to all bits in 's_exp[9:0]').
../../../hardware/execute/fp_ops/fp_div.sv:143: sorry: constant selects in always_* processes are not fully supported (the process will be sensitive to all bits in 's_qreg[23:0]').
../../../hardware/execute/fp_ops/fp_div.sv:147: sorry: constant selects in always_* processes are not fully supported (the process will be sensitive to all bits in 's_exp[9:0]').
../../../hardware/execute/fp_ops/fp_div.sv:147: sorry: constant selects in always_* processes are not fully supported (the process will be sensitive to all bits in 's_qreg[23:0]').
../../../hardware/execute/fp_ops/fp_div.sv:165: sorry: constant selects in always_* processes are not fully supported (the process will be sensitive to all bits in 'rs1_i[31:0]').
../../../hardware/execute/fp_ops/fp_div.sv:165: sorry: constant selects in always_* processes are not fully supported (the process will be sensitive to all bits in 'rs1_i[31:0]').
../../../hardware/execute/fp_ops/fp_div.sv:166: sorry: constant selects in always_* processes are not fully supported (the process will be sensitive to all bits in 'rs2_i[31:0]').
../../../hardware/execute/fp_ops/fp_div.sv:166: sorry: constant selects in always_* processes are not fully supported (the process will be sensitive to all bits in 'rs2_i[31:0]').
../../../hardware/execute/fp_ops/fp_div.sv:167: sorry: constant selects in always_* processes are not fully supported (the process will be sensitive to all bits in 'rs1_i[31:0]').
../../../hardware/execute/fp_ops/fp_div.sv:167: sorry: constant selects in always_* processes are not fully supported (the process will be sensitive to all bits in 'rs2_i[31:0]').
:0: sorry: constant selects in always_* processes are not fully supported (the process will be sensitive to all bits in 'head_entry_w[147:0]').
../../../hardware/execute/lsb/load_store_buffer.sv:121: sorry: constant selects in always_* processes are not fully supported (the process will be sensitive to all bits in 'head_addr[31:0]').
../../../hardware/execute/lsb/load_store_buffer.sv:122: sorry: constant selects in always_* processes are not fully supported (the process will be sensitive to all bits in 'head_addr[31:0]').
:0: sorry: constant selects in always_* processes are not fully supported (the process will be sensitive to all bits in 'head_entry_w[147:0]').
../../../hardware/execute/lsb/load_store_buffer.sv:131: sorry: constant selects in always_* processes are not fully supported (the process will be sensitive to all bits in 'head_entry_w[147:0]').
../../../hardware/execute/lsb/load_store_buffer.sv:132: sorry: constant selects in always_* processes are not fully supported (the process will be sensitive to all bits in 'head_entry_w[147:0]').
:0: sorry: constant selects in always_* processes are not fully supported (the process will be sensitive to all bits in 'head_entry_w[147:0]').
../../../hardware/execute/lsb/load_store_buffer.sv:143: sorry: constant selects in always_* processes are not fully supported (the process will be sensitive to all bits in 'mem_rd_data_i[31:0]').
../../../hardware/execute/lsb/load_store_buffer.sv:143: sorry: constant selects in always_* processes are not fully supported (the process will be sensitive to all bits in 'mem_rd_data_i[31:0]').
../../../hardware/execute/lsb/load_store_buffer.sv:144: sorry: constant selects in always_* processes are not fully supported (the process will be sensitive to all bits in 'mem_rd_data_i[31:0]').
../../../hardware/execute/lsb/load_store_buffer.sv:144: sorry: constant selects in always_* processes are not fully supported (the process will be sensitive to all bits in 'mem_rd_data_i[31:0]').
../../../hardware/execute/lsb/load_store_buffer.sv:145: sorry: constant selects in always_* processes are not fully supported (the process will be sensitive to all bits in 'mem_rd_data_i[31:0]').
../../../hardware/execute/lsb/load_store_buffer.sv:145: sorry: constant selects in always_* processes are not fully supported (the process will be sensitive to all bits in 'mem_rd_data_i[31:0]').
../../../hardware/execute/lsb/load_store_buffer.sv:146: sorry: constant selects in always_* processes are not fully supported (the process will be sensitive to all bits in 'mem_rd_data_i[31:0]').
../../../hardware/execute/lsb/load_store_buffer.sv:146: sorry: constant selects in always_* processes are not fully supported (the process will be sensitive to all bits in 'mem_rd_data_i[31:0]').
../../../hardware/execute/lsb/load_store_buffer.sv:151: sorry: constant selects in always_* processes are not fully supported (the process will be sensitive to all bits in 'mem_rd_data_i[31:0]').
../../../hardware/execute/lsb/load_store_buffer.sv:152: sorry: constant selects in always_* processes are not fully supported (the process will be sensitive to all bits in 'mem_rd_data_i[31:0]').
../../../hardware/execute/lsb/load_store_buffer.sv:153: sorry: constant selects in always_* processes are not fully supported (the process will be sensitive to all bits in 'mem_rd_data_i[31:0]').
../../../hardware/execute/lsb/load_store_buffer.sv:154: sorry: constant selects in always_* processes are not fully supported (the process will be sensitive to all bits in 'mem_rd_data_i[31:0]').
../../../hardware/execute/lsb/load_store_buffer.sv:157: sorry: constant selects in always_* processes are not fully supported (the process will be sensitive to all bits in 'load_pending_byte_sel[1:0]').
../../../hardware/execute/lsb/load_store_buffer.sv:158: sorry: constant selects in always_* processes are not fully supported (the process will be sensitive to all bits in 'mem_rd_data_i[31:0]').
../../../hardware/execute/lsb/load_store_buffer.sv:158: sorry: constant selects in always_* processes are not fully supported (the process will be sensitive to all bits in 'mem_rd_data_i[31:0]').
../../../hardware/execute/lsb/load_store_buffer.sv:159: sorry: constant selects in always_* processes are not fully supported (the process will be sensitive to all bits in 'mem_rd_data_i[31:0]').
../../../hardware/execute/lsb/load_store_buffer.sv:159: sorry: constant selects in always_* processes are not fully supported (the process will be sensitive to all bits in 'mem_rd_data_i[31:0]').
../../../hardware/execute/lsb/load_store_buffer.sv:160: sorry: constant selects in always_* processes are not fully supported (the process will be sensitive to all bits in 'load_pending_byte_sel[1:0]').
../../../hardware/execute/lsb/load_store_buffer.sv:161: sorry: constant selects in always_* processes are not fully supported (the process will be sensitive to all bits in 'mem_rd_data_i[31:0]').
../../../hardware/execute/lsb/load_store_buffer.sv:162: sorry: constant selects in always_* processes are not fully supported (the process will be sensitive to all bits in 'mem_rd_data_i[31:0]').
../../../hardware/execute/fp_ops/fp_cvt.sv:56: sorry: constant selects in always_* processes are not fully supported (the process will be sensitive to all bits in 'f[31:0]').
../../../hardware/execute/fp_ops/fp_cvt.sv:57: sorry: constant selects in always_* processes are not fully supported (the process will be sensitive to all bits in 'f[31:0]').
../../../hardware/execute/fp_ops/fp_cvt.sv:58: sorry: constant selects in always_* processes are not fully supported (the process will be sensitive to all bits in 'f[31:0]').
../../../hardware/execute/fp_ops/fp_cvt.sv:98: sorry: constant selects in always_* processes are not fully supported (the process will be sensitive to all bits in 'x[31:0]').
../../../hardware/execute/fp_ops/fp_cvt.sv:109: sorry: constant selects in always_* processes are not fully supported (the process will be sensitive to all bits in 'norm[31:0]').
:0: sorry: constant selects in always_* processes are not fully supported (the process will be sensitive to all bits in 'commit_entry_i[112:0]').
:0: sorry: constant selects in always_* processes are not fully supported (the process will be sensitive to all bits in 'commit_entry_i[112:0]').
:0: sorry: constant selects in always_* processes are not fully supported (the process will be sensitive to all bits in 'commit_entry_i[112:0]').
:0: sorry: constant selects in always_* processes are not fully supported (the process will be sensitive to all bits in 'commit_entry_i[112:0]').
:0: sorry: constant selects in always_* processes are not fully supported (the process will be sensitive to all bits in 'commit_entry_i[112:0]').
:0: sorry: constant selects in always_* processes are not fully supported (the process will be sensitive to all bits in 'commit_entry_i[112:0]').
:0: sorry: constant selects in always_* processes are not fully supported (the process will be sensitive to all bits in 'commit_entry_i[112:0]').
:0: sorry: constant selects in always_* processes are not fully supported (the process will be sensitive to all bits in 'commit_entry_i[112:0]').
:0: sorry: constant selects in always_* processes are not fully supported (the process will be sensitive to all bits in 'commit_entry_i[112:0]').
:0: sorry: constant selects in always_* processes are not fully supported (the process will be sensitive to all bits in 'commit_entry_i[112:0]').
:0: sorry: constant selects in always_* processes are not fully supported (the process will be sensitive to all bits in 'commit_entry_i[112:0]').
:0: sorry: constant selects in always_* processes are not fully supported (the process will be sensitive to all bits in 'commit_entry_i[112:0]').
:0: sorry: constant selects in always_* processes are not fully supported (the process will be sensitive to all bits in 'commit_entry_i[112:0]').
:0: sorry: constant selects in always_* processes are not fully supported (the process will be sensitive to all bits in 'commit_entry_i[112:0]').
../../../hardware/core/tomasulo_core.sv:54: sorry: constant selects in always_* processes are not fully supported (the process will be sensitive to all bits in 'raw[31:0]').
../../../hardware/core/tomasulo_core.sv:54: sorry: constant selects in always_* processes are not fully supported (the process will be sensitive to all bits in 'raw[31:0]').
../../../hardware/core/tomasulo_core.sv:54: sorry: constant selects in always_* processes are not fully supported (the process will be sensitive to all bits in 'raw[31:0]').
../../../hardware/core/tomasulo_core.sv:55: sorry: constant selects in always_* processes are not fully supported (the process will be sensitive to all bits in 'raw[31:0]').
../../../hardware/core/tomasulo_core.sv:55: sorry: constant selects in always_* processes are not fully supported (the process will be sensitive to all bits in 'raw[31:0]').
../../../hardware/core/tomasulo_core.sv:55: sorry: constant selects in always_* processes are not fully supported (the process will be sensitive to all bits in 'raw[31:0]').
../../../hardware/core/tomasulo_core.sv:71: sorry: constant selects in always_* processes are not fully supported (the process will be sensitive to all bits in 'funct7[6:0]').
../../../hardware/core/tomasulo_core.sv:82: sorry: constant selects in always_* processes are not fully supported (the process will be sensitive to all bits in 'raw[31:0]').
../../../hardware/core/tomasulo_core.sv:82: sorry: constant selects in always_* processes are not fully supported (the process will be sensitive to all bits in 'raw[31:0]').
../../../hardware/core/tomasulo_core.sv:88: sorry: constant selects in always_* processes are not fully supported (the process will be sensitive to all bits in 'funct7[6:0]').
../../../hardware/core/tomasulo_core.sv:94: sorry: constant selects in always_* processes are not fully supported (the process will be sensitive to all bits in 'raw[31:0]').
../../../hardware/core/tomasulo_core.sv:94: sorry: constant selects in always_* processes are not fully supported (the process will be sensitive to all bits in 'raw[31:0]').
../../../hardware/core/tomasulo_core.sv:104: sorry: constant selects in always_* processes are not fully supported (the process will be sensitive to all bits in 'raw[31:0]').
../../../hardware/core/tomasulo_core.sv:104: sorry: constant selects in always_* processes are not fully supported (the process will be sensitive to all bits in 'raw[31:0]').
../../../hardware/core/tomasulo_core.sv:104: sorry: constant selects in always_* processes are not fully supported (the process will be sensitive to all bits in 'raw[31:0]').
../../../hardware/core/tomasulo_core.sv:114: sorry: constant selects in always_* processes are not fully supported (the process will be sensitive to all bits in 'raw[31:0]').
../../../hardware/core/tomasulo_core.sv:114: sorry: constant selects in always_* processes are not fully supported (the process will be sensitive to all bits in 'raw[31:0]').
../../../hardware/core/tomasulo_core.sv:114: sorry: constant selects in always_* processes are not fully supported (the process will be sensitive to all bits in 'raw[31:0]').
../../../hardware/core/tomasulo_core.sv:114: sorry: constant selects in always_* processes are not fully supported (the process will be sensitive to all bits in 'raw[31:0]').
../../../hardware/core/tomasulo_core.sv:114: sorry: constant selects in always_* processes are not fully supported (the process will be sensitive to all bits in 'raw[31:0]').
../../../hardware/core/tomasulo_core.sv:124: sorry: constant selects in always_* processes are not fully supported (the process will be sensitive to all bits in 'raw[31:0]').
../../../hardware/core/tomasulo_core.sv:124: sorry: constant selects in always_* processes are not fully supported (the process will be sensitive to all bits in 'raw[31:0]').
../../../hardware/core/tomasulo_core.sv:124: sorry: constant selects in always_* processes are not fully supported (the process will be sensitive to all bits in 'raw[31:0]').
../../../hardware/core/tomasulo_core.sv:124: sorry: constant selects in always_* processes are not fully supported (the process will be sensitive to all bits in 'raw[31:0]').
../../../hardware/core/tomasulo_core.sv:124: sorry: constant selects in always_* processes are not fully supported (the process will be sensitive to all bits in 'raw[31:0]').
../../../hardware/core/tomasulo_core.sv:129: sorry: constant selects in always_* processes are not fully supported (the process will be sensitive to all bits in 'raw[31:0]').
../../../hardware/core/tomasulo_core.sv:129: sorry: constant selects in always_* processes are not fully supported (the process will be sensitive to all bits in 'raw[31:0]').
../../../hardware/core/tomasulo_core.sv:134: sorry: constant selects in always_* processes are not fully supported (the process will be sensitive to all bits in 'raw[31:0]').
../../../hardware/core/tomasulo_core.sv:138: sorry: constant selects in always_* processes are not fully supported (the process will be sensitive to all bits in 'raw[31:0]').
../../../hardware/core/tomasulo_core.sv:144: sorry: constant selects in always_* processes are not fully supported (the process will be sensitive to all bits in 'raw[31:0]').
../../../hardware/core/tomasulo_core.sv:144: sorry: constant selects in always_* processes are not fully supported (the process will be sensitive to all bits in 'raw[31:0]').
../../../hardware/core/tomasulo_core.sv:150: sorry: constant selects in always_* processes are not fully supported (the process will be sensitive to all bits in 'raw[31:0]').
../../../hardware/core/tomasulo_core.sv:150: sorry: constant selects in always_* processes are not fully supported (the process will be sensitive to all bits in 'raw[31:0]').
../../../hardware/core/tomasulo_core.sv:150: sorry: constant selects in always_* processes are not fully supported (the process will be sensitive to all bits in 'raw[31:0]').
[tb] loading hex: build/I-SH-01.hex
[tb] hex loaded, entering reset
[tb] rst_n=0, waiting for 4 clk edges...
[tb] reset done, rst_n=1
[F] cyc=1 fetch raw=25000293 pc_d=00000000 fetch_pc=00000004 mem_direct=25000293
[D] cyc=2 dispatch op=8 pc=00000000 tag=0 raw_iq_imm=00000250 rs1=0
[F] cyc=2 fetch raw=00029023 pc_d=00000004 fetch_pc=00000008 mem_direct=00029023
[D] cyc=3 dispatch op=42 pc=00000004 tag=1 raw_iq_imm=00000000 rs1=5
[F] cyc=3 fetch raw=fff00813 pc_d=00000008 fetch_pc=0000000c mem_direct=fff00813
[D] cyc=4 dispatch op=8 pc=00000008 tag=2 raw_iq_imm=ffffffff rs1=0
[F] cyc=4 fetch raw=00028f93 pc_d=0000000c fetch_pc=00000010 mem_direct=00028f93
[D] cyc=5 dispatch op=8 pc=0000000c tag=3 raw_iq_imm=00000000 rs1=5
[F] cyc=5 fetch raw=010f9023 pc_d=00000010 fetch_pc=00000014 mem_direct=010f9023
[C] cyc=5 CDB tag=0 val=00000250
[D] cyc=6 dispatch op=42 pc=00000010 tag=4 raw_iq_imm=00000000 rs1=31
[F] cyc=6 fetch raw=fe029f23 pc_d=00000014 fetch_pc=00000018 mem_direct=fe029f23
[C] cyc=6 CDB tag=1 val=00000000
[R] cyc=6 COMMIT op=8 pc=00000000
[D] cyc=7 dispatch op=42 pc=00000014 tag=5 raw_iq_imm=fffffffe rs1=5
[F] cyc=7 fetch raw=00100793 pc_d=00000018 fetch_pc=0000001c mem_direct=00100793
[C] cyc=7 CDB tag=2 val=ffffffff
[R] cyc=7 COMMIT op=42 pc=00000004
[D] cyc=8 dispatch op=8 pc=00000018 tag=6 raw_iq_imm=00000001 rs1=0
[F] cyc=8 fetch raw=00028f13 pc_d=0000001c fetch_pc=00000020 mem_direct=00028f13
[C] cyc=8 CDB tag=5 val=00000000
[R] cyc=8 COMMIT op=8 pc=00000008
[D] cyc=9 dispatch op=8 pc=0000001c tag=7 raw_iq_imm=00000000 rs1=5
[F] cyc=9 fetch raw=feff1f23 pc_d=00000020 fetch_pc=00000024 mem_direct=feff1f23
[C] cyc=9 CDB tag=3 val=00000250
[D] cyc=10 dispatch op=42 pc=00000020 tag=8 raw_iq_imm=fffffffe rs1=30
[F] cyc=10 fetch raw=00029123 pc_d=00000024 fetch_pc=00000028 mem_direct=00029123
[C] cyc=10 CDB tag=4 val=00000000
[R] cyc=10 COMMIT op=8 pc=0000000c
[D] cyc=11 dispatch op=42 pc=00000024 tag=9 raw_iq_imm=00000002 rs1=5
[F] cyc=11 fetch raw=00000713 pc_d=00000028 fetch_pc=0000002c mem_direct=00000713
[C] cyc=11 CDB tag=6 val=00000001
[R] cyc=11 COMMIT op=42 pc=00000010
[D] cyc=12 dispatch op=8 pc=00000028 tag=10 raw_iq_imm=00000000 rs1=0
[F] cyc=12 fetch raw=00028e93 pc_d=0000002c fetch_pc=00000030 mem_direct=00028e93
[C] cyc=12 CDB tag=9 val=00000000
[R] cyc=12 COMMIT op=42 pc=00000014
[D] cyc=13 dispatch op=8 pc=0000002c tag=11 raw_iq_imm=00000000 rs1=5
[F] cyc=13 fetch raw=00ee9123 pc_d=00000030 fetch_pc=00000034 mem_direct=00ee9123
[C] cyc=13 CDB tag=7 val=00000250
[R] cyc=13 COMMIT op=8 pc=00000018
[D] cyc=14 dispatch op=42 pc=00000030 tag=12 raw_iq_imm=00000002 rs1=29
[F] cyc=14 fetch raw=fe029e23 pc_d=00000034 fetch_pc=00000038 mem_direct=fe029e23
[C] cyc=14 CDB tag=8 val=00000000
[R] cyc=14 COMMIT op=8 pc=0000001c
[D] cyc=15 dispatch op=42 pc=00000034 tag=13 raw_iq_imm=fffffffc rs1=5
[F] cyc=15 fetch raw=7ff00693 pc_d=00000038 fetch_pc=0000003c mem_direct=7ff00693
[C] cyc=15 CDB tag=10 val=00000000
[R] cyc=15 COMMIT op=42 pc=00000020
[D] cyc=16 dispatch op=8 pc=00000038 tag=14 raw_iq_imm=000007ff rs1=0
[F] cyc=16 fetch raw=00028e13 pc_d=0000003c fetch_pc=00000040 mem_direct=00028e13
[C] cyc=16 CDB tag=13 val=00000000
[R] cyc=16 COMMIT op=42 pc=00000024
[D] cyc=17 dispatch op=8 pc=0000003c tag=15 raw_iq_imm=00000000 rs1=5
[F] cyc=17 fetch raw=fede1e23 pc_d=00000040 fetch_pc=00000044 mem_direct=fede1e23
[C] cyc=17 CDB tag=11 val=00000250
[R] cyc=17 COMMIT op=8 pc=00000028
[D] cyc=18 dispatch op=42 pc=00000040 tag=0 raw_iq_imm=fffffffc rs1=28
[F] cyc=18 fetch raw=00029123 pc_d=00000044 fetch_pc=00000048 mem_direct=00029123
[C] cyc=18 CDB tag=12 val=00000000
[R] cyc=18 COMMIT op=8 pc=0000002c
[D] cyc=19 dispatch op=42 pc=00000044 tag=1 raw_iq_imm=00000002 rs1=5
[F] cyc=19 fetch raw=00000613 pc_d=00000048 fetch_pc=0000004c mem_direct=00000613
[C] cyc=19 CDB tag=14 val=000007ff
[R] cyc=19 COMMIT op=42 pc=00000030
[D] cyc=20 dispatch op=8 pc=00000048 tag=2 raw_iq_imm=00000000 rs1=0
[F] cyc=20 fetch raw=00028d93 pc_d=0000004c fetch_pc=00000050 mem_direct=00028d93
[C] cyc=20 CDB tag=1 val=00000000
[R] cyc=20 COMMIT op=42 pc=00000034
[D] cyc=21 dispatch op=8 pc=0000004c tag=3 raw_iq_imm=00000000 rs1=5
[F] cyc=21 fetch raw=00cd9123 pc_d=00000050 fetch_pc=00000054 mem_direct=00cd9123
[C] cyc=21 CDB tag=15 val=00000250
[R] cyc=21 COMMIT op=8 pc=00000038
[D] cyc=22 dispatch op=42 pc=00000050 tag=4 raw_iq_imm=00000002 rs1=27
[F] cyc=22 fetch raw=26400093 pc_d=00000054 fetch_pc=00000058 mem_direct=26400093
[C] cyc=22 CDB tag=0 val=00000000
[R] cyc=22 COMMIT op=8 pc=0000003c
[D] cyc=23 dispatch op=8 pc=00000054 tag=5 raw_iq_imm=00000264 rs1=0
[F] cyc=23 fetch raw=00009223 pc_d=00000058 fetch_pc=0000005c mem_direct=00009223
[C] cyc=23 CDB tag=2 val=00000000
[R] cyc=23 COMMIT op=42 pc=00000040
[D] cyc=24 dispatch op=42 pc=00000058 tag=6 raw_iq_imm=00000004 rs1=1
[F] cyc=24 fetch raw=000015b7 pc_d=0000005c fetch_pc=00000060 mem_direct=000015b7
[R] cyc=24 COMMIT op=42 pc=00000044
[D] cyc=25 dispatch op=22 pc=0000005c tag=7 raw_iq_imm=00001000 rs1=0
[F] cyc=25 fetch raw=80058593 pc_d=00000060 fetch_pc=00000064 mem_direct=80058593
[C] cyc=25 CDB tag=3 val=00000250
[R] cyc=25 COMMIT op=8 pc=00000048
[D] cyc=26 dispatch op=8 pc=00000060 tag=8 raw_iq_imm=fffff800 rs1=11
[F] cyc=26 fetch raw=00008d13 pc_d=00000064 fetch_pc=00000068 mem_direct=00008d13
[C] cyc=26 CDB tag=4 val=00000000
[R] cyc=26 COMMIT op=8 pc=0000004c
[D] cyc=27 dispatch op=8 pc=00000064 tag=9 raw_iq_imm=00000000 rs1=1
[F] cyc=27 fetch raw=00bd1223 pc_d=00000068 fetch_pc=0000006c mem_direct=00bd1223
[C] cyc=27 CDB tag=5 val=00000264
[R] cyc=27 COMMIT op=42 pc=00000050
[D] cyc=28 dispatch op=42 pc=00000068 tag=10 raw_iq_imm=00000004 rs1=26
[F] cyc=28 fetch raw=00009023 pc_d=0000006c fetch_pc=00000070 mem_direct=00009023
[C] cyc=28 CDB tag=6 val=00000000
[R] cyc=28 COMMIT op=8 pc=00000054
[D] cyc=29 dispatch op=42 pc=0000006c tag=11 raw_iq_imm=00000000 rs1=1
[F] cyc=29 fetch raw=07654537 pc_d=00000070 fetch_pc=00000074 mem_direct=07654537
[C] cyc=29 CDB tag=7 val=00001000
[R] cyc=29 COMMIT op=42 pc=00000058
[D] cyc=30 dispatch op=22 pc=00000070 tag=12 raw_iq_imm=07654000 rs1=0
[F] cyc=30 fetch raw=32150513 pc_d=00000074 fetch_pc=00000078 mem_direct=32150513
[C] cyc=30 CDB tag=11 val=00000000
[R] cyc=30 COMMIT op=22 pc=0000005c
[D] cyc=31 dispatch op=8 pc=00000074 tag=13 raw_iq_imm=00000321 rs1=10
[F] cyc=31 fetch raw=00008c93 pc_d=00000078 fetch_pc=0000007c mem_direct=00008c93
[C] cyc=31 CDB tag=9 val=00000264
[D] cyc=32 dispatch op=8 pc=00000078 tag=14 raw_iq_imm=00000000 rs1=1
[F] cyc=32 fetch raw=00ac9023 pc_d=0000007c fetch_pc=00000080 mem_direct=00ac9023
[D] cyc=33 dispatch op=42 pc=0000007c tag=15 raw_iq_imm=00000000 rs1=25
[F] cyc=33 fetch raw=00009023 pc_d=00000080 fetch_pc=00000084 mem_direct=00009023
[C] cyc=33 CDB tag=8 val=00000800
[D] cyc=34 dispatch op=42 pc=00000080 tag=0 raw_iq_imm=00000000 rs1=1
[F] cyc=34 fetch raw=800004b7 pc_d=00000084 fetch_pc=00000088 mem_direct=800004b7
[C] cyc=34 CDB tag=10 val=00000000
[R] cyc=34 COMMIT op=8 pc=00000060
[D] cyc=35 dispatch op=22 pc=00000084 tag=1 raw_iq_imm=80000000 rs1=0
[F] cyc=35 fetch raw=fff48493 pc_d=00000088 fetch_pc=0000008c mem_direct=fff48493
[C] cyc=35 CDB tag=14 val=00000264
[R] cyc=35 COMMIT op=8 pc=00000064
[D] cyc=36 dispatch op=8 pc=00000088 tag=2 raw_iq_imm=ffffffff rs1=9
[F] cyc=36 fetch raw=00008c13 pc_d=0000008c fetch_pc=00000090 mem_direct=00008c13
[C] cyc=36 CDB tag=0 val=00000000
[R] cyc=36 COMMIT op=42 pc=00000068
[D] cyc=37 dispatch op=8 pc=0000008c tag=3 raw_iq_imm=00000000 rs1=1
[F] cyc=37 fetch raw=009c1023 pc_d=00000090 fetch_pc=00000094 mem_direct=009c1023
[C] cyc=37 CDB tag=12 val=07654000
[R] cyc=37 COMMIT op=42 pc=0000006c
[D] cyc=38 dispatch op=42 pc=00000090 tag=4 raw_iq_imm=00000000 rs1=24
[F] cyc=38 fetch raw=00009023 pc_d=00000094 fetch_pc=00000098 mem_direct=00009023
[R] cyc=38 COMMIT op=22 pc=00000070
[D] cyc=39 dispatch op=42 pc=00000094 tag=5 raw_iq_imm=00000000 rs1=1
[F] cyc=39 fetch raw=00100413 pc_d=00000098 fetch_pc=0000009c mem_direct=00100413
[C] cyc=39 CDB tag=1 val=80000000
[D] cyc=40 dispatch op=8 pc=00000098 tag=6 raw_iq_imm=00000001 rs1=0
[F] cyc=40 fetch raw=00008b93 pc_d=0000009c fetch_pc=000000a0 mem_direct=00008b93
[C] cyc=40 CDB tag=5 val=00000000
[D] cyc=41 dispatch op=8 pc=0000009c tag=7 raw_iq_imm=00000000 rs1=1
[F] cyc=41 fetch raw=008b9023 pc_d=000000a0 fetch_pc=000000a4 mem_direct=008b9023
[C] cyc=41 CDB tag=13 val=07654321
[D] cyc=42 dispatch op=42 pc=000000a0 tag=8 raw_iq_imm=00000000 rs1=23
[F] cyc=42 fetch raw=fe009f23 pc_d=000000a4 fetch_pc=000000a8 mem_direct=fe009f23
[C] cyc=42 CDB tag=15 val=00000000
[R] cyc=42 COMMIT op=8 pc=00000074
[D] cyc=43 dispatch op=42 pc=000000a4 tag=9 raw_iq_imm=fffffffe rs1=1
[F] cyc=43 fetch raw=fff00393 pc_d=000000a8 fetch_pc=000000ac mem_direct=fff00393
[C] cyc=43 CDB tag=6 val=00000001
[R] cyc=43 COMMIT op=8 pc=00000078
[D] cyc=44 dispatch op=8 pc=000000a8 tag=10 raw_iq_imm=ffffffff rs1=0
[F] cyc=44 fetch raw=00008b13 pc_d=000000ac fetch_pc=000000b0 mem_direct=00008b13
[C] cyc=44 CDB tag=9 val=00000000
[R] cyc=44 COMMIT op=42 pc=0000007c
[D] cyc=45 dispatch op=8 pc=000000ac tag=11 raw_iq_imm=00000000 rs1=1
[F] cyc=45 fetch raw=fe7b1f23 pc_d=000000b0 fetch_pc=000000b4 mem_direct=fe7b1f23
[C] cyc=45 CDB tag=2 val=7fffffff
[R] cyc=45 COMMIT op=42 pc=00000080
[D] cyc=46 dispatch op=42 pc=000000b0 tag=12 raw_iq_imm=fffffffe rs1=22
[F] cyc=46 fetch raw=27800093 pc_d=000000b4 fetch_pc=000000b8 mem_direct=27800093
[R] cyc=46 COMMIT op=22 pc=00000084
[D] cyc=47 dispatch op=8 pc=000000b4 tag=13 raw_iq_imm=00000278 rs1=0
[F] cyc=47 fetch raw=00009123 pc_d=000000b8 fetch_pc=000000bc mem_direct=00009123
[C] cyc=47 CDB tag=10 val=ffffffff
[R] cyc=47 COMMIT op=8 pc=00000088
[D] cyc=48 dispatch op=42 pc=000000b8 tag=14 raw_iq_imm=00000002 rs1=1
[F] cyc=48 fetch raw=00001337 pc_d=000000bc fetch_pc=000000c0 mem_direct=00001337
[D] cyc=49 dispatch op=22 pc=000000bc tag=15 raw_iq_imm=00001000 rs1=0
[F] cyc=49 fetch raw=23430313 pc_d=000000c0 fetch_pc=000000c4 mem_direct=23430313
[C] cyc=49 CDB tag=11 val=00000264
[D] cyc=50 dispatch op=8 pc=000000c0 tag=0 raw_iq_imm=00000234 rs1=6
[F] cyc=50 fetch raw=00008a93 pc_d=000000c4 fetch_pc=000000c8 mem_direct=00008a93
[C] cyc=50 CDB tag=12 val=00000000
[D] cyc=51 dispatch op=8 pc=000000c4 tag=1 raw_iq_imm=00000000 rs1=1
[F] cyc=51 fetch raw=006a9123 pc_d=000000c8 fetch_pc=000000cc mem_direct=006a9123
[C] cyc=51 CDB tag=13 val=00000278
[D] cyc=52 dispatch op=42 pc=000000c8 tag=2 raw_iq_imm=00000002 rs1=21
[F] cyc=52 fetch raw=fe009e23 pc_d=000000cc fetch_pc=000000d0 mem_direct=fe009e23
[C] cyc=52 CDB tag=14 val=00000000
[F] cyc=53 fetch raw=800002b7 pc_d=000000d0 fetch_pc=000000d4 mem_direct=800002b7
[C] cyc=53 CDB tag=15 val=00001000
[F] cyc=54 fetch raw=00008a13 pc_d=000000d4 fetch_pc=000000d8 mem_direct=00008a13
[F] cyc=55 fetch raw=fe5a1e23 pc_d=000000d8 fetch_pc=000000dc mem_direct=fe5a1e23
[C] cyc=55 CDB tag=7 val=00000264
[F] cyc=56 fetch raw=00009123 pc_d=000000dc fetch_pc=000000e0 mem_direct=00009123
[C] cyc=56 CDB tag=8 val=00000000
[F] cyc=57 fetch raw=fffff237 pc_d=000000e0 fetch_pc=000000e4 mem_direct=fffff237
[C] cyc=57 CDB tag=0 val=00001234
[F] cyc=58 fetch raw=dcc20213 pc_d=000000e4 fetch_pc=000000e8 mem_direct=dcc20213
[F] cyc=59 fetch raw=00008993 pc_d=000000e8 fetch_pc=000000ec mem_direct=00008993
[C] cyc=59 CDB tag=3 val=00000264
[C] cyc=60 CDB tag=4 val=00000000
[R] cyc=60 COMMIT op=8 pc=0000008c
[D] cyc=61 dispatch op=42 pc=000000cc tag=3 raw_iq_imm=fffffffc rs1=1
[C] cyc=61 CDB tag=1 val=00000278
[R] cyc=61 COMMIT op=42 pc=00000090
[D] cyc=62 dispatch op=22 pc=000000d0 tag=4 raw_iq_imm=80000000 rs1=0
[F] cyc=62 fetch raw=00499123 pc_d=000000ec fetch_pc=000000f0 mem_direct=00499123
[C] cyc=62 CDB tag=2 val=00000000
[R] cyc=62 COMMIT op=42 pc=00000094
[D] cyc=63 dispatch op=8 pc=000000d4 tag=5 raw_iq_imm=00000000 rs1=1
[F] cyc=63 fetch raw=00009223 pc_d=000000f0 fetch_pc=000000f4 mem_direct=00009223
[C] cyc=63 CDB tag=3 val=00000000
[R] cyc=63 COMMIT op=8 pc=00000098
[D] cyc=64 dispatch op=42 pc=000000d8 tag=6 raw_iq_imm=fffffffc rs1=20
[F] cyc=64 fetch raw=fff00193 pc_d=000000f4 fetch_pc=000000f8 mem_direct=fff00193
[R] cyc=64 COMMIT op=8 pc=0000009c
[D] cyc=65 dispatch op=42 pc=000000dc tag=7 raw_iq_imm=00000002 rs1=1
[F] cyc=65 fetch raw=00008913 pc_d=000000f8 fetch_pc=000000fc mem_direct=00008913
[C] cyc=65 CDB tag=4 val=80000000
[R] cyc=65 COMMIT op=42 pc=000000a0
[D] cyc=66 dispatch op=22 pc=000000e0 tag=8 raw_iq_imm=fffff000 rs1=0
[F] cyc=66 fetch raw=00391223 pc_d=000000fc fetch_pc=00000100 mem_direct=00391223
[C] cyc=66 CDB tag=7 val=00000000
[R] cyc=66 COMMIT op=42 pc=000000a4
[D] cyc=67 dispatch op=8 pc=000000e4 tag=9 raw_iq_imm=fffffdcc rs1=4
[F] cyc=67 fetch raw=00009023 pc_d=00000100 fetch_pc=00000104 mem_direct=00009023
[C] cyc=67 CDB tag=5 val=00000278
[R] cyc=67 COMMIT op=8 pc=000000a8
[D] cyc=68 dispatch op=8 pc=000000e8 tag=10 raw_iq_imm=00000000 rs1=1
[F] cyc=68 fetch raw=80100113 pc_d=00000104 fetch_pc=00000108 mem_direct=80100113
[C] cyc=68 CDB tag=6 val=00000000
[R] cyc=68 COMMIT op=8 pc=000000ac
[D] cyc=69 dispatch op=42 pc=000000ec tag=11 raw_iq_imm=00000002 rs1=19
[F] cyc=69 fetch raw=00008893 pc_d=00000108 fetch_pc=0000010c mem_direct=00008893
[C] cyc=69 CDB tag=8 val=fffff000
[R] cyc=69 COMMIT op=42 pc=000000b0
[D] cyc=70 dispatch op=42 pc=000000f0 tag=12 raw_iq_imm=00000004 rs1=1
[F] cyc=70 fetch raw=00289023 pc_d=0000010c fetch_pc=00000110 mem_direct=00289023
[R] cyc=70 COMMIT op=8 pc=000000b4
[D] cyc=71 dispatch op=8 pc=000000f4 tag=13 raw_iq_imm=ffffffff rs1=0
[F] cyc=71 fetch raw=28c00113 pc_d=00000110 fetch_pc=00000114 mem_direct=28c00113
[C] cyc=71 CDB tag=12 val=00000000
[R] cyc=71 COMMIT op=42 pc=000000b8
[D] cyc=72 dispatch op=8 pc=000000f8 tag=14 raw_iq_imm=00000000 rs1=1
[F] cyc=72 fetch raw=00011023 pc_d=00000114 fetch_pc=00000118 mem_direct=00011023
[C] cyc=72 CDB tag=10 val=00000278
[R] cyc=72 COMMIT op=22 pc=000000bc
[D] cyc=73 dispatch op=42 pc=000000fc tag=15 raw_iq_imm=00000004 rs1=18
[F] cyc=73 fetch raw=00000093 pc_d=00000118 fetch_pc=0000011c mem_direct=00000093
[R] cyc=73 COMMIT op=8 pc=000000c0
[D] cyc=74 dispatch op=42 pc=00000100 tag=0 raw_iq_imm=00000000 rs1=1
[F] cyc=74 fetch raw=00010813 pc_d=0000011c fetch_pc=00000120 mem_direct=00010813
[C] cyc=74 CDB tag=13 val=ffffffff
[R] cyc=74 COMMIT op=8 pc=000000c4
[D] cyc=75 dispatch op=8 pc=00000104 tag=1 raw_iq_imm=fffff801 rs1=0
[F] cyc=75 fetch raw=00181023 pc_d=00000120 fetch_pc=00000124 mem_direct=00181023
[C] cyc=75 CDB tag=0 val=00000000
[R] cyc=75 COMMIT op=42 pc=000000c8
[D] cyc=76 dispatch op=8 pc=00000108 tag=2 raw_iq_imm=00000000 rs1=1
[F] cyc=76 fetch raw=00011023 pc_d=00000124 fetch_pc=00000128 mem_direct=00011023
[C] cyc=76 CDB tag=9 val=ffffedcc
[R] cyc=76 COMMIT op=42 pc=000000cc
[D] cyc=77 dispatch op=42 pc=0000010c tag=3 raw_iq_imm=00000000 rs1=17
[F] cyc=77 fetch raw=fff00013 pc_d=00000128 fetch_pc=0000012c mem_direct=fff00013
[C] cyc=77 CDB tag=11 val=00000000
[R] cyc=77 COMMIT op=22 pc=000000d0
[D] cyc=78 dispatch op=8 pc=00000110 tag=4 raw_iq_imm=0000028c rs1=0
[F] cyc=78 fetch raw=00010793 pc_d=0000012c fetch_pc=00000130 mem_direct=00010793
[C] cyc=78 CDB tag=1 val=fffff801
[R] cyc=78 COMMIT op=8 pc=000000d4
[D] cyc=79 dispatch op=42 pc=00000114 tag=5 raw_iq_imm=00000000 rs1=2
[F] cyc=79 fetch raw=00079023 pc_d=00000130 fetch_pc=00000134 mem_direct=00079023
[R] cyc=79 COMMIT op=42 pc=000000d8
[D] cyc=80 dispatch op=8 pc=00000118 tag=6 raw_iq_imm=00000000 rs1=0
[F] cyc=80 fetch raw=fe011f23 pc_d=00000134 fetch_pc=00000138 mem_direct=fe011f23
[C] cyc=80 CDB tag=2 val=00000278
[R] cyc=80 COMMIT op=42 pc=000000dc
[D] cyc=81 dispatch op=8 pc=0000011c tag=7 raw_iq_imm=00000000 rs1=2
[F] cyc=81 fetch raw=00100f93 pc_d=00000138 fetch_pc=0000013c mem_direct=00100f93
[C] cyc=81 CDB tag=3 val=00000000
[R] cyc=81 COMMIT op=22 pc=000000e0
[D] cyc=82 dispatch op=42 pc=00000120 tag=8 raw_iq_imm=00000000 rs1=16
[F] cyc=82 fetch raw=00010713 pc_d=0000013c fetch_pc=00000140 mem_direct=00010713
[C] cyc=82 CDB tag=4 val=0000028c
[R] cyc=82 COMMIT op=8 pc=000000e4
[D] cyc=83 dispatch op=42 pc=00000124 tag=9 raw_iq_imm=00000000 rs1=2
[F] cyc=83 fetch raw=fff71f23 pc_d=00000140 fetch_pc=00000144 mem_direct=fff71f23
[C] cyc=83 CDB tag=5 val=00000000
[R] cyc=83 COMMIT op=8 pc=000000e8
[D] cyc=84 dispatch op=8 pc=00000128 tag=10 raw_iq_imm=ffffffff rs1=0
[F] cyc=84 fetch raw=00011123 pc_d=00000144 fetch_pc=00000148 mem_direct=00011123
[C] cyc=84 CDB tag=6 val=00000000
[R] cyc=84 COMMIT op=42 pc=000000ec
[D] cyc=85 dispatch op=8 pc=0000012c tag=11 raw_iq_imm=00000000 rs1=2
[F] cyc=85 fetch raw=00000f13 pc_d=00000148 fetch_pc=0000014c mem_direct=00000f13
[C] cyc=85 CDB tag=9 val=00000000
[R] cyc=85 COMMIT op=42 pc=000000f0
[D] cyc=86 dispatch op=42 pc=00000130 tag=12 raw_iq_imm=00000000 rs1=15
[F] cyc=86 fetch raw=00010693 pc_d=0000014c fetch_pc=00000150 mem_direct=00010693
[C] cyc=86 CDB tag=7 val=0000028c
[R] cyc=86 COMMIT op=8 pc=000000f4
[D] cyc=87 dispatch op=42 pc=00000134 tag=13 raw_iq_imm=fffffffe rs1=2
[F] cyc=87 fetch raw=01e69123 pc_d=00000150 fetch_pc=00000154 mem_direct=01e69123
[C] cyc=87 CDB tag=8 val=00000000
[F] cyc=88 fetch raw=fe011e23 pc_d=00000154 fetch_pc=00000158 mem_direct=fe011e23
[C] cyc=88 CDB tag=11 val=0000028c
[C] cyc=89 CDB tag=12 val=00000000
[C] cyc=90 CDB tag=10 val=ffffffff
[C] cyc=91 CDB tag=13 val=00000000
[C] cyc=92 CDB tag=14 val=00000278
[C] cyc=93 CDB tag=15 val=00000000
[R] cyc=93 COMMIT op=8 pc=000000f8
[D] cyc=94 dispatch op=8 pc=00000138 tag=14 raw_iq_imm=00000001 rs1=0
[R] cyc=94 COMMIT op=42 pc=000000fc
[D] cyc=95 dispatch op=8 pc=0000013c tag=15 raw_iq_imm=00000000 rs1=2
[F] cyc=95 fetch raw=7ff00e93 pc_d=00000158 fetch_pc=0000015c mem_direct=7ff00e93
[R] cyc=95 COMMIT op=42 pc=00000100
[D] cyc=96 dispatch op=42 pc=00000140 tag=0 raw_iq_imm=fffffffe rs1=14
[F] cyc=96 fetch raw=00010613 pc_d=0000015c fetch_pc=00000160 mem_direct=00010613
[R] cyc=96 COMMIT op=8 pc=00000104
[D] cyc=97 dispatch op=42 pc=00000144 tag=1 raw_iq_imm=00000002 rs1=2
[F] cyc=97 fetch raw=ffd61e23 pc_d=00000160 fetch_pc=00000164 mem_direct=ffd61e23
[C] cyc=97 CDB tag=14 val=00000001
[R] cyc=97 COMMIT op=8 pc=00000108
[D] cyc=98 dispatch op=8 pc=00000148 tag=2 raw_iq_imm=00000000 rs1=0
[F] cyc=98 fetch raw=2a000093 pc_d=00000164 fetch_pc=00000168 mem_direct=2a000093
[C] cyc=98 CDB tag=1 val=00000000
[R] cyc=98 COMMIT op=42 pc=0000010c
[D] cyc=99 dispatch op=8 pc=0000014c tag=3 raw_iq_imm=00000000 rs1=2
[F] cyc=99 fetch raw=00009123 pc_d=00000168 fetch_pc=0000016c mem_direct=00009123
[C] cyc=99 CDB tag=15 val=0000028c
[R] cyc=99 COMMIT op=8 pc=00000110
[D] cyc=100 dispatch op=42 pc=00000150 tag=4 raw_iq_imm=00000002 rs1=13
[F] cyc=100 fetch raw=00000e13 pc_d=0000016c fetch_pc=00000170 mem_direct=00000e13
[C] cyc=100 CDB tag=0 val=00000000
[R] cyc=100 COMMIT op=42 pc=00000114
[D] cyc=101 dispatch op=42 pc=00000154 tag=5 raw_iq_imm=fffffffc rs1=2
[F] cyc=101 fetch raw=00008593 pc_d=00000170 fetch_pc=00000174 mem_direct=00008593
[C] cyc=101 CDB tag=2 val=00000000
[R] cyc=101 COMMIT op=8 pc=00000118
[D] cyc=102 dispatch op=8 pc=00000158 tag=6 raw_iq_imm=000007ff rs1=0
[F] cyc=102 fetch raw=01c59123 pc_d=00000174 fetch_pc=00000178 mem_direct=01c59123
[C] cyc=102 CDB tag=5 val=00000000
[R] cyc=102 COMMIT op=8 pc=0000011c
[D] cyc=103 dispatch op=8 pc=0000015c tag=7 raw_iq_imm=00000000 rs1=2
[F] cyc=103 fetch raw=00009223 pc_d=00000178 fetch_pc=0000017c mem_direct=00009223
[C] cyc=103 CDB tag=3 val=0000028c
[R] cyc=103 COMMIT op=42 pc=00000120
[D] cyc=104 dispatch op=42 pc=00000160 tag=8 raw_iq_imm=fffffffc rs1=12
[F] cyc=104 fetch raw=00001db7 pc_d=0000017c fetch_pc=00000180 mem_direct=00001db7
[C] cyc=104 CDB tag=4 val=00000000
[R] cyc=104 COMMIT op=42 pc=00000124
[D] cyc=105 dispatch op=8 pc=00000164 tag=9 raw_iq_imm=000002a0 rs1=0
[F] cyc=105 fetch raw=800d8d93 pc_d=00000180 fetch_pc=00000184 mem_direct=800d8d93
[C] cyc=105 CDB tag=6 val=000007ff
[R] cyc=105 COMMIT op=8 pc=00000128
[D] cyc=106 dispatch op=42 pc=00000168 tag=10 raw_iq_imm=00000002 rs1=1
[F] cyc=106 fetch raw=00008513 pc_d=00000184 fetch_pc=00000188 mem_direct=00008513
[R] cyc=106 COMMIT op=8 pc=0000012c
[D] cyc=107 dispatch op=8 pc=0000016c tag=11 raw_iq_imm=00000000 rs1=0
[F] cyc=107 fetch raw=01b51223 pc_d=00000188 fetch_pc=0000018c mem_direct=01b51223
[C] cyc=107 CDB tag=7 val=0000028c
[R] cyc=107 COMMIT op=42 pc=00000130
[D] cyc=108 dispatch op=8 pc=00000170 tag=12 raw_iq_imm=00000000 rs1=1
[F] cyc=108 fetch raw=00009023 pc_d=0000018c fetch_pc=00000190 mem_direct=00009023
[C] cyc=108 CDB tag=8 val=00000000
[R] cyc=108 COMMIT op=42 pc=00000134
[D] cyc=109 dispatch op=42 pc=00000174 tag=13 raw_iq_imm=00000002 rs1=11
[F] cyc=109 fetch raw=07654d37 pc_d=00000190 fetch_pc=00000194 mem_direct=07654d37
[C] cyc=109 CDB tag=9 val=000002a0
[R] cyc=109 COMMIT op=8 pc=00000138
[D] cyc=110 dispatch op=42 pc=00000178 tag=14 raw_iq_imm=00000004 rs1=1
[F] cyc=110 fetch raw=321d0d13 pc_d=00000194 fetch_pc=00000198 mem_direct=321d0d13
[C] cyc=110 CDB tag=10 val=00000000
[R] cyc=110 COMMIT op=8 pc=0000013c
[D] cyc=111 dispatch op=22 pc=0000017c tag=15 raw_iq_imm=00001000 rs1=0
[F] cyc=111 fetch raw=00008493 pc_d=00000198 fetch_pc=0000019c mem_direct=00008493
[C] cyc=111 CDB tag=11 val=00000000
[R] cyc=111 COMMIT op=42 pc=00000140
[D] cyc=112 dispatch op=8 pc=00000180 tag=0 raw_iq_imm=fffff800 rs1=27
[F] cyc=112 fetch raw=01a49023 pc_d=0000019c fetch_pc=000001a0 mem_direct=01a49023
[C] cyc=112 CDB tag=14 val=00000000
[R] cyc=112 COMMIT op=42 pc=00000144
[D] cyc=113 dispatch op=8 pc=00000184 tag=1 raw_iq_imm=00000000 rs1=1
[F] cyc=113 fetch raw=00009023 pc_d=000001a0 fetch_pc=000001a4 mem_direct=00009023
[C] cyc=113 CDB tag=12 val=000002a0
[R] cyc=113 COMMIT op=8 pc=00000148
[D] cyc=114 dispatch op=42 pc=00000188 tag=2 raw_iq_imm=00000004 rs1=10
[F] cyc=114 fetch raw=80000cb7 pc_d=000001a4 fetch_pc=000001a8 mem_direct=80000cb7
[C] cyc=114 CDB tag=13 val=00000000
[R] cyc=114 COMMIT op=8 pc=0000014c
[D] cyc=115 dispatch op=42 pc=0000018c tag=3 raw_iq_imm=00000000 rs1=1
[F] cyc=115 fetch raw=fffc8c93 pc_d=000001a8 fetch_pc=000001ac mem_direct=fffc8c93
[C] cyc=115 CDB tag=15 val=00001000
[R] cyc=115 COMMIT op=42 pc=00000150
[D] cyc=116 dispatch op=22 pc=00000190 tag=4 raw_iq_imm=07654000 rs1=0
[F] cyc=116 fetch raw=00008413 pc_d=000001ac fetch_pc=000001b0 mem_direct=00008413
[C] cyc=116 CDB tag=3 val=00000000
[R] cyc=116 COMMIT op=42 pc=00000154
[D] cyc=117 dispatch op=8 pc=00000194 tag=5 raw_iq_imm=00000321 rs1=26
[F] cyc=117 fetch raw=01941023 pc_d=000001b0 fetch_pc=000001b4 mem_direct=01941023
[C] cyc=117 CDB tag=1 val=000002a0
[R] cyc=117 COMMIT op=8 pc=00000158
[D] cyc=118 dispatch op=8 pc=00000198 tag=6 raw_iq_imm=00000000 rs1=1
[F] cyc=118 fetch raw=00009023 pc_d=000001b4 fetch_pc=000001b8 mem_direct=00009023
[R] cyc=118 COMMIT op=8 pc=0000015c
[D] cyc=119 dispatch op=42 pc=0000019c tag=7 raw_iq_imm=00000000 rs1=9
[F] cyc=119 fetch raw=00100c13 pc_d=000001b8 fetch_pc=000001bc mem_direct=00100c13
[C] cyc=119 CDB tag=0 val=00000800
[R] cyc=119 COMMIT op=42 pc=00000160
[D] cyc=120 dispatch op=42 pc=000001a0 tag=8 raw_iq_imm=00000000 rs1=1
[F] cyc=120 fetch raw=00008393 pc_d=000001bc fetch_pc=000001c0 mem_direct=00008393
[C] cyc=120 CDB tag=2 val=00000000
[R] cyc=120 COMMIT op=8 pc=00000164
[D] cyc=121 dispatch op=22 pc=000001a4 tag=9 raw_iq_imm=80000000 rs1=0
[F] cyc=121 fetch raw=01839023 pc_d=000001c0 fetch_pc=000001c4 mem_direct=01839023
[C] cyc=121 CDB tag=6 val=000002a0
[R] cyc=121 COMMIT op=42 pc=00000168
[D] cyc=122 dispatch op=8 pc=000001a8 tag=10 raw_iq_imm=ffffffff rs1=25
[F] cyc=122 fetch raw=2b400093 pc_d=000001c4 fetch_pc=000001c8 mem_direct=2b400093
[C] cyc=122 CDB tag=8 val=00000000
[R] cyc=122 COMMIT op=8 pc=0000016c
[D] cyc=123 dispatch op=8 pc=000001ac tag=11 raw_iq_imm=00000000 rs1=1
[F] cyc=123 fetch raw=fe009f23 pc_d=000001c8 fetch_pc=000001cc mem_direct=fe009f23
[C] cyc=123 CDB tag=4 val=07654000
[R] cyc=123 COMMIT op=8 pc=00000170
[D] cyc=124 dispatch op=42 pc=000001b0 tag=12 raw_iq_imm=00000000 rs1=8
[F] cyc=124 fetch raw=fff00b93 pc_d=000001cc fetch_pc=000001d0 mem_direct=fff00b93
[R] cyc=124 COMMIT op=42 pc=00000174
[D] cyc=125 dispatch op=42 pc=000001b4 tag=13 raw_iq_imm=00000000 rs1=1
[F] cyc=125 fetch raw=00008313 pc_d=000001d0 fetch_pc=000001d4 mem_direct=00008313
[C] cyc=125 CDB tag=9 val=80000000
[R] cyc=125 COMMIT op=42 pc=00000178
[D] cyc=126 dispatch op=8 pc=000001b8 tag=14 raw_iq_imm=00000001 rs1=0
[F] cyc=126 fetch raw=ff731f23 pc_d=000001d4 fetch_pc=000001d8 mem_direct=ff731f23
[C] cyc=126 CDB tag=13 val=00000000
[R] cyc=126 COMMIT op=22 pc=0000017c
[D] cyc=127 dispatch op=8 pc=000001bc tag=15 raw_iq_imm=00000000 rs1=1
[F] cyc=127 fetch raw=00009123 pc_d=000001d8 fetch_pc=000001dc mem_direct=00009123
[C] cyc=127 CDB tag=5 val=07654321
[R] cyc=127 COMMIT op=8 pc=00000180
[D] cyc=128 dispatch op=42 pc=000001c0 tag=0 raw_iq_imm=00000000 rs1=7
[F] cyc=128 fetch raw=00001b37 pc_d=000001dc fetch_pc=000001e0 mem_direct=00001b37
[C] cyc=128 CDB tag=7 val=00000000
[R] cyc=128 COMMIT op=8 pc=00000184
[D] cyc=129 dispatch op=8 pc=000001c4 tag=1 raw_iq_imm=000002b4 rs1=0
[F] cyc=129 fetch raw=234b0b13 pc_d=000001e0 fetch_pc=000001e4 mem_direct=234b0b13
[C] cyc=129 CDB tag=14 val=00000001
[R] cyc=129 COMMIT op=42 pc=00000188
[D] cyc=130 dispatch op=42 pc=000001c8 tag=2 raw_iq_imm=fffffffe rs1=1
[F] cyc=130 fetch raw=00008293 pc_d=000001e4 fetch_pc=000001e8 mem_direct=00008293
[R] cyc=130 COMMIT op=42 pc=0000018c
[D] cyc=131 dispatch op=8 pc=000001cc tag=3 raw_iq_imm=ffffffff rs1=0
[F] cyc=131 fetch raw=01629123 pc_d=000001e8 fetch_pc=000001ec mem_direct=01629123
[C] cyc=131 CDB tag=10 val=7fffffff
[R] cyc=131 COMMIT op=22 pc=00000190
[D] cyc=132 dispatch op=8 pc=000001d0 tag=4 raw_iq_imm=00000000 rs1=1
[F] cyc=132 fetch raw=fe009e23 pc_d=000001ec fetch_pc=000001f0 mem_direct=fe009e23
[R] cyc=132 COMMIT op=8 pc=00000194
[D] cyc=133 dispatch op=42 pc=000001d4 tag=5 raw_iq_imm=fffffffe rs1=6
[F] cyc=133 fetch raw=80000ab7 pc_d=000001f0 fetch_pc=000001f4 mem_direct=80000ab7
[C] cyc=133 CDB tag=1 val=000002b4
[R] cyc=133 COMMIT op=8 pc=00000198
[D] cyc=134 dispatch op=42 pc=000001d8 tag=6 raw_iq_imm=00000002 rs1=1
[F] cyc=134 fetch raw=00008213 pc_d=000001f4 fetch_pc=000001f8 mem_direct=00008213
[C] cyc=134 CDB tag=2 val=00000000
[R] cyc=134 COMMIT op=42 pc=0000019c
[D] cyc=135 dispatch op=22 pc=000001dc tag=7 raw_iq_imm=00001000 rs1=0
[F] cyc=135 fetch raw=ff521e23 pc_d=000001f8 fetch_pc=000001fc mem_direct=ff521e23
[C] cyc=135 CDB tag=3 val=ffffffff
[R] cyc=135 COMMIT op=42 pc=000001a0
[D] cyc=136 dispatch op=8 pc=000001e0 tag=8 raw_iq_imm=00000234 rs1=22
[F] cyc=136 fetch raw=00009123 pc_d=000001fc fetch_pc=00000200 mem_direct=00009123
[C] cyc=136 CDB tag=6 val=00000000
[R] cyc=136 COMMIT op=22 pc=000001a4
[D] cyc=137 dispatch op=8 pc=000001e4 tag=9 raw_iq_imm=00000000 rs1=1
[F] cyc=137 fetch raw=fffffa37 pc_d=00000200 fetch_pc=00000204 mem_direct=fffffa37
[C] cyc=137 CDB tag=4 val=000002b4
[R] cyc=137 COMMIT op=8 pc=000001a8
[D] cyc=138 dispatch op=42 pc=000001e8 tag=10 raw_iq_imm=00000002 rs1=5
[F] cyc=138 fetch raw=dcca0a13 pc_d=00000204 fetch_pc=00000208 mem_direct=dcca0a13
[C] cyc=138 CDB tag=5 val=00000000
[F] cyc=139 fetch raw=00008193 pc_d=00000208 fetch_pc=0000020c mem_direct=00008193
[C] cyc=139 CDB tag=7 val=00001000
[C] cyc=141 CDB tag=15 val=000002a0
[C] cyc=142 CDB tag=0 val=00000000
[C] cyc=143 CDB tag=8 val=00001234
[C] cyc=145 CDB tag=11 val=000002a0
[C] cyc=146 CDB tag=12 val=00000000
[R] cyc=146 COMMIT op=8 pc=000001ac
[D] cyc=147 dispatch op=42 pc=000001ec tag=11 raw_iq_imm=fffffffc rs1=1
[C] cyc=147 CDB tag=9 val=000002b4
[R] cyc=147 COMMIT op=42 pc=000001b0
[D] cyc=148 dispatch op=22 pc=000001f0 tag=12 raw_iq_imm=80000000 rs1=0
[F] cyc=148 fetch raw=01419123 pc_d=0000020c fetch_pc=00000210 mem_direct=01419123
[C] cyc=148 CDB tag=10 val=00000000
[R] cyc=148 COMMIT op=42 pc=000001b4
[D] cyc=149 dispatch op=8 pc=000001f4 tag=13 raw_iq_imm=00000000 rs1=1
[F] cyc=149 fetch raw=00009223 pc_d=00000210 fetch_pc=00000214 mem_direct=00009223
[C] cyc=149 CDB tag=11 val=00000000
[R] cyc=149 COMMIT op=8 pc=000001b8
[D] cyc=150 dispatch op=42 pc=000001f8 tag=14 raw_iq_imm=fffffffc rs1=4
[F] cyc=150 fetch raw=fff00993 pc_d=00000214 fetch_pc=00000218 mem_direct=fff00993
[R] cyc=150 COMMIT op=8 pc=000001bc
[D] cyc=151 dispatch op=42 pc=000001fc tag=15 raw_iq_imm=00000002 rs1=1
[F] cyc=151 fetch raw=00008113 pc_d=00000218 fetch_pc=0000021c mem_direct=00008113
[C] cyc=151 CDB tag=12 val=80000000
[R] cyc=151 COMMIT op=42 pc=000001c0
[D] cyc=152 dispatch op=22 pc=00000200 tag=0 raw_iq_imm=fffff000 rs1=0
[F] cyc=152 fetch raw=01311223 pc_d=0000021c fetch_pc=00000220 mem_direct=01311223
[C] cyc=152 CDB tag=15 val=00000000
[R] cyc=152 COMMIT op=8 pc=000001c4
[D] cyc=153 dispatch op=8 pc=00000204 tag=1 raw_iq_imm=fffffdcc rs1=20
[F] cyc=153 fetch raw=2c800113 pc_d=00000220 fetch_pc=00000224 mem_direct=2c800113
[C] cyc=153 CDB tag=13 val=000002b4
[R] cyc=153 COMMIT op=42 pc=000001c8
[D] cyc=154 dispatch op=8 pc=00000208 tag=2 raw_iq_imm=00000000 rs1=1
[F] cyc=154 fetch raw=00011023 pc_d=00000224 fetch_pc=00000228 mem_direct=00011023
[C] cyc=154 CDB tag=14 val=00000000
[R] cyc=154 COMMIT op=8 pc=000001cc
[D] cyc=155 dispatch op=42 pc=0000020c tag=3 raw_iq_imm=00000002 rs1=3
[F] cyc=155 fetch raw=80100913 pc_d=00000228 fetch_pc=0000022c mem_direct=80100913
[C] cyc=155 CDB tag=0 val=fffff000
[R] cyc=155 COMMIT op=8 pc=000001d0
[D] cyc=156 dispatch op=42 pc=00000210 tag=4 raw_iq_imm=00000004 rs1=1
[F] cyc=156 fetch raw=00010093 pc_d=0000022c fetch_pc=00000230 mem_direct=00010093
[R] cyc=156 COMMIT op=42 pc=000001d4
[D] cyc=157 dispatch op=8 pc=00000214 tag=5 raw_iq_imm=ffffffff rs1=0
[F] cyc=157 fetch raw=01209023 pc_d=00000230 fetch_pc=00000234 mem_direct=01209023
[C] cyc=157 CDB tag=4 val=00000000
[R] cyc=157 COMMIT op=42 pc=000001d8
[D] cyc=158 dispatch op=8 pc=00000218 tag=6 raw_iq_imm=00000000 rs1=1
[F] cyc=158 fetch raw=00011023 pc_d=00000234 fetch_pc=00000238 mem_direct=00011023
[C] cyc=158 CDB tag=2 val=000002b4
[R] cyc=158 COMMIT op=22 pc=000001dc
[D] cyc=159 dispatch op=42 pc=0000021c tag=7 raw_iq_imm=00000004 rs1=2
[F] cyc=159 fetch raw=00000893 pc_d=00000238 fetch_pc=0000023c mem_direct=00000893
[R] cyc=159 COMMIT op=8 pc=000001e0
[D] cyc=160 dispatch op=8 pc=00000220 tag=8 raw_iq_imm=000002c8 rs1=0
[F] cyc=160 fetch raw=00010093 pc_d=0000023c fetch_pc=00000240 mem_direct=00010093
[C] cyc=160 CDB tag=5 val=ffffffff
[R] cyc=160 COMMIT op=8 pc=000001e4
[D] cyc=161 dispatch op=42 pc=00000224 tag=9 raw_iq_imm=00000000 rs1=2
[F] cyc=161 fetch raw=01109023 pc_d=00000240 fetch_pc=00000244 mem_direct=01109023
[R] cyc=161 COMMIT op=42 pc=000001e8
[D] cyc=162 dispatch op=8 pc=00000228 tag=10 raw_iq_imm=fffff801 rs1=0
[F] cyc=162 fetch raw=00000073 pc_d=00000244 fetch_pc=00000248 mem_direct=00000073
[C] cyc=162 CDB tag=1 val=ffffedcc
[R] cyc=162 COMMIT op=42 pc=000001ec
[D] cyc=163 dispatch op=8 pc=0000022c tag=11 raw_iq_imm=00000000 rs1=2
[F] cyc=163 fetch raw=xxxxxxxx pc_d=00000248 fetch_pc=0000024c mem_direct=xxxxxxxx
[C] cyc=163 CDB tag=3 val=00000000
[R] cyc=163 COMMIT op=22 pc=000001f0
[D] cyc=164 dispatch op=42 pc=00000230 tag=12 raw_iq_imm=00000000 rs1=1
[F] cyc=164 fetch raw=xxxxxxxx pc_d=0000024c fetch_pc=00000250 mem_direct=xxxxxxxx
[C] cyc=164 CDB tag=8 val=000002c8
[R] cyc=164 COMMIT op=8 pc=000001f4
[D] cyc=165 dispatch op=42 pc=00000234 tag=13 raw_iq_imm=00000000 rs1=2
[F] cyc=165 fetch raw=ffffffff pc_d=00000250 fetch_pc=00000254 mem_direct=ffffffff
[C] cyc=165 CDB tag=9 val=00000000
[R] cyc=165 COMMIT op=42 pc=000001f8
[D] cyc=166 dispatch op=8 pc=00000238 tag=14 raw_iq_imm=00000000 rs1=0
[F] cyc=166 fetch raw=ffffffff pc_d=00000254 fetch_pc=00000258 mem_direct=ffffffff
[C] cyc=166 CDB tag=10 val=fffff801
[R] cyc=166 COMMIT op=42 pc=000001fc
[D] cyc=167 dispatch op=8 pc=0000023c tag=15 raw_iq_imm=00000000 rs1=2
[F] cyc=167 fetch raw=ffffffff pc_d=00000258 fetch_pc=0000025c mem_direct=ffffffff
[C] cyc=167 CDB tag=13 val=00000000
[R] cyc=167 COMMIT op=22 pc=00000200
[D] cyc=168 dispatch op=42 pc=00000240 tag=0 raw_iq_imm=00000000 rs1=1
[F] cyc=168 fetch raw=ffffffff pc_d=0000025c fetch_pc=00000260 mem_direct=ffffffff
[C] cyc=168 CDB tag=11 val=000002c8
[R] cyc=168 COMMIT op=8 pc=00000204
[D] cyc=169 dispatch op=63 pc=00000244 tag=1 raw_iq_imm=00000000 rs1=0
[F] cyc=169 fetch raw=ffffffff pc_d=00000260 fetch_pc=00000264 mem_direct=ffffffff
[C] cyc=169 CDB tag=12 val=00000000
[R] cyc=169 COMMIT op=8 pc=00000208
[D] cyc=170 dispatch op=62 pc=00000248 tag=2 raw_iq_imm=00000000 rs1=0
[F] cyc=170 fetch raw=ffffffff pc_d=00000264 fetch_pc=00000268 mem_direct=ffffffff
[C] cyc=170 CDB tag=15 val=000002c8
[R] cyc=170 COMMIT op=42 pc=0000020c
[D] cyc=171 dispatch op=62 pc=0000024c tag=3 raw_iq_imm=00000000 rs1=0
[F] cyc=171 fetch raw=ffffffff pc_d=00000268 fetch_pc=0000026c mem_direct=ffffffff
[R] cyc=171 COMMIT op=42 pc=00000210
[D] cyc=172 dispatch op=62 pc=00000250 tag=4 raw_iq_imm=00000000 rs1=0
[F] cyc=172 fetch raw=ffffffff pc_d=0000026c fetch_pc=00000270 mem_direct=ffffffff
[C] cyc=172 CDB tag=1 val=00000000
[R] cyc=172 COMMIT op=8 pc=00000214
[D] cyc=173 dispatch op=62 pc=00000254 tag=5 raw_iq_imm=00000000 rs1=0
[F] cyc=173 fetch raw=ffffffff pc_d=00000270 fetch_pc=00000274 mem_direct=ffffffff
[F] cyc=174 fetch raw=ffffffff pc_d=00000274 fetch_pc=00000278 mem_direct=ffffffff
[C] cyc=174 CDB tag=3 val=00000000
[C] cyc=176 CDB tag=5 val=00000000
[C] cyc=178 CDB tag=14 val=00000000
[C] cyc=179 CDB tag=0 val=00000000
[C] cyc=180 CDB tag=6 val=000002b4
[C] cyc=181 CDB tag=7 val=00000000
[R] cyc=181 COMMIT op=8 pc=00000218
[D] cyc=182 dispatch op=62 pc=00000258 tag=6 raw_iq_imm=00000000 rs1=0
[C] cyc=182 CDB tag=2 val=00000000
[R] cyc=182 COMMIT op=42 pc=0000021c
[D] cyc=183 dispatch op=62 pc=0000025c tag=7 raw_iq_imm=00000000 rs1=0
[F] cyc=183 fetch raw=ffffffff pc_d=00000278 fetch_pc=0000027c mem_direct=ffffffff
[R] cyc=183 COMMIT op=8 pc=00000220
[D] cyc=184 dispatch op=62 pc=00000260 tag=8 raw_iq_imm=00000000 rs1=0
[F] cyc=184 fetch raw=ffffffff pc_d=0000027c fetch_pc=00000280 mem_direct=ffffffff
[C] cyc=184 CDB tag=4 val=00000000
[R] cyc=184 COMMIT op=42 pc=00000224
[D] cyc=185 dispatch op=62 pc=00000264 tag=9 raw_iq_imm=00000000 rs1=0
[F] cyc=185 fetch raw=ffffffff pc_d=00000280 fetch_pc=00000284 mem_direct=ffffffff
[R] cyc=185 COMMIT op=8 pc=00000228
[D] cyc=186 dispatch op=62 pc=00000268 tag=10 raw_iq_imm=00000000 rs1=0
[F] cyc=186 fetch raw=ffffffff pc_d=00000284 fetch_pc=00000288 mem_direct=ffffffff
[C] cyc=186 CDB tag=6 val=00000000
[R] cyc=186 COMMIT op=8 pc=0000022c
[D] cyc=187 dispatch op=62 pc=0000026c tag=11 raw_iq_imm=00000000 rs1=0
[F] cyc=187 fetch raw=ffffffff pc_d=00000288 fetch_pc=0000028c mem_direct=ffffffff
[R] cyc=187 COMMIT op=42 pc=00000230
[D] cyc=188 dispatch op=62 pc=00000270 tag=12 raw_iq_imm=00000000 rs1=0
[F] cyc=188 fetch raw=ffffffff pc_d=0000028c fetch_pc=00000290 mem_direct=ffffffff
[C] cyc=188 CDB tag=9 val=00000000
[R] cyc=188 COMMIT op=42 pc=00000234
[D] cyc=189 dispatch op=62 pc=00000274 tag=13 raw_iq_imm=00000000 rs1=0
[F] cyc=189 fetch raw=ffffffff pc_d=00000290 fetch_pc=00000294 mem_direct=ffffffff
[R] cyc=189 COMMIT op=8 pc=00000238
[D] cyc=190 dispatch op=62 pc=00000278 tag=14 raw_iq_imm=00000000 rs1=0
[F] cyc=190 fetch raw=ffffffff pc_d=00000294 fetch_pc=00000298 mem_direct=ffffffff
[C] cyc=190 CDB tag=11 val=00000000
[R] cyc=190 COMMIT op=8 pc=0000023c
[D] cyc=191 dispatch op=62 pc=0000027c tag=15 raw_iq_imm=00000000 rs1=0
[F] cyc=191 fetch raw=ffffffff pc_d=00000298 fetch_pc=0000029c mem_direct=ffffffff
[R] cyc=191 COMMIT op=42 pc=00000240
[F] cyc=192 fetch raw=ffffffff pc_d=0000029c fetch_pc=000002a0 mem_direct=ffffffff
[C] cyc=192 CDB tag=13 val=00000000
[R] cyc=192 COMMIT op=63 pc=00000244
[D] cyc=193 dispatch op=62 pc=00000280 tag=0 raw_iq_imm=00000000 rs1=0
[R] cyc=193 COMMIT op=62 pc=00000248
sim_compliance.sv:159: $finish called at 2165 (1s)
