../../../hardware/execute/fp_ops/fp_round.sv:47: sorry: constant selects in always_* processes are not fully supported (the process will be sensitive to all bits in 'mant_i[22:0]').
../../../hardware/execute/fp_ops/fp_round.sv:65: sorry: constant selects in always_* processes are not fully supported (the process will be sensitive to all bits in 'mant_inc[23:0]').
../../../hardware/execute/fp_ops/fp_round.sv:70: sorry: constant selects in always_* processes are not fully supported (the process will be sensitive to all bits in 'exp_out[8:0]').
../../../hardware/execute/fp_ops/fp_round.sv:75: sorry: constant selects in always_* processes are not fully supported (the process will be sensitive to all bits in 'exp_out[8:0]').
../../../hardware/execute/fp_ops/fp_round.sv:75: sorry: constant selects in always_* processes are not fully supported (the process will be sensitive to all bits in 'mant_inc[23:0]').
:0: sorry: constant selects in always_* processes are not fully supported (the process will be sensitive to all bits in 'head_entry_w[112:0]').
:0: sorry: constant selects in always_* processes are not fully supported (the process will be sensitive to all bits in 'lookup1_entry_w[112:0]').
:0: sorry: constant selects in always_* processes are not fully supported (the process will be sensitive to all bits in 'lookup1_entry_w[112:0]').
:0: sorry: constant selects in always_* processes are not fully supported (the process will be sensitive to all bits in 'lookup2_entry_w[112:0]').
:0: sorry: constant selects in always_* processes are not fully supported (the process will be sensitive to all bits in 'lookup2_entry_w[112:0]').
:0: sorry: constant selects in always_* processes are not fully supported (the process will be sensitive to all bits in 'iq_instr_i[88:0]').
:0: sorry: constant selects in always_* processes are not fully supported (the process will be sensitive to all bits in 'iq_instr_i[88:0]').
:0: sorry: constant selects in always_* processes are not fully supported (the process will be sensitive to all bits in 'iq_instr_i[88:0]').
:0: sorry: constant selects in always_* processes are not fully supported (the process will be sensitive to all bits in 'iq_instr_i[88:0]').
:0: sorry: constant selects in always_* processes are not fully supported (the process will be sensitive to all bits in 'iq_instr_i[88:0]').
:0: sorry: constant selects in always_* processes are not fully supported (the process will be sensitive to all bits in 'cdb_i[36:0]').
:0: sorry: constant selects in always_* processes are not fully supported (the process will be sensitive to all bits in 'cdb_i[36:0]').
:0: sorry: constant selects in always_* processes are not fully supported (the process will be sensitive to all bits in 'cdb_i[36:0]').
:0: sorry: constant selects in always_* processes are not fully supported (the process will be sensitive to all bits in 'cdb_i[36:0]').
:0: sorry: constant selects in always_* processes are not fully supported (the process will be sensitive to all bits in 'cdb_i[36:0]').
:0: sorry: constant selects in always_* processes are not fully supported (the process will be sensitive to all bits in 'cdb_i[36:0]').
:0: sorry: constant selects in always_* processes are not fully supported (the process will be sensitive to all bits in 'iq_instr_i[88:0]').
:0: sorry: constant selects in always_* processes are not fully supported (the process will be sensitive to all bits in 'cdb_i[36:0]').
:0: sorry: constant selects in always_* processes are not fully supported (the process will be sensitive to all bits in 'cdb_i[36:0]').
:0: sorry: constant selects in always_* processes are not fully supported (the process will be sensitive to all bits in 'cdb_i[36:0]').
:0: sorry: constant selects in always_* processes are not fully supported (the process will be sensitive to all bits in 'cdb_i[36:0]').
:0: sorry: constant selects in always_* processes are not fully supported (the process will be sensitive to all bits in 'cdb_i[36:0]').
:0: sorry: constant selects in always_* processes are not fully supported (the process will be sensitive to all bits in 'cdb_i[36:0]').
:0: sorry: constant selects in always_* processes are not fully supported (the process will be sensitive to all bits in 'iq_instr_i[88:0]').
:0: sorry: constant selects in always_* processes are not fully supported (the process will be sensitive to all bits in 'iq_instr_i[88:0]').
:0: sorry: constant selects in always_* processes are not fully supported (the process will be sensitive to all bits in 'iq_instr_i[88:0]').
:0: sorry: constant selects in always_* processes are not fully supported (the process will be sensitive to all bits in 'iq_instr_i[88:0]').
:0: sorry: constant selects in always_* processes are not fully supported (the process will be sensitive to all bits in 'iq_instr_i[88:0]').
:0: sorry: constant selects in always_* processes are not fully supported (the process will be sensitive to all bits in 'iq_instr_i[88:0]').
:0: sorry: constant selects in always_* processes are not fully supported (the process will be sensitive to all bits in 'iq_instr_i[88:0]').
:0: sorry: constant selects in always_* processes are not fully supported (the process will be sensitive to all bits in 'iq_instr_i[88:0]').
../../../hardware/execute/int_ops/alu_unit.sv:50: sorry: constant selects in always_* processes are not fully supported (the process will be sensitive to all bits in 'rs2_i[31:0]').
../../../hardware/execute/int_ops/alu_unit.sv:51: sorry: constant selects in always_* processes are not fully supported (the process will be sensitive to all bits in 'rs2_i[31:0]').
../../../hardware/execute/int_ops/alu_unit.sv:52: sorry: constant selects in always_* processes are not fully supported (the process will be sensitive to all bits in 'rs2_i[31:0]').
../../../hardware/execute/int_ops/alu_unit.sv:60: sorry: constant selects in always_* processes are not fully supported (the process will be sensitive to all bits in 'imm_i[31:0]').
../../../hardware/execute/int_ops/alu_unit.sv:61: sorry: constant selects in always_* processes are not fully supported (the process will be sensitive to all bits in 'imm_i[31:0]').
../../../hardware/execute/int_ops/alu_unit.sv:62: sorry: constant selects in always_* processes are not fully supported (the process will be sensitive to all bits in 'imm_i[31:0]').
../../../hardware/execute/fp_ops/fp_add.sv:60: sorry: constant selects in always_* processes are not fully supported (the process will be sensitive to all bits in 'a[31:0]').
../../../hardware/execute/fp_ops/fp_add.sv:60: sorry: constant selects in always_* processes are not fully supported (the process will be sensitive to all bits in 'a[31:0]').
../../../hardware/execute/fp_ops/fp_add.sv:60: sorry: constant selects in always_* processes are not fully supported (the process will be sensitive to all bits in 'a[31:0]').
../../../hardware/execute/fp_ops/fp_add.sv:61: sorry: constant selects in always_* processes are not fully supported (the process will be sensitive to all bits in 'b[31:0]').
../../../hardware/execute/fp_ops/fp_add.sv:62: sorry: constant selects in always_* processes are not fully supported (the process will be sensitive to all bits in 'b[31:0]').
../../../hardware/execute/fp_ops/fp_add.sv:62: sorry: constant selects in always_* processes are not fully supported (the process will be sensitive to all bits in 'b[31:0]').
../../../hardware/execute/fp_ops/fp_add.sv:67: sorry: constant selects in always_* processes are not fully supported (the process will be sensitive to all bits in 'b[31:0]').
../../../hardware/execute/fp_ops/fp_add.sv:80: sorry: constant selects in always_* processes are not fully supported (the process will be sensitive to all bits in 'ediff[7:0]').
../../../hardware/execute/fp_ops/fp_add.sv:97: sorry: constant selects in always_* processes are not fully supported (the process will be sensitive to all bits in 's[26:0]').
../../../hardware/execute/fp_ops/fp_add.sv:100: sorry: constant selects in always_* processes are not fully supported (the process will be sensitive to all bits in 's[26:0]').
../../../hardware/execute/fp_ops/fp_add.sv:108: sorry: constant selects in always_* processes are not fully supported (the process will be sensitive to all bits in 's[26:0]').
../../../hardware/execute/fp_ops/fp_add.sv:108: sorry: constant selects in always_* processes are not fully supported (the process will be sensitive to all bits in 'sh[7:0]').
../../../hardware/execute/fp_ops/fp_add.sv:112: sorry: constant selects in always_* processes are not fully supported (the process will be sensitive to all bits in 'norm[25:0]').
../../../hardware/execute/fp_ops/fp_mul.sv:74: sorry: constant selects in always_* processes are not fully supported (the process will be sensitive to all bits in 'rs1_i[31:0]').
../../../hardware/execute/fp_ops/fp_mul.sv:74: sorry: constant selects in always_* processes are not fully supported (the process will be sensitive to all bits in 'rs1_i[31:0]').
../../../hardware/execute/fp_ops/fp_mul.sv:75: sorry: constant selects in always_* processes are not fully supported (the process will be sensitive to all bits in 'rs2_i[31:0]').
../../../hardware/execute/fp_ops/fp_mul.sv:75: sorry: constant selects in always_* processes are not fully supported (the process will be sensitive to all bits in 'rs2_i[31:0]').
../../../hardware/execute/fp_ops/fp_mul.sv:77: sorry: constant selects in always_* processes are not fully supported (the process will be sensitive to all bits in 'rs1_i[31:0]').
../../../hardware/execute/fp_ops/fp_mul.sv:77: sorry: constant selects in always_* processes are not fully supported (the process will be sensitive to all bits in 'rs2_i[31:0]').
../../../hardware/execute/fp_ops/fp_mul.sv:82: sorry: constant selects in always_* processes are not fully supported (the process will be sensitive to all bits in 'ma[23:0]').
../../../hardware/execute/fp_ops/fp_mul.sv:82: sorry: constant selects in always_* processes are not fully supported (the process will be sensitive to all bits in 'mb[23:0]').
../../../hardware/execute/fp_ops/fp_mul.sv:83: sorry: constant selects in always_* processes are not fully supported (the process will be sensitive to all bits in 'ma[23:0]').
../../../hardware/execute/fp_ops/fp_mul.sv:83: sorry: constant selects in always_* processes are not fully supported (the process will be sensitive to all bits in 'mb[23:0]').
../../../hardware/execute/fp_ops/fp_mul.sv:84: sorry: constant selects in always_* processes are not fully supported (the process will be sensitive to all bits in 'ma[23:0]').
../../../hardware/execute/fp_ops/fp_mul.sv:84: sorry: constant selects in always_* processes are not fully supported (the process will be sensitive to all bits in 'mb[23:0]').
../../../hardware/execute/fp_ops/fp_mul.sv:85: sorry: constant selects in always_* processes are not fully supported (the process will be sensitive to all bits in 'ma[23:0]').
../../../hardware/execute/fp_ops/fp_mul.sv:85: sorry: constant selects in always_* processes are not fully supported (the process will be sensitive to all bits in 'mb[23:0]').
../../../hardware/execute/fp_ops/fp_mul.sv:112: sorry: constant selects in always_* processes are not fully supported (the process will be sensitive to all bits in 's2_product[47:0]').
../../../hardware/execute/fp_ops/fp_mul.sv:114: sorry: constant selects in always_* processes are not fully supported (the process will be sensitive to all bits in 's2_product[47:0]').
../../../hardware/execute/fp_ops/fp_mul.sv:116: sorry: constant selects in always_* processes are not fully supported (the process will be sensitive to all bits in 's2_product[47:0]').
../../../hardware/execute/fp_ops/fp_mul.sv:118: sorry: constant selects in always_* processes are not fully supported (the process will be sensitive to all bits in 'er[9:0]').
../../../hardware/execute/fp_ops/fp_mul.sv:120: sorry: constant selects in always_* processes are not fully supported (the process will be sensitive to all bits in 'er[9:0]').
../../../hardware/execute/fp_ops/fp_div.sv:138: sorry: constant selects in always_* processes are not fully supported (the process will be sensitive to all bits in 's_exp[9:0]').
../../../hardware/execute/fp_ops/fp_div.sv:142: sorry: constant selects in always_* processes are not fully supported (the process will be sensitive to all bits in 's_qreg[23:0]').
../../../hardware/execute/fp_ops/fp_div.sv:143: sorry: constant selects in always_* processes are not fully supported (the process will be sensitive to all bits in 's_exp[9:0]').
../../../hardware/execute/fp_ops/fp_div.sv:143: sorry: constant selects in always_* processes are not fully supported (the process will be sensitive to all bits in 's_qreg[23:0]').
../../../hardware/execute/fp_ops/fp_div.sv:147: sorry: constant selects in always_* processes are not fully supported (the process will be sensitive to all bits in 's_exp[9:0]').
../../../hardware/execute/fp_ops/fp_div.sv:147: sorry: constant selects in always_* processes are not fully supported (the process will be sensitive to all bits in 's_qreg[23:0]').
../../../hardware/execute/fp_ops/fp_div.sv:165: sorry: constant selects in always_* processes are not fully supported (the process will be sensitive to all bits in 'rs1_i[31:0]').
../../../hardware/execute/fp_ops/fp_div.sv:165: sorry: constant selects in always_* processes are not fully supported (the process will be sensitive to all bits in 'rs1_i[31:0]').
../../../hardware/execute/fp_ops/fp_div.sv:166: sorry: constant selects in always_* processes are not fully supported (the process will be sensitive to all bits in 'rs2_i[31:0]').
../../../hardware/execute/fp_ops/fp_div.sv:166: sorry: constant selects in always_* processes are not fully supported (the process will be sensitive to all bits in 'rs2_i[31:0]').
../../../hardware/execute/fp_ops/fp_div.sv:167: sorry: constant selects in always_* processes are not fully supported (the process will be sensitive to all bits in 'rs1_i[31:0]').
../../../hardware/execute/fp_ops/fp_div.sv:167: sorry: constant selects in always_* processes are not fully supported (the process will be sensitive to all bits in 'rs2_i[31:0]').
:0: sorry: constant selects in always_* processes are not fully supported (the process will be sensitive to all bits in 'head_entry_w[147:0]').
../../../hardware/execute/lsb/load_store_buffer.sv:121: sorry: constant selects in always_* processes are not fully supported (the process will be sensitive to all bits in 'head_addr[31:0]').
../../../hardware/execute/lsb/load_store_buffer.sv:122: sorry: constant selects in always_* processes are not fully supported (the process will be sensitive to all bits in 'head_addr[31:0]').
:0: sorry: constant selects in always_* processes are not fully supported (the process will be sensitive to all bits in 'head_entry_w[147:0]').
../../../hardware/execute/lsb/load_store_buffer.sv:131: sorry: constant selects in always_* processes are not fully supported (the process will be sensitive to all bits in 'head_entry_w[147:0]').
../../../hardware/execute/lsb/load_store_buffer.sv:132: sorry: constant selects in always_* processes are not fully supported (the process will be sensitive to all bits in 'head_entry_w[147:0]').
:0: sorry: constant selects in always_* processes are not fully supported (the process will be sensitive to all bits in 'head_entry_w[147:0]').
../../../hardware/execute/lsb/load_store_buffer.sv:143: sorry: constant selects in always_* processes are not fully supported (the process will be sensitive to all bits in 'mem_rd_data_i[31:0]').
../../../hardware/execute/lsb/load_store_buffer.sv:143: sorry: constant selects in always_* processes are not fully supported (the process will be sensitive to all bits in 'mem_rd_data_i[31:0]').
../../../hardware/execute/lsb/load_store_buffer.sv:144: sorry: constant selects in always_* processes are not fully supported (the process will be sensitive to all bits in 'mem_rd_data_i[31:0]').
../../../hardware/execute/lsb/load_store_buffer.sv:144: sorry: constant selects in always_* processes are not fully supported (the process will be sensitive to all bits in 'mem_rd_data_i[31:0]').
../../../hardware/execute/lsb/load_store_buffer.sv:145: sorry: constant selects in always_* processes are not fully supported (the process will be sensitive to all bits in 'mem_rd_data_i[31:0]').
../../../hardware/execute/lsb/load_store_buffer.sv:145: sorry: constant selects in always_* processes are not fully supported (the process will be sensitive to all bits in 'mem_rd_data_i[31:0]').
../../../hardware/execute/lsb/load_store_buffer.sv:146: sorry: constant selects in always_* processes are not fully supported (the process will be sensitive to all bits in 'mem_rd_data_i[31:0]').
../../../hardware/execute/lsb/load_store_buffer.sv:146: sorry: constant selects in always_* processes are not fully supported (the process will be sensitive to all bits in 'mem_rd_data_i[31:0]').
../../../hardware/execute/lsb/load_store_buffer.sv:151: sorry: constant selects in always_* processes are not fully supported (the process will be sensitive to all bits in 'mem_rd_data_i[31:0]').
../../../hardware/execute/lsb/load_store_buffer.sv:152: sorry: constant selects in always_* processes are not fully supported (the process will be sensitive to all bits in 'mem_rd_data_i[31:0]').
../../../hardware/execute/lsb/load_store_buffer.sv:153: sorry: constant selects in always_* processes are not fully supported (the process will be sensitive to all bits in 'mem_rd_data_i[31:0]').
../../../hardware/execute/lsb/load_store_buffer.sv:154: sorry: constant selects in always_* processes are not fully supported (the process will be sensitive to all bits in 'mem_rd_data_i[31:0]').
../../../hardware/execute/lsb/load_store_buffer.sv:157: sorry: constant selects in always_* processes are not fully supported (the process will be sensitive to all bits in 'load_pending_byte_sel[1:0]').
../../../hardware/execute/lsb/load_store_buffer.sv:158: sorry: constant selects in always_* processes are not fully supported (the process will be sensitive to all bits in 'mem_rd_data_i[31:0]').
../../../hardware/execute/lsb/load_store_buffer.sv:158: sorry: constant selects in always_* processes are not fully supported (the process will be sensitive to all bits in 'mem_rd_data_i[31:0]').
../../../hardware/execute/lsb/load_store_buffer.sv:159: sorry: constant selects in always_* processes are not fully supported (the process will be sensitive to all bits in 'mem_rd_data_i[31:0]').
../../../hardware/execute/lsb/load_store_buffer.sv:159: sorry: constant selects in always_* processes are not fully supported (the process will be sensitive to all bits in 'mem_rd_data_i[31:0]').
../../../hardware/execute/lsb/load_store_buffer.sv:160: sorry: constant selects in always_* processes are not fully supported (the process will be sensitive to all bits in 'load_pending_byte_sel[1:0]').
../../../hardware/execute/lsb/load_store_buffer.sv:161: sorry: constant selects in always_* processes are not fully supported (the process will be sensitive to all bits in 'mem_rd_data_i[31:0]').
../../../hardware/execute/lsb/load_store_buffer.sv:162: sorry: constant selects in always_* processes are not fully supported (the process will be sensitive to all bits in 'mem_rd_data_i[31:0]').
../../../hardware/execute/fp_ops/fp_cvt.sv:56: sorry: constant selects in always_* processes are not fully supported (the process will be sensitive to all bits in 'f[31:0]').
../../../hardware/execute/fp_ops/fp_cvt.sv:57: sorry: constant selects in always_* processes are not fully supported (the process will be sensitive to all bits in 'f[31:0]').
../../../hardware/execute/fp_ops/fp_cvt.sv:58: sorry: constant selects in always_* processes are not fully supported (the process will be sensitive to all bits in 'f[31:0]').
../../../hardware/execute/fp_ops/fp_cvt.sv:98: sorry: constant selects in always_* processes are not fully supported (the process will be sensitive to all bits in 'x[31:0]').
../../../hardware/execute/fp_ops/fp_cvt.sv:109: sorry: constant selects in always_* processes are not fully supported (the process will be sensitive to all bits in 'norm[31:0]').
:0: sorry: constant selects in always_* processes are not fully supported (the process will be sensitive to all bits in 'commit_entry_i[112:0]').
:0: sorry: constant selects in always_* processes are not fully supported (the process will be sensitive to all bits in 'commit_entry_i[112:0]').
:0: sorry: constant selects in always_* processes are not fully supported (the process will be sensitive to all bits in 'commit_entry_i[112:0]').
:0: sorry: constant selects in always_* processes are not fully supported (the process will be sensitive to all bits in 'commit_entry_i[112:0]').
:0: sorry: constant selects in always_* processes are not fully supported (the process will be sensitive to all bits in 'commit_entry_i[112:0]').
:0: sorry: constant selects in always_* processes are not fully supported (the process will be sensitive to all bits in 'commit_entry_i[112:0]').
:0: sorry: constant selects in always_* processes are not fully supported (the process will be sensitive to all bits in 'commit_entry_i[112:0]').
:0: sorry: constant selects in always_* processes are not fully supported (the process will be sensitive to all bits in 'commit_entry_i[112:0]').
:0: sorry: constant selects in always_* processes are not fully supported (the process will be sensitive to all bits in 'commit_entry_i[112:0]').
:0: sorry: constant selects in always_* processes are not fully supported (the process will be sensitive to all bits in 'commit_entry_i[112:0]').
:0: sorry: constant selects in always_* processes are not fully supported (the process will be sensitive to all bits in 'commit_entry_i[112:0]').
:0: sorry: constant selects in always_* processes are not fully supported (the process will be sensitive to all bits in 'commit_entry_i[112:0]').
:0: sorry: constant selects in always_* processes are not fully supported (the process will be sensitive to all bits in 'commit_entry_i[112:0]').
:0: sorry: constant selects in always_* processes are not fully supported (the process will be sensitive to all bits in 'commit_entry_i[112:0]').
../../../hardware/core/tomasulo_core.sv:54: sorry: constant selects in always_* processes are not fully supported (the process will be sensitive to all bits in 'raw[31:0]').
../../../hardware/core/tomasulo_core.sv:54: sorry: constant selects in always_* processes are not fully supported (the process will be sensitive to all bits in 'raw[31:0]').
../../../hardware/core/tomasulo_core.sv:54: sorry: constant selects in always_* processes are not fully supported (the process will be sensitive to all bits in 'raw[31:0]').
../../../hardware/core/tomasulo_core.sv:55: sorry: constant selects in always_* processes are not fully supported (the process will be sensitive to all bits in 'raw[31:0]').
../../../hardware/core/tomasulo_core.sv:55: sorry: constant selects in always_* processes are not fully supported (the process will be sensitive to all bits in 'raw[31:0]').
../../../hardware/core/tomasulo_core.sv:55: sorry: constant selects in always_* processes are not fully supported (the process will be sensitive to all bits in 'raw[31:0]').
../../../hardware/core/tomasulo_core.sv:71: sorry: constant selects in always_* processes are not fully supported (the process will be sensitive to all bits in 'funct7[6:0]').
../../../hardware/core/tomasulo_core.sv:82: sorry: constant selects in always_* processes are not fully supported (the process will be sensitive to all bits in 'raw[31:0]').
../../../hardware/core/tomasulo_core.sv:82: sorry: constant selects in always_* processes are not fully supported (the process will be sensitive to all bits in 'raw[31:0]').
../../../hardware/core/tomasulo_core.sv:88: sorry: constant selects in always_* processes are not fully supported (the process will be sensitive to all bits in 'funct7[6:0]').
../../../hardware/core/tomasulo_core.sv:94: sorry: constant selects in always_* processes are not fully supported (the process will be sensitive to all bits in 'raw[31:0]').
../../../hardware/core/tomasulo_core.sv:94: sorry: constant selects in always_* processes are not fully supported (the process will be sensitive to all bits in 'raw[31:0]').
../../../hardware/core/tomasulo_core.sv:104: sorry: constant selects in always_* processes are not fully supported (the process will be sensitive to all bits in 'raw[31:0]').
../../../hardware/core/tomasulo_core.sv:104: sorry: constant selects in always_* processes are not fully supported (the process will be sensitive to all bits in 'raw[31:0]').
../../../hardware/core/tomasulo_core.sv:104: sorry: constant selects in always_* processes are not fully supported (the process will be sensitive to all bits in 'raw[31:0]').
../../../hardware/core/tomasulo_core.sv:114: sorry: constant selects in always_* processes are not fully supported (the process will be sensitive to all bits in 'raw[31:0]').
../../../hardware/core/tomasulo_core.sv:114: sorry: constant selects in always_* processes are not fully supported (the process will be sensitive to all bits in 'raw[31:0]').
../../../hardware/core/tomasulo_core.sv:114: sorry: constant selects in always_* processes are not fully supported (the process will be sensitive to all bits in 'raw[31:0]').
../../../hardware/core/tomasulo_core.sv:114: sorry: constant selects in always_* processes are not fully supported (the process will be sensitive to all bits in 'raw[31:0]').
../../../hardware/core/tomasulo_core.sv:114: sorry: constant selects in always_* processes are not fully supported (the process will be sensitive to all bits in 'raw[31:0]').
../../../hardware/core/tomasulo_core.sv:124: sorry: constant selects in always_* processes are not fully supported (the process will be sensitive to all bits in 'raw[31:0]').
../../../hardware/core/tomasulo_core.sv:124: sorry: constant selects in always_* processes are not fully supported (the process will be sensitive to all bits in 'raw[31:0]').
../../../hardware/core/tomasulo_core.sv:124: sorry: constant selects in always_* processes are not fully supported (the process will be sensitive to all bits in 'raw[31:0]').
../../../hardware/core/tomasulo_core.sv:124: sorry: constant selects in always_* processes are not fully supported (the process will be sensitive to all bits in 'raw[31:0]').
../../../hardware/core/tomasulo_core.sv:124: sorry: constant selects in always_* processes are not fully supported (the process will be sensitive to all bits in 'raw[31:0]').
../../../hardware/core/tomasulo_core.sv:129: sorry: constant selects in always_* processes are not fully supported (the process will be sensitive to all bits in 'raw[31:0]').
../../../hardware/core/tomasulo_core.sv:129: sorry: constant selects in always_* processes are not fully supported (the process will be sensitive to all bits in 'raw[31:0]').
../../../hardware/core/tomasulo_core.sv:134: sorry: constant selects in always_* processes are not fully supported (the process will be sensitive to all bits in 'raw[31:0]').
../../../hardware/core/tomasulo_core.sv:138: sorry: constant selects in always_* processes are not fully supported (the process will be sensitive to all bits in 'raw[31:0]').
../../../hardware/core/tomasulo_core.sv:144: sorry: constant selects in always_* processes are not fully supported (the process will be sensitive to all bits in 'raw[31:0]').
../../../hardware/core/tomasulo_core.sv:144: sorry: constant selects in always_* processes are not fully supported (the process will be sensitive to all bits in 'raw[31:0]').
../../../hardware/core/tomasulo_core.sv:150: sorry: constant selects in always_* processes are not fully supported (the process will be sensitive to all bits in 'raw[31:0]').
../../../hardware/core/tomasulo_core.sv:150: sorry: constant selects in always_* processes are not fully supported (the process will be sensitive to all bits in 'raw[31:0]').
../../../hardware/core/tomasulo_core.sv:150: sorry: constant selects in always_* processes are not fully supported (the process will be sensitive to all bits in 'raw[31:0]').
[tb] loading hex: build/I-SLTI-01.hex
[tb] hex loaded, entering reset
[tb] rst_n=0, waiting for 4 clk edges...
[tb] reset done, rst_n=1
[F] cyc=1 fetch raw=1d000293 pc_d=00000000 fetch_pc=00000004 mem_direct=1d000293
[D] cyc=2 dispatch op=8 pc=00000000 tag=0 raw_iq_imm=000001d0 rs1=0
[F] cyc=2 fetch raw=fff00f93 pc_d=00000004 fetch_pc=00000008 mem_direct=fff00f93
[D] cyc=3 dispatch op=8 pc=00000004 tag=1 raw_iq_imm=ffffffff rs1=0
[F] cyc=3 fetch raw=000fa013 pc_d=00000008 fetch_pc=0000000c mem_direct=000fa013
[D] cyc=4 dispatch op=35 pc=00000008 tag=2 raw_iq_imm=00000000 rs1=31
[F] cyc=4 fetch raw=0002a023 pc_d=0000000c fetch_pc=00000010 mem_direct=0002a023
[D] cyc=5 dispatch op=15 pc=0000000c tag=3 raw_iq_imm=00000000 rs1=5
[F] cyc=5 fetch raw=00100f13 pc_d=00000010 fetch_pc=00000014 mem_direct=00100f13
[C] cyc=5 CDB tag=0 val=000001d0
[D] cyc=6 dispatch op=8 pc=00000010 tag=4 raw_iq_imm=00000001 rs1=0
[F] cyc=6 fetch raw=801f2093 pc_d=00000014 fetch_pc=00000018 mem_direct=801f2093
[C] cyc=6 CDB tag=3 val=00000000
[R] cyc=6 COMMIT op=8 pc=00000000
[D] cyc=7 dispatch op=35 pc=00000014 tag=5 raw_iq_imm=fffff801 rs1=30
[F] cyc=7 fetch raw=0012a223 pc_d=00000018 fetch_pc=0000001c mem_direct=0012a223
[C] cyc=7 CDB tag=1 val=ffffffff
[D] cyc=8 dispatch op=15 pc=00000018 tag=6 raw_iq_imm=00000004 rs1=5
[F] cyc=8 fetch raw=00000e93 pc_d=0000001c fetch_pc=00000020 mem_direct=00000e93
[R] cyc=8 COMMIT op=8 pc=00000004
[D] cyc=9 dispatch op=8 pc=0000001c tag=7 raw_iq_imm=00000000 rs1=0
[F] cyc=9 fetch raw=fffea113 pc_d=00000020 fetch_pc=00000024 mem_direct=fffea113
[C] cyc=9 CDB tag=4 val=00000001
[D] cyc=10 dispatch op=35 pc=00000020 tag=8 raw_iq_imm=ffffffff rs1=29
[F] cyc=10 fetch raw=0022a423 pc_d=00000024 fetch_pc=00000028 mem_direct=0022a423
[D] cyc=11 dispatch op=15 pc=00000024 tag=9 raw_iq_imm=00000008 rs1=5
[F] cyc=11 fetch raw=7ff00e13 pc_d=00000028 fetch_pc=0000002c mem_direct=7ff00e13
[C] cyc=11 CDB tag=2 val=00000001
[D] cyc=12 dispatch op=8 pc=00000028 tag=10 raw_iq_imm=000007ff rs1=0
[F] cyc=12 fetch raw=800e2193 pc_d=0000002c fetch_pc=00000030 mem_direct=800e2193
[R] cyc=12 COMMIT op=35 pc=00000008
[D] cyc=13 dispatch op=35 pc=0000002c tag=11 raw_iq_imm=fffff800 rs1=28
[F] cyc=13 fetch raw=0032a623 pc_d=00000030 fetch_pc=00000034 mem_direct=0032a623
[C] cyc=13 CDB tag=7 val=00000000
[R] cyc=13 COMMIT op=15 pc=0000000c
[D] cyc=14 dispatch op=15 pc=00000030 tag=12 raw_iq_imm=0000000c rs1=5
[F] cyc=14 fetch raw=00000d93 pc_d=00000034 fetch_pc=00000038 mem_direct=00000d93
[R] cyc=14 COMMIT op=8 pc=00000010
[D] cyc=15 dispatch op=8 pc=00000034 tag=13 raw_iq_imm=00000000 rs1=0
[F] cyc=15 fetch raw=800da213 pc_d=00000038 fetch_pc=0000003c mem_direct=800da213
[C] cyc=15 CDB tag=10 val=000007ff
[D] cyc=16 dispatch op=35 pc=00000038 tag=14 raw_iq_imm=fffff800 rs1=27
[F] cyc=16 fetch raw=0042a823 pc_d=0000003c fetch_pc=00000040 mem_direct=0042a823
[D] cyc=17 dispatch op=15 pc=0000003c tag=15 raw_iq_imm=00000010 rs1=5
[F] cyc=17 fetch raw=1e400093 pc_d=00000040 fetch_pc=00000044 mem_direct=1e400093
[C] cyc=17 CDB tag=8 val=00000000
[D] cyc=18 dispatch op=8 pc=00000040 tag=0 raw_iq_imm=000001e4 rs1=0
[F] cyc=18 fetch raw=00001d37 pc_d=00000044 fetch_pc=00000048 mem_direct=00001d37
[C] cyc=18 CDB tag=9 val=00000000
[D] cyc=19 dispatch op=22 pc=00000044 tag=1 raw_iq_imm=00001000 rs1=0
[F] cyc=19 fetch raw=800d0d13 pc_d=00000048 fetch_pc=0000004c mem_direct=800d0d13
[C] cyc=19 CDB tag=13 val=00000000
[D] cyc=20 dispatch op=8 pc=00000048 tag=2 raw_iq_imm=fffff800 rs1=26
[F] cyc=20 fetch raw=800d2293 pc_d=0000004c fetch_pc=00000050 mem_direct=800d2293
[D] cyc=21 dispatch op=35 pc=0000004c tag=3 raw_iq_imm=fffff800 rs1=26
[F] cyc=21 fetch raw=0050a023 pc_d=00000050 fetch_pc=00000054 mem_direct=0050a023
[C] cyc=21 CDB tag=0 val=000001e4
[D] cyc=22 dispatch op=15 pc=00000050 tag=4 raw_iq_imm=00000000 rs1=1
[F] cyc=22 fetch raw=07654cb7 pc_d=00000054 fetch_pc=00000058 mem_direct=07654cb7
[F] cyc=23 fetch raw=321c8c93 pc_d=00000058 fetch_pc=0000005c mem_direct=321c8c93
[C] cyc=23 CDB tag=14 val=00000000
[F] cyc=24 fetch raw=800ca313 pc_d=0000005c fetch_pc=00000060 mem_direct=800ca313
[C] cyc=24 CDB tag=15 val=00000000
[F] cyc=25 fetch raw=0060a223 pc_d=00000060 fetch_pc=00000064 mem_direct=0060a223
[C] cyc=25 CDB tag=5 val=00000000
[F] cyc=26 fetch raw=80000c37 pc_d=00000064 fetch_pc=00000068 mem_direct=80000c37
[C] cyc=26 CDB tag=6 val=00000000
[R] cyc=26 COMMIT op=35 pc=00000014
[D] cyc=27 dispatch op=22 pc=00000054 tag=5 raw_iq_imm=07654000 rs1=0
[F] cyc=27 fetch raw=fffc0c13 pc_d=00000068 fetch_pc=0000006c mem_direct=fffc0c13
[C] cyc=27 CDB tag=11 val=00000000
[R] cyc=27 COMMIT op=15 pc=00000018
[D] cyc=28 dispatch op=8 pc=00000058 tag=6 raw_iq_imm=00000321 rs1=25
[F] cyc=28 fetch raw=001c2393 pc_d=0000006c fetch_pc=00000070 mem_direct=001c2393
[C] cyc=28 CDB tag=12 val=00000000
[R] cyc=28 COMMIT op=8 pc=0000001c
[D] cyc=29 dispatch op=35 pc=0000005c tag=7 raw_iq_imm=fffff800 rs1=25
[F] cyc=29 fetch raw=0070a423 pc_d=00000070 fetch_pc=00000074 mem_direct=0070a423
[C] cyc=29 CDB tag=1 val=00001000
[R] cyc=29 COMMIT op=35 pc=00000020
[D] cyc=30 dispatch op=15 pc=00000060 tag=8 raw_iq_imm=00000004 rs1=1
[F] cyc=30 fetch raw=00100b93 pc_d=00000074 fetch_pc=00000078 mem_direct=00100b93
[R] cyc=30 COMMIT op=15 pc=00000024
[D] cyc=31 dispatch op=22 pc=00000064 tag=9 raw_iq_imm=80000000 rs1=0
[F] cyc=31 fetch raw=800ba413 pc_d=00000078 fetch_pc=0000007c mem_direct=800ba413
[C] cyc=31 CDB tag=5 val=07654000
[R] cyc=31 COMMIT op=8 pc=00000028
[D] cyc=32 dispatch op=8 pc=00000068 tag=10 raw_iq_imm=ffffffff rs1=24
[F] cyc=32 fetch raw=0080a623 pc_d=0000007c fetch_pc=00000080 mem_direct=0080a623
[R] cyc=32 COMMIT op=35 pc=0000002c
[D] cyc=33 dispatch op=35 pc=0000006c tag=11 raw_iq_imm=00000001 rs1=24
[F] cyc=33 fetch raw=fff00b13 pc_d=00000080 fetch_pc=00000084 mem_direct=fff00b13
[C] cyc=33 CDB tag=2 val=00000800
[R] cyc=33 COMMIT op=15 pc=00000030
[D] cyc=34 dispatch op=15 pc=00000070 tag=12 raw_iq_imm=00000008 rs1=1
[F] cyc=34 fetch raw=800b2493 pc_d=00000084 fetch_pc=00000088 mem_direct=800b2493
[R] cyc=34 COMMIT op=8 pc=00000034
[D] cyc=35 dispatch op=8 pc=00000074 tag=13 raw_iq_imm=00000001 rs1=0
[F] cyc=35 fetch raw=0090a823 pc_d=00000088 fetch_pc=0000008c mem_direct=0090a823
[C] cyc=35 CDB tag=9 val=80000000
[R] cyc=35 COMMIT op=35 pc=00000038
[D] cyc=36 dispatch op=35 pc=00000078 tag=14 raw_iq_imm=fffff800 rs1=23
[F] cyc=36 fetch raw=1f800093 pc_d=0000008c fetch_pc=00000090 mem_direct=1f800093
[R] cyc=36 COMMIT op=15 pc=0000003c
[D] cyc=37 dispatch op=15 pc=0000007c tag=15 raw_iq_imm=0000000c rs1=1
[F] cyc=37 fetch raw=00001ab7 pc_d=00000090 fetch_pc=00000094 mem_direct=00001ab7
[C] cyc=37 CDB tag=6 val=07654321
[R] cyc=37 COMMIT op=8 pc=00000040
[D] cyc=38 dispatch op=8 pc=00000080 tag=0 raw_iq_imm=ffffffff rs1=0
[F] cyc=38 fetch raw=234a8a93 pc_d=00000094 fetch_pc=00000098 mem_direct=234a8a93
[R] cyc=38 COMMIT op=22 pc=00000044
[F] cyc=39 fetch raw=800aa513 pc_d=00000098 fetch_pc=0000009c mem_direct=800aa513
[C] cyc=39 CDB tag=13 val=00000001
[R] cyc=39 COMMIT op=8 pc=00000048
[D] cyc=40 dispatch op=35 pc=00000084 tag=1 raw_iq_imm=fffff800 rs1=22
[F] cyc=40 fetch raw=00a0a023 pc_d=0000009c fetch_pc=000000a0 mem_direct=00a0a023
[D] cyc=41 dispatch op=15 pc=00000088 tag=2 raw_iq_imm=00000010 rs1=1
[F] cyc=41 fetch raw=80000a37 pc_d=000000a0 fetch_pc=000000a4 mem_direct=80000a37
[C] cyc=41 CDB tag=0 val=ffffffff
[F] cyc=42 fetch raw=000a2593 pc_d=000000a4 fetch_pc=000000a8 mem_direct=000a2593
[F] cyc=43 fetch raw=00b0a223 pc_d=000000a8 fetch_pc=000000ac mem_direct=00b0a223
[C] cyc=43 CDB tag=10 val=7fffffff
[C] cyc=45 CDB tag=1 val=00000000
[C] cyc=46 CDB tag=2 val=00000000
[C] cyc=47 CDB tag=14 val=00000000
[C] cyc=48 CDB tag=15 val=00000000
[C] cyc=49 CDB tag=7 val=00000000
[C] cyc=50 CDB tag=8 val=00000000
[C] cyc=51 CDB tag=11 val=00000000
[C] cyc=52 CDB tag=12 val=00000000
[C] cyc=53 CDB tag=3 val=00000000
[C] cyc=54 CDB tag=4 val=00000000
[R] cyc=54 COMMIT op=35 pc=0000004c
[D] cyc=55 dispatch op=8 pc=0000008c tag=3 raw_iq_imm=000001f8 rs1=0
[R] cyc=55 COMMIT op=15 pc=00000050
[D] cyc=56 dispatch op=22 pc=00000090 tag=4 raw_iq_imm=00001000 rs1=0
[F] cyc=56 fetch raw=fffff9b7 pc_d=000000ac fetch_pc=000000b0 mem_direct=fffff9b7
[R] cyc=56 COMMIT op=22 pc=00000054
[D] cyc=57 dispatch op=8 pc=00000094 tag=5 raw_iq_imm=00000234 rs1=21
[F] cyc=57 fetch raw=dcc98993 pc_d=000000b0 fetch_pc=000000b4 mem_direct=dcc98993
[R] cyc=57 COMMIT op=8 pc=00000058
[D] cyc=58 dispatch op=35 pc=00000098 tag=6 raw_iq_imm=fffff800 rs1=21
[F] cyc=58 fetch raw=7ff9a613 pc_d=000000b4 fetch_pc=000000b8 mem_direct=7ff9a613
[C] cyc=58 CDB tag=3 val=000001f8
[R] cyc=58 COMMIT op=35 pc=0000005c
[D] cyc=59 dispatch op=15 pc=0000009c tag=7 raw_iq_imm=00000000 rs1=1
[F] cyc=59 fetch raw=00c0a423 pc_d=000000b8 fetch_pc=000000bc mem_direct=00c0a423
[R] cyc=59 COMMIT op=15 pc=00000060
[D] cyc=60 dispatch op=22 pc=000000a0 tag=8 raw_iq_imm=80000000 rs1=0
[F] cyc=60 fetch raw=fff00913 pc_d=000000bc fetch_pc=000000c0 mem_direct=fff00913
[C] cyc=60 CDB tag=4 val=00001000
[R] cyc=60 COMMIT op=22 pc=00000064
[D] cyc=61 dispatch op=35 pc=000000a4 tag=9 raw_iq_imm=00000000 rs1=20
[F] cyc=61 fetch raw=fff92693 pc_d=000000c0 fetch_pc=000000c4 mem_direct=fff92693
[R] cyc=61 COMMIT op=8 pc=00000068
[D] cyc=62 dispatch op=15 pc=000000a8 tag=10 raw_iq_imm=00000004 rs1=1
[F] cyc=62 fetch raw=00d0a623 pc_d=000000c4 fetch_pc=000000c8 mem_direct=00d0a623
[R] cyc=62 COMMIT op=35 pc=0000006c
[D] cyc=63 dispatch op=22 pc=000000ac tag=11 raw_iq_imm=fffff000 rs1=0
[F] cyc=63 fetch raw=80100893 pc_d=000000c8 fetch_pc=000000cc mem_direct=80100893
[C] cyc=63 CDB tag=5 val=00001234
[R] cyc=63 COMMIT op=15 pc=00000070
[D] cyc=64 dispatch op=8 pc=000000b0 tag=12 raw_iq_imm=fffffdcc rs1=19
[F] cyc=64 fetch raw=0018a713 pc_d=000000cc fetch_pc=000000d0 mem_direct=0018a713
[R] cyc=64 COMMIT op=8 pc=00000074
[D] cyc=65 dispatch op=35 pc=000000b4 tag=13 raw_iq_imm=000007ff rs1=19
[F] cyc=65 fetch raw=00e0a823 pc_d=000000d0 fetch_pc=000000d4 mem_direct=00e0a823
[C] cyc=65 CDB tag=8 val=80000000
[R] cyc=65 COMMIT op=35 pc=00000078
[D] cyc=66 dispatch op=15 pc=000000b8 tag=14 raw_iq_imm=00000008 rs1=1
[F] cyc=66 fetch raw=20c00113 pc_d=000000d4 fetch_pc=000000d8 mem_direct=20c00113
[R] cyc=66 COMMIT op=15 pc=0000007c
[D] cyc=67 dispatch op=8 pc=000000bc tag=15 raw_iq_imm=ffffffff rs1=0
[F] cyc=67 fetch raw=00000813 pc_d=000000d8 fetch_pc=000000dc mem_direct=00000813
[C] cyc=67 CDB tag=11 val=fffff000
[R] cyc=67 COMMIT op=8 pc=00000080
[D] cyc=68 dispatch op=35 pc=000000c0 tag=0 raw_iq_imm=ffffffff rs1=18
[F] cyc=68 fetch raw=00082793 pc_d=000000dc fetch_pc=000000e0 mem_direct=00082793
[R] cyc=68 COMMIT op=35 pc=00000084
[D] cyc=69 dispatch op=15 pc=000000c4 tag=1 raw_iq_imm=0000000c rs1=1
[F] cyc=69 fetch raw=00f12023 pc_d=000000e0 fetch_pc=000000e4 mem_direct=00f12023
[C] cyc=69 CDB tag=6 val=00000000
[R] cyc=69 COMMIT op=15 pc=00000088
[D] cyc=70 dispatch op=8 pc=000000c8 tag=2 raw_iq_imm=fffff801 rs1=0
[F] cyc=70 fetch raw=fff00793 pc_d=000000e4 fetch_pc=000000e8 mem_direct=fff00793
[C] cyc=70 CDB tag=7 val=00000000
[R] cyc=70 COMMIT op=8 pc=0000008c
[D] cyc=71 dispatch op=35 pc=000000cc tag=3 raw_iq_imm=00000001 rs1=17
[F] cyc=71 fetch raw=0007a813 pc_d=000000e8 fetch_pc=000000ec mem_direct=0007a813
[C] cyc=71 CDB tag=15 val=ffffffff
[R] cyc=71 COMMIT op=22 pc=00000090
[D] cyc=72 dispatch op=15 pc=000000d0 tag=4 raw_iq_imm=00000010 rs1=1
[F] cyc=72 fetch raw=01012223 pc_d=000000ec fetch_pc=000000f0 mem_direct=01012223
[R] cyc=72 COMMIT op=8 pc=00000094
[D] cyc=73 dispatch op=8 pc=000000d4 tag=5 raw_iq_imm=0000020c rs1=0
[F] cyc=73 fetch raw=00100713 pc_d=000000f0 fetch_pc=000000f4 mem_direct=00100713
[C] cyc=73 CDB tag=2 val=fffff801
[R] cyc=73 COMMIT op=35 pc=00000098
[D] cyc=74 dispatch op=8 pc=000000d8 tag=6 raw_iq_imm=00000000 rs1=0
[F] cyc=74 fetch raw=80172893 pc_d=000000f4 fetch_pc=000000f8 mem_direct=80172893
[R] cyc=74 COMMIT op=15 pc=0000009c
[F] cyc=75 fetch raw=01112423 pc_d=000000f8 fetch_pc=000000fc mem_direct=01112423
[C] cyc=75 CDB tag=12 val=ffffedcc
[R] cyc=75 COMMIT op=22 pc=000000a0
[D] cyc=76 dispatch op=35 pc=000000dc tag=7 raw_iq_imm=00000000 rs1=16
[D] cyc=77 dispatch op=15 pc=000000e0 tag=8 raw_iq_imm=00000000 rs1=2
[F] cyc=77 fetch raw=00000693 pc_d=000000fc fetch_pc=00000100 mem_direct=00000693
[C] cyc=77 CDB tag=5 val=0000020c
[F] cyc=78 fetch raw=fff6a913 pc_d=00000100 fetch_pc=00000104 mem_direct=fff6a913
[C] cyc=79 CDB tag=6 val=00000000
[C] cyc=81 CDB tag=0 val=00000000
[C] cyc=82 CDB tag=1 val=00000000
[C] cyc=83 CDB tag=7 val=00000000
[C] cyc=84 CDB tag=8 val=00000000
[C] cyc=85 CDB tag=9 val=00000001
[C] cyc=86 CDB tag=10 val=00000000
[R] cyc=86 COMMIT op=35 pc=000000a4
[D] cyc=87 dispatch op=8 pc=000000e4 tag=9 raw_iq_imm=ffffffff rs1=0
[C] cyc=87 CDB tag=13 val=00000001
[R] cyc=87 COMMIT op=15 pc=000000a8
[D] cyc=88 dispatch op=35 pc=000000e8 tag=10 raw_iq_imm=00000000 rs1=15
[F] cyc=88 fetch raw=01212623 pc_d=00000104 fetch_pc=00000108 mem_direct=01212623
[C] cyc=88 CDB tag=14 val=00000000
[R] cyc=88 COMMIT op=22 pc=000000ac
[D] cyc=89 dispatch op=15 pc=000000ec tag=11 raw_iq_imm=00000004 rs1=2
[F] cyc=89 fetch raw=7ff00613 pc_d=00000108 fetch_pc=0000010c mem_direct=7ff00613
[C] cyc=89 CDB tag=3 val=00000001
[R] cyc=89 COMMIT op=8 pc=000000b0
[D] cyc=90 dispatch op=8 pc=000000f0 tag=12 raw_iq_imm=00000001 rs1=0
[F] cyc=90 fetch raw=80062993 pc_d=0000010c fetch_pc=00000110 mem_direct=80062993
[C] cyc=90 CDB tag=4 val=00000000
[R] cyc=90 COMMIT op=35 pc=000000b4
[D] cyc=91 dispatch op=35 pc=000000f4 tag=13 raw_iq_imm=fffff801 rs1=14
[F] cyc=91 fetch raw=01312823 pc_d=00000110 fetch_pc=00000114 mem_direct=01312823
[C] cyc=91 CDB tag=9 val=ffffffff
[R] cyc=91 COMMIT op=15 pc=000000b8
[D] cyc=92 dispatch op=15 pc=000000f8 tag=14 raw_iq_imm=00000008 rs1=2
[F] cyc=92 fetch raw=22000093 pc_d=00000114 fetch_pc=00000118 mem_direct=22000093
[R] cyc=92 COMMIT op=8 pc=000000bc
[D] cyc=93 dispatch op=8 pc=000000fc tag=15 raw_iq_imm=00000000 rs1=0
[F] cyc=93 fetch raw=00000593 pc_d=00000118 fetch_pc=0000011c mem_direct=00000593
[C] cyc=93 CDB tag=12 val=00000001
[R] cyc=93 COMMIT op=35 pc=000000c0
[D] cyc=94 dispatch op=35 pc=00000100 tag=0 raw_iq_imm=ffffffff rs1=13
[F] cyc=94 fetch raw=8005aa13 pc_d=0000011c fetch_pc=00000120 mem_direct=8005aa13
[R] cyc=94 COMMIT op=15 pc=000000c4
[D] cyc=95 dispatch op=15 pc=00000104 tag=1 raw_iq_imm=0000000c rs1=2
[F] cyc=95 fetch raw=0140a023 pc_d=00000120 fetch_pc=00000124 mem_direct=0140a023
[C] cyc=95 CDB tag=10 val=00000001
[R] cyc=95 COMMIT op=8 pc=000000c8
[D] cyc=96 dispatch op=8 pc=00000108 tag=2 raw_iq_imm=000007ff rs1=0
[F] cyc=96 fetch raw=00001537 pc_d=00000124 fetch_pc=00000128 mem_direct=00001537
[C] cyc=96 CDB tag=11 val=00000000
[R] cyc=96 COMMIT op=35 pc=000000cc
[D] cyc=97 dispatch op=35 pc=0000010c tag=3 raw_iq_imm=fffff800 rs1=12
[F] cyc=97 fetch raw=80050513 pc_d=00000128 fetch_pc=0000012c mem_direct=80050513
[C] cyc=97 CDB tag=15 val=00000000
[R] cyc=97 COMMIT op=15 pc=000000d0
[D] cyc=98 dispatch op=15 pc=00000110 tag=4 raw_iq_imm=00000010 rs1=2
[F] cyc=98 fetch raw=80052a93 pc_d=0000012c fetch_pc=00000130 mem_direct=80052a93
[R] cyc=98 COMMIT op=8 pc=000000d4
[D] cyc=99 dispatch op=8 pc=00000114 tag=5 raw_iq_imm=00000220 rs1=0
[F] cyc=99 fetch raw=0150a223 pc_d=00000130 fetch_pc=00000134 mem_direct=0150a223
[C] cyc=99 CDB tag=2 val=000007ff
[R] cyc=99 COMMIT op=8 pc=000000d8
[D] cyc=100 dispatch op=8 pc=00000118 tag=6 raw_iq_imm=00000000 rs1=0
[F] cyc=100 fetch raw=076544b7 pc_d=00000134 fetch_pc=00000138 mem_direct=076544b7
[R] cyc=100 COMMIT op=35 pc=000000dc
[D] cyc=101 dispatch op=35 pc=0000011c tag=7 raw_iq_imm=fffff800 rs1=11
[F] cyc=101 fetch raw=32148493 pc_d=00000138 fetch_pc=0000013c mem_direct=32148493
[C] cyc=101 CDB tag=0 val=00000000
[R] cyc=101 COMMIT op=15 pc=000000e0
[D] cyc=102 dispatch op=15 pc=00000120 tag=8 raw_iq_imm=00000000 rs1=1
[F] cyc=102 fetch raw=8004ab13 pc_d=0000013c fetch_pc=00000140 mem_direct=8004ab13
[C] cyc=102 CDB tag=1 val=00000000
[R] cyc=102 COMMIT op=8 pc=000000e4
[D] cyc=103 dispatch op=22 pc=00000124 tag=9 raw_iq_imm=00001000 rs1=0
[F] cyc=103 fetch raw=0160a423 pc_d=00000140 fetch_pc=00000144 mem_direct=0160a423
[C] cyc=103 CDB tag=5 val=00000220
[R] cyc=103 COMMIT op=35 pc=000000e8
[D] cyc=104 dispatch op=8 pc=00000128 tag=10 raw_iq_imm=fffff800 rs1=10
[F] cyc=104 fetch raw=80000437 pc_d=00000144 fetch_pc=00000148 mem_direct=80000437
[R] cyc=104 COMMIT op=15 pc=000000ec
[D] cyc=105 dispatch op=35 pc=0000012c tag=11 raw_iq_imm=fffff800 rs1=10
[F] cyc=105 fetch raw=fff40413 pc_d=00000148 fetch_pc=0000014c mem_direct=fff40413
[C] cyc=105 CDB tag=6 val=00000000
[R] cyc=105 COMMIT op=8 pc=000000f0
[D] cyc=106 dispatch op=15 pc=00000130 tag=12 raw_iq_imm=00000004 rs1=1
[F] cyc=106 fetch raw=00142b93 pc_d=0000014c fetch_pc=00000150 mem_direct=00142b93
[F] cyc=107 fetch raw=0170a623 pc_d=00000150 fetch_pc=00000154 mem_direct=0170a623
[C] cyc=107 CDB tag=9 val=00001000
[C] cyc=109 CDB tag=13 val=00000000
[C] cyc=110 CDB tag=14 val=00000000
[R] cyc=110 COMMIT op=35 pc=000000f4
[D] cyc=111 dispatch op=22 pc=00000134 tag=13 raw_iq_imm=07654000 rs1=0
[C] cyc=111 CDB tag=10 val=00000800
[R] cyc=111 COMMIT op=15 pc=000000f8
[D] cyc=112 dispatch op=8 pc=00000138 tag=14 raw_iq_imm=00000321 rs1=9
[F] cyc=112 fetch raw=00100393 pc_d=00000154 fetch_pc=00000158 mem_direct=00100393
[R] cyc=112 COMMIT op=8 pc=000000fc
[D] cyc=113 dispatch op=35 pc=0000013c tag=15 raw_iq_imm=fffff800 rs1=9
[F] cyc=113 fetch raw=8003ac13 pc_d=00000158 fetch_pc=0000015c mem_direct=8003ac13
[C] cyc=113 CDB tag=3 val=00000000
[R] cyc=113 COMMIT op=35 pc=00000100
[D] cyc=114 dispatch op=15 pc=00000140 tag=0 raw_iq_imm=00000008 rs1=1
[F] cyc=114 fetch raw=0180a823 pc_d=0000015c fetch_pc=00000160 mem_direct=0180a823
[C] cyc=114 CDB tag=4 val=00000000
[R] cyc=114 COMMIT op=15 pc=00000104
[D] cyc=115 dispatch op=22 pc=00000144 tag=1 raw_iq_imm=80000000 rs1=0
[F] cyc=115 fetch raw=23400093 pc_d=00000160 fetch_pc=00000164 mem_direct=23400093
[C] cyc=115 CDB tag=13 val=07654000
[R] cyc=115 COMMIT op=8 pc=00000108
[D] cyc=116 dispatch op=8 pc=00000148 tag=2 raw_iq_imm=ffffffff rs1=8
[F] cyc=116 fetch raw=fff00313 pc_d=00000164 fetch_pc=00000168 mem_direct=fff00313
[R] cyc=116 COMMIT op=35 pc=0000010c
[D] cyc=117 dispatch op=35 pc=0000014c tag=3 raw_iq_imm=00000001 rs1=8
[F] cyc=117 fetch raw=80032c93 pc_d=00000168 fetch_pc=0000016c mem_direct=80032c93
[C] cyc=117 CDB tag=7 val=00000000
[R] cyc=117 COMMIT op=15 pc=00000110
[D] cyc=118 dispatch op=15 pc=00000150 tag=4 raw_iq_imm=0000000c rs1=1
[F] cyc=118 fetch raw=0190a023 pc_d=0000016c fetch_pc=00000170 mem_direct=0190a023
[C] cyc=118 CDB tag=8 val=00000000
[R] cyc=118 COMMIT op=8 pc=00000114
[D] cyc=119 dispatch op=8 pc=00000154 tag=5 raw_iq_imm=00000001 rs1=0
[F] cyc=119 fetch raw=000012b7 pc_d=00000170 fetch_pc=00000174 mem_direct=000012b7
[C] cyc=119 CDB tag=1 val=80000000
[R] cyc=119 COMMIT op=8 pc=00000118
[D] cyc=120 dispatch op=35 pc=00000158 tag=6 raw_iq_imm=fffff800 rs1=7
[F] cyc=120 fetch raw=23428293 pc_d=00000174 fetch_pc=00000178 mem_direct=23428293
[R] cyc=120 COMMIT op=35 pc=0000011c
[D] cyc=121 dispatch op=15 pc=0000015c tag=7 raw_iq_imm=00000010 rs1=1
[F] cyc=121 fetch raw=8002ad13 pc_d=00000178 fetch_pc=0000017c mem_direct=8002ad13
[C] cyc=121 CDB tag=14 val=07654321
[R] cyc=121 COMMIT op=15 pc=00000120
[D] cyc=122 dispatch op=8 pc=00000160 tag=8 raw_iq_imm=00000234 rs1=0
[F] cyc=122 fetch raw=01a0a223 pc_d=0000017c fetch_pc=00000180 mem_direct=01a0a223
[R] cyc=122 COMMIT op=22 pc=00000124
[F] cyc=123 fetch raw=80000237 pc_d=00000180 fetch_pc=00000184 mem_direct=80000237
[C] cyc=123 CDB tag=5 val=00000001
[R] cyc=123 COMMIT op=8 pc=00000128
[D] cyc=124 dispatch op=8 pc=00000164 tag=9 raw_iq_imm=ffffffff rs1=0
[F] cyc=125 fetch raw=00022d93 pc_d=00000184 fetch_pc=00000188 mem_direct=00022d93
[C] cyc=125 CDB tag=8 val=00000234
[D] cyc=126 dispatch op=35 pc=00000168 tag=10 raw_iq_imm=fffff800 rs1=6
[F] cyc=127 fetch raw=01b0a423 pc_d=00000188 fetch_pc=0000018c mem_direct=01b0a423
[C] cyc=127 CDB tag=9 val=ffffffff
[C] cyc=129 CDB tag=6 val=00000000
[C] cyc=130 CDB tag=7 val=00000000
[C] cyc=131 CDB tag=10 val=00000000
[C] cyc=133 CDB tag=15 val=00000000
[C] cyc=134 CDB tag=0 val=00000000
[C] cyc=135 CDB tag=2 val=7fffffff
[C] cyc=137 CDB tag=11 val=00000000
[C] cyc=138 CDB tag=12 val=00000000
[R] cyc=138 COMMIT op=35 pc=0000012c
[D] cyc=139 dispatch op=15 pc=0000016c tag=11 raw_iq_imm=00000000 rs1=1
[C] cyc=139 CDB tag=3 val=00000000
[R] cyc=139 COMMIT op=15 pc=00000130
[D] cyc=140 dispatch op=22 pc=00000170 tag=12 raw_iq_imm=00001000 rs1=0
[F] cyc=140 fetch raw=fffff1b7 pc_d=0000018c fetch_pc=00000190 mem_direct=fffff1b7
[C] cyc=140 CDB tag=11 val=00000000
[R] cyc=140 COMMIT op=22 pc=00000134
[D] cyc=141 dispatch op=8 pc=00000174 tag=13 raw_iq_imm=00000234 rs1=5
[F] cyc=141 fetch raw=dcc18193 pc_d=00000190 fetch_pc=00000194 mem_direct=dcc18193
[C] cyc=141 CDB tag=4 val=00000000
[R] cyc=141 COMMIT op=8 pc=00000138
[D] cyc=142 dispatch op=35 pc=00000178 tag=14 raw_iq_imm=fffff800 rs1=5
[F] cyc=142 fetch raw=7ff1ae13 pc_d=00000194 fetch_pc=00000198 mem_direct=7ff1ae13
[R] cyc=142 COMMIT op=35 pc=0000013c
[D] cyc=143 dispatch op=15 pc=0000017c tag=15 raw_iq_imm=00000004 rs1=1
[F] cyc=143 fetch raw=01c0a623 pc_d=00000198 fetch_pc=0000019c mem_direct=01c0a623
[C] cyc=143 CDB tag=12 val=00001000
[R] cyc=143 COMMIT op=15 pc=00000140
[D] cyc=144 dispatch op=22 pc=00000180 tag=0 raw_iq_imm=80000000 rs1=0
[F] cyc=144 fetch raw=fff00113 pc_d=0000019c fetch_pc=000001a0 mem_direct=fff00113
[R] cyc=144 COMMIT op=22 pc=00000144
[D] cyc=145 dispatch op=35 pc=00000184 tag=1 raw_iq_imm=00000000 rs1=4
[F] cyc=145 fetch raw=fff12e93 pc_d=000001a0 fetch_pc=000001a4 mem_direct=fff12e93
[R] cyc=145 COMMIT op=8 pc=00000148
[D] cyc=146 dispatch op=15 pc=00000188 tag=2 raw_iq_imm=00000008 rs1=1
[F] cyc=146 fetch raw=01d0a823 pc_d=000001a4 fetch_pc=000001a8 mem_direct=01d0a823
[C] cyc=146 CDB tag=13 val=00001234
[R] cyc=146 COMMIT op=35 pc=0000014c
[D] cyc=147 dispatch op=22 pc=0000018c tag=3 raw_iq_imm=fffff000 rs1=0
[F] cyc=147 fetch raw=24800113 pc_d=000001a8 fetch_pc=000001ac mem_direct=24800113
[R] cyc=147 COMMIT op=15 pc=00000150
[D] cyc=148 dispatch op=8 pc=00000190 tag=4 raw_iq_imm=fffffdcc rs1=3
[F] cyc=148 fetch raw=80100093 pc_d=000001ac fetch_pc=000001b0 mem_direct=80100093
[C] cyc=148 CDB tag=0 val=80000000
[R] cyc=148 COMMIT op=8 pc=00000154
[D] cyc=149 dispatch op=35 pc=00000194 tag=5 raw_iq_imm=000007ff rs1=3
[F] cyc=149 fetch raw=0010af13 pc_d=000001b0 fetch_pc=000001b4 mem_direct=0010af13
[R] cyc=149 COMMIT op=35 pc=00000158
[D] cyc=150 dispatch op=15 pc=00000198 tag=6 raw_iq_imm=0000000c rs1=1
[F] cyc=150 fetch raw=01e12023 pc_d=000001b4 fetch_pc=000001b8 mem_direct=01e12023
[C] cyc=150 CDB tag=14 val=00000000
[R] cyc=150 COMMIT op=15 pc=0000015c
[D] cyc=151 dispatch op=8 pc=0000019c tag=7 raw_iq_imm=ffffffff rs1=0
[F] cyc=151 fetch raw=00000013 pc_d=000001b8 fetch_pc=000001bc mem_direct=00000013
[C] cyc=151 CDB tag=15 val=00000000
[R] cyc=151 COMMIT op=8 pc=00000160
[D] cyc=152 dispatch op=35 pc=000001a0 tag=8 raw_iq_imm=ffffffff rs1=2
[F] cyc=152 fetch raw=00002f93 pc_d=000001bc fetch_pc=000001c0 mem_direct=00002f93
[C] cyc=152 CDB tag=1 val=00000001
[R] cyc=152 COMMIT op=8 pc=00000164
[D] cyc=153 dispatch op=15 pc=000001a4 tag=9 raw_iq_imm=00000010 rs1=1
[F] cyc=153 fetch raw=01f12223 pc_d=000001c0 fetch_pc=000001c4 mem_direct=01f12223
[C] cyc=153 CDB tag=2 val=00000000
[R] cyc=153 COMMIT op=35 pc=00000168
[D] cyc=154 dispatch op=8 pc=000001a8 tag=10 raw_iq_imm=00000248 rs1=0
[F] cyc=154 fetch raw=00000073 pc_d=000001c4 fetch_pc=000001c8 mem_direct=00000073
[C] cyc=154 CDB tag=7 val=ffffffff
[R] cyc=154 COMMIT op=15 pc=0000016c
[D] cyc=155 dispatch op=8 pc=000001ac tag=11 raw_iq_imm=fffff801 rs1=0
[F] cyc=155 fetch raw=xxxxxxxx pc_d=000001c8 fetch_pc=000001cc mem_direct=xxxxxxxx
[R] cyc=155 COMMIT op=22 pc=00000170
[D] cyc=156 dispatch op=35 pc=000001b0 tag=12 raw_iq_imm=00000001 rs1=1
[F] cyc=156 fetch raw=xxxxxxxx pc_d=000001cc fetch_pc=000001d0 mem_direct=xxxxxxxx
[C] cyc=156 CDB tag=3 val=fffff000
[R] cyc=156 COMMIT op=8 pc=00000174
[D] cyc=157 dispatch op=15 pc=000001b4 tag=13 raw_iq_imm=00000000 rs1=2
[F] cyc=157 fetch raw=ffffffff pc_d=000001d0 fetch_pc=000001d4 mem_direct=ffffffff
[R] cyc=157 COMMIT op=35 pc=00000178
[D] cyc=158 dispatch op=8 pc=000001b8 tag=14 raw_iq_imm=00000000 rs1=0
[F] cyc=158 fetch raw=ffffffff pc_d=000001d4 fetch_pc=000001d8 mem_direct=ffffffff
[C] cyc=158 CDB tag=10 val=00000248
[R] cyc=158 COMMIT op=15 pc=0000017c
[D] cyc=159 dispatch op=35 pc=000001bc tag=15 raw_iq_imm=00000000 rs1=0
[F] cyc=159 fetch raw=ffffffff pc_d=000001d8 fetch_pc=000001dc mem_direct=ffffffff
[R] cyc=159 COMMIT op=22 pc=00000180
[D] cyc=160 dispatch op=15 pc=000001c0 tag=0 raw_iq_imm=00000004 rs1=2
[F] cyc=160 fetch raw=ffffffff pc_d=000001dc fetch_pc=000001e0 mem_direct=ffffffff
[C] cyc=160 CDB tag=11 val=fffff801
[R] cyc=160 COMMIT op=35 pc=00000184
[D] cyc=161 dispatch op=63 pc=000001c4 tag=1 raw_iq_imm=00000000 rs1=0
[F] cyc=161 fetch raw=ffffffff pc_d=000001e0 fetch_pc=000001e4 mem_direct=ffffffff
[R] cyc=161 COMMIT op=15 pc=00000188
[F] cyc=162 fetch raw=ffffffff pc_d=000001e4 fetch_pc=000001e8 mem_direct=ffffffff
[C] cyc=162 CDB tag=14 val=00000000
[R] cyc=162 COMMIT op=22 pc=0000018c
[D] cyc=163 dispatch op=62 pc=000001c8 tag=2 raw_iq_imm=00000000 rs1=0
[F] cyc=164 fetch raw=ffffffff pc_d=000001e8 fetch_pc=000001ec mem_direct=ffffffff
[C] cyc=164 CDB tag=1 val=00000000
[D] cyc=165 dispatch op=62 pc=000001cc tag=3 raw_iq_imm=00000000 rs1=0
[F] cyc=166 fetch raw=ffffffff pc_d=000001ec fetch_pc=000001f0 mem_direct=ffffffff
[C] cyc=166 CDB tag=2 val=00000000
[C] cyc=168 CDB tag=3 val=00000000
[C] cyc=170 CDB tag=15 val=00000000
[C] cyc=171 CDB tag=0 val=00000000
[C] cyc=172 CDB tag=4 val=ffffedcc
[R] cyc=173 COMMIT op=8 pc=00000190
[D] cyc=174 dispatch op=62 pc=000001d0 tag=4 raw_iq_imm=00000000 rs1=0
[C] cyc=174 CDB tag=8 val=00000000
[F] cyc=175 fetch raw=ffffffff pc_d=000001f0 fetch_pc=000001f4 mem_direct=ffffffff
[C] cyc=175 CDB tag=9 val=00000000
[C] cyc=176 CDB tag=5 val=00000001
[C] cyc=177 CDB tag=6 val=00000000
[R] cyc=177 COMMIT op=35 pc=00000194
[D] cyc=178 dispatch op=62 pc=000001d4 tag=5 raw_iq_imm=00000000 rs1=0
[C] cyc=178 CDB tag=4 val=00000000
[R] cyc=178 COMMIT op=15 pc=00000198
[D] cyc=179 dispatch op=62 pc=000001d8 tag=6 raw_iq_imm=00000000 rs1=0
[F] cyc=179 fetch raw=ffffffff pc_d=000001f4 fetch_pc=000001f8 mem_direct=ffffffff
[R] cyc=179 COMMIT op=8 pc=0000019c
[D] cyc=180 dispatch op=62 pc=000001dc tag=7 raw_iq_imm=00000000 rs1=0
[F] cyc=180 fetch raw=ffffffff pc_d=000001f8 fetch_pc=000001fc mem_direct=ffffffff
[C] cyc=180 CDB tag=12 val=00000001
[R] cyc=180 COMMIT op=35 pc=000001a0
[D] cyc=181 dispatch op=62 pc=000001e0 tag=8 raw_iq_imm=00000000 rs1=0
[F] cyc=181 fetch raw=ffffffff pc_d=000001fc fetch_pc=00000200 mem_direct=ffffffff
[C] cyc=181 CDB tag=13 val=00000000
[R] cyc=181 COMMIT op=15 pc=000001a4
[D] cyc=182 dispatch op=62 pc=000001e4 tag=9 raw_iq_imm=00000000 rs1=0
[F] cyc=182 fetch raw=ffffffff pc_d=00000200 fetch_pc=00000204 mem_direct=ffffffff
[C] cyc=182 CDB tag=5 val=00000000
[R] cyc=182 COMMIT op=8 pc=000001a8
[D] cyc=183 dispatch op=62 pc=000001e8 tag=10 raw_iq_imm=00000000 rs1=0
[F] cyc=183 fetch raw=ffffffff pc_d=00000204 fetch_pc=00000208 mem_direct=ffffffff
[R] cyc=183 COMMIT op=8 pc=000001ac
[D] cyc=184 dispatch op=62 pc=000001ec tag=11 raw_iq_imm=00000000 rs1=0
[F] cyc=184 fetch raw=ffffffff pc_d=00000208 fetch_pc=0000020c mem_direct=ffffffff
[C] cyc=184 CDB tag=8 val=00000000
[R] cyc=184 COMMIT op=35 pc=000001b0
[D] cyc=185 dispatch op=62 pc=000001f0 tag=12 raw_iq_imm=00000000 rs1=0
[F] cyc=185 fetch raw=ffffffff pc_d=0000020c fetch_pc=00000210 mem_direct=ffffffff
[R] cyc=185 COMMIT op=15 pc=000001b4
[D] cyc=186 dispatch op=62 pc=000001f4 tag=13 raw_iq_imm=00000000 rs1=0
[F] cyc=186 fetch raw=ffffffff pc_d=00000210 fetch_pc=00000214 mem_direct=ffffffff
[C] cyc=186 CDB tag=10 val=00000000
[R] cyc=186 COMMIT op=8 pc=000001b8
[D] cyc=187 dispatch op=62 pc=000001f8 tag=14 raw_iq_imm=00000000 rs1=0
[F] cyc=187 fetch raw=ffffffff pc_d=00000214 fetch_pc=00000218 mem_direct=ffffffff
[R] cyc=187 COMMIT op=35 pc=000001bc
[F] cyc=188 fetch raw=ffffffff pc_d=00000218 fetch_pc=0000021c mem_direct=ffffffff
[C] cyc=188 CDB tag=12 val=00000000
[R] cyc=188 COMMIT op=15 pc=000001c0
[D] cyc=189 dispatch op=62 pc=000001fc tag=15 raw_iq_imm=00000000 rs1=0
[R] cyc=189 COMMIT op=63 pc=000001c4
[F] cyc=190 fetch raw=ffffffff pc_d=0000021c fetch_pc=00000220 mem_direct=ffffffff
[C] cyc=190 CDB tag=14 val=00000000
[R] cyc=190 COMMIT op=62 pc=000001c8
sim_compliance.sv:159: $finish called at 2135 (1s)
