../../../hardware/execute/fp_ops/fp_round.sv:47: sorry: constant selects in always_* processes are not fully supported (the process will be sensitive to all bits in 'mant_i[22:0]').
../../../hardware/execute/fp_ops/fp_round.sv:65: sorry: constant selects in always_* processes are not fully supported (the process will be sensitive to all bits in 'mant_inc[23:0]').
../../../hardware/execute/fp_ops/fp_round.sv:70: sorry: constant selects in always_* processes are not fully supported (the process will be sensitive to all bits in 'exp_out[8:0]').
../../../hardware/execute/fp_ops/fp_round.sv:75: sorry: constant selects in always_* processes are not fully supported (the process will be sensitive to all bits in 'exp_out[8:0]').
../../../hardware/execute/fp_ops/fp_round.sv:75: sorry: constant selects in always_* processes are not fully supported (the process will be sensitive to all bits in 'mant_inc[23:0]').
:0: sorry: constant selects in always_* processes are not fully supported (the process will be sensitive to all bits in 'head_entry_w[112:0]').
:0: sorry: constant selects in always_* processes are not fully supported (the process will be sensitive to all bits in 'lookup1_entry_w[112:0]').
:0: sorry: constant selects in always_* processes are not fully supported (the process will be sensitive to all bits in 'lookup1_entry_w[112:0]').
:0: sorry: constant selects in always_* processes are not fully supported (the process will be sensitive to all bits in 'lookup2_entry_w[112:0]').
:0: sorry: constant selects in always_* processes are not fully supported (the process will be sensitive to all bits in 'lookup2_entry_w[112:0]').
:0: sorry: constant selects in always_* processes are not fully supported (the process will be sensitive to all bits in 'iq_instr_i[88:0]').
:0: sorry: constant selects in always_* processes are not fully supported (the process will be sensitive to all bits in 'iq_instr_i[88:0]').
:0: sorry: constant selects in always_* processes are not fully supported (the process will be sensitive to all bits in 'iq_instr_i[88:0]').
:0: sorry: constant selects in always_* processes are not fully supported (the process will be sensitive to all bits in 'iq_instr_i[88:0]').
:0: sorry: constant selects in always_* processes are not fully supported (the process will be sensitive to all bits in 'iq_instr_i[88:0]').
:0: sorry: constant selects in always_* processes are not fully supported (the process will be sensitive to all bits in 'cdb_i[36:0]').
:0: sorry: constant selects in always_* processes are not fully supported (the process will be sensitive to all bits in 'cdb_i[36:0]').
:0: sorry: constant selects in always_* processes are not fully supported (the process will be sensitive to all bits in 'cdb_i[36:0]').
:0: sorry: constant selects in always_* processes are not fully supported (the process will be sensitive to all bits in 'cdb_i[36:0]').
:0: sorry: constant selects in always_* processes are not fully supported (the process will be sensitive to all bits in 'cdb_i[36:0]').
:0: sorry: constant selects in always_* processes are not fully supported (the process will be sensitive to all bits in 'cdb_i[36:0]').
:0: sorry: constant selects in always_* processes are not fully supported (the process will be sensitive to all bits in 'iq_instr_i[88:0]').
:0: sorry: constant selects in always_* processes are not fully supported (the process will be sensitive to all bits in 'cdb_i[36:0]').
:0: sorry: constant selects in always_* processes are not fully supported (the process will be sensitive to all bits in 'cdb_i[36:0]').
:0: sorry: constant selects in always_* processes are not fully supported (the process will be sensitive to all bits in 'cdb_i[36:0]').
:0: sorry: constant selects in always_* processes are not fully supported (the process will be sensitive to all bits in 'cdb_i[36:0]').
:0: sorry: constant selects in always_* processes are not fully supported (the process will be sensitive to all bits in 'cdb_i[36:0]').
:0: sorry: constant selects in always_* processes are not fully supported (the process will be sensitive to all bits in 'cdb_i[36:0]').
:0: sorry: constant selects in always_* processes are not fully supported (the process will be sensitive to all bits in 'iq_instr_i[88:0]').
:0: sorry: constant selects in always_* processes are not fully supported (the process will be sensitive to all bits in 'iq_instr_i[88:0]').
:0: sorry: constant selects in always_* processes are not fully supported (the process will be sensitive to all bits in 'iq_instr_i[88:0]').
:0: sorry: constant selects in always_* processes are not fully supported (the process will be sensitive to all bits in 'iq_instr_i[88:0]').
:0: sorry: constant selects in always_* processes are not fully supported (the process will be sensitive to all bits in 'iq_instr_i[88:0]').
:0: sorry: constant selects in always_* processes are not fully supported (the process will be sensitive to all bits in 'iq_instr_i[88:0]').
:0: sorry: constant selects in always_* processes are not fully supported (the process will be sensitive to all bits in 'iq_instr_i[88:0]').
:0: sorry: constant selects in always_* processes are not fully supported (the process will be sensitive to all bits in 'iq_instr_i[88:0]').
../../../hardware/execute/int_ops/alu_unit.sv:50: sorry: constant selects in always_* processes are not fully supported (the process will be sensitive to all bits in 'rs2_i[31:0]').
../../../hardware/execute/int_ops/alu_unit.sv:51: sorry: constant selects in always_* processes are not fully supported (the process will be sensitive to all bits in 'rs2_i[31:0]').
../../../hardware/execute/int_ops/alu_unit.sv:52: sorry: constant selects in always_* processes are not fully supported (the process will be sensitive to all bits in 'rs2_i[31:0]').
../../../hardware/execute/int_ops/alu_unit.sv:60: sorry: constant selects in always_* processes are not fully supported (the process will be sensitive to all bits in 'imm_i[31:0]').
../../../hardware/execute/int_ops/alu_unit.sv:61: sorry: constant selects in always_* processes are not fully supported (the process will be sensitive to all bits in 'imm_i[31:0]').
../../../hardware/execute/int_ops/alu_unit.sv:62: sorry: constant selects in always_* processes are not fully supported (the process will be sensitive to all bits in 'imm_i[31:0]').
../../../hardware/execute/fp_ops/fp_add.sv:60: sorry: constant selects in always_* processes are not fully supported (the process will be sensitive to all bits in 'a[31:0]').
../../../hardware/execute/fp_ops/fp_add.sv:60: sorry: constant selects in always_* processes are not fully supported (the process will be sensitive to all bits in 'a[31:0]').
../../../hardware/execute/fp_ops/fp_add.sv:60: sorry: constant selects in always_* processes are not fully supported (the process will be sensitive to all bits in 'a[31:0]').
../../../hardware/execute/fp_ops/fp_add.sv:61: sorry: constant selects in always_* processes are not fully supported (the process will be sensitive to all bits in 'b[31:0]').
../../../hardware/execute/fp_ops/fp_add.sv:62: sorry: constant selects in always_* processes are not fully supported (the process will be sensitive to all bits in 'b[31:0]').
../../../hardware/execute/fp_ops/fp_add.sv:62: sorry: constant selects in always_* processes are not fully supported (the process will be sensitive to all bits in 'b[31:0]').
../../../hardware/execute/fp_ops/fp_add.sv:67: sorry: constant selects in always_* processes are not fully supported (the process will be sensitive to all bits in 'b[31:0]').
../../../hardware/execute/fp_ops/fp_add.sv:80: sorry: constant selects in always_* processes are not fully supported (the process will be sensitive to all bits in 'ediff[7:0]').
../../../hardware/execute/fp_ops/fp_add.sv:97: sorry: constant selects in always_* processes are not fully supported (the process will be sensitive to all bits in 's[26:0]').
../../../hardware/execute/fp_ops/fp_add.sv:100: sorry: constant selects in always_* processes are not fully supported (the process will be sensitive to all bits in 's[26:0]').
../../../hardware/execute/fp_ops/fp_add.sv:108: sorry: constant selects in always_* processes are not fully supported (the process will be sensitive to all bits in 's[26:0]').
../../../hardware/execute/fp_ops/fp_add.sv:108: sorry: constant selects in always_* processes are not fully supported (the process will be sensitive to all bits in 'sh[7:0]').
../../../hardware/execute/fp_ops/fp_add.sv:112: sorry: constant selects in always_* processes are not fully supported (the process will be sensitive to all bits in 'norm[25:0]').
../../../hardware/execute/fp_ops/fp_mul.sv:74: sorry: constant selects in always_* processes are not fully supported (the process will be sensitive to all bits in 'rs1_i[31:0]').
../../../hardware/execute/fp_ops/fp_mul.sv:74: sorry: constant selects in always_* processes are not fully supported (the process will be sensitive to all bits in 'rs1_i[31:0]').
../../../hardware/execute/fp_ops/fp_mul.sv:75: sorry: constant selects in always_* processes are not fully supported (the process will be sensitive to all bits in 'rs2_i[31:0]').
../../../hardware/execute/fp_ops/fp_mul.sv:75: sorry: constant selects in always_* processes are not fully supported (the process will be sensitive to all bits in 'rs2_i[31:0]').
../../../hardware/execute/fp_ops/fp_mul.sv:77: sorry: constant selects in always_* processes are not fully supported (the process will be sensitive to all bits in 'rs1_i[31:0]').
../../../hardware/execute/fp_ops/fp_mul.sv:77: sorry: constant selects in always_* processes are not fully supported (the process will be sensitive to all bits in 'rs2_i[31:0]').
../../../hardware/execute/fp_ops/fp_mul.sv:82: sorry: constant selects in always_* processes are not fully supported (the process will be sensitive to all bits in 'ma[23:0]').
../../../hardware/execute/fp_ops/fp_mul.sv:82: sorry: constant selects in always_* processes are not fully supported (the process will be sensitive to all bits in 'mb[23:0]').
../../../hardware/execute/fp_ops/fp_mul.sv:83: sorry: constant selects in always_* processes are not fully supported (the process will be sensitive to all bits in 'ma[23:0]').
../../../hardware/execute/fp_ops/fp_mul.sv:83: sorry: constant selects in always_* processes are not fully supported (the process will be sensitive to all bits in 'mb[23:0]').
../../../hardware/execute/fp_ops/fp_mul.sv:84: sorry: constant selects in always_* processes are not fully supported (the process will be sensitive to all bits in 'ma[23:0]').
../../../hardware/execute/fp_ops/fp_mul.sv:84: sorry: constant selects in always_* processes are not fully supported (the process will be sensitive to all bits in 'mb[23:0]').
../../../hardware/execute/fp_ops/fp_mul.sv:85: sorry: constant selects in always_* processes are not fully supported (the process will be sensitive to all bits in 'ma[23:0]').
../../../hardware/execute/fp_ops/fp_mul.sv:85: sorry: constant selects in always_* processes are not fully supported (the process will be sensitive to all bits in 'mb[23:0]').
../../../hardware/execute/fp_ops/fp_mul.sv:112: sorry: constant selects in always_* processes are not fully supported (the process will be sensitive to all bits in 's2_product[47:0]').
../../../hardware/execute/fp_ops/fp_mul.sv:114: sorry: constant selects in always_* processes are not fully supported (the process will be sensitive to all bits in 's2_product[47:0]').
../../../hardware/execute/fp_ops/fp_mul.sv:116: sorry: constant selects in always_* processes are not fully supported (the process will be sensitive to all bits in 's2_product[47:0]').
../../../hardware/execute/fp_ops/fp_mul.sv:118: sorry: constant selects in always_* processes are not fully supported (the process will be sensitive to all bits in 'er[9:0]').
../../../hardware/execute/fp_ops/fp_mul.sv:120: sorry: constant selects in always_* processes are not fully supported (the process will be sensitive to all bits in 'er[9:0]').
../../../hardware/execute/fp_ops/fp_div.sv:138: sorry: constant selects in always_* processes are not fully supported (the process will be sensitive to all bits in 's_exp[9:0]').
../../../hardware/execute/fp_ops/fp_div.sv:142: sorry: constant selects in always_* processes are not fully supported (the process will be sensitive to all bits in 's_qreg[23:0]').
../../../hardware/execute/fp_ops/fp_div.sv:143: sorry: constant selects in always_* processes are not fully supported (the process will be sensitive to all bits in 's_exp[9:0]').
../../../hardware/execute/fp_ops/fp_div.sv:143: sorry: constant selects in always_* processes are not fully supported (the process will be sensitive to all bits in 's_qreg[23:0]').
../../../hardware/execute/fp_ops/fp_div.sv:147: sorry: constant selects in always_* processes are not fully supported (the process will be sensitive to all bits in 's_exp[9:0]').
../../../hardware/execute/fp_ops/fp_div.sv:147: sorry: constant selects in always_* processes are not fully supported (the process will be sensitive to all bits in 's_qreg[23:0]').
../../../hardware/execute/fp_ops/fp_div.sv:165: sorry: constant selects in always_* processes are not fully supported (the process will be sensitive to all bits in 'rs1_i[31:0]').
../../../hardware/execute/fp_ops/fp_div.sv:165: sorry: constant selects in always_* processes are not fully supported (the process will be sensitive to all bits in 'rs1_i[31:0]').
../../../hardware/execute/fp_ops/fp_div.sv:166: sorry: constant selects in always_* processes are not fully supported (the process will be sensitive to all bits in 'rs2_i[31:0]').
../../../hardware/execute/fp_ops/fp_div.sv:166: sorry: constant selects in always_* processes are not fully supported (the process will be sensitive to all bits in 'rs2_i[31:0]').
../../../hardware/execute/fp_ops/fp_div.sv:167: sorry: constant selects in always_* processes are not fully supported (the process will be sensitive to all bits in 'rs1_i[31:0]').
../../../hardware/execute/fp_ops/fp_div.sv:167: sorry: constant selects in always_* processes are not fully supported (the process will be sensitive to all bits in 'rs2_i[31:0]').
:0: sorry: constant selects in always_* processes are not fully supported (the process will be sensitive to all bits in 'head_entry_w[147:0]').
../../../hardware/execute/lsb/load_store_buffer.sv:121: sorry: constant selects in always_* processes are not fully supported (the process will be sensitive to all bits in 'head_addr[31:0]').
../../../hardware/execute/lsb/load_store_buffer.sv:122: sorry: constant selects in always_* processes are not fully supported (the process will be sensitive to all bits in 'head_addr[31:0]').
:0: sorry: constant selects in always_* processes are not fully supported (the process will be sensitive to all bits in 'head_entry_w[147:0]').
../../../hardware/execute/lsb/load_store_buffer.sv:131: sorry: constant selects in always_* processes are not fully supported (the process will be sensitive to all bits in 'head_entry_w[147:0]').
../../../hardware/execute/lsb/load_store_buffer.sv:132: sorry: constant selects in always_* processes are not fully supported (the process will be sensitive to all bits in 'head_entry_w[147:0]').
:0: sorry: constant selects in always_* processes are not fully supported (the process will be sensitive to all bits in 'head_entry_w[147:0]').
../../../hardware/execute/lsb/load_store_buffer.sv:143: sorry: constant selects in always_* processes are not fully supported (the process will be sensitive to all bits in 'mem_rd_data_i[31:0]').
../../../hardware/execute/lsb/load_store_buffer.sv:143: sorry: constant selects in always_* processes are not fully supported (the process will be sensitive to all bits in 'mem_rd_data_i[31:0]').
../../../hardware/execute/lsb/load_store_buffer.sv:144: sorry: constant selects in always_* processes are not fully supported (the process will be sensitive to all bits in 'mem_rd_data_i[31:0]').
../../../hardware/execute/lsb/load_store_buffer.sv:144: sorry: constant selects in always_* processes are not fully supported (the process will be sensitive to all bits in 'mem_rd_data_i[31:0]').
../../../hardware/execute/lsb/load_store_buffer.sv:145: sorry: constant selects in always_* processes are not fully supported (the process will be sensitive to all bits in 'mem_rd_data_i[31:0]').
../../../hardware/execute/lsb/load_store_buffer.sv:145: sorry: constant selects in always_* processes are not fully supported (the process will be sensitive to all bits in 'mem_rd_data_i[31:0]').
../../../hardware/execute/lsb/load_store_buffer.sv:146: sorry: constant selects in always_* processes are not fully supported (the process will be sensitive to all bits in 'mem_rd_data_i[31:0]').
../../../hardware/execute/lsb/load_store_buffer.sv:146: sorry: constant selects in always_* processes are not fully supported (the process will be sensitive to all bits in 'mem_rd_data_i[31:0]').
../../../hardware/execute/lsb/load_store_buffer.sv:151: sorry: constant selects in always_* processes are not fully supported (the process will be sensitive to all bits in 'mem_rd_data_i[31:0]').
../../../hardware/execute/lsb/load_store_buffer.sv:152: sorry: constant selects in always_* processes are not fully supported (the process will be sensitive to all bits in 'mem_rd_data_i[31:0]').
../../../hardware/execute/lsb/load_store_buffer.sv:153: sorry: constant selects in always_* processes are not fully supported (the process will be sensitive to all bits in 'mem_rd_data_i[31:0]').
../../../hardware/execute/lsb/load_store_buffer.sv:154: sorry: constant selects in always_* processes are not fully supported (the process will be sensitive to all bits in 'mem_rd_data_i[31:0]').
../../../hardware/execute/lsb/load_store_buffer.sv:157: sorry: constant selects in always_* processes are not fully supported (the process will be sensitive to all bits in 'load_pending_byte_sel[1:0]').
../../../hardware/execute/lsb/load_store_buffer.sv:158: sorry: constant selects in always_* processes are not fully supported (the process will be sensitive to all bits in 'mem_rd_data_i[31:0]').
../../../hardware/execute/lsb/load_store_buffer.sv:158: sorry: constant selects in always_* processes are not fully supported (the process will be sensitive to all bits in 'mem_rd_data_i[31:0]').
../../../hardware/execute/lsb/load_store_buffer.sv:159: sorry: constant selects in always_* processes are not fully supported (the process will be sensitive to all bits in 'mem_rd_data_i[31:0]').
../../../hardware/execute/lsb/load_store_buffer.sv:159: sorry: constant selects in always_* processes are not fully supported (the process will be sensitive to all bits in 'mem_rd_data_i[31:0]').
../../../hardware/execute/lsb/load_store_buffer.sv:160: sorry: constant selects in always_* processes are not fully supported (the process will be sensitive to all bits in 'load_pending_byte_sel[1:0]').
../../../hardware/execute/lsb/load_store_buffer.sv:161: sorry: constant selects in always_* processes are not fully supported (the process will be sensitive to all bits in 'mem_rd_data_i[31:0]').
../../../hardware/execute/lsb/load_store_buffer.sv:162: sorry: constant selects in always_* processes are not fully supported (the process will be sensitive to all bits in 'mem_rd_data_i[31:0]').
../../../hardware/execute/fp_ops/fp_cvt.sv:56: sorry: constant selects in always_* processes are not fully supported (the process will be sensitive to all bits in 'f[31:0]').
../../../hardware/execute/fp_ops/fp_cvt.sv:57: sorry: constant selects in always_* processes are not fully supported (the process will be sensitive to all bits in 'f[31:0]').
../../../hardware/execute/fp_ops/fp_cvt.sv:58: sorry: constant selects in always_* processes are not fully supported (the process will be sensitive to all bits in 'f[31:0]').
../../../hardware/execute/fp_ops/fp_cvt.sv:98: sorry: constant selects in always_* processes are not fully supported (the process will be sensitive to all bits in 'x[31:0]').
../../../hardware/execute/fp_ops/fp_cvt.sv:109: sorry: constant selects in always_* processes are not fully supported (the process will be sensitive to all bits in 'norm[31:0]').
:0: sorry: constant selects in always_* processes are not fully supported (the process will be sensitive to all bits in 'commit_entry_i[112:0]').
:0: sorry: constant selects in always_* processes are not fully supported (the process will be sensitive to all bits in 'commit_entry_i[112:0]').
:0: sorry: constant selects in always_* processes are not fully supported (the process will be sensitive to all bits in 'commit_entry_i[112:0]').
:0: sorry: constant selects in always_* processes are not fully supported (the process will be sensitive to all bits in 'commit_entry_i[112:0]').
:0: sorry: constant selects in always_* processes are not fully supported (the process will be sensitive to all bits in 'commit_entry_i[112:0]').
:0: sorry: constant selects in always_* processes are not fully supported (the process will be sensitive to all bits in 'commit_entry_i[112:0]').
:0: sorry: constant selects in always_* processes are not fully supported (the process will be sensitive to all bits in 'commit_entry_i[112:0]').
:0: sorry: constant selects in always_* processes are not fully supported (the process will be sensitive to all bits in 'commit_entry_i[112:0]').
:0: sorry: constant selects in always_* processes are not fully supported (the process will be sensitive to all bits in 'commit_entry_i[112:0]').
:0: sorry: constant selects in always_* processes are not fully supported (the process will be sensitive to all bits in 'commit_entry_i[112:0]').
:0: sorry: constant selects in always_* processes are not fully supported (the process will be sensitive to all bits in 'commit_entry_i[112:0]').
:0: sorry: constant selects in always_* processes are not fully supported (the process will be sensitive to all bits in 'commit_entry_i[112:0]').
:0: sorry: constant selects in always_* processes are not fully supported (the process will be sensitive to all bits in 'commit_entry_i[112:0]').
:0: sorry: constant selects in always_* processes are not fully supported (the process will be sensitive to all bits in 'commit_entry_i[112:0]').
../../../hardware/core/tomasulo_core.sv:54: sorry: constant selects in always_* processes are not fully supported (the process will be sensitive to all bits in 'raw[31:0]').
../../../hardware/core/tomasulo_core.sv:54: sorry: constant selects in always_* processes are not fully supported (the process will be sensitive to all bits in 'raw[31:0]').
../../../hardware/core/tomasulo_core.sv:54: sorry: constant selects in always_* processes are not fully supported (the process will be sensitive to all bits in 'raw[31:0]').
../../../hardware/core/tomasulo_core.sv:55: sorry: constant selects in always_* processes are not fully supported (the process will be sensitive to all bits in 'raw[31:0]').
../../../hardware/core/tomasulo_core.sv:55: sorry: constant selects in always_* processes are not fully supported (the process will be sensitive to all bits in 'raw[31:0]').
../../../hardware/core/tomasulo_core.sv:55: sorry: constant selects in always_* processes are not fully supported (the process will be sensitive to all bits in 'raw[31:0]').
../../../hardware/core/tomasulo_core.sv:71: sorry: constant selects in always_* processes are not fully supported (the process will be sensitive to all bits in 'funct7[6:0]').
../../../hardware/core/tomasulo_core.sv:82: sorry: constant selects in always_* processes are not fully supported (the process will be sensitive to all bits in 'raw[31:0]').
../../../hardware/core/tomasulo_core.sv:82: sorry: constant selects in always_* processes are not fully supported (the process will be sensitive to all bits in 'raw[31:0]').
../../../hardware/core/tomasulo_core.sv:88: sorry: constant selects in always_* processes are not fully supported (the process will be sensitive to all bits in 'funct7[6:0]').
../../../hardware/core/tomasulo_core.sv:94: sorry: constant selects in always_* processes are not fully supported (the process will be sensitive to all bits in 'raw[31:0]').
../../../hardware/core/tomasulo_core.sv:94: sorry: constant selects in always_* processes are not fully supported (the process will be sensitive to all bits in 'raw[31:0]').
../../../hardware/core/tomasulo_core.sv:104: sorry: constant selects in always_* processes are not fully supported (the process will be sensitive to all bits in 'raw[31:0]').
../../../hardware/core/tomasulo_core.sv:104: sorry: constant selects in always_* processes are not fully supported (the process will be sensitive to all bits in 'raw[31:0]').
../../../hardware/core/tomasulo_core.sv:104: sorry: constant selects in always_* processes are not fully supported (the process will be sensitive to all bits in 'raw[31:0]').
../../../hardware/core/tomasulo_core.sv:114: sorry: constant selects in always_* processes are not fully supported (the process will be sensitive to all bits in 'raw[31:0]').
../../../hardware/core/tomasulo_core.sv:114: sorry: constant selects in always_* processes are not fully supported (the process will be sensitive to all bits in 'raw[31:0]').
../../../hardware/core/tomasulo_core.sv:114: sorry: constant selects in always_* processes are not fully supported (the process will be sensitive to all bits in 'raw[31:0]').
../../../hardware/core/tomasulo_core.sv:114: sorry: constant selects in always_* processes are not fully supported (the process will be sensitive to all bits in 'raw[31:0]').
../../../hardware/core/tomasulo_core.sv:114: sorry: constant selects in always_* processes are not fully supported (the process will be sensitive to all bits in 'raw[31:0]').
../../../hardware/core/tomasulo_core.sv:124: sorry: constant selects in always_* processes are not fully supported (the process will be sensitive to all bits in 'raw[31:0]').
../../../hardware/core/tomasulo_core.sv:124: sorry: constant selects in always_* processes are not fully supported (the process will be sensitive to all bits in 'raw[31:0]').
../../../hardware/core/tomasulo_core.sv:124: sorry: constant selects in always_* processes are not fully supported (the process will be sensitive to all bits in 'raw[31:0]').
../../../hardware/core/tomasulo_core.sv:124: sorry: constant selects in always_* processes are not fully supported (the process will be sensitive to all bits in 'raw[31:0]').
../../../hardware/core/tomasulo_core.sv:124: sorry: constant selects in always_* processes are not fully supported (the process will be sensitive to all bits in 'raw[31:0]').
../../../hardware/core/tomasulo_core.sv:129: sorry: constant selects in always_* processes are not fully supported (the process will be sensitive to all bits in 'raw[31:0]').
../../../hardware/core/tomasulo_core.sv:129: sorry: constant selects in always_* processes are not fully supported (the process will be sensitive to all bits in 'raw[31:0]').
../../../hardware/core/tomasulo_core.sv:134: sorry: constant selects in always_* processes are not fully supported (the process will be sensitive to all bits in 'raw[31:0]').
../../../hardware/core/tomasulo_core.sv:138: sorry: constant selects in always_* processes are not fully supported (the process will be sensitive to all bits in 'raw[31:0]').
../../../hardware/core/tomasulo_core.sv:144: sorry: constant selects in always_* processes are not fully supported (the process will be sensitive to all bits in 'raw[31:0]').
../../../hardware/core/tomasulo_core.sv:144: sorry: constant selects in always_* processes are not fully supported (the process will be sensitive to all bits in 'raw[31:0]').
../../../hardware/core/tomasulo_core.sv:150: sorry: constant selects in always_* processes are not fully supported (the process will be sensitive to all bits in 'raw[31:0]').
../../../hardware/core/tomasulo_core.sv:150: sorry: constant selects in always_* processes are not fully supported (the process will be sensitive to all bits in 'raw[31:0]').
../../../hardware/core/tomasulo_core.sv:150: sorry: constant selects in always_* processes are not fully supported (the process will be sensitive to all bits in 'raw[31:0]').
[tb] loading hex: build/I-SLT-01.hex
[tb] hex loaded, entering reset
[tb] rst_n=0, waiting for 4 clk edges...
[tb] reset done, rst_n=1
[F] cyc=1 fetch raw=27000293 pc_d=00000000 fetch_pc=00000004 mem_direct=27000293
[D] cyc=2 dispatch op=8 pc=00000000 tag=0 raw_iq_imm=00000270 rs1=0
[F] cyc=2 fetch raw=fff00f93 pc_d=00000004 fetch_pc=00000008 mem_direct=fff00f93
[D] cyc=3 dispatch op=8 pc=00000004 tag=1 raw_iq_imm=ffffffff rs1=0
[F] cyc=3 fetch raw=00000813 pc_d=00000008 fetch_pc=0000000c mem_direct=00000813
[D] cyc=4 dispatch op=8 pc=00000008 tag=2 raw_iq_imm=00000000 rs1=0
[F] cyc=4 fetch raw=010fa033 pc_d=0000000c fetch_pc=00000010 mem_direct=010fa033
[D] cyc=5 dispatch op=33 pc=0000000c tag=3 raw_iq_imm=00000000 rs1=31
[F] cyc=5 fetch raw=0002a023 pc_d=00000010 fetch_pc=00000014 mem_direct=0002a023
[C] cyc=5 CDB tag=0 val=00000270
[D] cyc=6 dispatch op=15 pc=00000010 tag=4 raw_iq_imm=00000000 rs1=5
[F] cyc=6 fetch raw=00100f13 pc_d=00000014 fetch_pc=00000018 mem_direct=00100f13
[R] cyc=6 COMMIT op=8 pc=00000000
[D] cyc=7 dispatch op=8 pc=00000014 tag=5 raw_iq_imm=00000001 rs1=0
[F] cyc=7 fetch raw=80100793 pc_d=00000018 fetch_pc=0000001c mem_direct=80100793
[C] cyc=7 CDB tag=4 val=00000000
[D] cyc=8 dispatch op=8 pc=00000018 tag=6 raw_iq_imm=fffff801 rs1=0
[F] cyc=8 fetch raw=00ff20b3 pc_d=0000001c fetch_pc=00000020 mem_direct=00ff20b3
[C] cyc=8 CDB tag=2 val=00000000
[D] cyc=9 dispatch op=33 pc=0000001c tag=7 raw_iq_imm=00000000 rs1=30
[F] cyc=9 fetch raw=0012a223 pc_d=00000020 fetch_pc=00000024 mem_direct=0012a223
[D] cyc=10 dispatch op=15 pc=00000020 tag=8 raw_iq_imm=00000004 rs1=5
[F] cyc=10 fetch raw=00000e93 pc_d=00000024 fetch_pc=00000028 mem_direct=00000e93
[C] cyc=10 CDB tag=5 val=00000001
[D] cyc=11 dispatch op=8 pc=00000024 tag=9 raw_iq_imm=00000000 rs1=0
[F] cyc=11 fetch raw=fff00713 pc_d=00000028 fetch_pc=0000002c mem_direct=fff00713
[D] cyc=12 dispatch op=8 pc=00000028 tag=10 raw_iq_imm=ffffffff rs1=0
[F] cyc=12 fetch raw=00eea133 pc_d=0000002c fetch_pc=00000030 mem_direct=00eea133
[C] cyc=12 CDB tag=1 val=ffffffff
[D] cyc=13 dispatch op=33 pc=0000002c tag=11 raw_iq_imm=00000000 rs1=29
[F] cyc=13 fetch raw=0022a423 pc_d=00000030 fetch_pc=00000034 mem_direct=0022a423
[R] cyc=13 COMMIT op=8 pc=00000004
[D] cyc=14 dispatch op=15 pc=00000030 tag=12 raw_iq_imm=00000008 rs1=5
[F] cyc=14 fetch raw=7ff00e13 pc_d=00000034 fetch_pc=00000038 mem_direct=7ff00e13
[C] cyc=14 CDB tag=9 val=00000000
[R] cyc=14 COMMIT op=8 pc=00000008
[D] cyc=15 dispatch op=8 pc=00000034 tag=13 raw_iq_imm=000007ff rs1=0
[F] cyc=15 fetch raw=fffff6b7 pc_d=00000038 fetch_pc=0000003c mem_direct=fffff6b7
[D] cyc=16 dispatch op=22 pc=00000038 tag=14 raw_iq_imm=fffff000 rs1=0
[F] cyc=16 fetch raw=dcc68693 pc_d=0000003c fetch_pc=00000040 mem_direct=dcc68693
[C] cyc=16 CDB tag=3 val=00000001
[D] cyc=17 dispatch op=8 pc=0000003c tag=15 raw_iq_imm=fffffdcc rs1=13
[F] cyc=17 fetch raw=00de21b3 pc_d=00000040 fetch_pc=00000044 mem_direct=00de21b3
[R] cyc=17 COMMIT op=33 pc=0000000c
[F] cyc=18 fetch raw=0032a623 pc_d=00000044 fetch_pc=00000048 mem_direct=0032a623
[C] cyc=18 CDB tag=13 val=000007ff
[R] cyc=18 COMMIT op=15 pc=00000010
[D] cyc=19 dispatch op=33 pc=00000040 tag=0 raw_iq_imm=00000000 rs1=28
[F] cyc=19 fetch raw=00000d93 pc_d=00000048 fetch_pc=0000004c mem_direct=00000d93
[R] cyc=19 COMMIT op=8 pc=00000014
[D] cyc=20 dispatch op=15 pc=00000044 tag=1 raw_iq_imm=0000000c rs1=5
[F] cyc=20 fetch raw=80000637 pc_d=0000004c fetch_pc=00000050 mem_direct=80000637
[C] cyc=20 CDB tag=6 val=fffff801
[D] cyc=21 dispatch op=8 pc=00000048 tag=2 raw_iq_imm=00000000 rs1=0
[F] cyc=21 fetch raw=00cda233 pc_d=00000050 fetch_pc=00000054 mem_direct=00cda233
[R] cyc=21 COMMIT op=8 pc=00000018
[F] cyc=22 fetch raw=0042a823 pc_d=00000054 fetch_pc=00000058 mem_direct=0042a823
[C] cyc=22 CDB tag=10 val=ffffffff
[D] cyc=23 dispatch op=22 pc=0000004c tag=3 raw_iq_imm=80000000 rs1=0
[F] cyc=23 fetch raw=28400093 pc_d=00000058 fetch_pc=0000005c mem_direct=28400093
[F] cyc=24 fetch raw=00001d37 pc_d=0000005c fetch_pc=00000060 mem_direct=00001d37
[C] cyc=24 CDB tag=7 val=00000000
[D] cyc=25 dispatch op=33 pc=00000050 tag=4 raw_iq_imm=00000000 rs1=27
[F] cyc=25 fetch raw=800d0d13 pc_d=00000060 fetch_pc=00000064 mem_direct=800d0d13
[C] cyc=25 CDB tag=8 val=00000000
[R] cyc=25 COMMIT op=33 pc=0000001c
[D] cyc=26 dispatch op=15 pc=00000054 tag=5 raw_iq_imm=00000010 rs1=5
[F] cyc=26 fetch raw=000015b7 pc_d=00000064 fetch_pc=00000068 mem_direct=000015b7
[C] cyc=26 CDB tag=3 val=80000000
[R] cyc=26 COMMIT op=15 pc=00000020
[D] cyc=27 dispatch op=8 pc=00000058 tag=6 raw_iq_imm=00000284 rs1=0
[F] cyc=27 fetch raw=23458593 pc_d=00000068 fetch_pc=0000006c mem_direct=23458593
[R] cyc=27 COMMIT op=8 pc=00000024
[F] cyc=28 fetch raw=00bd22b3 pc_d=0000006c fetch_pc=00000070 mem_direct=00bd22b3
[C] cyc=28 CDB tag=11 val=00000000
[R] cyc=28 COMMIT op=8 pc=00000028
[D] cyc=29 dispatch op=22 pc=0000005c tag=7 raw_iq_imm=00001000 rs1=0
[F] cyc=29 fetch raw=0050a023 pc_d=00000070 fetch_pc=00000074 mem_direct=0050a023
[C] cyc=29 CDB tag=12 val=00000000
[R] cyc=29 COMMIT op=33 pc=0000002c
[F] cyc=30 fetch raw=07654cb7 pc_d=00000074 fetch_pc=00000078 mem_direct=07654cb7
[C] cyc=30 CDB tag=6 val=00000284
[R] cyc=30 COMMIT op=15 pc=00000030
[D] cyc=31 dispatch op=8 pc=00000060 tag=8 raw_iq_imm=fffff800 rs1=26
[F] cyc=31 fetch raw=321c8c93 pc_d=00000078 fetch_pc=0000007c mem_direct=321c8c93
[R] cyc=31 COMMIT op=8 pc=00000034
[F] cyc=32 fetch raw=fff00513 pc_d=0000007c fetch_pc=00000080 mem_direct=fff00513
[C] cyc=32 CDB tag=7 val=00001000
[D] cyc=33 dispatch op=22 pc=00000064 tag=9 raw_iq_imm=00001000 rs1=0
[F] cyc=33 fetch raw=00aca333 pc_d=00000080 fetch_pc=00000084 mem_direct=00aca333
[F] cyc=34 fetch raw=0060a223 pc_d=00000084 fetch_pc=00000088 mem_direct=0060a223
[C] cyc=34 CDB tag=2 val=00000000
[D] cyc=35 dispatch op=8 pc=00000068 tag=10 raw_iq_imm=00000234 rs1=11
[F] cyc=36 fetch raw=80000c37 pc_d=00000088 fetch_pc=0000008c mem_direct=80000c37
[C] cyc=36 CDB tag=8 val=00000800
[D] cyc=37 dispatch op=33 pc=0000006c tag=11 raw_iq_imm=00000000 rs1=26
[D] cyc=38 dispatch op=15 pc=00000070 tag=12 raw_iq_imm=00000000 rs1=1
[F] cyc=38 fetch raw=fffc0c13 pc_d=0000008c fetch_pc=00000090 mem_direct=fffc0c13
[C] cyc=38 CDB tag=4 val=00000000
[D] cyc=39 dispatch op=22 pc=00000074 tag=13 raw_iq_imm=07654000 rs1=0
[F] cyc=39 fetch raw=00100493 pc_d=00000090 fetch_pc=00000094 mem_direct=00100493
[C] cyc=39 CDB tag=5 val=00000000
[F] cyc=40 fetch raw=009c23b3 pc_d=00000094 fetch_pc=00000098 mem_direct=009c23b3
[C] cyc=40 CDB tag=9 val=00001000
[C] cyc=42 CDB tag=13 val=07654000
[C] cyc=44 CDB tag=10 val=00001234
[C] cyc=46 CDB tag=14 val=fffff000
[R] cyc=47 COMMIT op=22 pc=00000038
[D] cyc=48 dispatch op=8 pc=00000078 tag=14 raw_iq_imm=00000321 rs1=25
[C] cyc=48 CDB tag=11 val=00000001
[F] cyc=49 fetch raw=0070a423 pc_d=00000098 fetch_pc=0000009c mem_direct=0070a423
[C] cyc=49 CDB tag=12 val=00000000
[C] cyc=50 CDB tag=15 val=ffffedcc
[R] cyc=51 COMMIT op=8 pc=0000003c
[D] cyc=52 dispatch op=8 pc=0000007c tag=15 raw_iq_imm=ffffffff rs1=0
[C] cyc=52 CDB tag=14 val=07654321
[F] cyc=53 fetch raw=00100b93 pc_d=0000009c fetch_pc=000000a0 mem_direct=00100b93
[C] cyc=54 CDB tag=0 val=00000000
[C] cyc=55 CDB tag=1 val=00000000
[R] cyc=55 COMMIT op=33 pc=00000040
[D] cyc=56 dispatch op=33 pc=00000080 tag=0 raw_iq_imm=00000000 rs1=25
[C] cyc=56 CDB tag=15 val=ffffffff
[R] cyc=56 COMMIT op=15 pc=00000044
[D] cyc=57 dispatch op=15 pc=00000084 tag=1 raw_iq_imm=00000004 rs1=1
[F] cyc=57 fetch raw=80000437 pc_d=000000a0 fetch_pc=000000a4 mem_direct=80000437
[R] cyc=57 COMMIT op=8 pc=00000048
[D] cyc=58 dispatch op=22 pc=00000088 tag=2 raw_iq_imm=80000000 rs1=0
[F] cyc=58 fetch raw=fff40413 pc_d=000000a4 fetch_pc=000000a8 mem_direct=fff40413
[R] cyc=58 COMMIT op=22 pc=0000004c
[D] cyc=59 dispatch op=8 pc=0000008c tag=3 raw_iq_imm=ffffffff rs1=24
[F] cyc=59 fetch raw=008ba433 pc_d=000000a8 fetch_pc=000000ac mem_direct=008ba433
[C] cyc=59 CDB tag=0 val=00000000
[R] cyc=59 COMMIT op=33 pc=00000050
[D] cyc=60 dispatch op=8 pc=00000090 tag=4 raw_iq_imm=00000001 rs1=0
[F] cyc=60 fetch raw=0080a623 pc_d=000000ac fetch_pc=000000b0 mem_direct=0080a623
[C] cyc=60 CDB tag=1 val=00000000
[R] cyc=60 COMMIT op=15 pc=00000054
[D] cyc=61 dispatch op=33 pc=00000094 tag=5 raw_iq_imm=00000000 rs1=24
[F] cyc=61 fetch raw=fff00b13 pc_d=000000b0 fetch_pc=000000b4 mem_direct=fff00b13
[C] cyc=61 CDB tag=2 val=80000000
[R] cyc=61 COMMIT op=8 pc=00000058
[D] cyc=62 dispatch op=15 pc=00000098 tag=6 raw_iq_imm=00000008 rs1=1
[F] cyc=62 fetch raw=076543b7 pc_d=000000b4 fetch_pc=000000b8 mem_direct=076543b7
[R] cyc=62 COMMIT op=22 pc=0000005c
[D] cyc=63 dispatch op=8 pc=0000009c tag=7 raw_iq_imm=00000001 rs1=0
[F] cyc=63 fetch raw=32138393 pc_d=000000b8 fetch_pc=000000bc mem_direct=32138393
[C] cyc=63 CDB tag=4 val=00000001
[R] cyc=63 COMMIT op=8 pc=00000060
[D] cyc=64 dispatch op=22 pc=000000a0 tag=8 raw_iq_imm=80000000 rs1=0
[F] cyc=64 fetch raw=007b24b3 pc_d=000000bc fetch_pc=000000c0 mem_direct=007b24b3
[R] cyc=64 COMMIT op=22 pc=00000064
[D] cyc=65 dispatch op=8 pc=000000a4 tag=9 raw_iq_imm=ffffffff rs1=8
[F] cyc=65 fetch raw=0090a823 pc_d=000000c0 fetch_pc=000000c4 mem_direct=0090a823
[C] cyc=65 CDB tag=3 val=7fffffff
[R] cyc=65 COMMIT op=8 pc=00000068
[D] cyc=66 dispatch op=33 pc=000000a8 tag=10 raw_iq_imm=00000000 rs1=23
[F] cyc=66 fetch raw=29800093 pc_d=000000c4 fetch_pc=000000c8 mem_direct=29800093
[R] cyc=66 COMMIT op=33 pc=0000006c
[D] cyc=67 dispatch op=15 pc=000000ac tag=11 raw_iq_imm=0000000c rs1=1
[F] cyc=67 fetch raw=00001ab7 pc_d=000000c8 fetch_pc=000000cc mem_direct=00001ab7
[C] cyc=67 CDB tag=7 val=00000001
[R] cyc=67 COMMIT op=15 pc=00000070
[D] cyc=68 dispatch op=8 pc=000000b0 tag=12 raw_iq_imm=ffffffff rs1=0
[F] cyc=68 fetch raw=234a8a93 pc_d=000000cc fetch_pc=000000d0 mem_direct=234a8a93
[R] cyc=68 COMMIT op=22 pc=00000074
[D] cyc=69 dispatch op=22 pc=000000b4 tag=13 raw_iq_imm=07654000 rs1=0
[F] cyc=69 fetch raw=00001337 pc_d=000000d0 fetch_pc=000000d4 mem_direct=00001337
[C] cyc=69 CDB tag=8 val=80000000
[R] cyc=69 COMMIT op=8 pc=00000078
[D] cyc=70 dispatch op=8 pc=000000b8 tag=14 raw_iq_imm=00000321 rs1=7
[F] cyc=70 fetch raw=80030313 pc_d=000000d4 fetch_pc=000000d8 mem_direct=80030313
[R] cyc=70 COMMIT op=8 pc=0000007c
[D] cyc=71 dispatch op=33 pc=000000bc tag=15 raw_iq_imm=00000000 rs1=22
[F] cyc=71 fetch raw=006aa533 pc_d=000000d8 fetch_pc=000000dc mem_direct=006aa533
[C] cyc=71 CDB tag=12 val=ffffffff
[R] cyc=71 COMMIT op=33 pc=00000080
[D] cyc=72 dispatch op=15 pc=000000c0 tag=0 raw_iq_imm=00000010 rs1=1
[F] cyc=72 fetch raw=00a0a023 pc_d=000000dc fetch_pc=000000e0 mem_direct=00a0a023
[R] cyc=72 COMMIT op=15 pc=00000084
[D] cyc=73 dispatch op=8 pc=000000c4 tag=1 raw_iq_imm=00000298 rs1=0
[F] cyc=73 fetch raw=80000a37 pc_d=000000e0 fetch_pc=000000e4 mem_direct=80000a37
[C] cyc=73 CDB tag=5 val=00000000
[R] cyc=73 COMMIT op=22 pc=00000088
[D] cyc=74 dispatch op=22 pc=000000c8 tag=2 raw_iq_imm=00001000 rs1=0
[F] cyc=74 fetch raw=00000293 pc_d=000000e4 fetch_pc=000000e8 mem_direct=00000293
[C] cyc=74 CDB tag=6 val=00000000
[R] cyc=74 COMMIT op=8 pc=0000008c
[F] cyc=75 fetch raw=005a25b3 pc_d=000000e8 fetch_pc=000000ec mem_direct=005a25b3
[C] cyc=75 CDB tag=9 val=7fffffff
[R] cyc=75 COMMIT op=8 pc=00000090
[D] cyc=76 dispatch op=8 pc=000000cc tag=3 raw_iq_imm=00000234 rs1=21
[R] cyc=76 COMMIT op=33 pc=00000094
[F] cyc=77 fetch raw=00b0a223 pc_d=000000ec fetch_pc=000000f0 mem_direct=00b0a223
[C] cyc=77 CDB tag=1 val=00000298
[R] cyc=77 COMMIT op=15 pc=00000098
[D] cyc=78 dispatch op=22 pc=000000d0 tag=4 raw_iq_imm=00001000 rs1=0
[R] cyc=78 COMMIT op=8 pc=0000009c
[F] cyc=79 fetch raw=fffff9b7 pc_d=000000f0 fetch_pc=000000f4 mem_direct=fffff9b7
[C] cyc=79 CDB tag=10 val=00000001
[R] cyc=79 COMMIT op=22 pc=000000a0
[D] cyc=80 dispatch op=8 pc=000000d4 tag=5 raw_iq_imm=fffff800 rs1=6
[C] cyc=80 CDB tag=11 val=00000000
[R] cyc=80 COMMIT op=8 pc=000000a4
[F] cyc=81 fetch raw=dcc98993 pc_d=000000f4 fetch_pc=000000f8 mem_direct=dcc98993
[C] cyc=81 CDB tag=4 val=00001000
[R] cyc=81 COMMIT op=33 pc=000000a8
[D] cyc=82 dispatch op=33 pc=000000d8 tag=6 raw_iq_imm=00000000 rs1=21
[R] cyc=82 COMMIT op=15 pc=000000ac
[D] cyc=83 dispatch op=15 pc=000000dc tag=7 raw_iq_imm=00000000 rs1=1
[F] cyc=83 fetch raw=7ff00213 pc_d=000000f8 fetch_pc=000000fc mem_direct=7ff00213
[C] cyc=83 CDB tag=2 val=00001000
[R] cyc=83 COMMIT op=8 pc=000000b0
[D] cyc=84 dispatch op=22 pc=000000e0 tag=8 raw_iq_imm=80000000 rs1=0
[F] cyc=84 fetch raw=0049a633 pc_d=000000fc fetch_pc=00000100 mem_direct=0049a633
[F] cyc=85 fetch raw=00c0a423 pc_d=00000100 fetch_pc=00000104 mem_direct=00c0a423
[C] cyc=85 CDB tag=5 val=00000800
[D] cyc=86 dispatch op=8 pc=000000e4 tag=9 raw_iq_imm=00000000 rs1=0
[F] cyc=87 fetch raw=fff00913 pc_d=00000104 fetch_pc=00000108 mem_direct=fff00913
[C] cyc=87 CDB tag=8 val=80000000
[D] cyc=88 dispatch op=33 pc=000000e8 tag=10 raw_iq_imm=00000000 rs1=20
[D] cyc=89 dispatch op=15 pc=000000ec tag=11 raw_iq_imm=00000004 rs1=1
[F] cyc=89 fetch raw=fff00193 pc_d=00000108 fetch_pc=0000010c mem_direct=fff00193
[C] cyc=89 CDB tag=9 val=00000000
[D] cyc=90 dispatch op=22 pc=000000f0 tag=12 raw_iq_imm=fffff000 rs1=0
[F] cyc=90 fetch raw=003926b3 pc_d=0000010c fetch_pc=00000110 mem_direct=003926b3
[F] cyc=91 fetch raw=00d0a623 pc_d=00000110 fetch_pc=00000114 mem_direct=00d0a623
[C] cyc=91 CDB tag=3 val=00001234
[C] cyc=93 CDB tag=10 val=00000001
[C] cyc=94 CDB tag=11 val=00000000
[C] cyc=95 CDB tag=12 val=fffff000
[C] cyc=97 CDB tag=6 val=00000000
[C] cyc=98 CDB tag=7 val=00000000
[C] cyc=99 CDB tag=13 val=07654000
[R] cyc=100 COMMIT op=22 pc=000000b4
[D] cyc=101 dispatch op=8 pc=000000f4 tag=13 raw_iq_imm=fffffdcc rs1=19
[F] cyc=102 fetch raw=80100893 pc_d=00000114 fetch_pc=00000118 mem_direct=80100893
[C] cyc=102 CDB tag=14 val=07654321
[R] cyc=103 COMMIT op=8 pc=000000b8
[D] cyc=104 dispatch op=8 pc=000000f8 tag=14 raw_iq_imm=000007ff rs1=0
[C] cyc=104 CDB tag=13 val=ffffedcc
[F] cyc=105 fetch raw=00100113 pc_d=00000118 fetch_pc=0000011c mem_direct=00100113
[C] cyc=106 CDB tag=15 val=00000001
[C] cyc=107 CDB tag=0 val=00000000
[R] cyc=107 COMMIT op=33 pc=000000bc
[D] cyc=108 dispatch op=33 pc=000000fc tag=15 raw_iq_imm=00000000 rs1=19
[C] cyc=108 CDB tag=14 val=000007ff
[R] cyc=108 COMMIT op=15 pc=000000c0
[D] cyc=109 dispatch op=15 pc=00000100 tag=0 raw_iq_imm=00000008 rs1=1
[F] cyc=109 fetch raw=0028a733 pc_d=0000011c fetch_pc=00000120 mem_direct=0028a733
[R] cyc=109 COMMIT op=8 pc=000000c4
[D] cyc=110 dispatch op=8 pc=00000104 tag=1 raw_iq_imm=ffffffff rs1=0
[F] cyc=110 fetch raw=00e0a823 pc_d=00000120 fetch_pc=00000124 mem_direct=00e0a823
[R] cyc=110 COMMIT op=22 pc=000000c8
[D] cyc=111 dispatch op=8 pc=00000108 tag=2 raw_iq_imm=ffffffff rs1=0
[F] cyc=111 fetch raw=2ac00113 pc_d=00000124 fetch_pc=00000128 mem_direct=2ac00113
[C] cyc=111 CDB tag=15 val=00000001
[R] cyc=111 COMMIT op=8 pc=000000cc
[D] cyc=112 dispatch op=33 pc=0000010c tag=3 raw_iq_imm=00000000 rs1=18
[F] cyc=112 fetch raw=00000813 pc_d=00000128 fetch_pc=0000012c mem_direct=00000813
[C] cyc=112 CDB tag=0 val=00000000
[R] cyc=112 COMMIT op=22 pc=000000d0
[D] cyc=113 dispatch op=15 pc=00000110 tag=4 raw_iq_imm=0000000c rs1=1
[F] cyc=113 fetch raw=00000093 pc_d=0000012c fetch_pc=00000130 mem_direct=00000093
[C] cyc=113 CDB tag=1 val=ffffffff
[R] cyc=113 COMMIT op=8 pc=000000d4
[D] cyc=114 dispatch op=8 pc=00000114 tag=5 raw_iq_imm=fffff801 rs1=0
[F] cyc=114 fetch raw=001827b3 pc_d=00000130 fetch_pc=00000134 mem_direct=001827b3
[R] cyc=114 COMMIT op=33 pc=000000d8
[D] cyc=115 dispatch op=8 pc=00000118 tag=6 raw_iq_imm=00000001 rs1=0
[F] cyc=115 fetch raw=00f12023 pc_d=00000134 fetch_pc=00000138 mem_direct=00f12023
[C] cyc=115 CDB tag=2 val=ffffffff
[R] cyc=115 COMMIT op=15 pc=000000dc
[D] cyc=116 dispatch op=33 pc=0000011c tag=7 raw_iq_imm=00000000 rs1=17
[F] cyc=116 fetch raw=fff00793 pc_d=00000138 fetch_pc=0000013c mem_direct=fff00793
[R] cyc=116 COMMIT op=22 pc=000000e0
[D] cyc=117 dispatch op=15 pc=00000120 tag=8 raw_iq_imm=00000010 rs1=1
[F] cyc=117 fetch raw=00000013 pc_d=0000013c fetch_pc=00000140 mem_direct=00000013
[C] cyc=117 CDB tag=5 val=fffff801
[R] cyc=117 COMMIT op=8 pc=000000e4
[D] cyc=118 dispatch op=8 pc=00000124 tag=9 raw_iq_imm=000002ac rs1=0
[F] cyc=118 fetch raw=0007a833 pc_d=00000140 fetch_pc=00000144 mem_direct=0007a833
[R] cyc=118 COMMIT op=33 pc=000000e8
[D] cyc=119 dispatch op=8 pc=00000128 tag=10 raw_iq_imm=00000000 rs1=0
[F] cyc=119 fetch raw=01012223 pc_d=00000144 fetch_pc=00000148 mem_direct=01012223
[C] cyc=119 CDB tag=3 val=00000000
[R] cyc=119 COMMIT op=15 pc=000000ec
[D] cyc=120 dispatch op=8 pc=0000012c tag=11 raw_iq_imm=00000000 rs1=0
[F] cyc=120 fetch raw=00100713 pc_d=00000148 fetch_pc=0000014c mem_direct=00100713
[C] cyc=120 CDB tag=4 val=00000000
[R] cyc=120 COMMIT op=22 pc=000000f0
[D] cyc=121 dispatch op=33 pc=00000130 tag=12 raw_iq_imm=00000000 rs1=16
[F] cyc=121 fetch raw=80100f93 pc_d=0000014c fetch_pc=00000150 mem_direct=80100f93
[C] cyc=121 CDB tag=9 val=000002ac
[R] cyc=121 COMMIT op=8 pc=000000f4
[D] cyc=122 dispatch op=15 pc=00000134 tag=13 raw_iq_imm=00000000 rs1=2
[F] cyc=122 fetch raw=01f728b3 pc_d=00000150 fetch_pc=00000154 mem_direct=01f728b3
[R] cyc=122 COMMIT op=8 pc=000000f8
[D] cyc=123 dispatch op=8 pc=00000138 tag=14 raw_iq_imm=ffffffff rs1=0
[F] cyc=123 fetch raw=01112423 pc_d=00000154 fetch_pc=00000158 mem_direct=01112423
[C] cyc=123 CDB tag=11 val=00000000
[R] cyc=123 COMMIT op=33 pc=000000fc
[D] cyc=124 dispatch op=8 pc=0000013c tag=15 raw_iq_imm=00000000 rs1=0
[F] cyc=124 fetch raw=00000693 pc_d=00000158 fetch_pc=0000015c mem_direct=00000693
[R] cyc=124 COMMIT op=15 pc=00000100
[D] cyc=125 dispatch op=33 pc=00000140 tag=0 raw_iq_imm=00000000 rs1=15
[F] cyc=125 fetch raw=fff00f13 pc_d=0000015c fetch_pc=00000160 mem_direct=fff00f13
[C] cyc=125 CDB tag=6 val=00000001
[R] cyc=125 COMMIT op=8 pc=00000104
[D] cyc=126 dispatch op=15 pc=00000144 tag=1 raw_iq_imm=00000004 rs1=2
[F] cyc=126 fetch raw=01e6a933 pc_d=00000160 fetch_pc=00000164 mem_direct=01e6a933
[R] cyc=126 COMMIT op=8 pc=00000108
[D] cyc=127 dispatch op=8 pc=00000148 tag=2 raw_iq_imm=00000001 rs1=0
[F] cyc=127 fetch raw=01212623 pc_d=00000164 fetch_pc=00000168 mem_direct=01212623
[C] cyc=127 CDB tag=14 val=ffffffff
[R] cyc=127 COMMIT op=33 pc=0000010c
[D] cyc=128 dispatch op=8 pc=0000014c tag=3 raw_iq_imm=fffff801 rs1=0
[F] cyc=128 fetch raw=7ff00613 pc_d=00000168 fetch_pc=0000016c mem_direct=7ff00613
[R] cyc=128 COMMIT op=15 pc=00000110
[F] cyc=129 fetch raw=fffffeb7 pc_d=0000016c fetch_pc=00000170 mem_direct=fffffeb7
[C] cyc=129 CDB tag=7 val=00000001
[R] cyc=129 COMMIT op=8 pc=00000114
[D] cyc=130 dispatch op=33 pc=00000150 tag=4 raw_iq_imm=00000000 rs1=14
[C] cyc=130 CDB tag=8 val=00000000
[R] cyc=130 COMMIT op=8 pc=00000118
[D] cyc=131 dispatch op=15 pc=00000154 tag=5 raw_iq_imm=00000008 rs1=2
[F] cyc=131 fetch raw=dcce8e93 pc_d=00000170 fetch_pc=00000174 mem_direct=dcce8e93
[C] cyc=131 CDB tag=2 val=00000001
[R] cyc=131 COMMIT op=33 pc=0000011c
[D] cyc=132 dispatch op=8 pc=00000158 tag=6 raw_iq_imm=00000000 rs1=0
[F] cyc=132 fetch raw=01d629b3 pc_d=00000174 fetch_pc=00000178 mem_direct=01d629b3
[R] cyc=132 COMMIT op=15 pc=00000120
[F] cyc=133 fetch raw=01312823 pc_d=00000178 fetch_pc=0000017c mem_direct=01312823
[C] cyc=133 CDB tag=3 val=fffff801
[R] cyc=133 COMMIT op=8 pc=00000124
[D] cyc=134 dispatch op=8 pc=0000015c tag=7 raw_iq_imm=ffffffff rs1=0
[F] cyc=135 fetch raw=2c000093 pc_d=0000017c fetch_pc=00000180 mem_direct=2c000093
[C] cyc=135 CDB tag=6 val=00000000
[D] cyc=136 dispatch op=33 pc=00000160 tag=8 raw_iq_imm=00000000 rs1=13
[D] cyc=137 dispatch op=15 pc=00000164 tag=9 raw_iq_imm=0000000c rs1=2
[F] cyc=137 fetch raw=00000593 pc_d=00000180 fetch_pc=00000184 mem_direct=00000593
[C] cyc=137 CDB tag=4 val=00000000
[F] cyc=138 fetch raw=80000e37 pc_d=00000184 fetch_pc=00000188 mem_direct=80000e37
[C] cyc=138 CDB tag=5 val=00000000
[C] cyc=139 CDB tag=7 val=ffffffff
[C] cyc=141 CDB tag=15 val=00000000
[C] cyc=143 CDB tag=8 val=00000000
[C] cyc=144 CDB tag=9 val=00000000
[C] cyc=145 CDB tag=10 val=00000000
[R] cyc=146 COMMIT op=8 pc=00000128
[D] cyc=147 dispatch op=8 pc=00000168 tag=10 raw_iq_imm=000007ff rs1=0
[C] cyc=147 CDB tag=0 val=00000001
[R] cyc=147 COMMIT op=8 pc=0000012c
[D] cyc=148 dispatch op=22 pc=0000016c tag=11 raw_iq_imm=fffff000 rs1=0
[F] cyc=148 fetch raw=01c5aa33 pc_d=00000188 fetch_pc=0000018c mem_direct=01c5aa33
[C] cyc=148 CDB tag=1 val=00000000
[F] cyc=149 fetch raw=0140a023 pc_d=0000018c fetch_pc=00000190 mem_direct=0140a023
[C] cyc=149 CDB tag=12 val=00000000
[C] cyc=150 CDB tag=13 val=00000000
[R] cyc=150 COMMIT op=33 pc=00000130
[D] cyc=151 dispatch op=8 pc=00000170 tag=12 raw_iq_imm=fffffdcc rs1=29
[C] cyc=151 CDB tag=10 val=000007ff
[R] cyc=151 COMMIT op=15 pc=00000134
[D] cyc=152 dispatch op=33 pc=00000174 tag=13 raw_iq_imm=00000000 rs1=12
[F] cyc=152 fetch raw=00001537 pc_d=00000190 fetch_pc=00000194 mem_direct=00001537
[R] cyc=152 COMMIT op=8 pc=00000138
[D] cyc=153 dispatch op=15 pc=00000178 tag=14 raw_iq_imm=00000010 rs1=2
[F] cyc=153 fetch raw=80050513 pc_d=00000194 fetch_pc=00000198 mem_direct=80050513
[C] cyc=153 CDB tag=11 val=fffff000
[R] cyc=153 COMMIT op=8 pc=0000013c
[D] cyc=154 dispatch op=8 pc=0000017c tag=15 raw_iq_imm=000002c0 rs1=0
[F] cyc=154 fetch raw=00001db7 pc_d=00000198 fetch_pc=0000019c mem_direct=00001db7
[R] cyc=154 COMMIT op=33 pc=00000140
[D] cyc=155 dispatch op=8 pc=00000180 tag=0 raw_iq_imm=00000000 rs1=0
[F] cyc=155 fetch raw=234d8d93 pc_d=0000019c fetch_pc=000001a0 mem_direct=234d8d93
[R] cyc=155 COMMIT op=15 pc=00000144
[D] cyc=156 dispatch op=22 pc=00000184 tag=1 raw_iq_imm=80000000 rs1=0
[F] cyc=156 fetch raw=01b52ab3 pc_d=000001a0 fetch_pc=000001a4 mem_direct=01b52ab3
[C] cyc=156 CDB tag=12 val=ffffedcc
[R] cyc=156 COMMIT op=8 pc=00000148
[D] cyc=157 dispatch op=33 pc=00000188 tag=2 raw_iq_imm=00000000 rs1=11
[F] cyc=157 fetch raw=0150a223 pc_d=000001a4 fetch_pc=000001a8 mem_direct=0150a223
[R] cyc=157 COMMIT op=8 pc=0000014c
[D] cyc=158 dispatch op=15 pc=0000018c tag=3 raw_iq_imm=00000000 rs1=1
[F] cyc=158 fetch raw=076544b7 pc_d=000001a8 fetch_pc=000001ac mem_direct=076544b7
[C] cyc=158 CDB tag=0 val=00000000
[R] cyc=158 COMMIT op=33 pc=00000150
[D] cyc=159 dispatch op=22 pc=00000190 tag=4 raw_iq_imm=00001000 rs1=0
[F] cyc=159 fetch raw=32148493 pc_d=000001ac fetch_pc=000001b0 mem_direct=32148493
[R] cyc=159 COMMIT op=15 pc=00000154
[D] cyc=160 dispatch op=8 pc=00000194 tag=5 raw_iq_imm=fffff800 rs1=10
[F] cyc=160 fetch raw=fff00d13 pc_d=000001b0 fetch_pc=000001b4 mem_direct=fff00d13
[C] cyc=160 CDB tag=13 val=00000000
[R] cyc=160 COMMIT op=8 pc=00000158
[D] cyc=161 dispatch op=22 pc=00000198 tag=6 raw_iq_imm=00001000 rs1=0
[F] cyc=161 fetch raw=01a4ab33 pc_d=000001b4 fetch_pc=000001b8 mem_direct=01a4ab33
[C] cyc=161 CDB tag=14 val=00000000
[R] cyc=161 COMMIT op=8 pc=0000015c
[D] cyc=162 dispatch op=8 pc=0000019c tag=7 raw_iq_imm=00000234 rs1=27
[F] cyc=162 fetch raw=0160a423 pc_d=000001b8 fetch_pc=000001bc mem_direct=0160a423
[C] cyc=162 CDB tag=4 val=00001000
[R] cyc=162 COMMIT op=33 pc=00000160
[D] cyc=163 dispatch op=33 pc=000001a0 tag=8 raw_iq_imm=00000000 rs1=10
[F] cyc=163 fetch raw=80000437 pc_d=000001bc fetch_pc=000001c0 mem_direct=80000437
[R] cyc=163 COMMIT op=15 pc=00000164
[D] cyc=164 dispatch op=15 pc=000001a4 tag=9 raw_iq_imm=00000004 rs1=1
[F] cyc=164 fetch raw=fff40413 pc_d=000001c0 fetch_pc=000001c4 mem_direct=fff40413
[C] cyc=164 CDB tag=6 val=00001000
[R] cyc=164 COMMIT op=8 pc=00000168
[D] cyc=165 dispatch op=22 pc=000001a8 tag=10 raw_iq_imm=07654000 rs1=0
[F] cyc=165 fetch raw=00100c93 pc_d=000001c4 fetch_pc=000001c8 mem_direct=00100c93
[R] cyc=165 COMMIT op=22 pc=0000016c
[F] cyc=166 fetch raw=01942bb3 pc_d=000001c8 fetch_pc=000001cc mem_direct=01942bb3
[C] cyc=166 CDB tag=15 val=000002c0
[R] cyc=166 COMMIT op=8 pc=00000170
[D] cyc=167 dispatch op=8 pc=000001ac tag=11 raw_iq_imm=00000321 rs1=9
[R] cyc=167 COMMIT op=33 pc=00000174
[F] cyc=168 fetch raw=0170a623 pc_d=000001cc fetch_pc=000001d0 mem_direct=0170a623
[C] cyc=168 CDB tag=10 val=07654000
[R] cyc=168 COMMIT op=15 pc=00000178
[D] cyc=169 dispatch op=8 pc=000001b0 tag=12 raw_iq_imm=ffffffff rs1=0
[R] cyc=169 COMMIT op=8 pc=0000017c
[F] cyc=170 fetch raw=00100393 pc_d=000001d0 fetch_pc=000001d4 mem_direct=00100393
[C] cyc=170 CDB tag=1 val=80000000
[R] cyc=170 COMMIT op=8 pc=00000180
[D] cyc=171 dispatch op=33 pc=000001b4 tag=13 raw_iq_imm=00000000 rs1=9
[R] cyc=171 COMMIT op=22 pc=00000184
[D] cyc=172 dispatch op=15 pc=000001b8 tag=14 raw_iq_imm=00000008 rs1=1
[F] cyc=172 fetch raw=80000c37 pc_d=000001d4 fetch_pc=000001d8 mem_direct=80000c37
[C] cyc=172 CDB tag=11 val=07654321
[D] cyc=173 dispatch op=22 pc=000001bc tag=15 raw_iq_imm=80000000 rs1=0
[F] cyc=173 fetch raw=fffc0c13 pc_d=000001d8 fetch_pc=000001dc mem_direct=fffc0c13
[F] cyc=174 fetch raw=0183ac33 pc_d=000001dc fetch_pc=000001e0 mem_direct=0183ac33
[C] cyc=174 CDB tag=2 val=00000000
[D] cyc=175 dispatch op=8 pc=000001c0 tag=0 raw_iq_imm=ffffffff rs1=8
[C] cyc=175 CDB tag=3 val=00000000
[R] cyc=175 COMMIT op=33 pc=00000188
[F] cyc=176 fetch raw=0180a823 pc_d=000001e0 fetch_pc=000001e4 mem_direct=0180a823
[C] cyc=176 CDB tag=15 val=80000000
[R] cyc=176 COMMIT op=15 pc=0000018c
[D] cyc=177 dispatch op=8 pc=000001c4 tag=1 raw_iq_imm=00000001 rs1=0
[R] cyc=177 COMMIT op=22 pc=00000190
[F] cyc=178 fetch raw=2d400093 pc_d=000001e4 fetch_pc=000001e8 mem_direct=2d400093
[C] cyc=178 CDB tag=12 val=ffffffff
[D] cyc=179 dispatch op=33 pc=000001c8 tag=2 raw_iq_imm=00000000 rs1=8
[D] cyc=180 dispatch op=15 pc=000001cc tag=3 raw_iq_imm=0000000c rs1=1
[F] cyc=180 fetch raw=fff00313 pc_d=000001e8 fetch_pc=000001ec mem_direct=fff00313
[C] cyc=180 CDB tag=0 val=7fffffff
[D] cyc=181 dispatch op=8 pc=000001d0 tag=4 raw_iq_imm=00000001 rs1=0
[F] cyc=181 fetch raw=07654bb7 pc_d=000001ec fetch_pc=000001f0 mem_direct=07654bb7
[F] cyc=182 fetch raw=321b8b93 pc_d=000001f0 fetch_pc=000001f4 mem_direct=321b8b93
[C] cyc=182 CDB tag=13 val=00000000
[C] cyc=183 CDB tag=14 val=00000000
[C] cyc=184 CDB tag=4 val=00000001
[C] cyc=186 CDB tag=1 val=00000001
[C] cyc=188 CDB tag=5 val=00000800
[R] cyc=189 COMMIT op=8 pc=00000194
[D] cyc=190 dispatch op=22 pc=000001d4 tag=5 raw_iq_imm=80000000 rs1=0
[C] cyc=190 CDB tag=2 val=00000000
[R] cyc=190 COMMIT op=22 pc=00000198
[D] cyc=191 dispatch op=8 pc=000001d8 tag=6 raw_iq_imm=ffffffff rs1=24
[F] cyc=191 fetch raw=01732cb3 pc_d=000001f4 fetch_pc=000001f8 mem_direct=01732cb3
[C] cyc=191 CDB tag=3 val=00000000
[F] cyc=192 fetch raw=0190a023 pc_d=000001f8 fetch_pc=000001fc mem_direct=0190a023
[C] cyc=192 CDB tag=7 val=00001234
[R] cyc=193 COMMIT op=8 pc=0000019c
[D] cyc=194 dispatch op=33 pc=000001dc tag=7 raw_iq_imm=00000000 rs1=7
[C] cyc=194 CDB tag=5 val=80000000
[F] cyc=195 fetch raw=000012b7 pc_d=000001fc fetch_pc=00000200 mem_direct=000012b7
[C] cyc=196 CDB tag=8 val=00000001
[C] cyc=197 CDB tag=9 val=00000000
[R] cyc=197 COMMIT op=33 pc=000001a0
[D] cyc=198 dispatch op=15 pc=000001e0 tag=8 raw_iq_imm=00000010 rs1=1
[C] cyc=198 CDB tag=6 val=7fffffff
[R] cyc=198 COMMIT op=15 pc=000001a4
[D] cyc=199 dispatch op=8 pc=000001e4 tag=9 raw_iq_imm=000002d4 rs1=0
[F] cyc=199 fetch raw=23428293 pc_d=00000200 fetch_pc=00000204 mem_direct=23428293
[R] cyc=199 COMMIT op=22 pc=000001a8
[D] cyc=200 dispatch op=8 pc=000001e8 tag=10 raw_iq_imm=ffffffff rs1=0
[F] cyc=200 fetch raw=00001b37 pc_d=00000204 fetch_pc=00000208 mem_direct=00001b37
[R] cyc=200 COMMIT op=8 pc=000001ac
[D] cyc=201 dispatch op=22 pc=000001ec tag=11 raw_iq_imm=07654000 rs1=0
[F] cyc=201 fetch raw=800b0b13 pc_d=00000208 fetch_pc=0000020c mem_direct=800b0b13
[C] cyc=201 CDB tag=7 val=00000001
[R] cyc=201 COMMIT op=8 pc=000001b0
[D] cyc=202 dispatch op=8 pc=000001f0 tag=12 raw_iq_imm=00000321 rs1=23
[F] cyc=202 fetch raw=0162ad33 pc_d=0000020c fetch_pc=00000210 mem_direct=0162ad33
[C] cyc=202 CDB tag=8 val=00000000
[R] cyc=202 COMMIT op=33 pc=000001b4
[D] cyc=203 dispatch op=33 pc=000001f4 tag=13 raw_iq_imm=00000000 rs1=6
[F] cyc=203 fetch raw=01a0a223 pc_d=00000210 fetch_pc=00000214 mem_direct=01a0a223
[C] cyc=203 CDB tag=10 val=ffffffff
[R] cyc=203 COMMIT op=15 pc=000001b8
[D] cyc=204 dispatch op=15 pc=000001f8 tag=14 raw_iq_imm=00000000 rs1=1
[F] cyc=204 fetch raw=80000237 pc_d=00000214 fetch_pc=00000218 mem_direct=80000237
[R] cyc=204 COMMIT op=22 pc=000001bc
[D] cyc=205 dispatch op=22 pc=000001fc tag=15 raw_iq_imm=00001000 rs1=0
[F] cyc=205 fetch raw=00000a93 pc_d=00000218 fetch_pc=0000021c mem_direct=00000a93
[C] cyc=205 CDB tag=9 val=000002d4
[R] cyc=205 COMMIT op=8 pc=000001c0
[D] cyc=206 dispatch op=8 pc=00000200 tag=0 raw_iq_imm=00000234 rs1=5
[F] cyc=206 fetch raw=01522db3 pc_d=0000021c fetch_pc=00000220 mem_direct=01522db3
[R] cyc=206 COMMIT op=8 pc=000001c4
[D] cyc=207 dispatch op=22 pc=00000204 tag=1 raw_iq_imm=00001000 rs1=0
[F] cyc=207 fetch raw=01b0a423 pc_d=00000220 fetch_pc=00000224 mem_direct=01b0a423
[C] cyc=207 CDB tag=11 val=07654000
[R] cyc=207 COMMIT op=33 pc=000001c8
[D] cyc=208 dispatch op=8 pc=00000208 tag=2 raw_iq_imm=fffff800 rs1=22
[F] cyc=208 fetch raw=fffff1b7 pc_d=00000224 fetch_pc=00000228 mem_direct=fffff1b7
[R] cyc=208 COMMIT op=15 pc=000001cc
[D] cyc=209 dispatch op=33 pc=0000020c tag=3 raw_iq_imm=00000000 rs1=5
[F] cyc=209 fetch raw=dcc18193 pc_d=00000228 fetch_pc=0000022c mem_direct=dcc18193
[C] cyc=209 CDB tag=15 val=00001000
[R] cyc=209 COMMIT op=8 pc=000001d0
[D] cyc=210 dispatch op=15 pc=00000210 tag=4 raw_iq_imm=00000004 rs1=1
[F] cyc=210 fetch raw=7ff00a13 pc_d=0000022c fetch_pc=00000230 mem_direct=7ff00a13
[R] cyc=210 COMMIT op=22 pc=000001d4
[D] cyc=211 dispatch op=22 pc=00000214 tag=5 raw_iq_imm=80000000 rs1=0
[F] cyc=211 fetch raw=0141ae33 pc_d=00000230 fetch_pc=00000234 mem_direct=0141ae33
[C] cyc=211 CDB tag=12 val=07654321
[R] cyc=211 COMMIT op=8 pc=000001d8
[D] cyc=212 dispatch op=8 pc=00000218 tag=6 raw_iq_imm=00000000 rs1=0
[F] cyc=212 fetch raw=01c0a623 pc_d=00000234 fetch_pc=00000238 mem_direct=01c0a623
[R] cyc=212 COMMIT op=33 pc=000001dc
[F] cyc=213 fetch raw=fff00113 pc_d=00000238 fetch_pc=0000023c mem_direct=fff00113
[C] cyc=213 CDB tag=0 val=00001234
[R] cyc=213 COMMIT op=15 pc=000001e0
[D] cyc=214 dispatch op=33 pc=0000021c tag=7 raw_iq_imm=00000000 rs1=4
[R] cyc=214 COMMIT op=8 pc=000001e4
[D] cyc=215 dispatch op=15 pc=00000220 tag=8 raw_iq_imm=00000008 rs1=1
[F] cyc=215 fetch raw=fff00993 pc_d=0000023c fetch_pc=00000240 mem_direct=fff00993
[C] cyc=215 CDB tag=5 val=80000000
[R] cyc=215 COMMIT op=8 pc=000001e8
[D] cyc=216 dispatch op=22 pc=00000224 tag=9 raw_iq_imm=fffff000 rs1=0
[F] cyc=216 fetch raw=01312eb3 pc_d=00000240 fetch_pc=00000244 mem_direct=01312eb3
[R] cyc=216 COMMIT op=22 pc=000001ec
[F] cyc=217 fetch raw=01d0a823 pc_d=00000244 fetch_pc=00000248 mem_direct=01d0a823
[C] cyc=217 CDB tag=6 val=00000000
[R] cyc=217 COMMIT op=8 pc=000001f0
[D] cyc=218 dispatch op=8 pc=00000228 tag=10 raw_iq_imm=fffffdcc rs1=3
[F] cyc=219 fetch raw=2e800113 pc_d=00000248 fetch_pc=0000024c mem_direct=2e800113
[C] cyc=219 CDB tag=9 val=fffff000
[D] cyc=220 dispatch op=8 pc=0000022c tag=11 raw_iq_imm=000007ff rs1=0
[F] cyc=221 fetch raw=80100093 pc_d=0000024c fetch_pc=00000250 mem_direct=80100093
[C] cyc=221 CDB tag=7 val=00000001
[D] cyc=222 dispatch op=33 pc=00000230 tag=12 raw_iq_imm=00000000 rs1=3
[C] cyc=222 CDB tag=8 val=00000000
[F] cyc=223 fetch raw=00100913 pc_d=00000250 fetch_pc=00000254 mem_direct=00100913
[C] cyc=223 CDB tag=11 val=000007ff
[C] cyc=225 CDB tag=10 val=ffffedcc
[C] cyc=227 CDB tag=13 val=00000001
[C] cyc=228 CDB tag=14 val=00000000
[R] cyc=228 COMMIT op=33 pc=000001f4
[D] cyc=229 dispatch op=15 pc=00000234 tag=13 raw_iq_imm=0000000c rs1=1
[C] cyc=229 CDB tag=12 val=00000001
[R] cyc=229 COMMIT op=15 pc=000001f8
[D] cyc=230 dispatch op=8 pc=00000238 tag=14 raw_iq_imm=ffffffff rs1=0
[F] cyc=230 fetch raw=0120af33 pc_d=00000254 fetch_pc=00000258 mem_direct=0120af33
[C] cyc=230 CDB tag=13 val=00000000
[R] cyc=230 COMMIT op=22 pc=000001fc
[D] cyc=231 dispatch op=8 pc=0000023c tag=15 raw_iq_imm=ffffffff rs1=0
[F] cyc=231 fetch raw=01e12023 pc_d=00000258 fetch_pc=0000025c mem_direct=01e12023
[C] cyc=231 CDB tag=1 val=00001000
[R] cyc=231 COMMIT op=8 pc=00000200
[D] cyc=232 dispatch op=33 pc=00000240 tag=0 raw_iq_imm=00000000 rs1=2
[F] cyc=232 fetch raw=00000013 pc_d=0000025c fetch_pc=00000260 mem_direct=00000013
[R] cyc=232 COMMIT op=22 pc=00000204
[D] cyc=233 dispatch op=15 pc=00000244 tag=1 raw_iq_imm=00000010 rs1=1
[F] cyc=233 fetch raw=00000893 pc_d=00000260 fetch_pc=00000264 mem_direct=00000893
[C] cyc=233 CDB tag=14 val=ffffffff
[F] cyc=234 fetch raw=01102fb3 pc_d=00000264 fetch_pc=00000268 mem_direct=01102fb3
[C] cyc=235 CDB tag=2 val=00000800
[R] cyc=236 COMMIT op=8 pc=00000208
[D] cyc=237 dispatch op=8 pc=00000248 tag=2 raw_iq_imm=000002e8 rs1=0
[C] cyc=237 CDB tag=15 val=ffffffff
[F] cyc=238 fetch raw=01f12223 pc_d=00000268 fetch_pc=0000026c mem_direct=01f12223
[C] cyc=239 CDB tag=3 val=00000000
[C] cyc=240 CDB tag=4 val=00000000
[R] cyc=240 COMMIT op=33 pc=0000020c
[D] cyc=241 dispatch op=8 pc=0000024c tag=3 raw_iq_imm=fffff801 rs1=0
[C] cyc=241 CDB tag=0 val=00000000
[R] cyc=241 COMMIT op=15 pc=00000210
[D] cyc=242 dispatch op=8 pc=00000250 tag=4 raw_iq_imm=00000001 rs1=0
[F] cyc=242 fetch raw=00000073 pc_d=0000026c fetch_pc=00000270 mem_direct=00000073
[C] cyc=242 CDB tag=1 val=00000000
[R] cyc=242 COMMIT op=22 pc=00000214
[D] cyc=243 dispatch op=33 pc=00000254 tag=5 raw_iq_imm=00000000 rs1=1
[F] cyc=243 fetch raw=ffffffff pc_d=00000270 fetch_pc=00000274 mem_direct=ffffffff
[C] cyc=243 CDB tag=2 val=000002e8
[R] cyc=243 COMMIT op=8 pc=00000218
[D] cyc=244 dispatch op=15 pc=00000258 tag=6 raw_iq_imm=00000000 rs1=2
[F] cyc=244 fetch raw=ffffffff pc_d=00000274 fetch_pc=00000278 mem_direct=ffffffff
[R] cyc=244 COMMIT op=33 pc=0000021c
[D] cyc=245 dispatch op=8 pc=0000025c tag=7 raw_iq_imm=00000000 rs1=0
[F] cyc=245 fetch raw=ffffffff pc_d=00000278 fetch_pc=0000027c mem_direct=ffffffff
[C] cyc=245 CDB tag=3 val=fffff801
[R] cyc=245 COMMIT op=15 pc=00000220
[D] cyc=246 dispatch op=8 pc=00000260 tag=8 raw_iq_imm=00000000 rs1=0
[F] cyc=246 fetch raw=ffffffff pc_d=0000027c fetch_pc=00000280 mem_direct=ffffffff
[R] cyc=246 COMMIT op=22 pc=00000224
[D] cyc=247 dispatch op=33 pc=00000264 tag=9 raw_iq_imm=00000000 rs1=0
[F] cyc=247 fetch raw=ffffffff pc_d=00000280 fetch_pc=00000284 mem_direct=ffffffff
[C] cyc=247 CDB tag=4 val=00000001
[R] cyc=247 COMMIT op=8 pc=00000228
[D] cyc=248 dispatch op=15 pc=00000268 tag=10 raw_iq_imm=00000004 rs1=2
[F] cyc=248 fetch raw=ffffffff pc_d=00000284 fetch_pc=00000288 mem_direct=ffffffff
[R] cyc=248 COMMIT op=8 pc=0000022c
[D] cyc=249 dispatch op=63 pc=0000026c tag=11 raw_iq_imm=00000000 rs1=0
[F] cyc=249 fetch raw=ffffffff pc_d=00000288 fetch_pc=0000028c mem_direct=ffffffff
[C] cyc=249 CDB tag=7 val=00000000
[R] cyc=249 COMMIT op=33 pc=00000230
[D] cyc=250 dispatch op=62 pc=00000270 tag=12 raw_iq_imm=00000000 rs1=0
[F] cyc=250 fetch raw=ffffffff pc_d=0000028c fetch_pc=00000290 mem_direct=ffffffff
[R] cyc=250 COMMIT op=15 pc=00000234
[D] cyc=251 dispatch op=62 pc=00000274 tag=13 raw_iq_imm=00000000 rs1=0
[F] cyc=251 fetch raw=ffffffff pc_d=00000290 fetch_pc=00000294 mem_direct=ffffffff
[C] cyc=251 CDB tag=8 val=00000000
[R] cyc=251 COMMIT op=8 pc=00000238
[D] cyc=252 dispatch op=62 pc=00000278 tag=14 raw_iq_imm=00000000 rs1=0
[F] cyc=252 fetch raw=ffffffff pc_d=00000294 fetch_pc=00000298 mem_direct=ffffffff
[R] cyc=252 COMMIT op=8 pc=0000023c
[D] cyc=253 dispatch op=62 pc=0000027c tag=15 raw_iq_imm=00000000 rs1=0
[F] cyc=253 fetch raw=ffffffff pc_d=00000298 fetch_pc=0000029c mem_direct=ffffffff
[C] cyc=253 CDB tag=11 val=00000000
[R] cyc=253 COMMIT op=33 pc=00000240
[D] cyc=254 dispatch op=62 pc=00000280 tag=0 raw_iq_imm=00000000 rs1=0
[F] cyc=254 fetch raw=ffffffff pc_d=0000029c fetch_pc=000002a0 mem_direct=ffffffff
[R] cyc=254 COMMIT op=15 pc=00000244
[F] cyc=255 fetch raw=ffffffff pc_d=000002a0 fetch_pc=000002a4 mem_direct=ffffffff
[C] cyc=255 CDB tag=14 val=00000000
[R] cyc=255 COMMIT op=8 pc=00000248
[D] cyc=256 dispatch op=62 pc=00000284 tag=1 raw_iq_imm=00000000 rs1=0
[R] cyc=256 COMMIT op=8 pc=0000024c
[F] cyc=257 fetch raw=ffffffff pc_d=000002a4 fetch_pc=000002a8 mem_direct=ffffffff
[C] cyc=257 CDB tag=0 val=00000000
[R] cyc=257 COMMIT op=8 pc=00000250
[D] cyc=258 dispatch op=62 pc=00000288 tag=2 raw_iq_imm=00000000 rs1=0
[F] cyc=259 fetch raw=ffffffff pc_d=000002a8 fetch_pc=000002ac mem_direct=ffffffff
[C] cyc=259 CDB tag=1 val=00000000
[D] cyc=260 dispatch op=62 pc=0000028c tag=3 raw_iq_imm=00000000 rs1=0
[F] cyc=261 fetch raw=ffffffff pc_d=000002ac fetch_pc=000002b0 mem_direct=ffffffff
[C] cyc=261 CDB tag=2 val=00000000
[D] cyc=262 dispatch op=62 pc=00000290 tag=4 raw_iq_imm=00000000 rs1=0
[F] cyc=263 fetch raw=ffffffff pc_d=000002b0 fetch_pc=000002b4 mem_direct=ffffffff
[C] cyc=263 CDB tag=3 val=00000000
[C] cyc=265 CDB tag=4 val=00000000
[C] cyc=267 CDB tag=12 val=00000000
[C] cyc=269 CDB tag=5 val=00000001
[C] cyc=270 CDB tag=6 val=00000000
[R] cyc=270 COMMIT op=33 pc=00000254
[D] cyc=271 dispatch op=62 pc=00000294 tag=5 raw_iq_imm=00000000 rs1=0
[C] cyc=271 CDB tag=9 val=00000000
[R] cyc=271 COMMIT op=15 pc=00000258
[D] cyc=272 dispatch op=62 pc=00000298 tag=6 raw_iq_imm=00000000 rs1=0
[F] cyc=272 fetch raw=ffffffff pc_d=000002b4 fetch_pc=000002b8 mem_direct=ffffffff
[C] cyc=272 CDB tag=10 val=00000000
[R] cyc=272 COMMIT op=8 pc=0000025c
[D] cyc=273 dispatch op=62 pc=0000029c tag=7 raw_iq_imm=00000000 rs1=0
[F] cyc=273 fetch raw=ffffffff pc_d=000002b8 fetch_pc=000002bc mem_direct=ffffffff
[C] cyc=273 CDB tag=13 val=00000000
[R] cyc=273 COMMIT op=8 pc=00000260
[D] cyc=274 dispatch op=62 pc=000002a0 tag=8 raw_iq_imm=00000000 rs1=0
[F] cyc=274 fetch raw=ffffffff pc_d=000002bc fetch_pc=000002c0 mem_direct=ffffffff
[R] cyc=274 COMMIT op=33 pc=00000264
[D] cyc=275 dispatch op=62 pc=000002a4 tag=9 raw_iq_imm=00000000 rs1=0
[F] cyc=275 fetch raw=ffffffff pc_d=000002c0 fetch_pc=000002c4 mem_direct=ffffffff
[C] cyc=275 CDB tag=5 val=00000000
[R] cyc=275 COMMIT op=15 pc=00000268
[D] cyc=276 dispatch op=62 pc=000002a8 tag=10 raw_iq_imm=00000000 rs1=0
[F] cyc=276 fetch raw=ffffffff pc_d=000002c4 fetch_pc=000002c8 mem_direct=ffffffff
[R] cyc=276 COMMIT op=63 pc=0000026c
[D] cyc=277 dispatch op=62 pc=000002ac tag=11 raw_iq_imm=00000000 rs1=0
[F] cyc=277 fetch raw=ffffffff pc_d=000002c8 fetch_pc=000002cc mem_direct=ffffffff
[C] cyc=277 CDB tag=8 val=00000000
[R] cyc=277 COMMIT op=62 pc=00000270
sim_compliance.sv:159: $finish called at 3005 (1s)
