#! /opt/homebrew/Cellar/icarus-verilog/13.0/bin/vvp
:ivl_version "13.0 (stable)" "(v13_0)";
:ivl_delay_selection "TYPICAL";
:vpi_time_precision + 0;
:vpi_module "/opt/homebrew/Cellar/icarus-verilog/13.0/lib/ivl/system.vpi";
:vpi_module "/opt/homebrew/Cellar/icarus-verilog/13.0/lib/ivl/vhdl_sys.vpi";
:vpi_module "/opt/homebrew/Cellar/icarus-verilog/13.0/lib/ivl/vhdl_textio.vpi";
:vpi_module "/opt/homebrew/Cellar/icarus-verilog/13.0/lib/ivl/v2005_math.vpi";
:vpi_module "/opt/homebrew/Cellar/icarus-verilog/13.0/lib/ivl/va_math.vpi";
:vpi_module "/opt/homebrew/Cellar/icarus-verilog/13.0/lib/ivl/v2009.vpi";
S_0x152708670 .scope package, "$unit" "$unit" 2 1;
 .timescale 0 0;
S_0x1527087e0 .scope package, "rv32if_pkg" "rv32if_pkg" 3 9;
 .timescale 0 0;
P_0x154009200 .param/l "ARCH_W" 0 3 39, +C4<00000000000000000000000000000101>;
P_0x154009240 .param/l "DATA_W" 0 3 38, +C4<00000000000000000000000000100000>;
P_0x154009280 .param/l "IQ_DEPTH" 0 3 17, +C4<00000000000000000000000000001000>;
P_0x1540092c0 .param/l "LAT_BRANCH" 0 3 50, +C4<00000000000000000000000000000001>;
P_0x154009300 .param/l "LAT_FP_ADDSUB" 0 3 51, +C4<00000000000000000000000000000010>;
P_0x154009340 .param/l "LAT_FP_CVT" 0 3 55, +C4<00000000000000000000000000000010>;
P_0x154009380 .param/l "LAT_FP_DIV" 0 3 53, +C4<00000000000000000000000000001000>;
P_0x1540093c0 .param/l "LAT_FP_LS" 0 3 54, +C4<00000000000000000000000000000010>;
P_0x154009400 .param/l "LAT_FP_MUL" 0 3 52, +C4<00000000000000000000000000000100>;
P_0x154009440 .param/l "LAT_INT_ALU" 0 3 48, +C4<00000000000000000000000000000001>;
P_0x154009480 .param/l "LAT_INT_LS" 0 3 49, +C4<00000000000000000000000000000010>;
P_0x1540094c0 .param/l "LSB_SIZE" 0 3 25, +C4<00000000000000000000000000001000>;
P_0x154009500 .param/l "MEM_SIZE" 0 3 34, +C4<00000000000000000000010000000000>;
P_0x154009540 .param/l "NUM_FP_REGS" 0 3 33, +C4<00000000000000000000000000100000>;
P_0x154009580 .param/l "NUM_FU" 0 3 31, +C4<00000000000000000000000000000111>;
P_0x1540095c0 .param/l "NUM_INT_REGS" 0 3 32, +C4<00000000000000000000000000100000>;
P_0x154009600 .param/l "PC_W" 0 3 41, +C4<00000000000000000000000000100000>;
P_0x154009640 .param/l "ROB_SIZE" 0 3 18, +C4<00000000000000000000000000010000>;
P_0x154009680 .param/l "RS_ALU_SIZE" 0 3 19, +C4<00000000000000000000000000000110>;
P_0x1540096c0 .param/l "RS_BRANCH_SIZE" 0 3 20, +C4<00000000000000000000000000000010>;
P_0x154009700 .param/l "RS_FP_ADDSUB_SIZE" 0 3 21, +C4<00000000000000000000000000000011>;
P_0x154009740 .param/l "RS_FP_CVT_SIZE" 0 3 24, +C4<00000000000000000000000000000010>;
P_0x154009780 .param/l "RS_FP_DIV_SIZE" 0 3 23, +C4<00000000000000000000000000000010>;
P_0x1540097c0 .param/l "RS_FP_MUL_SIZE" 0 3 22, +C4<00000000000000000000000000000010>;
P_0x154009800 .param/l "TAG_W" 0 3 40, +C4<00000000000000000000000000000100>;
enum0x132625aa0 .enum4 (6)
   "OP_ADD" 6'b000000,
   "OP_SUB" 6'b000001,
   "OP_AND" 6'b000010,
   "OP_OR" 6'b000011,
   "OP_XOR" 6'b000100,
   "OP_SLL" 6'b000101,
   "OP_SRL" 6'b000110,
   "OP_SRA" 6'b000111,
   "OP_ADDI" 6'b001000,
   "OP_ANDI" 6'b001001,
   "OP_ORI" 6'b001010,
   "OP_XORI" 6'b001011,
   "OP_SLLI" 6'b001100,
   "OP_SRLI" 6'b001101,
   "OP_LW" 6'b001110,
   "OP_SW" 6'b001111,
   "OP_BEQ" 6'b010000,
   "OP_BNE" 6'b010001,
   "OP_BLT" 6'b010010,
   "OP_BGE" 6'b010011,
   "OP_JAL" 6'b010100,
   "OP_JALR" 6'b010101,
   "OP_LUI" 6'b010110,
   "OP_FADD_S" 6'b010111,
   "OP_FSUB_S" 6'b011000,
   "OP_FMUL_S" 6'b011001,
   "OP_FDIV_S" 6'b011010,
   "OP_FLW" 6'b011011,
   "OP_FSW" 6'b011100,
   "OP_FCVT_W_S" 6'b011101,
   "OP_FCVT_S_W" 6'b011110,
   "OP_NOP" 6'b111110,
   "OP_HALT" 6'b111111
 ;
enum0x132628970 .enum4 (2)
   "ROB_IDLE" 2'b00,
   "ROB_IN_FLIGHT" 2'b01,
   "ROB_DONE" 2'b10
 ;
S_0x1527094b0 .scope autofunction.vec4.s1, "is_branch_op" "is_branch_op" 3 194, 3 194 0, S_0x1527087e0;
 .timescale 0 0;
; Variable is_branch_op is vec4 return value of scope S_0x1527094b0
v0x152719680_0 .var "op", 5 0;
TD_rv32if_pkg.is_branch_op ;
    %load/vec4 v0x152719680_0;
    %cmpi/e 16, 0, 6;
    %jmp/1 T_0.2, 4;
    %flag_mov 8, 4;
    %load/vec4 v0x152719680_0;
    %cmpi/e 17, 0, 6;
    %flag_or 4, 8;
T_0.2;
    %jmp/1 T_0.1, 4;
    %flag_mov 8, 4;
    %load/vec4 v0x152719680_0;
    %cmpi/e 18, 0, 6;
    %flag_or 4, 8;
T_0.1;
    %flag_get/vec4 4;
    %jmp/1 T_0.0, 4;
    %load/vec4 v0x152719680_0;
    %pushi/vec4 19, 0, 6;
    %cmp/e;
    %flag_get/vec4 4;
    %or;
T_0.0;
    %ret/vec4 0, 0, 1;  Assign to is_branch_op (store_vec4_to_lval)
    %disable/flow S_0x1527094b0;
    %end;
S_0x152719730 .scope autofunction.vec4.s1, "is_fp_op" "is_fp_op" 3 218, 3 218 0, S_0x1527087e0;
 .timescale 0 0;
; Variable is_fp_op is vec4 return value of scope S_0x152719730
v0x1527199a0_0 .var "op", 5 0;
TD_rv32if_pkg.is_fp_op ;
    %load/vec4 v0x1527199a0_0;
    %cmpi/e 23, 0, 6;
    %jmp/1 T_1.9, 4;
    %flag_mov 8, 4;
    %load/vec4 v0x1527199a0_0;
    %cmpi/e 24, 0, 6;
    %flag_or 4, 8;
T_1.9;
    %jmp/1 T_1.8, 4;
    %flag_mov 8, 4;
    %load/vec4 v0x1527199a0_0;
    %cmpi/e 25, 0, 6;
    %flag_or 4, 8;
T_1.8;
    %jmp/1 T_1.7, 4;
    %flag_mov 8, 4;
    %load/vec4 v0x1527199a0_0;
    %cmpi/e 26, 0, 6;
    %flag_or 4, 8;
T_1.7;
    %jmp/1 T_1.6, 4;
    %flag_mov 8, 4;
    %load/vec4 v0x1527199a0_0;
    %cmpi/e 27, 0, 6;
    %flag_or 4, 8;
T_1.6;
    %jmp/1 T_1.5, 4;
    %flag_mov 8, 4;
    %load/vec4 v0x1527199a0_0;
    %cmpi/e 28, 0, 6;
    %flag_or 4, 8;
T_1.5;
    %jmp/1 T_1.4, 4;
    %flag_mov 8, 4;
    %load/vec4 v0x1527199a0_0;
    %cmpi/e 29, 0, 6;
    %flag_or 4, 8;
T_1.4;
    %flag_get/vec4 4;
    %jmp/1 T_1.3, 4;
    %load/vec4 v0x1527199a0_0;
    %pushi/vec4 30, 0, 6;
    %cmp/e;
    %flag_get/vec4 4;
    %or;
T_1.3;
    %ret/vec4 0, 0, 1;  Assign to is_fp_op (store_vec4_to_lval)
    %disable/flow S_0x152719730;
    %end;
S_0x152719a50 .scope autofunction.vec4.s1, "is_jump_op" "is_jump_op" 3 199, 3 199 0, S_0x1527087e0;
 .timescale 0 0;
; Variable is_jump_op is vec4 return value of scope S_0x152719a50
v0x152719cd0_0 .var "op", 5 0;
TD_rv32if_pkg.is_jump_op ;
    %load/vec4 v0x152719cd0_0;
    %cmpi/e 20, 0, 6;
    %flag_get/vec4 4;
    %jmp/1 T_2.10, 4;
    %load/vec4 v0x152719cd0_0;
    %pushi/vec4 21, 0, 6;
    %cmp/e;
    %flag_get/vec4 4;
    %or;
T_2.10;
    %ret/vec4 0, 0, 1;  Assign to is_jump_op (store_vec4_to_lval)
    %disable/flow S_0x152719a50;
    %end;
S_0x152719d80 .scope autofunction.vec4.s1, "is_load_op" "is_load_op" 3 204, 3 204 0, S_0x1527087e0;
 .timescale 0 0;
; Variable is_load_op is vec4 return value of scope S_0x152719d80
v0x152719ff0_0 .var "op", 5 0;
TD_rv32if_pkg.is_load_op ;
    %load/vec4 v0x152719ff0_0;
    %cmpi/e 14, 0, 6;
    %flag_get/vec4 4;
    %jmp/1 T_3.11, 4;
    %load/vec4 v0x152719ff0_0;
    %pushi/vec4 27, 0, 6;
    %cmp/e;
    %flag_get/vec4 4;
    %or;
T_3.11;
    %ret/vec4 0, 0, 1;  Assign to is_load_op (store_vec4_to_lval)
    %disable/flow S_0x152719d80;
    %end;
S_0x15271a0a0 .scope autofunction.vec4.s1, "is_store_op" "is_store_op" 3 209, 3 209 0, S_0x1527087e0;
 .timescale 0 0;
; Variable is_store_op is vec4 return value of scope S_0x15271a0a0
v0x15271a350_0 .var "op", 5 0;
TD_rv32if_pkg.is_store_op ;
    %load/vec4 v0x15271a350_0;
    %cmpi/e 15, 0, 6;
    %flag_get/vec4 4;
    %jmp/1 T_4.12, 4;
    %load/vec4 v0x15271a350_0;
    %pushi/vec4 28, 0, 6;
    %cmp/e;
    %flag_get/vec4 4;
    %or;
T_4.12;
    %ret/vec4 0, 0, 1;  Assign to is_store_op (store_vec4_to_lval)
    %disable/flow S_0x15271a0a0;
    %end;
S_0x152709340 .scope module, "test_fpdiv_v2" "test_fpdiv_v2" 4 1;
 .timescale 0 0;
v0x15271d900_0 .var "cdb_grant_i", 0 0;
v0x15271d990_0 .net "cdb_result_o", 31 0, L_0x15271e360;  1 drivers
v0x15271da20_0 .net "cdb_tag_o", 3 0, L_0x15271e2f0;  1 drivers
v0x15271dab0_0 .net "cdb_valid_o", 0 0, L_0x15271e190;  1 drivers
v0x15271db40_0 .var "clk", 0 0;
v0x15271dc10_0 .net "fu_ready_o", 0 0, L_0x15271e070;  1 drivers
v0x15271dca0_0 .var "rs1_i", 31 0;
v0x15271dd50_0 .var "rs2_i", 31 0;
v0x15271de00_0 .var "rst_n", 0 0;
v0x15271df30_0 .var "tag_i", 3 0;
v0x15271dfc0_0 .var "valid_i", 0 0;
S_0x15271a3f0 .scope module, "u_div" "fp_div" 4 16, 5 17 0, S_0x152709340;
 .timescale 0 0;
    .port_info 0 /INPUT 1 "clk";
    .port_info 1 /INPUT 1 "rst_n";
    .port_info 2 /INPUT 1 "flush_i";
    .port_info 3 /INPUT 1 "valid_i";
    .port_info 4 /INPUT 4 "tag_i";
    .port_info 5 /INPUT 32 "rs1_i";
    .port_info 6 /INPUT 32 "rs2_i";
    .port_info 7 /INPUT 1 "cdb_grant_i";
    .port_info 8 /OUTPUT 1 "fu_ready_o";
    .port_info 9 /OUTPUT 1 "cdb_valid_o";
    .port_info 10 /OUTPUT 4 "cdb_tag_o";
    .port_info 11 /OUTPUT 32 "cdb_result_o";
enum0x13262a730 .enum4 (2)
   "IDLE" 2'b00,
   "DIVIDE" 2'b01,
   "DONE" 2'b10
 ;
L_0x15271e2f0 .functor BUFZ 4, v0x15271d430_0, C4<0000>, C4<0000>, C4<0000>;
L_0x15271e360 .functor BUFZ 32, v0x15271c6d0_0, C4<00000000000000000000000000000000>, C4<00000000000000000000000000000000>, C4<00000000000000000000000000000000>;
L_0x158050010 .functor BUFT 1, C4<00>, C4<0>, C4<0>, C4<0>;
v0x15271bf60_0 .net/2u *"_ivl_0", 1 0, L_0x158050010;  1 drivers
L_0x158050058 .functor BUFT 1, C4<10>, C4<0>, C4<0>, C4<0>;
v0x15271c020_0 .net/2u *"_ivl_4", 1 0, L_0x158050058;  1 drivers
v0x15271c0c0_0 .var "c_idle_dv", 23 0;
v0x15271c170_0 .var "c_idle_exp", 9 0;
v0x15271c220_0 .var "c_idle_preg", 23 0;
v0x15271c310_0 .var "c_idle_qreg", 23 0;
v0x15271c3c0_0 .var "c_idle_sign", 0 0;
v0x15271c460_0 .var "c_idle_sreg", 23 0;
v0x15271c510_0 .var "c_preg", 23 0;
v0x15271c620_0 .var "c_qbits", 2 0;
v0x15271c6d0_0 .var "c_result", 31 0;
v0x15271c780_0 .var "c_sreg", 23 0;
v0x15271c830_0 .net "cdb_grant_i", 0 0, v0x15271d900_0;  1 drivers
v0x15271c8d0_0 .net "cdb_result_o", 31 0, L_0x15271e360;  alias, 1 drivers
v0x15271c980_0 .net "cdb_tag_o", 3 0, L_0x15271e2f0;  alias, 1 drivers
v0x15271ca30_0 .net "cdb_valid_o", 0 0, L_0x15271e190;  alias, 1 drivers
v0x15271cad0_0 .net "clk", 0 0, v0x15271db40_0;  1 drivers
L_0x1580500a0 .functor BUFT 1, C4<0>, C4<0>, C4<0>, C4<0>;
v0x15271cc60_0 .net "flush_i", 0 0, L_0x1580500a0;  1 drivers
v0x15271ccf0_0 .net "fu_ready_o", 0 0, L_0x15271e070;  alias, 1 drivers
v0x15271cd80_0 .net "rs1_i", 31 0, v0x15271dca0_0;  1 drivers
v0x15271ce20_0 .net "rs2_i", 31 0, v0x15271dd50_0;  1 drivers
v0x15271ced0_0 .net "rst_n", 0 0, v0x15271de00_0;  1 drivers
v0x15271cf70_0 .var "s_cnt", 2 0;
v0x15271d020_0 .var "s_dv", 23 0;
v0x15271d0d0_0 .var "s_exp", 9 0;
v0x15271d180_0 .var "s_preg", 23 0;
v0x15271d230_0 .var "s_qreg", 23 0;
v0x15271d2e0_0 .var "s_sign", 0 0;
v0x15271d380_0 .var "s_sreg", 23 0;
v0x15271d430_0 .var "s_tag", 3 0;
v0x15271d4e0_0 .var "state", 1 0;
v0x15271d590_0 .net "tag_i", 3 0, v0x15271df30_0;  1 drivers
v0x15271d640_0 .net "valid_i", 0 0, v0x15271dfc0_0;  1 drivers
E_0x15271a790/0 .event negedge, v0x15271ced0_0;
E_0x15271a790/1 .event posedge, v0x15271cad0_0;
E_0x15271a790 .event/or E_0x15271a790/0, E_0x15271a790/1;
E_0x15271a7f0/0 .event anyedge, v0x15271cd80_0, v0x15271ce20_0, v0x15271b420_0, v0x15271b720_0;
E_0x15271a7f0/1 .event anyedge, v0x15271b4d0_0;
E_0x15271a7f0 .event/or E_0x15271a7f0/0, E_0x15271a7f0/1;
E_0x15271a860 .event anyedge, v0x15271d0d0_0, v0x15271d2e0_0, v0x15271d230_0;
E_0x15271a8e0/0 .event anyedge, v0x15271d180_0, v0x15271d380_0, v0x15271d020_0, v0x15271bbb0_0;
E_0x15271a8e0/1 .event anyedge, v0x15271beb0_0, v0x15271bc60_0;
E_0x15271a8e0 .event/or E_0x15271a8e0/0, E_0x15271a8e0/1;
L_0x15271e070 .cmp/eq 2, v0x15271d4e0_0, L_0x158050010;
L_0x15271e190 .cmp/eq 2, v0x15271d4e0_0, L_0x158050058;
S_0x15271a950 .scope begin, "$unm_blk_16" "$unm_blk_16" 5 161, 5 161 0, S_0x15271a3f0;
 .timescale 0 0;
v0x15271ab20_0 .var "ea", 7 0;
v0x15271abe0_0 .var "eb", 7 0;
v0x15271ac90_0 .var "ma", 23 0;
v0x15271ad50_0 .var "mb", 23 0;
v0x15271ae00_0 .var "p0", 23 0;
v0x15271aef0_0 .var "qb0", 2 0;
v0x15271afa0_0 .var "s0", 23 0;
S_0x15271b050 .scope autotask, "div3_idle" "div3_idle" 5 94, 5 94 0, S_0x15271a3f0;
 .timescale 0 0;
v0x15271b220_0 .var "dv", 23 0;
v0x15271b2b0_0 .var "p", 23 0;
v0x15271b360_0 .var "p_in", 23 0;
v0x15271b420_0 .var "p_out", 23 0;
v0x15271b4d0_0 .var "qbits", 2 0;
v0x15271b5c0_0 .var "s", 23 0;
v0x15271b670_0 .var "s_in", 23 0;
v0x15271b720_0 .var "s_out", 23 0;
TD_test_fpdiv_v2.u_div.div3_idle ;
    %load/vec4 v0x15271b360_0;
    %store/vec4 v0x15271b2b0_0, 0, 24;
    %load/vec4 v0x15271b670_0;
    %store/vec4 v0x15271b5c0_0, 0, 24;
    %load/vec4 v0x15271b2b0_0;
    %ix/load 4, 1, 0;
    %flag_set/imm 4, 0;
    %shiftl 4;
    %load/vec4 v0x15271b5c0_0;
    %ix/load 4, 23, 0;
    %flag_set/imm 4, 0;
    %shiftr 4;
    %or;
    %store/vec4 v0x15271b2b0_0, 0, 24;
    %load/vec4 v0x15271b5c0_0;
    %ix/load 4, 1, 0;
    %flag_set/imm 4, 0;
    %shiftl 4;
    %store/vec4 v0x15271b5c0_0, 0, 24;
    %load/vec4 v0x15271b220_0;
    %load/vec4 v0x15271b2b0_0;
    %cmp/u;
    %flag_or 5, 4;
    %jmp/0xz  T_5.13, 5;
    %pushi/vec4 1, 0, 1;
    %ix/load 4, 2, 0;
    %flag_set/imm 4, 0;
    %store/vec4 v0x15271b4d0_0, 4, 1;
    %load/vec4 v0x15271b2b0_0;
    %load/vec4 v0x15271b220_0;
    %sub;
    %store/vec4 v0x15271b2b0_0, 0, 24;
    %jmp T_5.14;
T_5.13 ;
    %pushi/vec4 0, 0, 1;
    %ix/load 4, 2, 0;
    %flag_set/imm 4, 0;
    %store/vec4 v0x15271b4d0_0, 4, 1;
T_5.14 ;
    %load/vec4 v0x15271b2b0_0;
    %ix/load 4, 1, 0;
    %flag_set/imm 4, 0;
    %shiftl 4;
    %load/vec4 v0x15271b5c0_0;
    %ix/load 4, 23, 0;
    %flag_set/imm 4, 0;
    %shiftr 4;
    %or;
    %store/vec4 v0x15271b2b0_0, 0, 24;
    %load/vec4 v0x15271b5c0_0;
    %ix/load 4, 1, 0;
    %flag_set/imm 4, 0;
    %shiftl 4;
    %store/vec4 v0x15271b5c0_0, 0, 24;
    %load/vec4 v0x15271b220_0;
    %load/vec4 v0x15271b2b0_0;
    %cmp/u;
    %flag_or 5, 4;
    %jmp/0xz  T_5.15, 5;
    %pushi/vec4 1, 0, 1;
    %ix/load 4, 1, 0;
    %flag_set/imm 4, 0;
    %store/vec4 v0x15271b4d0_0, 4, 1;
    %load/vec4 v0x15271b2b0_0;
    %load/vec4 v0x15271b220_0;
    %sub;
    %store/vec4 v0x15271b2b0_0, 0, 24;
    %jmp T_5.16;
T_5.15 ;
    %pushi/vec4 0, 0, 1;
    %ix/load 4, 1, 0;
    %flag_set/imm 4, 0;
    %store/vec4 v0x15271b4d0_0, 4, 1;
T_5.16 ;
    %load/vec4 v0x15271b2b0_0;
    %ix/load 4, 1, 0;
    %flag_set/imm 4, 0;
    %shiftl 4;
    %load/vec4 v0x15271b5c0_0;
    %ix/load 4, 23, 0;
    %flag_set/imm 4, 0;
    %shiftr 4;
    %or;
    %store/vec4 v0x15271b2b0_0, 0, 24;
    %load/vec4 v0x15271b5c0_0;
    %ix/load 4, 1, 0;
    %flag_set/imm 4, 0;
    %shiftl 4;
    %store/vec4 v0x15271b5c0_0, 0, 24;
    %load/vec4 v0x15271b220_0;
    %load/vec4 v0x15271b2b0_0;
    %cmp/u;
    %flag_or 5, 4;
    %jmp/0xz  T_5.17, 5;
    %pushi/vec4 1, 0, 1;
    %ix/load 4, 0, 0;
    %flag_set/imm 4, 0;
    %store/vec4 v0x15271b4d0_0, 4, 1;
    %load/vec4 v0x15271b2b0_0;
    %load/vec4 v0x15271b220_0;
    %sub;
    %store/vec4 v0x15271b2b0_0, 0, 24;
    %jmp T_5.18;
T_5.17 ;
    %pushi/vec4 0, 0, 1;
    %ix/load 4, 0, 0;
    %flag_set/imm 4, 0;
    %store/vec4 v0x15271b4d0_0, 4, 1;
T_5.18 ;
    %load/vec4 v0x15271b2b0_0;
    %store/vec4 v0x15271b420_0, 0, 24;
    %load/vec4 v0x15271b5c0_0;
    %store/vec4 v0x15271b720_0, 0, 24;
    %end;
S_0x15271b7d0 .scope autotask, "div3_step" "div3_step" 5 69, 5 69 0, S_0x15271a3f0;
 .timescale 0 0;
v0x15271b990_0 .var "dv", 23 0;
v0x15271ba40_0 .var "p", 23 0;
v0x15271baf0_0 .var "p_in", 23 0;
v0x15271bbb0_0 .var "p_out", 23 0;
v0x15271bc60_0 .var "qbits", 2 0;
v0x15271bd50_0 .var "s", 23 0;
v0x15271be00_0 .var "s_in", 23 0;
v0x15271beb0_0 .var "s_out", 23 0;
TD_test_fpdiv_v2.u_div.div3_step ;
    %load/vec4 v0x15271baf0_0;
    %store/vec4 v0x15271ba40_0, 0, 24;
    %load/vec4 v0x15271be00_0;
    %store/vec4 v0x15271bd50_0, 0, 24;
    %load/vec4 v0x15271ba40_0;
    %ix/load 4, 1, 0;
    %flag_set/imm 4, 0;
    %shiftl 4;
    %load/vec4 v0x15271bd50_0;
    %ix/load 4, 23, 0;
    %flag_set/imm 4, 0;
    %shiftr 4;
    %or;
    %store/vec4 v0x15271ba40_0, 0, 24;
    %load/vec4 v0x15271bd50_0;
    %ix/load 4, 1, 0;
    %flag_set/imm 4, 0;
    %shiftl 4;
    %store/vec4 v0x15271bd50_0, 0, 24;
    %load/vec4 v0x15271b990_0;
    %load/vec4 v0x15271ba40_0;
    %cmp/u;
    %flag_or 5, 4;
    %jmp/0xz  T_6.19, 5;
    %pushi/vec4 1, 0, 1;
    %ix/load 4, 2, 0;
    %flag_set/imm 4, 0;
    %store/vec4 v0x15271bc60_0, 4, 1;
    %load/vec4 v0x15271ba40_0;
    %load/vec4 v0x15271b990_0;
    %sub;
    %store/vec4 v0x15271ba40_0, 0, 24;
    %jmp T_6.20;
T_6.19 ;
    %pushi/vec4 0, 0, 1;
    %ix/load 4, 2, 0;
    %flag_set/imm 4, 0;
    %store/vec4 v0x15271bc60_0, 4, 1;
T_6.20 ;
    %load/vec4 v0x15271ba40_0;
    %ix/load 4, 1, 0;
    %flag_set/imm 4, 0;
    %shiftl 4;
    %load/vec4 v0x15271bd50_0;
    %ix/load 4, 23, 0;
    %flag_set/imm 4, 0;
    %shiftr 4;
    %or;
    %store/vec4 v0x15271ba40_0, 0, 24;
    %load/vec4 v0x15271bd50_0;
    %ix/load 4, 1, 0;
    %flag_set/imm 4, 0;
    %shiftl 4;
    %store/vec4 v0x15271bd50_0, 0, 24;
    %load/vec4 v0x15271b990_0;
    %load/vec4 v0x15271ba40_0;
    %cmp/u;
    %flag_or 5, 4;
    %jmp/0xz  T_6.21, 5;
    %pushi/vec4 1, 0, 1;
    %ix/load 4, 1, 0;
    %flag_set/imm 4, 0;
    %store/vec4 v0x15271bc60_0, 4, 1;
    %load/vec4 v0x15271ba40_0;
    %load/vec4 v0x15271b990_0;
    %sub;
    %store/vec4 v0x15271ba40_0, 0, 24;
    %jmp T_6.22;
T_6.21 ;
    %pushi/vec4 0, 0, 1;
    %ix/load 4, 1, 0;
    %flag_set/imm 4, 0;
    %store/vec4 v0x15271bc60_0, 4, 1;
T_6.22 ;
    %load/vec4 v0x15271ba40_0;
    %ix/load 4, 1, 0;
    %flag_set/imm 4, 0;
    %shiftl 4;
    %load/vec4 v0x15271bd50_0;
    %ix/load 4, 23, 0;
    %flag_set/imm 4, 0;
    %shiftr 4;
    %or;
    %store/vec4 v0x15271ba40_0, 0, 24;
    %load/vec4 v0x15271bd50_0;
    %ix/load 4, 1, 0;
    %flag_set/imm 4, 0;
    %shiftl 4;
    %store/vec4 v0x15271bd50_0, 0, 24;
    %load/vec4 v0x15271b990_0;
    %load/vec4 v0x15271ba40_0;
    %cmp/u;
    %flag_or 5, 4;
    %jmp/0xz  T_6.23, 5;
    %pushi/vec4 1, 0, 1;
    %ix/load 4, 0, 0;
    %flag_set/imm 4, 0;
    %store/vec4 v0x15271bc60_0, 4, 1;
    %load/vec4 v0x15271ba40_0;
    %load/vec4 v0x15271b990_0;
    %sub;
    %store/vec4 v0x15271ba40_0, 0, 24;
    %jmp T_6.24;
T_6.23 ;
    %pushi/vec4 0, 0, 1;
    %ix/load 4, 0, 0;
    %flag_set/imm 4, 0;
    %store/vec4 v0x15271bc60_0, 4, 1;
T_6.24 ;
    %load/vec4 v0x15271ba40_0;
    %store/vec4 v0x15271bbb0_0, 0, 24;
    %load/vec4 v0x15271bd50_0;
    %store/vec4 v0x15271beb0_0, 0, 24;
    %end;
    .scope S_0x15271a3f0;
T_7 ;
Ewait_0 .event/or E_0x15271a8e0, E_0x0;
    %wait Ewait_0;
    %alloc S_0x15271b7d0;
    %load/vec4 v0x15271d180_0;
    %store/vec4 v0x15271baf0_0, 0, 24;
    %load/vec4 v0x15271d380_0;
    %store/vec4 v0x15271be00_0, 0, 24;
    %load/vec4 v0x15271d020_0;
    %store/vec4 v0x15271b990_0, 0, 24;
    %fork TD_test_fpdiv_v2.u_div.div3_step, S_0x15271b7d0;
    %join;
    %load/vec4 v0x15271bbb0_0;
    %store/vec4 v0x15271c510_0, 0, 24;
    %load/vec4 v0x15271beb0_0;
    %store/vec4 v0x15271c780_0, 0, 24;
    %load/vec4 v0x15271bc60_0;
    %store/vec4 v0x15271c620_0, 0, 3;
    %free S_0x15271b7d0;
    %jmp T_7;
    .thread T_7, $push;
    .scope S_0x15271a3f0;
T_8 ;
Ewait_1 .event/or E_0x15271a860, E_0x0;
    %wait Ewait_1;
    %load/vec4 v0x15271d0d0_0;
    %parti/s 1, 9, 5;
    %load/vec4 v0x15271d0d0_0;
    %pushi/vec4 0, 0, 10;
    %cmp/e;
    %flag_get/vec4 4;
    %or;
    %flag_set/vec4 8;
    %jmp/0xz  T_8.0, 8;
    %pushi/vec4 0, 0, 32;
    %store/vec4 v0x15271c6d0_0, 0, 32;
    %jmp T_8.1;
T_8.0 ;
    %load/vec4 v0x15271d0d0_0;
    %cmpi/u 254, 0, 10;
    %flag_or 5, 4; GT is !LE
    %flag_inv 5;
    %jmp/0xz  T_8.2, 5;
    %load/vec4 v0x15271d2e0_0;
    %concati/vec4 254, 0, 8;
    %concati/vec4 8388607, 0, 23;
    %store/vec4 v0x15271c6d0_0, 0, 32;
    %jmp T_8.3;
T_8.2 ;
    %load/vec4 v0x15271d230_0;
    %parti/s 1, 23, 6;
    %flag_set/vec4 8;
    %jmp/0xz  T_8.4, 8;
    %load/vec4 v0x15271d2e0_0;
    %load/vec4 v0x15271d0d0_0;
    %parti/s 8, 0, 2;
    %concat/vec4; draw_concat_vec4
    %load/vec4 v0x15271d230_0;
    %parti/s 23, 0, 2;
    %concat/vec4; draw_concat_vec4
    %store/vec4 v0x15271c6d0_0, 0, 32;
    %jmp T_8.5;
T_8.4 ;
    %load/vec4 v0x15271d0d0_0;
    %cmpi/u 1, 0, 10;
    %flag_or 5, 4; GT is !LE
    %flag_inv 5;
    %jmp/0xz  T_8.6, 5;
    %load/vec4 v0x15271d2e0_0;
    %load/vec4 v0x15271d0d0_0;
    %parti/s 8, 0, 2;
    %subi 1, 0, 8;
    %concat/vec4; draw_concat_vec4
    %load/vec4 v0x15271d230_0;
    %parti/s 22, 0, 2;
    %concati/vec4 0, 0, 1;
    %concat/vec4; draw_concat_vec4
    %store/vec4 v0x15271c6d0_0, 0, 32;
    %jmp T_8.7;
T_8.6 ;
    %pushi/vec4 0, 0, 32;
    %store/vec4 v0x15271c6d0_0, 0, 32;
T_8.7 ;
T_8.5 ;
T_8.3 ;
T_8.1 ;
    %jmp T_8;
    .thread T_8, $push;
    .scope S_0x15271a3f0;
T_9 ;
Ewait_2 .event/or E_0x15271a7f0, E_0x0;
    %wait Ewait_2;
    %fork t_1, S_0x15271a950;
    %jmp t_0;
    .scope S_0x15271a950;
t_1 ;
    %load/vec4 v0x15271cd80_0;
    %parti/s 8, 23, 6;
    %store/vec4 v0x15271ab20_0, 0, 8;
    %pushi/vec4 1, 0, 1;
    %load/vec4 v0x15271cd80_0;
    %parti/s 23, 0, 2;
    %concat/vec4; draw_concat_vec4
    %store/vec4 v0x15271ac90_0, 0, 24;
    %load/vec4 v0x15271ce20_0;
    %parti/s 8, 23, 6;
    %store/vec4 v0x15271abe0_0, 0, 8;
    %pushi/vec4 1, 0, 1;
    %load/vec4 v0x15271ce20_0;
    %parti/s 23, 0, 2;
    %concat/vec4; draw_concat_vec4
    %store/vec4 v0x15271ad50_0, 0, 24;
    %load/vec4 v0x15271cd80_0;
    %parti/s 1, 31, 6;
    %load/vec4 v0x15271ce20_0;
    %parti/s 1, 31, 6;
    %xor;
    %store/vec4 v0x15271c3c0_0, 0, 1;
    %pushi/vec4 0, 0, 2;
    %load/vec4 v0x15271ab20_0;
    %concat/vec4; draw_concat_vec4
    %pushi/vec4 0, 0, 2;
    %load/vec4 v0x15271abe0_0;
    %concat/vec4; draw_concat_vec4
    %sub;
    %addi 127, 0, 10;
    %store/vec4 v0x15271c170_0, 0, 10;
    %load/vec4 v0x15271ad50_0;
    %store/vec4 v0x15271c0c0_0, 0, 24;
    %alloc S_0x15271b050;
    %pushi/vec4 0, 0, 24;
    %store/vec4 v0x15271b360_0, 0, 24;
    %load/vec4 v0x15271ac90_0;
    %store/vec4 v0x15271b670_0, 0, 24;
    %load/vec4 v0x15271ad50_0;
    %store/vec4 v0x15271b220_0, 0, 24;
    %fork TD_test_fpdiv_v2.u_div.div3_idle, S_0x15271b050;
    %join;
    %load/vec4 v0x15271b420_0;
    %store/vec4 v0x15271ae00_0, 0, 24;
    %load/vec4 v0x15271b720_0;
    %store/vec4 v0x15271afa0_0, 0, 24;
    %load/vec4 v0x15271b4d0_0;
    %store/vec4 v0x15271aef0_0, 0, 3;
    %free S_0x15271b050;
    %load/vec4 v0x15271ae00_0;
    %store/vec4 v0x15271c220_0, 0, 24;
    %load/vec4 v0x15271afa0_0;
    %store/vec4 v0x15271c460_0, 0, 24;
    %pushi/vec4 0, 0, 21;
    %load/vec4 v0x15271aef0_0;
    %concat/vec4; draw_concat_vec4
    %store/vec4 v0x15271c310_0, 0, 24;
    %end;
    .scope S_0x15271a3f0;
t_0 %join;
    %jmp T_9;
    .thread T_9, $push;
    .scope S_0x15271a3f0;
T_10 ;
    %wait E_0x15271a790;
    %load/vec4 v0x15271ced0_0;
    %inv;
    %flag_set/vec4 8;
    %jmp/1 T_10.2, 8;
    %load/vec4 v0x15271cc60_0;
    %flag_set/vec4 9;
    %flag_or 8, 9;
T_10.2;
    %jmp/0xz  T_10.0, 8;
    %pushi/vec4 0, 0, 2;
    %assign/vec4 v0x15271d4e0_0, 0;
    %pushi/vec4 0, 0, 4;
    %assign/vec4 v0x15271d430_0, 0;
    %pushi/vec4 0, 0, 1;
    %assign/vec4 v0x15271d2e0_0, 0;
    %pushi/vec4 0, 0, 10;
    %assign/vec4 v0x15271d0d0_0, 0;
    %pushi/vec4 0, 0, 24;
    %assign/vec4 v0x15271d020_0, 0;
    %pushi/vec4 0, 0, 24;
    %assign/vec4 v0x15271d180_0, 0;
    %pushi/vec4 0, 0, 24;
    %assign/vec4 v0x15271d380_0, 0;
    %pushi/vec4 0, 0, 24;
    %assign/vec4 v0x15271d230_0, 0;
    %pushi/vec4 0, 0, 3;
    %assign/vec4 v0x15271cf70_0, 0;
    %jmp T_10.1;
T_10.0 ;
    %load/vec4 v0x15271d4e0_0;
    %dup/vec4;
    %pushi/vec4 0, 0, 2;
    %cmp/u;
    %jmp/1 T_10.3, 6;
    %dup/vec4;
    %pushi/vec4 1, 0, 2;
    %cmp/u;
    %jmp/1 T_10.4, 6;
    %dup/vec4;
    %pushi/vec4 2, 0, 2;
    %cmp/u;
    %jmp/1 T_10.5, 6;
    %pushi/vec4 0, 0, 2;
    %assign/vec4 v0x15271d4e0_0, 0;
    %jmp T_10.7;
T_10.3 ;
    %load/vec4 v0x15271d640_0;
    %flag_set/vec4 8;
    %jmp/0xz  T_10.8, 8;
    %load/vec4 v0x15271d590_0;
    %assign/vec4 v0x15271d430_0, 0;
    %load/vec4 v0x15271c3c0_0;
    %assign/vec4 v0x15271d2e0_0, 0;
    %load/vec4 v0x15271c170_0;
    %assign/vec4 v0x15271d0d0_0, 0;
    %load/vec4 v0x15271c0c0_0;
    %assign/vec4 v0x15271d020_0, 0;
    %load/vec4 v0x15271c220_0;
    %assign/vec4 v0x15271d180_0, 0;
    %load/vec4 v0x15271c460_0;
    %assign/vec4 v0x15271d380_0, 0;
    %load/vec4 v0x15271c310_0;
    %assign/vec4 v0x15271d230_0, 0;
    %pushi/vec4 0, 0, 3;
    %assign/vec4 v0x15271cf70_0, 0;
    %pushi/vec4 1, 0, 2;
    %assign/vec4 v0x15271d4e0_0, 0;
T_10.8 ;
    %jmp T_10.7;
T_10.4 ;
    %load/vec4 v0x15271c510_0;
    %assign/vec4 v0x15271d180_0, 0;
    %load/vec4 v0x15271c780_0;
    %assign/vec4 v0x15271d380_0, 0;
    %load/vec4 v0x15271d230_0;
    %parti/s 21, 0, 2;
    %load/vec4 v0x15271c620_0;
    %concat/vec4; draw_concat_vec4
    %assign/vec4 v0x15271d230_0, 0;
    %load/vec4 v0x15271cf70_0;
    %cmpi/e 6, 0, 3;
    %jmp/0xz  T_10.10, 4;
    %pushi/vec4 2, 0, 2;
    %assign/vec4 v0x15271d4e0_0, 0;
    %jmp T_10.11;
T_10.10 ;
    %load/vec4 v0x15271cf70_0;
    %addi 1, 0, 3;
    %assign/vec4 v0x15271cf70_0, 0;
T_10.11 ;
    %jmp T_10.7;
T_10.5 ;
    %load/vec4 v0x15271c830_0;
    %flag_set/vec4 8;
    %jmp/0xz  T_10.12, 8;
    %pushi/vec4 0, 0, 2;
    %assign/vec4 v0x15271d4e0_0, 0;
T_10.12 ;
    %jmp T_10.7;
T_10.7 ;
    %pop/vec4 1;
T_10.1 ;
    %jmp T_10;
    .thread T_10;
    .scope S_0x152709340;
T_11 ;
    %pushi/vec4 0, 0, 1;
    %store/vec4 v0x15271db40_0, 0, 1;
    %pushi/vec4 1, 0, 1;
    %store/vec4 v0x15271de00_0, 0, 1;
    %pushi/vec4 0, 0, 1;
    %store/vec4 v0x15271dfc0_0, 0, 1;
    %pushi/vec4 0, 0, 4;
    %store/vec4 v0x15271df30_0, 0, 4;
    %pushi/vec4 1077936128, 0, 32;
    %store/vec4 v0x15271dca0_0, 0, 32;
    %pushi/vec4 1073741824, 0, 32;
    %store/vec4 v0x15271dd50_0, 0, 32;
    %pushi/vec4 0, 0, 1;
    %store/vec4 v0x15271d900_0, 0, 1;
    %end;
    .thread T_11, $init;
    .scope S_0x152709340;
T_12 ;
    %delay 5, 0;
    %load/vec4 v0x15271db40_0;
    %inv;
    %store/vec4 v0x15271db40_0, 0, 1;
    %jmp T_12;
    .thread T_12;
    .scope S_0x152709340;
T_13 ;
    %vpi_call/w 4 28 "$display", "INIT: start" {0 0 0};
    %delay 100, 0;
    %vpi_call/w 4 30 "$display", "INIT: after 100ns" {0 0 0};
    %vpi_call/w 4 31 "$finish" {0 0 0};
    %end;
    .thread T_13;
# The file index is used to find the file name in the following table.
:file_names 6;
    "N/A";
    "<interactive>";
    "-";
    "hardware/pkg/rv32if_pkg.sv";
    "/tmp/test_fpdiv_v2.sv";
    "hardware/execute/fp_ops/fp_div.sv";
